[INFO] [1787857680.170692281] [robot2.fragment_exec_node]: Setting up skill: UndockSkill
[INFO] [1787857680.171525014] [robot2.fragment_exec_node]: Setting up skill: NavigateSkill
[INFO] [1787857680.172253548] [robot2.fragment_exec_node]: Setting up skill: CheckRoomSkill
[INFO] [1787857680.172848977] [robot2.fragment_exec_node]: Setting up skill: VacuumSkill
[INFO] [1787857680.173443359] [robot2.fragment_exec_node]: Setting up skill: DisinfectSkill
[INFO] [1787857680.174165881] [robot2.fragment_exec_node]: Setting up skill: CheckRoomSkill
[INFO] [1787857680.181010517] [robot2.fragment_exec_node]: Published robot registration: {'name': 'robot2', 'operational_state': 'idle', 'capabilities': ['undock', 'check_room', 'move_to', 'vacuum', 'disinfect'], 'state': {'position': {'x': 0.0, 'y': 0.0, 'z': 0.0}, 'docked': True}}
[INFO] [1787857727.277193632] [robot2.fragment_exec_node]: Received fragment assignment: {'robot': 'robot2', 'fragment': {'id': 'fm1-17', 'mission': 'm1', 'state': 'assigned', 'wait': ['check_room(r4)'], 'tasks': [{'name': 'vacuum', 'label': 'vacuum(r4)', 'params': {'x': 5, 'y': 4, 'size': 4}}], 'arrive_timestamp': 1787857695, 'priority': 1, 'segment': 's4'}}
[INFO] [1787857727.277946132] [robot2.fragment_exec_node]: Starting execution of fragment fm1-17...
[INFO] [1787857727.278873988] [robot2.fragment_exec_node]: Waiting for coordination messages before executing fragment fm1-17: ['check_room(r4)']
[INFO] [1787857729.282462314] [robot2.fragment_exec_node]: Executing task vacuum(r4). Params: {'x': 5, 'y': 4, 'size': 4}, Virtual state: {'position': {'x': 0.0, 'y': 0.0, 'z': 0.0}, 'docked': True}
[INFO] [1787857729.283158996] [robot2.fragment_exec_node]: EventType: Control (Task: vacuum), Activity: undock, Robot: robot2, Mission: m1, Segment: s4, Start: 1787857729.282784
[INFO] [1787857729.283995289] [robot2.fragment_exec_node]: Simulating undock skill...
[INFO] [1787857733.285576612] [robot2.fragment_exec_node]: Undock completed!
[INFO] [1787857733.286866513] [robot2.fragment_exec_node]: EventType: Control (Task: vacuum), Activity: undock, Robot: robot2, Mission: m1, Segment: s4, End: 1787857733.2862284
[INFO] [1787857733.287503387] [robot2.fragment_exec_node]: EventType: Control (Task: vacuum), Activity: move_to, Robot: robot2, Mission: m1, Segment: s4, Start: 1787857733.2871172
[INFO] [1787857733.288153077] [robot2.fragment_exec_node]: Simulating navigate skill from position (0.0, 0.0) to (5, 4) (12.806248474865697 seconds)...
[INFO] [1787857746.097946054] [robot2.fragment_exec_node]: Navigation completed!
[INFO] [1787857746.100929431] [robot2.fragment_exec_node]: EventType: Control (Task: vacuum), Activity: move_to, Robot: robot2, Mission: m1, Segment: s4, End: 1787857746.0992212
[INFO] [1787857746.102728499] [robot2.fragment_exec_node]: EventType: Task, Activity: vacuum, Robot: robot2, Mission: m1, Segment: s4, Start: 1787857746.1015296
[INFO] [1787857746.104261331] [robot2.fragment_exec_node]: Simulating vacuum skill (14.0s to complete)...
[INFO] [1787857760.107844301] [robot2.fragment_exec_node]: Vacuum completed!
[INFO] [1787857760.110358010] [robot2.fragment_exec_node]: EventType: Task, Activity: vacuum, Robot: robot2, Mission: m1, Segment: s4, End: 1787857760.109112
[INFO] [1787857760.112937060] [robot2.fragment_exec_node]: Execution of fragment fm1-17 completed!
[INFO] [1787857760.264406723] [robot2.fragment_exec_node]: Received fragment assignment: {'robot': 'robot2', 'fragment': {'id': 'fm1-12', 'mission': 'm1', 'state': 'assigned', 'wait': ['check_room(r3)'], 'tasks': [{'name': 'vacuum', 'label': 'vacuum(r3)', 'params': {'x': 3, 'y': 6, 'size': 7}}], 'arrive_timestamp': 1787857695, 'priority': 1, 'segment': 's3'}}
[INFO] [1787857760.266026030] [robot2.fragment_exec_node]: Starting execution of fragment fm1-12...
[INFO] [1787857760.271884549] [robot2.fragment_exec_node]: Executing task vacuum(r3). Params: {'x': 3, 'y': 6, 'size': 7}, Virtual state: {'position': {'x': 5, 'y': 4, 'z': 0.0}, 'docked': False}
[INFO] [1787857760.272602903] [robot2.fragment_exec_node]: EventType: Control (Task: vacuum), Activity: move_to, Robot: robot2, Mission: m1, Segment: s3, Start: 1787857760.272119
[INFO] [1787857760.273604496] [robot2.fragment_exec_node]: Simulating navigate skill from position (5, 4) to (3, 6) (4.47213595499958 seconds)...
[INFO] [1787857764.748785459] [robot2.fragment_exec_node]: Navigation completed!
[INFO] [1787857764.751728835] [robot2.fragment_exec_node]: EventType: Control (Task: vacuum), Activity: move_to, Robot: robot2, Mission: m1, Segment: s3, End: 1787857764.749895
[INFO] [1787857764.753522235] [robot2.fragment_exec_node]: EventType: Task, Activity: vacuum, Robot: robot2, Mission: m1, Segment: s3, Start: 1787857764.7523632
[INFO] [1787857764.754994427] [robot2.fragment_exec_node]: Simulating vacuum skill (24.5s to complete)...
[INFO] [1787857789.256846229] [robot2.fragment_exec_node]: Vacuum completed!
[INFO] [1787857789.257845108] [robot2.fragment_exec_node]: EventType: Task, Activity: vacuum, Robot: robot2, Mission: m1, Segment: s3, End: 1787857789.2572649
[INFO] [1787857789.258857876] [robot2.fragment_exec_node]: Execution of fragment fm1-12 completed!
Traceback (most recent call last):
  File "/root/ros2_ws/install/multi3_executor/lib/multi3_executor/executor", line 33, in <module>
    sys.exit(load_entry_point('multi3-executor==0.0.0', 'console_scripts', 'executor')())
  File "/root/ros2_ws/install/multi3_executor/lib/python3.10/site-packages/multi3_executor/nodes/executor.py", line 313, in main
    rclpy.shutdown()
  File "/opt/ros/humble/local/lib/python3.10/dist-packages/rclpy/__init__.py", line 130, in shutdown
    _shutdown(context=context)
  File "/opt/ros/humble/local/lib/python3.10/dist-packages/rclpy/utilities.py", line 58, in shutdown
    return context.shutdown()
  File "/opt/ros/humble/local/lib/python3.10/dist-packages/rclpy/context.py", line 102, in shutdown
    self.__context.shutdown()
rclpy._rclpy_pybind11.RCLError: failed to shutdown: rcl_shutdown already called on the given context, at ./src/rcl/init.c:241
