[INFO] [1787857688.228725540] [robot6.fragment_exec_node]: Setting up skill: UndockSkill
[INFO] [1787857688.229659879] [robot6.fragment_exec_node]: Setting up skill: NavigateSkill
[INFO] [1787857688.230242339] [robot6.fragment_exec_node]: Setting up skill: CheckRoomSkill
[INFO] [1787857688.230966092] [robot6.fragment_exec_node]: Setting up skill: MopSkill
[INFO] [1787857688.231442119] [robot6.fragment_exec_node]: Setting up skill: CheckRoomSkill
[INFO] [1787857688.240939268] [robot6.fragment_exec_node]: Published robot registration: {'name': 'robot6', 'operational_state': 'idle', 'capabilities': ['undock', 'check_room', 'move_to', 'mop'], 'state': {'position': {'x': 0.0, 'y': 0.0, 'z': 0.0}, 'docked': True}}
[INFO] [1787857704.235210820] [robot6.fragment_exec_node]: Received fragment assignment: {'robot': 'robot6', 'fragment': {'id': 'fm1-1', 'mission': 'm1', 'state': 'assigned', 'wait': [], 'tasks': [{'name': 'check_room', 'label': 'check_room(r1)', 'params': {'x': 4, 'y': 2, 'size': 6}}], 'arrive_timestamp': 1787857695, 'priority': 1, 'segment': 's1'}}
[INFO] [1787857704.236660277] [robot6.fragment_exec_node]: Starting execution of fragment fm1-1...
[INFO] [1787857704.250048682] [robot6.fragment_exec_node]: Executing task check_room(r1). Params: {'x': 4, 'y': 2, 'size': 6}, Virtual state: {'position': {'x': 0.0, 'y': 0.0, 'z': 0.0}, 'docked': True}
[INFO] [1787857704.251994809] [robot6.fragment_exec_node]: EventType: Control (Task: check_room), Activity: undock, Robot: robot6, Mission: m1, Segment: s1, Start: 1787857704.2504356
[INFO] [1787857704.252946429] [robot6.fragment_exec_node]: Simulating undock skill...
[INFO] [1787857708.255089970] [robot6.fragment_exec_node]: Undock completed!
[INFO] [1787857708.256903957] [robot6.fragment_exec_node]: EventType: Control (Task: check_room), Activity: undock, Robot: robot6, Mission: m1, Segment: s1, End: 1787857708.2558699
[INFO] [1787857708.258961655] [robot6.fragment_exec_node]: EventType: Control (Task: check_room), Activity: move_to, Robot: robot6, Mission: m1, Segment: s1, Start: 1787857708.2576394
[INFO] [1787857708.260703075] [robot6.fragment_exec_node]: Simulating navigate skill from position (0.0, 0.0) to (4, 2) (8.94427190999916 seconds)...
[INFO] [1787857717.226213150] [robot6.fragment_exec_node]: Navigation completed!
[INFO] [1787857717.227000676] [robot6.fragment_exec_node]: EventType: Control (Task: check_room), Activity: move_to, Robot: robot6, Mission: m1, Segment: s1, End: 1787857717.2265708
[INFO] [1787857717.227740849] [robot6.fragment_exec_node]: EventType: Task, Activity: check_room, Robot: robot6, Mission: m1, Segment: s1, Start: 1787857717.2272375
[INFO] [1787857717.228390684] [robot6.fragment_exec_node]: Simulating check_room skill (9.0s to complete)...
[INFO] [1787857726.231367789] [robot6.fragment_exec_node]: Check room completed!
[INFO] [1787857726.233325019] [robot6.fragment_exec_node]: EventType: Task, Activity: check_room, Robot: robot6, Mission: m1, Segment: s1, End: 1787857726.2321234
[INFO] [1787857726.235794514] [robot6.fragment_exec_node]: Execution of fragment fm1-1 completed!
[INFO] [1787857760.262496528] [robot6.fragment_exec_node]: Received fragment assignment: {'robot': 'robot6', 'fragment': {'id': 'fm1-8', 'mission': 'm1', 'state': 'assigned', 'wait': ['vacuum(r2)'], 'tasks': [{'name': 'mop', 'label': 'mop(r2)', 'params': {'x': 6, 'y': 5, 'size': 3}}], 'arrive_timestamp': 1787857695, 'priority': 1, 'segment': 's2'}}
[INFO] [1787857760.264955699] [robot6.fragment_exec_node]: Starting execution of fragment fm1-8...
[INFO] [1787857760.267913738] [robot6.fragment_exec_node]: Waiting for coordination messages before executing fragment fm1-8: ['vacuum(r2)']
[INFO] [1787857762.272322961] [robot6.fragment_exec_node]: Executing task mop(r2). Params: {'x': 6, 'y': 5, 'size': 3}, Virtual state: {'position': {'x': 4, 'y': 2, 'z': 0.0}, 'docked': False}
[INFO] [1787857762.273410459] [robot6.fragment_exec_node]: EventType: Control (Task: mop), Activity: move_to, Robot: robot6, Mission: m1, Segment: s2, Start: 1787857762.2728217
[INFO] [1787857762.274330577] [robot6.fragment_exec_node]: Simulating navigate skill from position (4, 2) to (6, 5) (4.47213595499958 seconds)...
[INFO] [1787857766.749639705] [robot6.fragment_exec_node]: Navigation completed!
[INFO] [1787857766.752596291] [robot6.fragment_exec_node]: EventType: Control (Task: mop), Activity: move_to, Robot: robot6, Mission: m1, Segment: s2, End: 1787857766.7506807
[INFO] [1787857766.754457711] [robot6.fragment_exec_node]: EventType: Task, Activity: mop, Robot: robot6, Mission: m1, Segment: s2, Start: 1787857766.7533288
[INFO] [1787857766.755974855] [robot6.fragment_exec_node]: Simulating mop skill (16.5s to complete)...
[INFO] [1787857783.260664294] [robot6.fragment_exec_node]: Mop completed!
[INFO] [1787857783.263146418] [robot6.fragment_exec_node]: EventType: Task, Activity: mop, Robot: robot6, Mission: m1, Segment: s2, End: 1787857783.2619627
[INFO] [1787857783.265764131] [robot6.fragment_exec_node]: Execution of fragment fm1-8 completed!
[INFO] [1787857790.238463417] [robot6.fragment_exec_node]: Received fragment assignment: {'robot': 'robot6', 'fragment': {'id': 'fm1-13', 'mission': 'm1', 'state': 'assigned', 'wait': ['vacuum(r3)'], 'tasks': [{'name': 'mop', 'label': 'mop(r3)', 'params': {'x': 3, 'y': 6, 'size': 7}}], 'arrive_timestamp': 1787857695, 'priority': 1, 'segment': 's3'}}
[INFO] [1787857790.240113555] [robot6.fragment_exec_node]: Starting execution of fragment fm1-13...
[INFO] [1787857790.245474406] [robot6.fragment_exec_node]: Waiting for coordination messages before executing fragment fm1-13: ['vacuum(r3)']
[INFO] [1787857792.250096564] [robot6.fragment_exec_node]: Executing task mop(r3). Params: {'x': 3, 'y': 6, 'size': 7}, Virtual state: {'position': {'x': 6, 'y': 5, 'z': 0.0}, 'docked': False}
[INFO] [1787857792.252796599] [robot6.fragment_exec_node]: EventType: Control (Task: mop), Activity: move_to, Robot: robot6, Mission: m1, Segment: s3, Start: 1787857792.2513626
[INFO] [1787857792.254602838] [robot6.fragment_exec_node]: Simulating navigate skill from position (6, 5) to (3, 6) (6.0 seconds)...
[INFO] [1787857798.258336693] [robot6.fragment_exec_node]: Navigation completed!
[INFO] [1787857798.260694244] [robot6.fragment_exec_node]: EventType: Control (Task: mop), Activity: move_to, Robot: robot6, Mission: m1, Segment: s3, End: 1787857798.2594755
[INFO] [1787857798.262543374] [robot6.fragment_exec_node]: EventType: Task, Activity: mop, Robot: robot6, Mission: m1, Segment: s3, Start: 1787857798.261368
[INFO] [1787857798.264312359] [robot6.fragment_exec_node]: Simulating mop skill (38.5s to complete)...
[INFO] [1787857836.767845241] [robot6.fragment_exec_node]: Mop completed!
[INFO] [1787857836.771731323] [robot6.fragment_exec_node]: EventType: Task, Activity: mop, Robot: robot6, Mission: m1, Segment: s3, End: 1787857836.769926
[INFO] [1787857836.774050580] [robot6.fragment_exec_node]: Execution of fragment fm1-13 completed!
[INFO] [1787857856.237947923] [robot6.fragment_exec_node]: Received fragment assignment: {'robot': 'robot6', 'fragment': {'id': 'fm1-15', 'mission': 'm1', 'state': 'assigned', 'wait': ['disinfect(r3)'], 'tasks': [{'name': 'final_room_check', 'label': 'final_room_check(r3)', 'params': {'x': 3, 'y': 6, 'size': 7}}], 'arrive_timestamp': 1787857695, 'priority': 1, 'segment': 's3'}}
[INFO] [1787857856.240579565] [robot6.fragment_exec_node]: Starting execution of fragment fm1-15...
[INFO] [1787857856.245589659] [robot6.fragment_exec_node]: Waiting for coordination messages before executing fragment fm1-15: ['disinfect(r3)']
[ERROR] [1787857858.251748339] [robot6.fragment_exec_node]: Robot robot6 was assigned a fragment without required capabilities!
[INFO] [1787857858.254763161] [robot6.fragment_exec_node]: Executing task final_room_check(r3). Params: {'x': 3, 'y': 6, 'size': 7}, Virtual state: {'position': {'x': 3, 'y': 6, 'z': 0.0}, 'docked': False}
[INFO] [1787857858.256531980] [robot6.fragment_exec_node]: EventType: Task, Activity: final_room_check, Robot: robot6, Mission: m1, Segment: s3, Start: 1787857858.2554255
[INFO] [1787857858.258586878] [robot6.fragment_exec_node]: Simulating check_room skill (10.5s to complete)...
[INFO] [1787857868.762813771] [robot6.fragment_exec_node]: Check room completed!
[INFO] [1787857868.766270844] [robot6.fragment_exec_node]: EventType: Task, Activity: final_room_check, Robot: robot6, Mission: m1, Segment: s3, End: 1787857868.764514
[INFO] [1787857868.769730609] [robot6.fragment_exec_node]: Execution of fragment fm1-15 completed!
Traceback (most recent call last):
  File "/root/ros2_ws/install/multi3_executor/lib/multi3_executor/executor", line 33, in <module>
    sys.exit(load_entry_point('multi3-executor==0.0.0', 'console_scripts', 'executor')())
  File "/root/ros2_ws/install/multi3_executor/lib/python3.10/site-packages/multi3_executor/nodes/executor.py", line 313, in main
    rclpy.shutdown()
  File "/opt/ros/humble/local/lib/python3.10/dist-packages/rclpy/__init__.py", line 130, in shutdown
    _shutdown(context=context)
  File "/opt/ros/humble/local/lib/python3.10/dist-packages/rclpy/utilities.py", line 58, in shutdown
    return context.shutdown()
  File "/opt/ros/humble/local/lib/python3.10/dist-packages/rclpy/context.py", line 102, in shutdown
    self.__context.shutdown()
rclpy._rclpy_pybind11.RCLError: failed to shutdown: rcl_shutdown already called on the given context, at ./src/rcl/init.c:241
