[INFO] [1787857692.218611802] [robot8.fragment_exec_node]: Setting up skill: UndockSkill
[INFO] [1787857692.219583583] [robot8.fragment_exec_node]: Setting up skill: NavigateSkill
[INFO] [1787857692.220297085] [robot8.fragment_exec_node]: Setting up skill: CheckRoomSkill
[INFO] [1787857692.221059526] [robot8.fragment_exec_node]: Setting up skill: MopSkill
[INFO] [1787857692.221611054] [robot8.fragment_exec_node]: Setting up skill: CheckRoomSkill
[INFO] [1787857692.230676915] [robot8.fragment_exec_node]: Published robot registration: {'name': 'robot8', 'operational_state': 'idle', 'capabilities': ['undock', 'check_room', 'move_to', 'mop'], 'state': {'position': {'x': 0.0, 'y': 0.0, 'z': 0.0}, 'docked': True}}
[INFO] [1787857704.246906557] [robot8.fragment_exec_node]: Received fragment assignment: {'robot': 'robot8', 'fragment': {'id': 'fm1-11', 'mission': 'm1', 'state': 'assigned', 'wait': [], 'tasks': [{'name': 'check_room', 'label': 'check_room(r3)', 'params': {'x': 3, 'y': 6, 'size': 7}}], 'arrive_timestamp': 1787857695, 'priority': 1, 'segment': 's3'}}
[INFO] [1787857704.250283427] [robot8.fragment_exec_node]: Starting execution of fragment fm1-11...
[INFO] [1787857704.251822404] [robot8.fragment_exec_node]: Executing task check_room(r3). Params: {'x': 3, 'y': 6, 'size': 7}, Virtual state: {'position': {'x': 0.0, 'y': 0.0, 'z': 0.0}, 'docked': True}
[INFO] [1787857704.252779836] [robot8.fragment_exec_node]: EventType: Control (Task: check_room), Activity: undock, Robot: robot8, Mission: m1, Segment: s3, Start: 1787857704.2521253
[INFO] [1787857704.253534072] [robot8.fragment_exec_node]: Simulating undock skill...
[INFO] [1787857708.255597426] [robot8.fragment_exec_node]: Undock completed!
[INFO] [1787857708.257606343] [robot8.fragment_exec_node]: EventType: Control (Task: check_room), Activity: undock, Robot: robot8, Mission: m1, Segment: s3, End: 1787857708.2562292
[INFO] [1787857708.260216282] [robot8.fragment_exec_node]: EventType: Control (Task: check_room), Activity: move_to, Robot: robot8, Mission: m1, Segment: s3, Start: 1787857708.2585144
[INFO] [1787857708.262006630] [robot8.fragment_exec_node]: Simulating navigate skill from position (0.0, 0.0) to (3, 6) (13.416407864998739 seconds)...
[INFO] [1787857721.701281622] [robot8.fragment_exec_node]: Navigation completed!
[INFO] [1787857721.704379677] [robot8.fragment_exec_node]: EventType: Control (Task: check_room), Activity: move_to, Robot: robot8, Mission: m1, Segment: s3, End: 1787857721.7025383
[INFO] [1787857721.706206787] [robot8.fragment_exec_node]: EventType: Task, Activity: check_room, Robot: robot8, Mission: m1, Segment: s3, Start: 1787857721.7050538
[INFO] [1787857721.707994099] [robot8.fragment_exec_node]: Simulating check_room skill (10.5s to complete)...
[INFO] [1787857732.210398714] [robot8.fragment_exec_node]: Check room completed!
[INFO] [1787857732.211416588] [robot8.fragment_exec_node]: EventType: Task, Activity: check_room, Robot: robot8, Mission: m1, Segment: s3, End: 1787857732.2108617
[INFO] [1787857732.212870127] [robot8.fragment_exec_node]: Execution of fragment fm1-11 completed!
[INFO] [1787857762.253565612] [robot8.fragment_exec_node]: Received fragment assignment: {'robot': 'robot8', 'fragment': {'id': 'fm1-3', 'mission': 'm1', 'state': 'assigned', 'wait': ['vacuum(r1)'], 'tasks': [{'name': 'mop', 'label': 'mop(r1)', 'params': {'x': 4, 'y': 2, 'size': 6}}], 'arrive_timestamp': 1787857695, 'priority': 1, 'segment': 's1'}}
[INFO] [1787857762.255034609] [robot8.fragment_exec_node]: Starting execution of fragment fm1-3...
[INFO] [1787857762.256303889] [robot8.fragment_exec_node]: Waiting for coordination messages before executing fragment fm1-3: ['vacuum(r1)']
[INFO] [1787857764.259530035] [robot8.fragment_exec_node]: Executing task mop(r1). Params: {'x': 4, 'y': 2, 'size': 6}, Virtual state: {'position': {'x': 3, 'y': 6, 'z': 0.0}, 'docked': False}
[INFO] [1787857764.260314366] [robot8.fragment_exec_node]: EventType: Control (Task: mop), Activity: move_to, Robot: robot8, Mission: m1, Segment: s1, Start: 1787857764.2599041
[INFO] [1787857764.260860246] [robot8.fragment_exec_node]: Simulating navigate skill from position (3, 6) to (4, 2) (2.8284271247461903 seconds)...
[INFO] [1787857767.092630699] [robot8.fragment_exec_node]: Navigation completed!
[INFO] [1787857767.095308387] [robot8.fragment_exec_node]: EventType: Control (Task: mop), Activity: move_to, Robot: robot8, Mission: m1, Segment: s1, End: 1787857767.0937216
[INFO] [1787857767.096976968] [robot8.fragment_exec_node]: EventType: Task, Activity: mop, Robot: robot8, Mission: m1, Segment: s1, Start: 1787857767.0958652
[INFO] [1787857767.098666392] [robot8.fragment_exec_node]: Simulating mop skill (33.0s to complete)...
[INFO] [1787857800.100567677] [robot8.fragment_exec_node]: Mop completed!
[INFO] [1787857800.101186208] [robot8.fragment_exec_node]: EventType: Task, Activity: mop, Robot: robot8, Mission: m1, Segment: s1, End: 1787857800.1008687
[INFO] [1787857800.102014397] [robot8.fragment_exec_node]: Execution of fragment fm1-3 completed!
[INFO] [1787857802.242700390] [robot8.fragment_exec_node]: Received fragment assignment: {'robot': 'robot8', 'fragment': {'id': 'fm1-20', 'mission': 'm1', 'state': 'assigned', 'wait': ['disinfect(r4)'], 'tasks': [{'name': 'final_room_check', 'label': 'final_room_check(r4)', 'params': {'x': 5, 'y': 4, 'size': 4}}], 'arrive_timestamp': 1787857695, 'priority': 1, 'segment': 's4'}}
[INFO] [1787857802.243648282] [robot8.fragment_exec_node]: Starting execution of fragment fm1-20...
[INFO] [1787857802.244598502] [robot8.fragment_exec_node]: Waiting for coordination messages before executing fragment fm1-20: ['disinfect(r4)']
[ERROR] [1787857804.248561087] [robot8.fragment_exec_node]: Robot robot8 was assigned a fragment without required capabilities!
[INFO] [1787857804.249617225] [robot8.fragment_exec_node]: Executing task final_room_check(r4). Params: {'x': 5, 'y': 4, 'size': 4}, Virtual state: {'position': {'x': 4, 'y': 2, 'z': 0.0}, 'docked': False}
[INFO] [1787857804.250442508] [robot8.fragment_exec_node]: EventType: Control (Task: final_room_check), Activity: move_to, Robot: robot8, Mission: m1, Segment: s4, Start: 1787857804.2499256
[INFO] [1787857804.251276054] [robot8.fragment_exec_node]: Simulating navigate skill from position (4, 2) to (5, 4) (2.0 seconds)...
[INFO] [1787857806.254594930] [robot8.fragment_exec_node]: Navigation completed!
[INFO] [1787857806.257006818] [robot8.fragment_exec_node]: EventType: Control (Task: final_room_check), Activity: move_to, Robot: robot8, Mission: m1, Segment: s4, End: 1787857806.2556157
[INFO] [1787857806.258715937] [robot8.fragment_exec_node]: EventType: Task, Activity: final_room_check, Robot: robot8, Mission: m1, Segment: s4, Start: 1787857806.2575905
[INFO] [1787857806.260568502] [robot8.fragment_exec_node]: Simulating check_room skill (6.0s to complete)...
[INFO] [1787857812.262495285] [robot8.fragment_exec_node]: Check room completed!
[INFO] [1787857812.263434323] [robot8.fragment_exec_node]: EventType: Task, Activity: final_room_check, Robot: robot8, Mission: m1, Segment: s4, End: 1787857812.2629094
[INFO] [1787857812.264884199] [robot8.fragment_exec_node]: Execution of fragment fm1-20 completed!
Traceback (most recent call last):
  File "/root/ros2_ws/install/multi3_executor/lib/multi3_executor/executor", line 33, in <module>
    sys.exit(load_entry_point('multi3-executor==0.0.0', 'console_scripts', 'executor')())
  File "/root/ros2_ws/install/multi3_executor/lib/python3.10/site-packages/multi3_executor/nodes/executor.py", line 313, in main
    rclpy.shutdown()
  File "/opt/ros/humble/local/lib/python3.10/dist-packages/rclpy/__init__.py", line 130, in shutdown
    _shutdown(context=context)
  File "/opt/ros/humble/local/lib/python3.10/dist-packages/rclpy/utilities.py", line 58, in shutdown
    return context.shutdown()
  File "/opt/ros/humble/local/lib/python3.10/dist-packages/rclpy/context.py", line 102, in shutdown
    self.__context.shutdown()
rclpy._rclpy_pybind11.RCLError: failed to shutdown: rcl_shutdown already called on the given context, at ./src/rcl/init.c:241
