[INFO] [1787684571.790619733] [robot2.fragment_exec_node]: Setting up skill: PickSkill
[INFO] [1787684571.791495021] [robot2.fragment_exec_node]: Setting up skill: ScanSkill
[INFO] [1787684571.792525404] [robot2.fragment_exec_node]: Setting up skill: NavigateSkill
[INFO] [1787684571.793258058] [robot2.fragment_exec_node]: Setting up skill: NavigateSkill
[INFO] [1787684571.794227185] [robot2.fragment_exec_node]: Setting up skill: DockSkill
[INFO] [1787684571.795178072] [robot2.fragment_exec_node]: Setting up skill: UndockSkill
[INFO] [1787684571.795855806] [robot2.fragment_exec_node]: Setting up skill: PackSkill
[INFO] [1787684571.802253979] [robot2.fragment_exec_node]: Published robot registration: {'name': 'robot2', 'operational_state': 'idle', 'capabilities': ['pick', 'scan', 'transport', 'pack'], 'state': {'position': {'x': 0.0, 'y': 0.0, 'z': 0.0}, 'docked': True, 'battery': 100.0, 'conditions': []}}
[INFO] [1787684575.866553809] [robot2.fragment_exec_node]: Received fragment: {'robot': 'robot1', 'fragment': {'id': 'f1-1', 'mission': 'm1', 'state': 'assigned', 'wait': [], 'tasks': [{'name': 'pick', 'params': {'x': 5, 'y': 8, 'weight': 8}}], 'arrive_timestamp': 1787684573, 'priority': 1, 'segment': 's1', 'preconditions': [], 'postconditions': ['picked-o1-1']}}
[INFO] [1787684575.867923457] [robot2.fragment_exec_node]: Received fragment: {'robot': 'robot2', 'fragment': {'id': 'f4-1', 'mission': 'm4', 'state': 'assigned', 'wait': [], 'tasks': [{'name': 'pick', 'params': {'weight': 5, 'x': 2, 'y': 8}}], 'arrive_timestamp': 1787684574, 'priority': 1, 'segment': 's1', 'preconditions': [], 'postconditions': ['picked-o1-4']}}
[INFO] [1787684575.868974501] [robot2.fragment_exec_node]: Received fragment assignment: f4-1. Starting execution.
[INFO] [1787684575.870199997] [robot2.fragment_exec_node]: Executing task pick. Params: {'weight': 5, 'x': 2, 'y': 8}, Virtual state: {'position': {'x': 0.0, 'y': 0.0, 'z': 0.0}, 'docked': True, 'battery': 100.0, 'conditions': []}
[INFO] [1787684575.871023188] [robot2.fragment_exec_node]: EventType: Control (Task: pick), Activity: undock, Robot: robot2, Mission: m4, Segment: s1, Start: 10592.646798475
[INFO] [1787684575.871879633] [robot2.fragment_exec_node]: Simulating undock skill...
[INFO] [1787684579.873901134] [robot2.fragment_exec_node]: Undock completed!
[INFO] [1787684579.876379907] [robot2.fragment_exec_node]: EventType: Control (Task: pick), Activity: undock, Robot: robot2, Mission: m4, Segment: s1, End: 10596.652180526
[INFO] [1787684579.877987898] [robot2.fragment_exec_node]: EventType: Control (Task: pick), Activity: navigate, Robot: robot2, Mission: m4, Segment: s1, Start: 10596.653948305
[INFO] [1787684579.879231965] [robot2.fragment_exec_node]: Simulating navigate skill from position (0.0, 0.0) to (2, 8) (16.492422502470642 seconds)...
[INFO] [1787684596.375858339] [robot2.fragment_exec_node]: Navigation completed!
[INFO] [1787684596.379067425] [robot2.fragment_exec_node]: EventType: Control (Task: pick), Activity: navigate, Robot: robot2, Mission: m4, Segment: s1, End: 10613.153928264
[INFO] [1787684596.381839293] [robot2.fragment_exec_node]: EventType: Task, Activity: pick, Robot: robot2, Mission: m4, Segment: s1, Start: 10613.156853926
[INFO] [1787684596.384501412] [robot2.fragment_exec_node]: Simulating pick skill...
[INFO] [1787684601.389051135] [robot2.fragment_exec_node]: Pick completed!
[INFO] [1787684601.391820881] [robot2.fragment_exec_node]: EventType: Task, Activity: pick, Robot: robot2, Mission: m4, Segment: s1, End: 10618.167024874
[INFO] [1787684601.394123661] [robot2.fragment_exec_node]: Execution of fragment f4-1 completed!
[INFO] [1787684601.900258356] [robot2.fragment_exec_node]: Received fragment: {'robot': 'robot2', 'fragment': {'id': 'f4-2', 'mission': 'm4', 'state': 'assigned', 'wait': ['m4/s1/pick'], 'tasks': [{'name': 'scan', 'params': {'x': 2, 'y': 8}}], 'arrive_timestamp': 1787684574, 'priority': 1, 'segment': 's1', 'preconditions': [], 'postconditions': []}}
[INFO] [1787684601.900786191] [robot2.fragment_exec_node]: Received fragment assignment: f4-2. Starting execution.
[INFO] [1787684601.901563528] [robot2.fragment_exec_node]: Waiting for coordination messages before executing fragment f4-2: ['m4/s1/pick']
[INFO] [1787684603.906701367] [robot2.fragment_exec_node]: Executing task scan. Params: {'x': 2, 'y': 8}, Virtual state: {'position': {'x': 2, 'y': 8, 'z': 0.0}, 'docked': False, 'battery': 100.0, 'conditions': ['picked-o1-4']}
[INFO] [1787684603.909246292] [robot2.fragment_exec_node]: EventType: Task, Activity: scan, Robot: robot2, Mission: m4, Segment: s1, Start: 10620.684629915
[INFO] [1787684603.910946341] [robot2.fragment_exec_node]: Simulating scan skill...
[INFO] [1787684606.866974980] [robot2.fragment_exec_node]: Received fragment: {'robot': 'robot1', 'fragment': {'id': 'f1-2', 'mission': 'm1', 'state': 'assigned', 'wait': ['m1/s1/pick'], 'tasks': [{'name': 'scan', 'params': {'x': 5, 'y': 8}}], 'arrive_timestamp': 1787684573, 'priority': 1, 'segment': 's1', 'preconditions': [], 'postconditions': []}}
[INFO] [1787684606.914256148] [robot2.fragment_exec_node]: Scan completed!
[INFO] [1787684606.916883639] [robot2.fragment_exec_node]: EventType: Task, Activity: scan, Robot: robot2, Mission: m4, Segment: s1, End: 10623.692361312
[INFO] [1787684606.919245028] [robot2.fragment_exec_node]: Execution of fragment f4-2 completed!
[INFO] [1787684607.883515017] [robot2.fragment_exec_node]: Received fragment: {'robot': 'robot2', 'fragment': {'id': 'f4-3', 'mission': 'm4', 'state': 'assigned', 'wait': ['m4/s1/scan'], 'tasks': [{'name': 'transport', 'params': {'x': 11, 'y': 6}}], 'arrive_timestamp': 1787684574, 'priority': 1, 'segment': 's1', 'preconditions': ['picked-o1-4'], 'postconditions': []}}
[INFO] [1787684607.884153592] [robot2.fragment_exec_node]: Received fragment assignment: f4-3. Starting execution.
[INFO] [1787684607.884881429] [robot2.fragment_exec_node]: Waiting for coordination messages before executing fragment f4-3: ['m4/s1/scan']
[INFO] [1787684609.890796877] [robot2.fragment_exec_node]: Executing task transport. Params: {'x': 11, 'y': 6}, Virtual state: {'position': {'x': 2, 'y': 8, 'z': 0.0}, 'docked': False, 'battery': 100.0, 'conditions': ['picked-o1-4']}
[INFO] [1787684609.893635977] [robot2.fragment_exec_node]: EventType: Control (Task: transport), Activity: navigate, Robot: robot2, Mission: m4, Segment: s1, Start: 10626.668783115
[INFO] [1787684609.895387900] [robot2.fragment_exec_node]: Simulating navigate skill from position (2, 8) to (11, 6) (19.697715603592208 seconds)...
[INFO] [1787684610.857624381] [robot2.fragment_exec_node]: Received fragment: {'robot': 'robot1', 'fragment': {'id': 'f1-3', 'mission': 'm1', 'state': 'assigned', 'wait': ['m1/s1/scan'], 'tasks': [{'name': 'transport', 'params': {'x': 11, 'y': 6}}], 'arrive_timestamp': 1787684573, 'priority': 1, 'segment': 's1', 'preconditions': ['picked-o1-1'], 'postconditions': []}}
[INFO] [1787684629.597947587] [robot2.fragment_exec_node]: Navigation completed!
[INFO] [1787684629.600866747] [robot2.fragment_exec_node]: EventType: Control (Task: transport), Activity: navigate, Robot: robot2, Mission: m4, Segment: s1, End: 10646.376409565
[INFO] [1787684629.602651882] [robot2.fragment_exec_node]: EventType: Task, Activity: transport, Robot: robot2, Mission: m4, Segment: s1, Start: 10646.378470407
[INFO] [1787684629.604201430] [robot2.fragment_exec_node]: Simulating navigate skill from position (11, 6) to (11, 6) (10.0 seconds)...
[INFO] [1787684635.855581860] [robot2.fragment_exec_node]: Received fragment: {'robot': 'robot1', 'fragment': {'id': 'f1-4', 'mission': 'm1', 'state': 'assigned', 'wait': ['m1/s1/transport'], 'tasks': [{'name': 'pack', 'params': {'x': 11, 'y': 6, 'items': 1}}], 'arrive_timestamp': 1787684573, 'priority': 1, 'segment': '', 'preconditions': [], 'postconditions': []}}
[INFO] [1787684639.608018074] [robot2.fragment_exec_node]: Navigation completed!
[INFO] [1787684639.610563045] [robot2.fragment_exec_node]: EventType: Task, Activity: transport, Robot: robot2, Mission: m4, Segment: s1, End: 10656.385711581
[INFO] [1787684639.613179689] [robot2.fragment_exec_node]: Execution of fragment f4-3 completed!
[INFO] [1787684639.850324673] [robot2.fragment_exec_node]: Received fragment: {'robot': 'robot2', 'fragment': {'id': 'f4-4', 'mission': 'm4', 'state': 'assigned', 'wait': [], 'tasks': [{'name': 'pick', 'params': {'weight': 7, 'x': 10, 'y': 4}}], 'arrive_timestamp': 1787684574, 'priority': 1, 'segment': 's2', 'preconditions': [], 'postconditions': ['picked-o2-4']}}
[INFO] [1787684639.852009649] [robot2.fragment_exec_node]: Received fragment assignment: f4-4. Starting execution.
[INFO] [1787684639.854018867] [robot2.fragment_exec_node]: Executing task pick. Params: {'weight': 7, 'x': 10, 'y': 4}, Virtual state: {'position': {'x': 11, 'y': 6, 'z': 0.0}, 'docked': False, 'battery': 100.0, 'conditions': ['picked-o1-4']}
[INFO] [1787684639.855328896] [robot2.fragment_exec_node]: EventType: Control (Task: pick), Activity: navigate, Robot: robot2, Mission: m4, Segment: s2, Start: 10656.631218427
[INFO] [1787684639.856575700] [robot2.fragment_exec_node]: Simulating navigate skill from position (11, 6) to (10, 4) (14.142135623730951 seconds)...
[INFO] [1787684644.861261654] [robot2.fragment_exec_node]: Received fragment: {'robot': 'robot1', 'fragment': {'id': 'f4-7', 'mission': 'm4', 'state': 'assigned', 'wait': [], 'tasks': [{'name': 'pick', 'params': {'weight': 2, 'x': 9, 'y': 1}}], 'arrive_timestamp': 1787684574, 'priority': 1, 'segment': 's3', 'preconditions': [], 'postconditions': ['picked-o3-4']}}
[INFO] [1787684654.002013904] [robot2.fragment_exec_node]: Navigation completed!
[INFO] [1787684654.004996600] [robot2.fragment_exec_node]: EventType: Control (Task: pick), Activity: navigate, Robot: robot2, Mission: m4, Segment: s2, End: 10670.779769264
[INFO] [1787684654.006513554] [robot2.fragment_exec_node]: EventType: Task, Activity: pick, Robot: robot2, Mission: m4, Segment: s2, Start: 10670.782259261
[INFO] [1787684654.008231192] [robot2.fragment_exec_node]: Simulating pick skill...
[INFO] [1787684661.012070667] [robot2.fragment_exec_node]: Pick completed!
[INFO] [1787684661.014940455] [robot2.fragment_exec_node]: EventType: Task, Activity: pick, Robot: robot2, Mission: m4, Segment: s2, End: 10677.789690892
[INFO] [1787684661.018224528] [robot2.fragment_exec_node]: Execution of fragment f4-4 completed!
[INFO] [1787684661.890894343] [robot2.fragment_exec_node]: Received fragment: {'robot': 'robot2', 'fragment': {'id': 'f4-5', 'mission': 'm4', 'state': 'assigned', 'wait': ['m4/s2/pick'], 'tasks': [{'name': 'scan', 'params': {'x': 10, 'y': 4}}], 'arrive_timestamp': 1787684574, 'priority': 1, 'segment': 's2', 'preconditions': [], 'postconditions': []}}
[INFO] [1787684661.891652550] [robot2.fragment_exec_node]: Received fragment assignment: f4-5. Starting execution.
[INFO] [1787684661.892319412] [robot2.fragment_exec_node]: Waiting for coordination messages before executing fragment f4-5: ['m4/s2/pick']
[INFO] [1787684663.898323179] [robot2.fragment_exec_node]: Executing task scan. Params: {'x': 10, 'y': 4}, Virtual state: {'position': {'x': 10, 'y': 4, 'z': 0.0}, 'docked': False, 'battery': 100.0, 'conditions': ['picked-o1-4', 'picked-o2-4']}
[INFO] [1787684663.901431826] [robot2.fragment_exec_node]: EventType: Task, Activity: scan, Robot: robot2, Mission: m4, Segment: s2, Start: 10680.676070713
[INFO] [1787684663.903798324] [robot2.fragment_exec_node]: Simulating scan skill...
[INFO] [1787684666.906293662] [robot2.fragment_exec_node]: Scan completed!
[INFO] [1787684666.907006697] [robot2.fragment_exec_node]: EventType: Task, Activity: scan, Robot: robot2, Mission: m4, Segment: s2, End: 10683.683272124
[INFO] [1787684666.908027977] [robot2.fragment_exec_node]: Execution of fragment f4-5 completed!
[INFO] [1787684667.857566319] [robot2.fragment_exec_node]: Received fragment: {'robot': 'robot2', 'fragment': {'id': 'f4-6', 'mission': 'm4', 'state': 'assigned', 'wait': ['m4/s2/scan'], 'tasks': [{'name': 'transport', 'params': {'x': 11, 'y': 6}}], 'arrive_timestamp': 1787684574, 'priority': 1, 'segment': 's2', 'preconditions': ['picked-o2-4'], 'postconditions': []}}
[INFO] [1787684667.860080810] [robot2.fragment_exec_node]: Received fragment: {'robot': 'robot1', 'fragment': {'id': 'f4-8', 'mission': 'm4', 'state': 'assigned', 'wait': ['m4/s3/pick'], 'tasks': [{'name': 'scan', 'params': {'x': 9, 'y': 1}}], 'arrive_timestamp': 1787684574, 'priority': 1, 'segment': 's3', 'preconditions': [], 'postconditions': []}}
[INFO] [1787684667.861775977] [robot2.fragment_exec_node]: Received fragment assignment: f4-6. Starting execution.
[INFO] [1787684667.863850550] [robot2.fragment_exec_node]: Waiting for coordination messages before executing fragment f4-6: ['m4/s2/scan']
[INFO] [1787684669.869864449] [robot2.fragment_exec_node]: Executing task transport. Params: {'x': 11, 'y': 6}, Virtual state: {'position': {'x': 10, 'y': 4, 'z': 0.0}, 'docked': False, 'battery': 100.0, 'conditions': ['picked-o1-4', 'picked-o2-4']}
[INFO] [1787684669.871702153] [robot2.fragment_exec_node]: EventType: Control (Task: transport), Activity: navigate, Robot: robot2, Mission: m4, Segment: s2, Start: 10686.647169559
[INFO] [1787684669.873369530] [robot2.fragment_exec_node]: Simulating navigate skill from position (10, 4) to (11, 6) (8.246211251235321 seconds)...
[INFO] [1787684673.857564974] [robot2.fragment_exec_node]: Received fragment: {'robot': 'robot1', 'fragment': {'id': 'f4-9', 'mission': 'm4', 'state': 'assigned', 'wait': ['m4/s3/scan'], 'tasks': [{'name': 'transport', 'params': {'x': 11, 'y': 6}}], 'arrive_timestamp': 1787684574, 'priority': 1, 'segment': 's3', 'preconditions': ['picked-o3-4'], 'postconditions': []}}
[INFO] [1787684678.122409602] [robot2.fragment_exec_node]: Navigation completed!
[INFO] [1787684678.123151955] [robot2.fragment_exec_node]: EventType: Control (Task: transport), Activity: navigate, Robot: robot2, Mission: m4, Segment: s2, End: 10694.899100191
[INFO] [1787684678.124045352] [robot2.fragment_exec_node]: EventType: Task, Activity: transport, Robot: robot2, Mission: m4, Segment: s2, Start: 10694.899913969
[INFO] [1787684678.124964992] [robot2.fragment_exec_node]: Simulating navigate skill from position (11, 6) to (11, 6) (10.0 seconds)...
[INFO] [1787684688.128571508] [robot2.fragment_exec_node]: Navigation completed!
[INFO] [1787684688.131671114] [robot2.fragment_exec_node]: EventType: Task, Activity: transport, Robot: robot2, Mission: m4, Segment: s2, End: 10704.906149332
[INFO] [1787684688.134642204] [robot2.fragment_exec_node]: Execution of fragment f4-6 completed!
[INFO] [1787684688.856546982] [robot2.fragment_exec_node]: Received fragment: {'robot': 'robot2', 'fragment': {'id': "f4-10'", 'mission': 'm4', 'state': 'assigned', 'wait': [], 'tasks': [{'name': 'pick', 'params': {'weight': 1, 'x': 2, 'y': 4}}], 'arrive_timestamp': 1787684574, 'priority': 1, 'segment': 's4', 'preconditions': [], 'postconditions': ['picked-o4-4']}}
[INFO] [1787684688.858681647] [robot2.fragment_exec_node]: Received fragment assignment: f4-10'. Starting execution.
[INFO] [1787684688.860503796] [robot2.fragment_exec_node]: Executing task pick. Params: {'weight': 1, 'x': 2, 'y': 4}, Virtual state: {'position': {'x': 11, 'y': 6, 'z': 0.0}, 'docked': False, 'battery': 100.0, 'conditions': ['picked-o1-4', 'picked-o2-4']}
[INFO] [1787684688.861599507] [robot2.fragment_exec_node]: EventType: Control (Task: pick), Activity: navigate, Robot: robot2, Mission: m4, Segment: s4, Start: 10705.637332921
[INFO] [1787684688.862678768] [robot2.fragment_exec_node]: Simulating navigate skill from position (11, 6) to (2, 4) (22.80350850198276 seconds)...
[INFO] [1787684711.666779986] [robot2.fragment_exec_node]: Navigation completed!
[INFO] [1787684711.667810285] [robot2.fragment_exec_node]: EventType: Control (Task: pick), Activity: navigate, Robot: robot2, Mission: m4, Segment: s4, End: 10728.444468278
[INFO] [1787684711.668823304] [robot2.fragment_exec_node]: EventType: Task, Activity: pick, Robot: robot2, Mission: m4, Segment: s4, Start: 10728.445455423
[INFO] [1787684711.669622286] [robot2.fragment_exec_node]: Simulating pick skill...
[INFO] [1787684712.673563206] [robot2.fragment_exec_node]: Pick completed!
[INFO] [1787684712.676654473] [robot2.fragment_exec_node]: EventType: Task, Activity: pick, Robot: robot2, Mission: m4, Segment: s4, End: 10729.451880432
[INFO] [1787684712.681430625] [robot2.fragment_exec_node]: Execution of fragment f4-10' completed!
[INFO] [1787684712.891218556] [robot2.fragment_exec_node]: Received fragment: {'robot': 'robot2', 'fragment': {'id': 'f4-11', 'mission': 'm4', 'state': 'assigned', 'wait': ['m4/s4/pick'], 'tasks': [{'name': 'scan', 'params': {'x': 2, 'y': 4}}], 'arrive_timestamp': 1787684574, 'priority': 1, 'segment': 's4', 'preconditions': [], 'postconditions': []}}
[INFO] [1787684712.891831998] [robot2.fragment_exec_node]: Received fragment assignment: f4-11. Starting execution.
[INFO] [1787684712.892535246] [robot2.fragment_exec_node]: Executing task scan. Params: {'x': 2, 'y': 4}, Virtual state: {'position': {'x': 2, 'y': 4, 'z': 0.0}, 'docked': False, 'battery': 100.0, 'conditions': ['picked-o1-4', 'picked-o2-4', 'picked-o4-4']}
[INFO] [1787684712.893067580] [robot2.fragment_exec_node]: EventType: Task, Activity: scan, Robot: robot2, Mission: m4, Segment: s4, Start: 10729.669879806
[INFO] [1787684712.893705389] [robot2.fragment_exec_node]: Simulating scan skill...
[INFO] [1787684715.895507872] [robot2.fragment_exec_node]: Scan completed!
[INFO] [1787684715.896343164] [robot2.fragment_exec_node]: EventType: Task, Activity: scan, Robot: robot2, Mission: m4, Segment: s4, End: 10732.67300858
[INFO] [1787684715.897856638] [robot2.fragment_exec_node]: Execution of fragment f4-11 completed!
[INFO] [1787684716.890223715] [robot2.fragment_exec_node]: Received fragment: {'robot': 'robot2', 'fragment': {'id': 'f4-12', 'mission': 'm4', 'state': 'assigned', 'wait': ['m4/s4/scan'], 'tasks': [{'name': 'transport', 'params': {'x': 11, 'y': 6}}], 'arrive_timestamp': 1787684574, 'priority': 1, 'segment': 's4', 'preconditions': ['picked-o4-4'], 'postconditions': []}}
[INFO] [1787684716.891135745] [robot2.fragment_exec_node]: Received fragment assignment: f4-12. Starting execution.
[INFO] [1787684716.891987159] [robot2.fragment_exec_node]: Executing task transport. Params: {'x': 11, 'y': 6}, Virtual state: {'position': {'x': 2, 'y': 4, 'z': 0.0}, 'docked': False, 'battery': 100.0, 'conditions': ['picked-o1-4', 'picked-o2-4', 'picked-o4-4']}
[INFO] [1787684716.892489380] [robot2.fragment_exec_node]: EventType: Control (Task: transport), Activity: navigate, Robot: robot2, Mission: m4, Segment: s4, Start: 10733.669374694
[INFO] [1787684716.893114635] [robot2.fragment_exec_node]: Simulating navigate skill from position (2, 4) to (11, 6) (19.697715603592208 seconds)...
[INFO] [1787684736.595664447] [robot2.fragment_exec_node]: Navigation completed!
[INFO] [1787684736.598774872] [robot2.fragment_exec_node]: EventType: Control (Task: transport), Activity: navigate, Robot: robot2, Mission: m4, Segment: s4, End: 10753.373456883
[INFO] [1787684736.600466734] [robot2.fragment_exec_node]: EventType: Task, Activity: transport, Robot: robot2, Mission: m4, Segment: s4, Start: 10753.375788825
[INFO] [1787684736.602192179] [robot2.fragment_exec_node]: Simulating navigate skill from position (11, 6) to (11, 6) (10.0 seconds)...
[INFO] [1787684746.606230456] [robot2.fragment_exec_node]: Navigation completed!
[INFO] [1787684746.609270994] [robot2.fragment_exec_node]: EventType: Task, Activity: transport, Robot: robot2, Mission: m4, Segment: s4, End: 10763.383997471
[INFO] [1787684746.611589873] [robot2.fragment_exec_node]: Execution of fragment f4-12 completed!
[INFO] [1787684746.862146207] [robot2.fragment_exec_node]: Received fragment: {'robot': 'robot2', 'fragment': {'id': 'f4-13', 'mission': 'm4', 'state': 'assigned', 'wait': ['m4/s1/transport', 'm4/s2/transport', 'm4/s3/transport', 'm4/s4/transport'], 'tasks': [{'name': 'pack', 'params': {'x': 11, 'y': 6, 'items': 4}}], 'arrive_timestamp': 1787684574, 'priority': 1, 'segment': '', 'preconditions': [], 'postconditions': []}}
[INFO] [1787684746.863253802] [robot2.fragment_exec_node]: Received fragment assignment: f4-13. Starting execution.
[INFO] [1787684746.892038175] [robot2.fragment_exec_node]: Waiting for coordination messages before executing fragment f4-13: ['m4/s1/transport', 'm4/s2/transport', 'm4/s3/transport', 'm4/s4/transport']
[INFO] [1787684748.896377048] [robot2.fragment_exec_node]: Executing task pack. Params: {'x': 11, 'y': 6, 'items': 4}, Virtual state: {'position': {'x': 11, 'y': 6, 'z': 0.0}, 'docked': False, 'battery': 100.0, 'conditions': ['picked-o1-4', 'picked-o2-4', 'picked-o4-4']}
[INFO] [1787684748.897215805] [robot2.fragment_exec_node]: EventType: Task, Activity: pack, Robot: robot2, Mission: m4, Segment: , Start: 10765.673188626
[INFO] [1787684748.897976955] [robot2.fragment_exec_node]: Simulating pack skill...
[INFO] [1787684772.899786283] [robot2.fragment_exec_node]: Packing completed!
[INFO] [1787684772.901266912] [robot2.fragment_exec_node]: EventType: Task, Activity: pack, Robot: robot2, Mission: m4, Segment: , End: 10789.67675518
[INFO] [1787684772.903098726] [robot2.fragment_exec_node]: Execution of fragment f4-13 completed!
Traceback (most recent call last):
  File "/root/ros2_ws/install/multi3_executor/lib/multi3_executor/executor", line 33, in <module>
    sys.exit(load_entry_point('multi3-executor==0.0.0', 'console_scripts', 'executor')())
  File "/root/ros2_ws/install/multi3_executor/lib/python3.10/site-packages/multi3_executor/nodes/executor.py", line 236, in main
    rclpy.shutdown()
  File "/opt/ros/humble/local/lib/python3.10/dist-packages/rclpy/__init__.py", line 130, in shutdown
    _shutdown(context=context)
  File "/opt/ros/humble/local/lib/python3.10/dist-packages/rclpy/utilities.py", line 58, in shutdown
    return context.shutdown()
  File "/opt/ros/humble/local/lib/python3.10/dist-packages/rclpy/context.py", line 102, in shutdown
    self.__context.shutdown()
rclpy._rclpy_pybind11.RCLError: failed to shutdown: rcl_shutdown already called on the given context, at ./src/rcl/init.c:241
