[INFO] [1787911260.862214953] [robot6.fragment_exec_node]: Setting up skill: PackSkill
[INFO] [1787911260.862933786] [robot6.fragment_exec_node]: Setting up skill: LocalizeSkill
[INFO] [1787911260.872200308] [robot6.fragment_exec_node]: Published robot registration: {'name': 'robot6', 'operational_state': 'idle', 'capabilities': ['pack', 'localize'], 'state': {'position': {'x': 0.0, 'y': 0.0, 'z': 0.0}, 'docked': True}}
[INFO] [1787911378.458512455] [robot6.fragment_exec_node]: Received fragment assignment: {'robot': 'robot6', 'fragment': {'id': 'fm1-7', 'mission': 'm1', 'state': 'assigned', 'wait': ['place(o1-1,pack_area)', 'place(o2-1,pack_area)'], 'tasks': [{'name': 'pack', 'label': 'pack(o1-1,o2-1)', 'params': {'items': 2}}], 'arrive_timestamp': 1787911264, 'priority': 1, 'segment': ''}}
[INFO] [1787911378.462468539] [robot6.fragment_exec_node]: Starting execution of fragment fm1-7...
[INFO] [1787911378.480463754] [robot6.fragment_exec_node]: Waiting for coordination messages before executing fragment fm1-7: ['place(o1-1,pack_area)', 'place(o2-1,pack_area)']
[INFO] [1787911380.485022904] [robot6.fragment_exec_node]: Executing task pack(o1-1,o2-1). Params: {'items': 2}, Virtual state: {'position': {'x': 0.0, 'y': 0.0, 'z': 0.0}, 'docked': True}
[INFO] [1787911380.486165832] [robot6.fragment_exec_node]: EventType: Control (Task: pack), Activity: localize, Robot: robot6, Mission: m1, Segment: , Start: 1787911380.4855068
[INFO] [1787911380.487023799] [robot6.fragment_exec_node]: Simulating localize skill...
[INFO] [1787911385.490585879] [robot6.fragment_exec_node]: Localize completed!
[INFO] [1787911385.493135659] [robot6.fragment_exec_node]: EventType: Control (Task: pack), Activity: localize, Robot: robot6, Mission: m1, Segment: , End: 1787911385.4916635
[INFO] [1787911385.494833434] [robot6.fragment_exec_node]: EventType: Task, Activity: pack, Robot: robot6, Mission: m1, Segment: , Start: 1787911385.4939497
[INFO] [1787911385.496493829] [robot6.fragment_exec_node]: Simulating pack skill...
[INFO] [1787911397.516216302] [robot6.fragment_exec_node]: Packing completed!
[INFO] [1787911397.517640997] [robot6.fragment_exec_node]: EventType: Task, Activity: pack, Robot: robot6, Mission: m1, Segment: , End: 1787911397.5171933
[INFO] [1787911397.518715573] [robot6.fragment_exec_node]: Execution of fragment fm1-7 completed!
[INFO] [1787911415.470858740] [robot6.fragment_exec_node]: Received fragment assignment: {'robot': 'robot6', 'fragment': {'id': 'fm3-10', 'mission': 'm3', 'state': 'assigned', 'wait': ['place(o1-3,pack_area)', 'place(o2-3,pack_area)', 'place(o3-3,pack_area)'], 'tasks': [{'name': 'pack', 'label': 'pack(o1-3,o2-3,o3-3)', 'params': {'items': 3}}], 'arrive_timestamp': 1787911266, 'priority': 1, 'segment': ''}}
[INFO] [1787911415.483535329] [robot6.fragment_exec_node]: Starting execution of fragment fm3-10...
[INFO] [1787911415.485074512] [robot6.fragment_exec_node]: Executing task pack(o1-3,o2-3,o3-3). Params: {'items': 3}, Virtual state: {'position': {'x': 0.0, 'y': 0.0, 'z': 0.0}, 'docked': True}
[INFO] [1787911415.486475483] [robot6.fragment_exec_node]: EventType: Control (Task: pack), Activity: localize, Robot: robot6, Mission: m3, Segment: , Start: 1787911415.4855447
[INFO] [1787911415.487586841] [robot6.fragment_exec_node]: Simulating localize skill...
[INFO] [1787911420.498301736] [robot6.fragment_exec_node]: Localize completed!
[INFO] [1787911420.500127344] [robot6.fragment_exec_node]: EventType: Control (Task: pack), Activity: localize, Robot: robot6, Mission: m3, Segment: , End: 1787911420.4990015
[INFO] [1787911420.501871311] [robot6.fragment_exec_node]: EventType: Task, Activity: pack, Robot: robot6, Mission: m3, Segment: , Start: 1787911420.5007787
[INFO] [1787911420.503563007] [robot6.fragment_exec_node]: Simulating pack skill...
[INFO] [1787911433.107372576] [robot6.fragment_exec_node]: Packing completed!
[INFO] [1787911433.111519862] [robot6.fragment_exec_node]: EventType: Task, Activity: pack, Robot: robot6, Mission: m3, Segment: , End: 1787911433.110039
[INFO] [1787911433.114528621] [robot6.fragment_exec_node]: Execution of fragment fm3-10 completed!
[INFO] [1787911476.477248550] [robot6.fragment_exec_node]: Received fragment assignment: {'robot': 'robot6', 'fragment': {'id': 'fm5-13', 'mission': 'm5', 'state': 'assigned', 'wait': ['place(o1-5,pack_area)', 'place(o2-5,pack_area)', 'place(o3-5,pack_area)', 'place(o4-5,pack_area)'], 'tasks': [{'name': 'pack', 'label': 'pack(o1-5,o2-5,o3-5,o4-5)', 'params': {'items': 4}}], 'arrive_timestamp': 1787911268, 'priority': 1, 'segment': ''}}
[INFO] [1787911476.480018889] [robot6.fragment_exec_node]: Starting execution of fragment fm5-13...
[INFO] [1787911476.484654589] [robot6.fragment_exec_node]: Waiting for coordination messages before executing fragment fm5-13: ['place(o1-5,pack_area)', 'place(o2-5,pack_area)', 'place(o3-5,pack_area)', 'place(o4-5,pack_area)']
[INFO] [1787911478.495231383] [robot6.fragment_exec_node]: Executing task pack(o1-5,o2-5,o3-5,o4-5). Params: {'items': 4}, Virtual state: {'position': {'x': 0.0, 'y': 0.0, 'z': 0.0}, 'docked': True}
[INFO] [1787911478.496504701] [robot6.fragment_exec_node]: EventType: Control (Task: pack), Activity: localize, Robot: robot6, Mission: m5, Segment: , Start: 1787911478.4958866
[INFO] [1787911478.497272073] [robot6.fragment_exec_node]: Simulating localize skill...
[INFO] [1787911483.499837688] [robot6.fragment_exec_node]: Localize completed!
[INFO] [1787911483.500878996] [robot6.fragment_exec_node]: EventType: Control (Task: pack), Activity: localize, Robot: robot6, Mission: m5, Segment: , End: 1787911483.5003822
[INFO] [1787911483.501742325] [robot6.fragment_exec_node]: EventType: Task, Activity: pack, Robot: robot6, Mission: m5, Segment: , Start: 1787911483.501203
[INFO] [1787911483.502572322] [robot6.fragment_exec_node]: Simulating pack skill...
[INFO] [1787911500.305803929] [robot6.fragment_exec_node]: Packing completed!
[INFO] [1787911500.307748837] [robot6.fragment_exec_node]: EventType: Task, Activity: pack, Robot: robot6, Mission: m5, Segment: , End: 1787911500.3066657
[INFO] [1787911500.310999836] [robot6.fragment_exec_node]: Execution of fragment fm5-13 completed!
[INFO] [1787911545.470472862] [robot6.fragment_exec_node]: Received fragment assignment: {'robot': 'robot6', 'fragment': {'id': 'fm7-16', 'mission': 'm7', 'state': 'assigned', 'wait': ['place(o1-7,pack_area)', 'place(o2-7,pack_area)', 'place(o3-7,pack_area)', 'place(o4-7,pack_area)', 'place(o5-7,pack_area)'], 'tasks': [{'name': 'pack', 'label': 'pack(o1-7,o2-7,o3-7,o4-7,o5-7)', 'params': {'items': 5}}], 'arrive_timestamp': 1787911270, 'priority': 1, 'segment': ''}}
[INFO] [1787911545.477987145] [robot6.fragment_exec_node]: Starting execution of fragment fm7-16...
[INFO] [1787911545.482760483] [robot6.fragment_exec_node]: Executing task pack(o1-7,o2-7,o3-7,o4-7,o5-7). Params: {'items': 5}, Virtual state: {'position': {'x': 0.0, 'y': 0.0, 'z': 0.0}, 'docked': True}
[INFO] [1787911545.483730070] [robot6.fragment_exec_node]: EventType: Control (Task: pack), Activity: localize, Robot: robot6, Mission: m7, Segment: , Start: 1787911545.4831772
[INFO] [1787911545.484843041] [robot6.fragment_exec_node]: Simulating localize skill...
[INFO] [1787911550.488881977] [robot6.fragment_exec_node]: Localize completed!
[INFO] [1787911550.492523415] [robot6.fragment_exec_node]: EventType: Control (Task: pack), Activity: localize, Robot: robot6, Mission: m7, Segment: , End: 1787911550.4904523
[INFO] [1787911550.494347907] [robot6.fragment_exec_node]: EventType: Task, Activity: pack, Robot: robot6, Mission: m7, Segment: , Start: 1787911550.4932313
[INFO] [1787911550.496196060] [robot6.fragment_exec_node]: Simulating pack skill...
[INFO] [1787911571.499136261] [robot6.fragment_exec_node]: Packing completed!
[INFO] [1787911571.504095491] [robot6.fragment_exec_node]: EventType: Task, Activity: pack, Robot: robot6, Mission: m7, Segment: , End: 1787911571.5013742
[INFO] [1787911571.507196814] [robot6.fragment_exec_node]: Execution of fragment fm7-16 completed!
[INFO] [1787911607.474014771] [robot6.fragment_exec_node]: Received fragment assignment: {'robot': 'robot6', 'fragment': {'id': 'fm2-7', 'mission': 'm2', 'state': 'assigned', 'wait': ['place(o1-2,pack_area)', 'place(o2-2,pack_area)'], 'tasks': [{'name': 'pack', 'label': 'pack(o1-2,o2-2)', 'params': {'items': 2}}], 'arrive_timestamp': 1787911367, 'priority': 1, 'segment': ''}}
[INFO] [1787911607.476899886] [robot6.fragment_exec_node]: Starting execution of fragment fm2-7...
[INFO] [1787911607.478571982] [robot6.fragment_exec_node]: Waiting for coordination messages before executing fragment fm2-7: ['place(o1-2,pack_area)', 'place(o2-2,pack_area)']
[INFO] [1787911609.482898759] [robot6.fragment_exec_node]: Executing task pack(o1-2,o2-2). Params: {'items': 2}, Virtual state: {'position': {'x': 0.0, 'y': 0.0, 'z': 0.0}, 'docked': True}
[INFO] [1787911609.484355226] [robot6.fragment_exec_node]: EventType: Control (Task: pack), Activity: localize, Robot: robot6, Mission: m2, Segment: , Start: 1787911609.4834454
[INFO] [1787911609.486011840] [robot6.fragment_exec_node]: Simulating localize skill...
[INFO] [1787911614.488646885] [robot6.fragment_exec_node]: Localize completed!
[INFO] [1787911614.490796765] [robot6.fragment_exec_node]: EventType: Control (Task: pack), Activity: localize, Robot: robot6, Mission: m2, Segment: , End: 1787911614.4894114
[INFO] [1787911614.493126876] [robot6.fragment_exec_node]: EventType: Task, Activity: pack, Robot: robot6, Mission: m2, Segment: , Start: 1787911614.491387
[INFO] [1787911614.494808046] [robot6.fragment_exec_node]: Simulating pack skill...
[INFO] [1787911626.497521844] [robot6.fragment_exec_node]: Packing completed!
[INFO] [1787911626.499075242] [robot6.fragment_exec_node]: EventType: Task, Activity: pack, Robot: robot6, Mission: m2, Segment: , End: 1787911626.4981484
[INFO] [1787911626.500864840] [robot6.fragment_exec_node]: Execution of fragment fm2-7 completed!
[INFO] [1787911657.468665333] [robot6.fragment_exec_node]: Received fragment assignment: {'robot': 'robot6', 'fragment': {'id': 'fm8-16', 'mission': 'm8', 'state': 'assigned', 'wait': ['place(o1-8,pack_area)', 'place(o2-8,pack_area)', 'place(o3-8,pack_area)', 'place(o4-8,pack_area)', 'place(o5-8,pack_area)'], 'tasks': [{'name': 'pack', 'label': 'pack(o1-8,o2-8,o3-8,o4-8,o5-8)', 'params': {'items': 5}}], 'arrive_timestamp': 1787911369, 'priority': 1, 'segment': ''}}
[INFO] [1787911657.472867605] [robot6.fragment_exec_node]: Starting execution of fragment fm8-16...
[INFO] [1787911657.475216696] [robot6.fragment_exec_node]: Executing task pack(o1-8,o2-8,o3-8,o4-8,o5-8). Params: {'items': 5}, Virtual state: {'position': {'x': 0.0, 'y': 0.0, 'z': 0.0}, 'docked': True}
[INFO] [1787911657.476225894] [robot6.fragment_exec_node]: EventType: Control (Task: pack), Activity: localize, Robot: robot6, Mission: m8, Segment: , Start: 1787911657.4756644
[INFO] [1787911657.477066634] [robot6.fragment_exec_node]: Simulating localize skill...
[INFO] [1787911662.478795090] [robot6.fragment_exec_node]: Localize completed!
[INFO] [1787911662.480169678] [robot6.fragment_exec_node]: EventType: Control (Task: pack), Activity: localize, Robot: robot6, Mission: m8, Segment: , End: 1787911662.4792547
[INFO] [1787911662.481438812] [robot6.fragment_exec_node]: EventType: Task, Activity: pack, Robot: robot6, Mission: m8, Segment: , Start: 1787911662.48064
[INFO] [1787911662.482903670] [robot6.fragment_exec_node]: Simulating pack skill...
[INFO] [1787911683.485171193] [robot6.fragment_exec_node]: Packing completed!
[INFO] [1787911683.486255306] [robot6.fragment_exec_node]: EventType: Task, Activity: pack, Robot: robot6, Mission: m8, Segment: , End: 1787911683.4857264
[INFO] [1787911683.487484055] [robot6.fragment_exec_node]: Execution of fragment fm8-16 completed!
[INFO] [1787911736.466501060] [robot6.fragment_exec_node]: Received fragment assignment: {'robot': 'robot6', 'fragment': {'id': 'fm4-10', 'mission': 'm4', 'state': 'assigned', 'wait': ['place(o1-4,pack_area)', 'place(o2-4,pack_area)', 'place(o3-4,pack_area)'], 'tasks': [{'name': 'pack', 'label': 'pack(o1-4,o2-4,o3-4)', 'params': {'items': 3}}], 'arrive_timestamp': 1787911458, 'priority': 1, 'segment': ''}}
[INFO] [1787911736.468769465] [robot6.fragment_exec_node]: Starting execution of fragment fm4-10...
[INFO] [1787911736.473930579] [robot6.fragment_exec_node]: Waiting for coordination messages before executing fragment fm4-10: ['place(o1-4,pack_area)', 'place(o2-4,pack_area)', 'place(o3-4,pack_area)']
[INFO] [1787911738.480041888] [robot6.fragment_exec_node]: Executing task pack(o1-4,o2-4,o3-4). Params: {'items': 3}, Virtual state: {'position': {'x': 0.0, 'y': 0.0, 'z': 0.0}, 'docked': True}
[INFO] [1787911738.482951072] [robot6.fragment_exec_node]: EventType: Control (Task: pack), Activity: localize, Robot: robot6, Mission: m4, Segment: , Start: 1787911738.4810832
[INFO] [1787911738.485140178] [robot6.fragment_exec_node]: Simulating localize skill...
[INFO] [1787911743.488625790] [robot6.fragment_exec_node]: Localize completed!
[INFO] [1787911743.491969914] [robot6.fragment_exec_node]: EventType: Control (Task: pack), Activity: localize, Robot: robot6, Mission: m4, Segment: , End: 1787911743.4900744
[INFO] [1787911743.493825799] [robot6.fragment_exec_node]: EventType: Task, Activity: pack, Robot: robot6, Mission: m4, Segment: , Start: 1787911743.4927166
[INFO] [1787911743.495309700] [robot6.fragment_exec_node]: Simulating pack skill...
[INFO] [1787911756.098351196] [robot6.fragment_exec_node]: Packing completed!
[INFO] [1787911756.101027828] [robot6.fragment_exec_node]: EventType: Task, Activity: pack, Robot: robot6, Mission: m4, Segment: , End: 1787911756.0998566
[INFO] [1787911756.103420572] [robot6.fragment_exec_node]: Execution of fragment fm4-10 completed!
[INFO] [1787911789.458783533] [robot6.fragment_exec_node]: Received fragment assignment: {'robot': 'robot6', 'fragment': {'id': 'fm6-13', 'mission': 'm6', 'state': 'assigned', 'wait': ['place(o1-6,pack_area)', 'place(o2-6,pack_area)', 'place(o3-6,pack_area)', 'place(o4-6,pack_area)'], 'tasks': [{'name': 'pack', 'label': 'pack(o1-6,o2-6,o3-6,o4-6)', 'params': {'items': 4}}], 'arrive_timestamp': 1787911459, 'priority': 1, 'segment': ''}}
[INFO] [1787911789.460859983] [robot6.fragment_exec_node]: Starting execution of fragment fm6-13...
[INFO] [1787911789.462498120] [robot6.fragment_exec_node]: Executing task pack(o1-6,o2-6,o3-6,o4-6). Params: {'items': 4}, Virtual state: {'position': {'x': 0.0, 'y': 0.0, 'z': 0.0}, 'docked': True}
[INFO] [1787911789.463627048] [robot6.fragment_exec_node]: EventType: Control (Task: pack), Activity: localize, Robot: robot6, Mission: m6, Segment: , Start: 1787911789.4628155
[INFO] [1787911789.464886116] [robot6.fragment_exec_node]: Simulating localize skill...
[INFO] [1787911794.467950974] [robot6.fragment_exec_node]: Localize completed!
[INFO] [1787911794.468949979] [robot6.fragment_exec_node]: EventType: Control (Task: pack), Activity: localize, Robot: robot6, Mission: m6, Segment: , End: 1787911794.4684196
[INFO] [1787911794.470232555] [robot6.fragment_exec_node]: EventType: Task, Activity: pack, Robot: robot6, Mission: m6, Segment: , Start: 1787911794.4693863
[INFO] [1787911794.471232703] [robot6.fragment_exec_node]: Simulating pack skill...
[INFO] [1787911811.272930256] [robot6.fragment_exec_node]: Packing completed!
[INFO] [1787911811.276892986] [robot6.fragment_exec_node]: EventType: Task, Activity: pack, Robot: robot6, Mission: m6, Segment: , End: 1787911811.2754123
[INFO] [1787911811.279278754] [robot6.fragment_exec_node]: Execution of fragment fm6-13 completed!
Traceback (most recent call last):
  File "/root/ros2_ws/install/multi3_executor/lib/multi3_executor/executor", line 33, in <module>
    sys.exit(load_entry_point('multi3-executor==0.0.0', 'console_scripts', 'executor')())
  File "/root/ros2_ws/install/multi3_executor/lib/python3.10/site-packages/multi3_executor/nodes/executor.py", line 313, in main
    rclpy.shutdown()
  File "/opt/ros/humble/local/lib/python3.10/dist-packages/rclpy/__init__.py", line 130, in shutdown
    _shutdown(context=context)
  File "/opt/ros/humble/local/lib/python3.10/dist-packages/rclpy/utilities.py", line 58, in shutdown
    return context.shutdown()
  File "/opt/ros/humble/local/lib/python3.10/dist-packages/rclpy/context.py", line 102, in shutdown
    self.__context.shutdown()
rclpy._rclpy_pybind11.RCLError: failed to shutdown: rcl_shutdown already called on the given context, at ./src/rcl/init.c:241
