[INFO] [1787855948.918615436] [multi3_coordinator_node]: Assignment strategy parameter: closest
[INFO] [1787855948.919276939] [multi3_coordinator_node]: Using assignment strategy: closest
[INFO] [1787855948.925498843] [multi3_coordinator_node]: Coordinator node started.
[INFO] [1787855952.041686151] [multi3_coordinator_node]: Received new robot info: {'name': 'robot1', 'operational_state': 'idle', 'capabilities': ['undock', 'check_room', 'move_to', 'vacuum', 'disinfect'], 'state': {'position': {'x': 0.0, 'y': 0.0, 'z': 0.0}, 'docked': True}, 'last_heartbeat': 1787855952}
[INFO] [1787855954.322713052] [multi3_coordinator_node]: Received new robot info: {'name': 'robot2', 'operational_state': 'idle', 'capabilities': ['undock', 'check_room', 'move_to', 'vacuum', 'disinfect'], 'state': {'position': {'x': 0.0, 'y': 0.0, 'z': 0.0}, 'docked': True}, 'last_heartbeat': 1787855954}
[INFO] [1787855955.950544825] [multi3_coordinator_node]: Received new robot info: {'name': 'robot3', 'operational_state': 'idle', 'capabilities': ['undock', 'check_room', 'move_to', 'vacuum', 'disinfect'], 'state': {'position': {'x': 0.0, 'y': 0.0, 'z': 0.0}, 'docked': True}, 'last_heartbeat': 1787855955}
[INFO] [1787855957.935849345] [multi3_coordinator_node]: Received new robot info: {'name': 'robot4', 'operational_state': 'idle', 'capabilities': ['undock', 'check_room', 'move_to', 'mop', 'disinfect'], 'state': {'position': {'x': 0.0, 'y': 0.0, 'z': 0.0}, 'docked': True}, 'last_heartbeat': 1787855957}
[INFO] [1787855960.312096813] [multi3_coordinator_node]: Received new robot info: {'name': 'robot5', 'operational_state': 'idle', 'capabilities': ['undock', 'check_room', 'move_to', 'mop', 'disinfect'], 'state': {'position': {'x': 0.0, 'y': 0.0, 'z': 0.0}, 'docked': True}, 'last_heartbeat': 1787855960}
[INFO] [1787855962.433755834] [multi3_coordinator_node]: Received new robot info: {'name': 'robot6', 'operational_state': 'idle', 'capabilities': ['undock', 'check_room', 'move_to', 'mop'], 'state': {'position': {'x': 0.0, 'y': 0.0, 'z': 0.0}, 'docked': True}, 'last_heartbeat': 1787855962}
[INFO] [1787855964.362858338] [multi3_coordinator_node]: Received new robot info: {'name': 'robot7', 'operational_state': 'idle', 'capabilities': ['undock', 'check_room', 'move_to', 'mop'], 'state': {'position': {'x': 0.0, 'y': 0.0, 'z': 0.0}, 'docked': True}, 'last_heartbeat': 1787855964}
[INFO] [1787855966.370760276] [multi3_coordinator_node]: Received new robot info: {'name': 'robot8', 'operational_state': 'idle', 'capabilities': ['undock', 'check_room', 'move_to', 'mop'], 'state': {'position': {'x': 0.0, 'y': 0.0, 'z': 0.0}, 'docked': True}, 'last_heartbeat': 1787855966}
[INFO] [1787855968.350575907] [multi3_coordinator_node]: Received new robot info: {'name': 'robot9', 'operational_state': 'idle', 'capabilities': ['undock', 'check_room', 'move_to', 'mop'], 'state': {'position': {'x': 0.0, 'y': 0.0, 'z': 0.0}, 'docked': True}, 'last_heartbeat': 1787855968}
[INFO] [1787855969.965530590] [multi3_coordinator_node]: Received mission: {'mission': 'm3', 'priority': 1, 'fragments': [{'id': 'fm3-1', 'wait': [], 'tasks': [{'name': 'check_room', 'label': 'check_room(r1)', 'params': {'x': 4, 'y': 2, 'size': 6}}], 'segment': 's1'}, {'id': 'fm3-2', 'wait': ['check_room(r1)'], 'tasks': [{'name': 'vacuum', 'label': 'vacuum(r1)', 'params': {'x': 4, 'y': 2, 'size': 6}}], 'segment': 's1'}, {'id': 'fm3-3', 'wait': ['vacuum(r1)'], 'tasks': [{'name': 'mop', 'label': 'mop(r1)', 'params': {'x': 4, 'y': 2, 'size': 6}}], 'segment': 's1'}, {'id': 'fm3-4', 'wait': ['mop(r1)'], 'tasks': [{'name': 'disinfect', 'label': 'disinfect(r1)', 'params': {'x': 4, 'y': 2, 'size': 6}}], 'segment': 's1'}, {'id': 'fm3-5', 'wait': ['disinfect(r1)'], 'tasks': [{'name': 'final_room_check', 'label': 'final_room_check(r1)', 'params': {'x': 4, 'y': 2, 'size': 6}}], 'segment': 's1'}, {'id': 'fm3-6', 'wait': [], 'tasks': [{'name': 'check_room', 'label': 'check_room(r2)', 'params': {'x': 10, 'y': 5, 'size': 3}}], 'segment': 's2'}, {'id': 'fm3-7', 'wait': ['check_room(r2)'], 'tasks': [{'name': 'vacuum', 'label': 'vacuum(r2)', 'params': {'x': 10, 'y': 5, 'size': 3}}], 'segment': 's2'}, {'id': 'fm3-8', 'wait': ['vacuum(r2)'], 'tasks': [{'name': 'mop', 'label': 'mop(r2)', 'params': {'x': 10, 'y': 5, 'size': 3}}], 'segment': 's2'}, {'id': 'fm3-9', 'wait': ['mop(r2)'], 'tasks': [{'name': 'disinfect', 'label': 'disinfect(r2)', 'params': {'x': 10, 'y': 5, 'size': 3}}], 'segment': 's2'}, {'id': 'fm3-10', 'wait': ['disinfect(r2)'], 'tasks': [{'name': 'final_room_check', 'label': 'final_room_check(r2)', 'params': {'x': 10, 'y': 5, 'size': 3}}], 'segment': 's2'}, {'id': 'fm3-11', 'wait': [], 'tasks': [{'name': 'check_room', 'label': 'check_room(r3)', 'params': {'x': 3, 'y': 11, 'size': 7}}], 'segment': 's3'}, {'id': 'fm3-12', 'wait': ['check_room(r3)'], 'tasks': [{'name': 'vacuum', 'label': 'vacuum(r3)', 'params': {'x': 3, 'y': 11, 'size': 7}}], 'segment': 's3'}, {'id': 'fm3-13', 'wait': ['vacuum(r3)'], 'tasks': [{'name': 'mop', 'label': 'mop(r3)', 'params': {'x': 3, 'y': 11, 'size': 7}}], 'segment': 's3'}, {'id': 'fm3-14', 'wait': ['mop(r3)'], 'tasks': [{'name': 'disinfect', 'label': 'disinfect(r3)', 'params': {'x': 3, 'y': 11, 'size': 7}}], 'segment': 's3'}, {'id': 'fm3-15', 'wait': ['disinfect(r3)'], 'tasks': [{'name': 'final_room_check', 'label': 'final_room_check(r3)', 'params': {'x': 3, 'y': 11, 'size': 7}}], 'segment': 's3'}, {'id': 'fm3-16', 'wait': [], 'tasks': [{'name': 'check_room', 'label': 'check_room(r4)', 'params': {'x': 8, 'y': 9, 'size': 4}}], 'segment': 's4'}, {'id': 'fm3-17', 'wait': ['check_room(r4)'], 'tasks': [{'name': 'vacuum', 'label': 'vacuum(r4)', 'params': {'x': 8, 'y': 9, 'size': 4}}], 'segment': 's4'}, {'id': 'fm3-18', 'wait': ['vacuum(r4)'], 'tasks': [{'name': 'mop', 'label': 'mop(r4)', 'params': {'x': 8, 'y': 9, 'size': 4}}], 'segment': 's4'}, {'id': 'fm3-19', 'wait': ['mop(r4)'], 'tasks': [{'name': 'disinfect', 'label': 'disinfect(r4)', 'params': {'x': 8, 'y': 9, 'size': 4}}], 'segment': 's4'}, {'id': 'fm3-20', 'wait': ['disinfect(r4)'], 'tasks': [{'name': 'final_room_check', 'label': 'final_room_check(r4)', 'params': {'x': 8, 'y': 9, 'size': 4}}], 'segment': 's4'}, {'id': 'fm3-21', 'wait': [], 'tasks': [{'name': 'check_room', 'label': 'check_room(r5)', 'params': {'x': 12, 'y': 3, 'size': 5}}], 'segment': 's5'}, {'id': 'fm3-22', 'wait': ['check_room(r5)'], 'tasks': [{'name': 'vacuum', 'label': 'vacuum(r5)', 'params': {'x': 12, 'y': 3, 'size': 5}}], 'segment': 's5'}, {'id': 'fm3-23', 'wait': ['vacuum(r5)'], 'tasks': [{'name': 'mop', 'label': 'mop(r5)', 'params': {'x': 12, 'y': 3, 'size': 5}}], 'segment': 's5'}, {'id': 'fm3-24', 'wait': ['mop(r5)'], 'tasks': [{'name': 'disinfect', 'label': 'disinfect(r5)', 'params': {'x': 12, 'y': 3, 'size': 5}}], 'segment': 's5'}, {'id': 'fm3-25', 'wait': ['disinfect(r5)'], 'tasks': [{'name': 'final_room_check', 'label': 'final_room_check(r5)', 'params': {'x': 12, 'y': 3, 'size': 5}}], 'segment': 's5'}, {'id': 'fm3-26', 'wait': [], 'tasks': [{'name': 'check_room', 'label': 'check_room(r6)', 'params': {'x': 6, 'y': 12, 'size': 6}}], 'segment': 's6'}, {'id': 'fm3-27', 'wait': ['check_room(r6)'], 'tasks': [{'name': 'vacuum', 'label': 'vacuum(r6)', 'params': {'x': 6, 'y': 12, 'size': 6}}], 'segment': 's6'}, {'id': 'fm3-28', 'wait': ['vacuum(r6)'], 'tasks': [{'name': 'mop', 'label': 'mop(r6)', 'params': {'x': 6, 'y': 12, 'size': 6}}], 'segment': 's6'}, {'id': 'fm3-29', 'wait': ['mop(r6)'], 'tasks': [{'name': 'disinfect', 'label': 'disinfect(r6)', 'params': {'x': 6, 'y': 12, 'size': 6}}], 'segment': 's6'}, {'id': 'fm3-30', 'wait': ['disinfect(r6)'], 'tasks': [{'name': 'final_room_check', 'label': 'final_room_check(r6)', 'params': {'x': 6, 'y': 12, 'size': 6}}], 'segment': 's6'}, {'id': 'fm3-31', 'wait': [], 'tasks': [{'name': 'check_room', 'label': 'check_room(r7)', 'params': {'x': 9, 'y': 7, 'size': 3}}], 'segment': 's7'}, {'id': 'fm3-32', 'wait': ['check_room(r7)'], 'tasks': [{'name': 'vacuum', 'label': 'vacuum(r7)', 'params': {'x': 9, 'y': 7, 'size': 3}}], 'segment': 's7'}, {'id': 'fm3-33', 'wait': ['vacuum(r7)'], 'tasks': [{'name': 'mop', 'label': 'mop(r7)', 'params': {'x': 9, 'y': 7, 'size': 3}}], 'segment': 's7'}, {'id': 'fm3-34', 'wait': ['mop(r7)'], 'tasks': [{'name': 'disinfect', 'label': 'disinfect(r7)', 'params': {'x': 9, 'y': 7, 'size': 3}}], 'segment': 's7'}, {'id': 'fm3-35', 'wait': ['disinfect(r7)'], 'tasks': [{'name': 'final_room_check', 'label': 'final_room_check(r7)', 'params': {'x': 9, 'y': 7, 'size': 3}}], 'segment': 's7'}, {'id': 'fm3-36', 'wait': [], 'tasks': [{'name': 'check_room', 'label': 'check_room(r8)', 'params': {'x': 2, 'y': 8, 'size': 7}}], 'segment': 's8'}, {'id': 'fm3-37', 'wait': ['check_room(r8)'], 'tasks': [{'name': 'vacuum', 'label': 'vacuum(r8)', 'params': {'x': 2, 'y': 8, 'size': 7}}], 'segment': 's8'}, {'id': 'fm3-38', 'wait': ['vacuum(r8)'], 'tasks': [{'name': 'mop', 'label': 'mop(r8)', 'params': {'x': 2, 'y': 8, 'size': 7}}], 'segment': 's8'}, {'id': 'fm3-39', 'wait': ['mop(r8)'], 'tasks': [{'name': 'disinfect', 'label': 'disinfect(r8)', 'params': {'x': 2, 'y': 8, 'size': 7}}], 'segment': 's8'}, {'id': 'fm3-40', 'wait': ['disinfect(r8)'], 'tasks': [{'name': 'final_room_check', 'label': 'final_room_check(r8)', 'params': {'x': 2, 'y': 8, 'size': 7}}], 'segment': 's8'}, {'id': 'fm3-41', 'wait': [], 'tasks': [{'name': 'check_room', 'label': 'check_room(r9)', 'params': {'x': 14, 'y': 18, 'size': 4}}], 'segment': 's9'}, {'id': 'fm3-42', 'wait': ['check_room(r9)'], 'tasks': [{'name': 'vacuum', 'label': 'vacuum(r9)', 'params': {'x': 14, 'y': 18, 'size': 4}}], 'segment': 's9'}, {'id': 'fm3-43', 'wait': ['vacuum(r9)'], 'tasks': [{'name': 'mop', 'label': 'mop(r9)', 'params': {'x': 14, 'y': 18, 'size': 4}}], 'segment': 's9'}, {'id': 'fm3-44', 'wait': ['mop(r9)'], 'tasks': [{'name': 'disinfect', 'label': 'disinfect(r9)', 'params': {'x': 14, 'y': 18, 'size': 4}}], 'segment': 's9'}, {'id': 'fm3-45', 'wait': ['disinfect(r9)'], 'tasks': [{'name': 'final_room_check', 'label': 'final_room_check(r9)', 'params': {'x': 14, 'y': 18, 'size': 4}}], 'segment': 's9'}, {'id': 'fm3-46', 'wait': [], 'tasks': [{'name': 'check_room', 'label': 'check_room(r10)', 'params': {'x': 21, 'y': 6, 'size': 5}}], 'segment': 's10'}, {'id': 'fm3-47', 'wait': ['check_room(r10)'], 'tasks': [{'name': 'vacuum', 'label': 'vacuum(r10)', 'params': {'x': 21, 'y': 6, 'size': 5}}], 'segment': 's10'}, {'id': 'fm3-48', 'wait': ['vacuum(r10)'], 'tasks': [{'name': 'mop', 'label': 'mop(r10)', 'params': {'x': 21, 'y': 6, 'size': 5}}], 'segment': 's10'}, {'id': 'fm3-49', 'wait': ['mop(r10)'], 'tasks': [{'name': 'disinfect', 'label': 'disinfect(r10)', 'params': {'x': 21, 'y': 6, 'size': 5}}], 'segment': 's10'}, {'id': 'fm3-50', 'wait': ['disinfect(r10)'], 'tasks': [{'name': 'final_room_check', 'label': 'final_room_check(r10)', 'params': {'x': 21, 'y': 6, 'size': 5}}], 'segment': 's10'}, {'id': 'fm3-51', 'wait': [], 'tasks': [{'name': 'check_room', 'label': 'check_room(r11)', 'params': {'x': 17, 'y': 23, 'size': 6}}], 'segment': 's11'}, {'id': 'fm3-52', 'wait': ['check_room(r11)'], 'tasks': [{'name': 'vacuum', 'label': 'vacuum(r11)', 'params': {'x': 17, 'y': 23, 'size': 6}}], 'segment': 's11'}, {'id': 'fm3-53', 'wait': ['vacuum(r11)'], 'tasks': [{'name': 'mop', 'label': 'mop(r11)', 'params': {'x': 17, 'y': 23, 'size': 6}}], 'segment': 's11'}, {'id': 'fm3-54', 'wait': ['mop(r11)'], 'tasks': [{'name': 'disinfect', 'label': 'disinfect(r11)', 'params': {'x': 17, 'y': 23, 'size': 6}}], 'segment': 's11'}, {'id': 'fm3-55', 'wait': ['disinfect(r11)'], 'tasks': [{'name': 'final_room_check', 'label': 'final_room_check(r11)', 'params': {'x': 17, 'y': 23, 'size': 6}}], 'segment': 's11'}, {'id': 'fm3-56', 'wait': [], 'tasks': [{'name': 'check_room', 'label': 'check_room(r12)', 'params': {'x': 24, 'y': 14, 'size': 3}}], 'segment': 's12'}, {'id': 'fm3-57', 'wait': ['check_room(r12)'], 'tasks': [{'name': 'vacuum', 'label': 'vacuum(r12)', 'params': {'x': 24, 'y': 14, 'size': 3}}], 'segment': 's12'}, {'id': 'fm3-58', 'wait': ['vacuum(r12)'], 'tasks': [{'name': 'mop', 'label': 'mop(r12)', 'params': {'x': 24, 'y': 14, 'size': 3}}], 'segment': 's12'}, {'id': 'fm3-59', 'wait': ['mop(r12)'], 'tasks': [{'name': 'disinfect', 'label': 'disinfect(r12)', 'params': {'x': 24, 'y': 14, 'size': 3}}], 'segment': 's12'}, {'id': 'fm3-60', 'wait': ['disinfect(r12)'], 'tasks': [{'name': 'final_room_check', 'label': 'final_room_check(r12)', 'params': {'x': 24, 'y': 14, 'size': 3}}], 'segment': 's12'}, {'id': 'fm3-61', 'wait': [], 'tasks': [{'name': 'check_room', 'label': 'check_room(r13)', 'params': {'x': 7, 'y': 20, 'size': 7}}], 'segment': 's13'}, {'id': 'fm3-62', 'wait': ['check_room(r13)'], 'tasks': [{'name': 'vacuum', 'label': 'vacuum(r13)', 'params': {'x': 7, 'y': 20, 'size': 7}}], 'segment': 's13'}, {'id': 'fm3-63', 'wait': ['vacuum(r13)'], 'tasks': [{'name': 'mop', 'label': 'mop(r13)', 'params': {'x': 7, 'y': 20, 'size': 7}}], 'segment': 's13'}, {'id': 'fm3-64', 'wait': ['mop(r13)'], 'tasks': [{'name': 'disinfect', 'label': 'disinfect(r13)', 'params': {'x': 7, 'y': 20, 'size': 7}}], 'segment': 's13'}, {'id': 'fm3-65', 'wait': ['disinfect(r13)'], 'tasks': [{'name': 'final_room_check', 'label': 'final_room_check(r13)', 'params': {'x': 7, 'y': 20, 'size': 7}}], 'segment': 's13'}, {'id': 'fm3-66', 'wait': [], 'tasks': [{'name': 'check_room', 'label': 'check_room(r14)', 'params': {'x': 19, 'y': 10, 'size': 4}}], 'segment': 's14'}, {'id': 'fm3-67', 'wait': ['check_room(r14)'], 'tasks': [{'name': 'vacuum', 'label': 'vacuum(r14)', 'params': {'x': 19, 'y': 10, 'size': 4}}], 'segment': 's14'}, {'id': 'fm3-68', 'wait': ['vacuum(r14)'], 'tasks': [{'name': 'mop', 'label': 'mop(r14)', 'params': {'x': 19, 'y': 10, 'size': 4}}], 'segment': 's14'}, {'id': 'fm3-69', 'wait': ['mop(r14)'], 'tasks': [{'name': 'disinfect', 'label': 'disinfect(r14)', 'params': {'x': 19, 'y': 10, 'size': 4}}], 'segment': 's14'}, {'id': 'fm3-70', 'wait': ['disinfect(r14)'], 'tasks': [{'name': 'final_room_check', 'label': 'final_room_check(r14)', 'params': {'x': 19, 'y': 10, 'size': 4}}], 'segment': 's14'}, {'id': 'fm3-71', 'wait': [], 'tasks': [{'name': 'check_room', 'label': 'check_room(r15)', 'params': {'x': 13, 'y': 24, 'size': 5}}], 'segment': 's15'}, {'id': 'fm3-72', 'wait': ['check_room(r15)'], 'tasks': [{'name': 'vacuum', 'label': 'vacuum(r15)', 'params': {'x': 13, 'y': 24, 'size': 5}}], 'segment': 's15'}, {'id': 'fm3-73', 'wait': ['vacuum(r15)'], 'tasks': [{'name': 'mop', 'label': 'mop(r15)', 'params': {'x': 13, 'y': 24, 'size': 5}}], 'segment': 's15'}, {'id': 'fm3-74', 'wait': ['mop(r15)'], 'tasks': [{'name': 'disinfect', 'label': 'disinfect(r15)', 'params': {'x': 13, 'y': 24, 'size': 5}}], 'segment': 's15'}, {'id': 'fm3-75', 'wait': ['disinfect(r15)'], 'tasks': [{'name': 'final_room_check', 'label': 'final_room_check(r15)', 'params': {'x': 13, 'y': 24, 'size': 5}}], 'segment': 's15'}]}
[INFO] [1787855969.966871154] [multi3_coordinator_node]: Fragment fm3-1 is now executable because all signal messages were received.
[INFO] [1787855969.967494866] [multi3_coordinator_node]: Fragment fm3-6 is now executable because all signal messages were received.
[INFO] [1787855969.968004256] [multi3_coordinator_node]: Fragment fm3-11 is now executable because all signal messages were received.
[INFO] [1787855969.968577916] [multi3_coordinator_node]: Fragment fm3-16 is now executable because all signal messages were received.
[INFO] [1787855969.969077066] [multi3_coordinator_node]: Fragment fm3-21 is now executable because all signal messages were received.
[INFO] [1787855969.969642892] [multi3_coordinator_node]: Fragment fm3-26 is now executable because all signal messages were received.
[INFO] [1787855969.970134827] [multi3_coordinator_node]: Fragment fm3-31 is now executable because all signal messages were received.
[INFO] [1787855969.970672908] [multi3_coordinator_node]: Fragment fm3-36 is now executable because all signal messages were received.
[INFO] [1787855969.971168051] [multi3_coordinator_node]: Fragment fm3-41 is now executable because all signal messages were received.
[INFO] [1787855969.971680601] [multi3_coordinator_node]: Fragment fm3-46 is now executable because all signal messages were received.
[INFO] [1787855969.972131858] [multi3_coordinator_node]: Fragment fm3-51 is now executable because all signal messages were received.
[INFO] [1787855969.972753850] [multi3_coordinator_node]: Fragment fm3-56 is now executable because all signal messages were received.
[INFO] [1787855969.973202670] [multi3_coordinator_node]: Fragment fm3-61 is now executable because all signal messages were received.
[INFO] [1787855969.973647977] [multi3_coordinator_node]: Fragment fm3-66 is now executable because all signal messages were received.
[INFO] [1787855969.974114153] [multi3_coordinator_node]: Fragment fm3-71 is now executable because all signal messages were received.
[INFO] [1787855977.262941693] [multi3_coordinator_node]: Execution start signal received. Starting fragment assignment.
[INFO] [1787855978.281091002] [multi3_coordinator_node]: Assigned fragment fm3-1 to robot robot1.
[INFO] [1787855978.283774027] [multi3_coordinator_node]: Assigned fragment fm3-36 to robot robot2.
[INFO] [1787855978.310115379] [multi3_coordinator_node]: Received robot state update from robot robot3: {'operational_state': 'working', 'current_assigned_fragment': 'fm3-6', 'state': {'position': {'x': 0.0, 'y': 0.0, 'z': 0.0}, 'docked': True}}
[INFO] [1787855978.310752278] [multi3_coordinator_node]: Received robot state update from robot robot1: {'operational_state': 'working', 'current_assigned_fragment': 'fm3-1', 'state': {'position': {'x': 0.0, 'y': 0.0, 'z': 0.0}, 'docked': True}}
[INFO] [1787855978.316088048] [multi3_coordinator_node]: Assigned fragment fm3-6 to robot robot3.
[INFO] [1787855978.319014213] [multi3_coordinator_node]: Received robot state update from robot robot2: {'operational_state': 'working', 'current_assigned_fragment': 'fm3-36', 'state': {'position': {'x': 0.0, 'y': 0.0, 'z': 0.0}, 'docked': True}}
[INFO] [1787855978.319953108] [multi3_coordinator_node]: Assigned fragment fm3-11 to robot robot4.
[INFO] [1787855978.326043759] [multi3_coordinator_node]: Assigned fragment fm3-31 to robot robot5.
[INFO] [1787855978.332119590] [multi3_coordinator_node]: Received robot state update from robot robot4: {'operational_state': 'working', 'current_assigned_fragment': 'fm3-11', 'state': {'position': {'x': 0.0, 'y': 0.0, 'z': 0.0}, 'docked': True}}
[INFO] [1787855978.333162081] [multi3_coordinator_node]: Assigned fragment fm3-16 to robot robot6.
[INFO] [1787855978.351796192] [multi3_coordinator_node]: Assigned fragment fm3-21 to robot robot7.
[INFO] [1787855978.356617065] [multi3_coordinator_node]: Received robot state update from robot robot6: {'operational_state': 'working', 'current_assigned_fragment': 'fm3-16', 'state': {'position': {'x': 0.0, 'y': 0.0, 'z': 0.0}, 'docked': True}}
[INFO] [1787855978.372162662] [multi3_coordinator_node]: Received robot state update from robot robot5: {'operational_state': 'working', 'current_assigned_fragment': 'fm3-31', 'state': {'position': {'x': 0.0, 'y': 0.0, 'z': 0.0}, 'docked': True}}
[INFO] [1787855978.372902410] [multi3_coordinator_node]: Received robot state update from robot robot7: {'operational_state': 'working', 'current_assigned_fragment': 'fm3-21', 'state': {'position': {'x': 0.0, 'y': 0.0, 'z': 0.0}, 'docked': True}}
[INFO] [1787855978.373779486] [multi3_coordinator_node]: Assigned fragment fm3-26 to robot robot8.
[INFO] [1787855978.374987595] [multi3_coordinator_node]: Received robot state update from robot robot8: {'operational_state': 'working', 'current_assigned_fragment': 'fm3-26', 'state': {'position': {'x': 0.0, 'y': 0.0, 'z': 0.0}, 'docked': True}}
[INFO] [1787855978.376237961] [multi3_coordinator_node]: Assigned fragment fm3-61 to robot robot9.
[INFO] [1787855978.397642241] [multi3_coordinator_node]: Received robot state update from robot robot9: {'operational_state': 'working', 'current_assigned_fragment': 'fm3-61', 'state': {'position': {'x': 0.0, 'y': 0.0, 'z': 0.0}, 'docked': True}}
[INFO] [1787856000.292675814] [multi3_coordinator_node]: Received coordination message: {'robot_name': 'robot1', 'completed_fragment': 'fm3-1', 'state': {'position': {'x': 4, 'y': 2, 'z': 0.0}, 'docked': False}}
[INFO] [1787856000.293509848] [multi3_coordinator_node]: Fragment fm3-2 is now executable because all signal messages were received.
[INFO] [1787856000.294191663] [multi3_coordinator_node]: Received robot state update from robot robot1: {'operational_state': 'idle', 'current_assigned_fragment': None, 'state': {'position': {'x': 4, 'y': 2, 'z': 0.0}, 'docked': False}}
[INFO] [1787856000.295083292] [multi3_coordinator_node]: Received coordination message: {'robot_name': 'robot1', 'completed_task': 'check_room(r1)'}
[INFO] [1787856001.274712524] [multi3_coordinator_node]: Assigned fragment fm3-2 to robot robot1.
[INFO] [1787856001.280579796] [multi3_coordinator_node]: Received robot state update from robot robot1: {'operational_state': 'working', 'current_assigned_fragment': 'fm3-2', 'state': {'position': {'x': 4, 'y': 2, 'z': 0.0}, 'docked': False}}
[INFO] [1787856009.236826009] [multi3_coordinator_node]: Received coordination message: {'robot_name': 'robot3', 'completed_fragment': 'fm3-6', 'state': {'position': {'x': 10, 'y': 5, 'z': 0.0}, 'docked': False}}
[INFO] [1787856009.237620150] [multi3_coordinator_node]: Fragment fm3-7 is now executable because all signal messages were received.
[INFO] [1787856009.238088033] [multi3_coordinator_node]: Received robot state update from robot robot3: {'operational_state': 'idle', 'current_assigned_fragment': None, 'state': {'position': {'x': 10, 'y': 5, 'z': 0.0}, 'docked': False}}
[INFO] [1787856009.238781538] [multi3_coordinator_node]: Received coordination message: {'robot_name': 'robot3', 'completed_task': 'check_room(r2)'}
[INFO] [1787856009.268881076] [multi3_coordinator_node]: Assigned fragment fm3-7 to robot robot3.
[INFO] [1787856009.307149909] [multi3_coordinator_node]: Received robot state update from robot robot3: {'operational_state': 'working', 'current_assigned_fragment': 'fm3-7', 'state': {'position': {'x': 10, 'y': 5, 'z': 0.0}, 'docked': False}}
[INFO] [1787856009.319206596] [multi3_coordinator_node]: Received robot state update from robot robot2: {'operational_state': 'idle', 'current_assigned_fragment': None, 'state': {'position': {'x': 2, 'y': 8, 'z': 0.0}, 'docked': False}}
[INFO] [1787856009.320162458] [multi3_coordinator_node]: Fragment fm3-37 is now executable because all signal messages were received.
[INFO] [1787856009.321119282] [multi3_coordinator_node]: Received coordination message: {'robot_name': 'robot2', 'completed_task': 'check_room(r8)'}
[INFO] [1787856009.321580957] [multi3_coordinator_node]: Received coordination message: {'robot_name': 'robot2', 'completed_fragment': 'fm3-36', 'state': {'position': {'x': 2, 'y': 8, 'z': 0.0}, 'docked': False}}
[INFO] [1787856009.689284608] [multi3_coordinator_node]: Received robot state update from robot robot5: {'operational_state': 'idle', 'current_assigned_fragment': None, 'state': {'position': {'x': 9, 'y': 7, 'z': 0.0}, 'docked': False}}
[INFO] [1787856009.691206104] [multi3_coordinator_node]: Received coordination message: {'robot_name': 'robot5', 'completed_fragment': 'fm3-31', 'state': {'position': {'x': 9, 'y': 7, 'z': 0.0}, 'docked': False}}
[INFO] [1787856009.692311144] [multi3_coordinator_node]: Fragment fm3-32 is now executable because all signal messages were received.
[INFO] [1787856009.693171059] [multi3_coordinator_node]: Received coordination message: {'robot_name': 'robot5', 'completed_task': 'check_room(r7)'}
[INFO] [1787856010.276101218] [multi3_coordinator_node]: Assigned fragment fm3-37 to robot robot2.
[INFO] [1787856010.279235745] [multi3_coordinator_node]: Assigned fragment fm3-66 to robot robot5.
[INFO] [1787856010.290140414] [multi3_coordinator_node]: Received robot state update from robot robot2: {'operational_state': 'working', 'current_assigned_fragment': 'fm3-37', 'state': {'position': {'x': 2, 'y': 8, 'z': 0.0}, 'docked': False}}
[INFO] [1787856010.292769050] [multi3_coordinator_node]: Received robot state update from robot robot5: {'operational_state': 'working', 'current_assigned_fragment': 'fm3-66', 'state': {'position': {'x': 9, 'y': 7, 'z': 0.0}, 'docked': False}}
[INFO] [1787856012.474833386] [multi3_coordinator_node]: Fragment fm3-17 is now executable because all signal messages were received.
[INFO] [1787856012.476465759] [multi3_coordinator_node]: Received coordination message: {'robot_name': 'robot6', 'completed_fragment': 'fm3-16', 'state': {'position': {'x': 8, 'y': 9, 'z': 0.0}, 'docked': False}}
[INFO] [1787856012.477721103] [multi3_coordinator_node]: Received robot state update from robot robot6: {'operational_state': 'idle', 'current_assigned_fragment': None, 'state': {'position': {'x': 8, 'y': 9, 'z': 0.0}, 'docked': False}}
[INFO] [1787856012.478438820] [multi3_coordinator_node]: Received coordination message: {'robot_name': 'robot6', 'completed_task': 'check_room(r4)'}
[INFO] [1787856013.271074624] [multi3_coordinator_node]: Assigned fragment fm3-41 to robot robot6.
[INFO] [1787856013.290093651] [multi3_coordinator_node]: Received robot state update from robot robot6: {'operational_state': 'working', 'current_assigned_fragment': 'fm3-41', 'state': {'position': {'x': 8, 'y': 9, 'z': 0.0}, 'docked': False}}
[INFO] [1787856014.637719100] [multi3_coordinator_node]: Received coordination message: {'robot_name': 'robot7', 'completed_fragment': 'fm3-21', 'state': {'position': {'x': 12, 'y': 3, 'z': 0.0}, 'docked': False}}
[INFO] [1787856014.639158809] [multi3_coordinator_node]: Fragment fm3-22 is now executable because all signal messages were received.
[INFO] [1787856014.640100367] [multi3_coordinator_node]: Received robot state update from robot robot7: {'operational_state': 'idle', 'current_assigned_fragment': None, 'state': {'position': {'x': 12, 'y': 3, 'z': 0.0}, 'docked': False}}
[INFO] [1787856014.641241204] [multi3_coordinator_node]: Received coordination message: {'robot_name': 'robot7', 'completed_task': 'check_room(r5)'}
[INFO] [1787856015.275450965] [multi3_coordinator_node]: Assigned fragment fm3-46 to robot robot7.
[INFO] [1787856015.295336486] [multi3_coordinator_node]: Received robot state update from robot robot7: {'operational_state': 'working', 'current_assigned_fragment': 'fm3-46', 'state': {'position': {'x': 12, 'y': 3, 'z': 0.0}, 'docked': False}}
[INFO] [1787856015.681400069] [multi3_coordinator_node]: Received robot state update from robot robot4: {'operational_state': 'idle', 'current_assigned_fragment': None, 'state': {'position': {'x': 3, 'y': 11, 'z': 0.0}, 'docked': False}}
[INFO] [1787856015.682024480] [multi3_coordinator_node]: Fragment fm3-12 is now executable because all signal messages were received.
[INFO] [1787856015.683611653] [multi3_coordinator_node]: Received coordination message: {'robot_name': 'robot4', 'completed_fragment': 'fm3-11', 'state': {'position': {'x': 3, 'y': 11, 'z': 0.0}, 'docked': False}}
[INFO] [1787856015.684738553] [multi3_coordinator_node]: Received coordination message: {'robot_name': 'robot4', 'completed_task': 'check_room(r3)'}
[INFO] [1787856016.276594072] [multi3_coordinator_node]: Assigned fragment fm3-71 to robot robot4.
[INFO] [1787856016.303554000] [multi3_coordinator_node]: Received robot state update from robot robot4: {'operational_state': 'working', 'current_assigned_fragment': 'fm3-71', 'state': {'position': {'x': 3, 'y': 11, 'z': 0.0}, 'docked': False}}
[INFO] [1787856018.256171621] [multi3_coordinator_node]: Received coordination message: {'robot_name': 'robot8', 'completed_fragment': 'fm3-26', 'state': {'position': {'x': 6, 'y': 12, 'z': 0.0}, 'docked': False}}
[INFO] [1787856018.256588519] [multi3_coordinator_node]: Fragment fm3-27 is now executable because all signal messages were received.
[INFO] [1787856018.257319661] [multi3_coordinator_node]: Received robot state update from robot robot8: {'operational_state': 'idle', 'current_assigned_fragment': None, 'state': {'position': {'x': 6, 'y': 12, 'z': 0.0}, 'docked': False}}
[INFO] [1787856018.258026872] [multi3_coordinator_node]: Received coordination message: {'robot_name': 'robot8', 'completed_task': 'check_room(r6)'}
[INFO] [1787856018.266295475] [multi3_coordinator_node]: Assigned fragment fm3-51 to robot robot8.
[INFO] [1787856018.283604994] [multi3_coordinator_node]: Received robot state update from robot robot8: {'operational_state': 'working', 'current_assigned_fragment': 'fm3-51', 'state': {'position': {'x': 6, 'y': 12, 'z': 0.0}, 'docked': False}}
[INFO] [1787856021.860319486] [multi3_coordinator_node]: Received robot state update from robot robot3: {'operational_state': 'idle', 'current_assigned_fragment': None, 'state': {'position': {'x': 10, 'y': 5, 'z': 0.0}, 'docked': False}}
[INFO] [1787856021.861123814] [multi3_coordinator_node]: Received coordination message: {'robot_name': 'robot3', 'completed_fragment': 'fm3-7', 'state': {'position': {'x': 10, 'y': 5, 'z': 0.0}, 'docked': False}}
[INFO] [1787856021.861436862] [multi3_coordinator_node]: Fragment fm3-8 is now executable because all signal messages were received.
[INFO] [1787856021.862208775] [multi3_coordinator_node]: Received coordination message: {'robot_name': 'robot3', 'completed_task': 'vacuum(r2)'}
[INFO] [1787856022.271107592] [multi3_coordinator_node]: Assigned fragment fm3-32 to robot robot3.
[INFO] [1787856022.319645367] [multi3_coordinator_node]: Fragment fm3-3 is now executable because all signal messages were received.
[INFO] [1787856022.323564158] [multi3_coordinator_node]: Received robot state update from robot robot1: {'operational_state': 'idle', 'current_assigned_fragment': None, 'state': {'position': {'x': 4, 'y': 2, 'z': 0.0}, 'docked': False}}
[INFO] [1787856022.324182627] [multi3_coordinator_node]: Received coordination message: {'robot_name': 'robot1', 'completed_fragment': 'fm3-2', 'state': {'position': {'x': 4, 'y': 2, 'z': 0.0}, 'docked': False}}
[INFO] [1787856022.325992227] [multi3_coordinator_node]: Received robot state update from robot robot3: {'operational_state': 'working', 'current_assigned_fragment': 'fm3-32', 'state': {'position': {'x': 10, 'y': 5, 'z': 0.0}, 'docked': False}}
[INFO] [1787856022.326418700] [multi3_coordinator_node]: Received coordination message: {'robot_name': 'robot1', 'completed_task': 'vacuum(r1)'}
[INFO] [1787856023.276220163] [multi3_coordinator_node]: Assigned fragment fm3-17 to robot robot1.
[INFO] [1787856023.288050692] [multi3_coordinator_node]: Received robot state update from robot robot1: {'operational_state': 'working', 'current_assigned_fragment': 'fm3-17', 'state': {'position': {'x': 4, 'y': 2, 'z': 0.0}, 'docked': False}}
[INFO] [1787856035.336870982] [multi3_coordinator_node]: Received robot state update from robot robot9: {'operational_state': 'idle', 'current_assigned_fragment': None, 'state': {'position': {'x': 7, 'y': 20, 'z': 0.0}, 'docked': False}}
[INFO] [1787856035.337721475] [multi3_coordinator_node]: Received coordination message: {'robot_name': 'robot9', 'completed_fragment': 'fm3-61', 'state': {'position': {'x': 7, 'y': 20, 'z': 0.0}, 'docked': False}}
[INFO] [1787856035.338048505] [multi3_coordinator_node]: Fragment fm3-62 is now executable because all signal messages were received.
[INFO] [1787856035.338855205] [multi3_coordinator_node]: Received coordination message: {'robot_name': 'robot9', 'completed_task': 'check_room(r13)'}
[INFO] [1787856036.275533100] [multi3_coordinator_node]: Assigned fragment fm3-8 to robot robot9.
[INFO] [1787856036.318799137] [multi3_coordinator_node]: Received robot state update from robot robot9: {'operational_state': 'working', 'current_assigned_fragment': 'fm3-8', 'state': {'position': {'x': 7, 'y': 20, 'z': 0.0}, 'docked': False}}
[INFO] [1787856036.456346171] [multi3_coordinator_node]: Fragment fm3-67 is now executable because all signal messages were received.
[INFO] [1787856036.458147292] [multi3_coordinator_node]: Received coordination message: {'robot_name': 'robot5', 'completed_fragment': 'fm3-66', 'state': {'position': {'x': 19, 'y': 10, 'z': 0.0}, 'docked': False}}
[INFO] [1787856036.458749984] [multi3_coordinator_node]: Received robot state update from robot robot5: {'operational_state': 'idle', 'current_assigned_fragment': None, 'state': {'position': {'x': 19, 'y': 10, 'z': 0.0}, 'docked': False}}
[INFO] [1787856036.459523431] [multi3_coordinator_node]: Received coordination message: {'robot_name': 'robot5', 'completed_task': 'check_room(r14)'}
[INFO] [1787856036.882964970] [multi3_coordinator_node]: Received coordination message: {'robot_name': 'robot2', 'completed_fragment': 'fm3-37', 'state': {'position': {'x': 2, 'y': 8, 'z': 0.0}, 'docked': False}}
[INFO] [1787856036.883829227] [multi3_coordinator_node]: Fragment fm3-38 is now executable because all signal messages were received.
[INFO] [1787856036.884264758] [multi3_coordinator_node]: Received robot state update from robot robot2: {'operational_state': 'idle', 'current_assigned_fragment': None, 'state': {'position': {'x': 2, 'y': 8, 'z': 0.0}, 'docked': False}}
[INFO] [1787856036.884970417] [multi3_coordinator_node]: Received coordination message: {'robot_name': 'robot2', 'completed_task': 'vacuum(r8)'}
[INFO] [1787856037.271898753] [multi3_coordinator_node]: Assigned fragment fm3-12 to robot robot2.
[INFO] [1787856037.278347409] [multi3_coordinator_node]: Assigned fragment fm3-56 to robot robot5.
[INFO] [1787856037.287866479] [multi3_coordinator_node]: Received robot state update from robot robot5: {'operational_state': 'working', 'current_assigned_fragment': 'fm3-56', 'state': {'position': {'x': 19, 'y': 10, 'z': 0.0}, 'docked': False}}
[INFO] [1787856037.310119698] [multi3_coordinator_node]: Received robot state update from robot robot2: {'operational_state': 'working', 'current_assigned_fragment': 'fm3-12', 'state': {'position': {'x': 2, 'y': 8, 'z': 0.0}, 'docked': False}}
[INFO] [1787856039.177140763] [multi3_coordinator_node]: Fragment fm3-33 is now executable because all signal messages were received.
[INFO] [1787856039.178185151] [multi3_coordinator_node]: Received coordination message: {'robot_name': 'robot3', 'completed_fragment': 'fm3-32', 'state': {'position': {'x': 9, 'y': 7, 'z': 0.0}, 'docked': False}}
[INFO] [1787856039.178764342] [multi3_coordinator_node]: Received robot state update from robot robot3: {'operational_state': 'idle', 'current_assigned_fragment': None, 'state': {'position': {'x': 9, 'y': 7, 'z': 0.0}, 'docked': False}}
[INFO] [1787856039.179635460] [multi3_coordinator_node]: Received coordination message: {'robot_name': 'robot3', 'completed_task': 'vacuum(r7)'}
[INFO] [1787856039.277782536] [multi3_coordinator_node]: Assigned fragment fm3-22 to robot robot3.
[INFO] [1787856039.290063391] [multi3_coordinator_node]: Received robot state update from robot robot3: {'operational_state': 'working', 'current_assigned_fragment': 'fm3-22', 'state': {'position': {'x': 9, 'y': 7, 'z': 0.0}, 'docked': False}}
[INFO] [1787856042.674188390] [multi3_coordinator_node]: Fragment fm3-42 is now executable because all signal messages were received.
[INFO] [1787856042.675647398] [multi3_coordinator_node]: Received coordination message: {'robot_name': 'robot6', 'completed_fragment': 'fm3-41', 'state': {'position': {'x': 14, 'y': 18, 'z': 0.0}, 'docked': False}}
[INFO] [1787856042.676742576] [multi3_coordinator_node]: Received robot state update from robot robot6: {'operational_state': 'idle', 'current_assigned_fragment': None, 'state': {'position': {'x': 14, 'y': 18, 'z': 0.0}, 'docked': False}}
[INFO] [1787856042.677500145] [multi3_coordinator_node]: Received coordination message: {'robot_name': 'robot6', 'completed_task': 'check_room(r9)'}
[INFO] [1787856043.276937867] [multi3_coordinator_node]: Assigned fragment fm3-33 to robot robot6.
[INFO] [1787856043.290215153] [multi3_coordinator_node]: Received robot state update from robot robot6: {'operational_state': 'working', 'current_assigned_fragment': 'fm3-33', 'state': {'position': {'x': 14, 'y': 18, 'z': 0.0}, 'docked': False}}
[INFO] [1787856044.480568272] [multi3_coordinator_node]: Fragment fm3-47 is now executable because all signal messages were received.
[INFO] [1787856044.481343978] [multi3_coordinator_node]: Received robot state update from robot robot7: {'operational_state': 'idle', 'current_assigned_fragment': None, 'state': {'position': {'x': 21, 'y': 6, 'z': 0.0}, 'docked': False}}
[INFO] [1787856044.482582290] [multi3_coordinator_node]: Received coordination message: {'robot_name': 'robot7', 'completed_task': 'check_room(r10)'}
[INFO] [1787856044.483173611] [multi3_coordinator_node]: Received coordination message: {'robot_name': 'robot7', 'completed_fragment': 'fm3-46', 'state': {'position': {'x': 21, 'y': 6, 'z': 0.0}, 'docked': False}}
[INFO] [1787856045.269950287] [multi3_coordinator_node]: Assigned fragment fm3-3 to robot robot7.
[INFO] [1787856045.342565949] [multi3_coordinator_node]: Received robot state update from robot robot7: {'operational_state': 'working', 'current_assigned_fragment': 'fm3-3', 'state': {'position': {'x': 21, 'y': 6, 'z': 0.0}, 'docked': False}}
[INFO] [1787856050.152947699] [multi3_coordinator_node]: Fragment fm3-18 is now executable because all signal messages were received.
[INFO] [1787856050.154806052] [multi3_coordinator_node]: Received coordination message: {'robot_name': 'robot1', 'completed_fragment': 'fm3-17', 'state': {'position': {'x': 8, 'y': 9, 'z': 0.0}, 'docked': False}}
[INFO] [1787856050.155944778] [multi3_coordinator_node]: Received robot state update from robot robot1: {'operational_state': 'idle', 'current_assigned_fragment': None, 'state': {'position': {'x': 8, 'y': 9, 'z': 0.0}, 'docked': False}}
[INFO] [1787856050.156691341] [multi3_coordinator_node]: Received coordination message: {'robot_name': 'robot1', 'completed_task': 'vacuum(r4)'}
[INFO] [1787856050.275103436] [multi3_coordinator_node]: Assigned fragment fm3-27 to robot robot1.
[INFO] [1787856050.286892485] [multi3_coordinator_node]: Received robot state update from robot robot1: {'operational_state': 'working', 'current_assigned_fragment': 'fm3-27', 'state': {'position': {'x': 8, 'y': 9, 'z': 0.0}, 'docked': False}}
[INFO] [1787856055.982508594] [multi3_coordinator_node]: Received robot state update from robot robot5: {'operational_state': 'idle', 'current_assigned_fragment': None, 'state': {'position': {'x': 24, 'y': 14, 'z': 0.0}, 'docked': False}}
[INFO] [1787856055.983485992] [multi3_coordinator_node]: Fragment fm3-57 is now executable because all signal messages were received.
[INFO] [1787856055.983852528] [multi3_coordinator_node]: Received coordination message: {'robot_name': 'robot5', 'completed_fragment': 'fm3-56', 'state': {'position': {'x': 24, 'y': 14, 'z': 0.0}, 'docked': False}}
[INFO] [1787856055.984638901] [multi3_coordinator_node]: Received coordination message: {'robot_name': 'robot5', 'completed_task': 'check_room(r12)'}
[INFO] [1787856056.276634387] [multi3_coordinator_node]: Assigned fragment fm3-18 to robot robot5.
[INFO] [1787856056.286405250] [multi3_coordinator_node]: Received robot state update from robot robot5: {'operational_state': 'working', 'current_assigned_fragment': 'fm3-18', 'state': {'position': {'x': 24, 'y': 14, 'z': 0.0}, 'docked': False}}
[INFO] [1787856060.112552210] [multi3_coordinator_node]: Received coordination message: {'robot_name': 'robot9', 'completed_fragment': 'fm3-8', 'state': {'position': {'x': 10, 'y': 5, 'z': 0.0}, 'docked': False}}
[INFO] [1787856060.113627865] [multi3_coordinator_node]: Received robot state update from robot robot9: {'operational_state': 'idle', 'current_assigned_fragment': None, 'state': {'position': {'x': 10, 'y': 5, 'z': 0.0}, 'docked': False}}
[INFO] [1787856060.114232764] [multi3_coordinator_node]: Fragment fm3-9 is now executable because all signal messages were received.
[INFO] [1787856060.114662520] [multi3_coordinator_node]: Received coordination message: {'robot_name': 'robot9', 'completed_task': 'mop(r2)'}
[INFO] [1787856060.276673492] [multi3_coordinator_node]: Assigned fragment fm3-38 to robot robot9.
[INFO] [1787856060.286550063] [multi3_coordinator_node]: Received robot state update from robot robot9: {'operational_state': 'working', 'current_assigned_fragment': 'fm3-38', 'state': {'position': {'x': 10, 'y': 5, 'z': 0.0}, 'docked': False}}
[INFO] [1787856067.806260752] [multi3_coordinator_node]: Fragment fm3-52 is now executable because all signal messages were received.
[INFO] [1787856067.810189514] [multi3_coordinator_node]: Received coordination message: {'robot_name': 'robot8', 'completed_fragment': 'fm3-51', 'state': {'position': {'x': 17, 'y': 23, 'z': 0.0}, 'docked': False}}
[INFO] [1787856067.812164140] [multi3_coordinator_node]: Received robot state update from robot robot8: {'operational_state': 'idle', 'current_assigned_fragment': None, 'state': {'position': {'x': 17, 'y': 23, 'z': 0.0}, 'docked': False}}
[INFO] [1787856067.813553461] [multi3_coordinator_node]: Received coordination message: {'robot_name': 'robot8', 'completed_task': 'check_room(r11)'}
[INFO] [1787856070.262061891] [multi3_coordinator_node]: Received robot state update from robot robot3: {'operational_state': 'idle', 'current_assigned_fragment': None, 'state': {'position': {'x': 12, 'y': 3, 'z': 0.0}, 'docked': False}}
[INFO] [1787856070.263265860] [multi3_coordinator_node]: Fragment fm3-23 is now executable because all signal messages were received.
[INFO] [1787856070.263649783] [multi3_coordinator_node]: Received coordination message: {'robot_name': 'robot3', 'completed_fragment': 'fm3-22', 'state': {'position': {'x': 12, 'y': 3, 'z': 0.0}, 'docked': False}}
[INFO] [1787856070.267469279] [multi3_coordinator_node]: Assigned fragment fm3-9 to robot robot3.
[INFO] [1787856070.268873089] [multi3_coordinator_node]: Assigned fragment fm3-23 to robot robot8.
[INFO] [1787856070.271027817] [multi3_coordinator_node]: Received coordination message: {'robot_name': 'robot3', 'completed_task': 'vacuum(r5)'}
[INFO] [1787856070.300496493] [multi3_coordinator_node]: Received robot state update from robot robot3: {'operational_state': 'working', 'current_assigned_fragment': 'fm3-9', 'state': {'position': {'x': 12, 'y': 3, 'z': 0.0}, 'docked': False}}
[INFO] [1787856070.301212690] [multi3_coordinator_node]: Received robot state update from robot robot8: {'operational_state': 'working', 'current_assigned_fragment': 'fm3-23', 'state': {'position': {'x': 17, 'y': 23, 'z': 0.0}, 'docked': False}}
[INFO] [1787856070.337157886] [multi3_coordinator_node]: Fragment fm3-72 is now executable because all signal messages were received.
[INFO] [1787856070.346084648] [multi3_coordinator_node]: Received robot state update from robot robot4: {'operational_state': 'idle', 'current_assigned_fragment': None, 'state': {'position': {'x': 13, 'y': 24, 'z': 0.0}, 'docked': False}}
[INFO] [1787856070.346889930] [multi3_coordinator_node]: Received coordination message: {'robot_name': 'robot4', 'completed_task': 'check_room(r15)'}
[INFO] [1787856070.347431366] [multi3_coordinator_node]: Received coordination message: {'robot_name': 'robot4', 'completed_fragment': 'fm3-71', 'state': {'position': {'x': 13, 'y': 24, 'z': 0.0}, 'docked': False}}
[INFO] [1787856077.058080106] [multi3_coordinator_node]: Fragment fm3-34 is now executable because all signal messages were received.
[INFO] [1787856077.059177802] [multi3_coordinator_node]: Received robot state update from robot robot6: {'operational_state': 'idle', 'current_assigned_fragment': None, 'state': {'position': {'x': 9, 'y': 7, 'z': 0.0}, 'docked': False}}
[INFO] [1787856077.060229785] [multi3_coordinator_node]: Received coordination message: {'robot_name': 'robot6', 'completed_fragment': 'fm3-33', 'state': {'position': {'x': 9, 'y': 7, 'z': 0.0}, 'docked': False}}
[INFO] [1787856077.060861061] [multi3_coordinator_node]: Received coordination message: {'robot_name': 'robot6', 'completed_task': 'mop(r7)'}
[INFO] [1787856077.277401480] [multi3_coordinator_node]: Assigned fragment fm3-34 to robot robot4.
[INFO] [1787856077.288206858] [multi3_coordinator_node]: Received robot state update from robot robot4: {'operational_state': 'working', 'current_assigned_fragment': 'fm3-34', 'state': {'position': {'x': 13, 'y': 24, 'z': 0.0}, 'docked': False}}
[INFO] [1787856079.940060290] [multi3_coordinator_node]: Received robot state update from robot robot2: {'operational_state': 'idle', 'current_assigned_fragment': None, 'state': {'position': {'x': 3, 'y': 11, 'z': 0.0}, 'docked': False}}
[INFO] [1787856079.940742475] [multi3_coordinator_node]: Fragment fm3-13 is now executable because all signal messages were received.
[INFO] [1787856079.941362472] [multi3_coordinator_node]: Received coordination message: {'robot_name': 'robot2', 'completed_fragment': 'fm3-12', 'state': {'position': {'x': 3, 'y': 11, 'z': 0.0}, 'docked': False}}
[INFO] [1787856079.942118595] [multi3_coordinator_node]: Received coordination message: {'robot_name': 'robot2', 'completed_task': 'vacuum(r3)'}
[INFO] [1787856080.260182554] [multi3_coordinator_node]: Received coordination message: {'robot_name': 'robot1', 'completed_fragment': 'fm3-27', 'state': {'position': {'x': 6, 'y': 12, 'z': 0.0}, 'docked': False}}
[INFO] [1787856080.261555950] [multi3_coordinator_node]: Fragment fm3-28 is now executable because all signal messages were received.
[INFO] [1787856080.262202081] [multi3_coordinator_node]: Received robot state update from robot robot1: {'operational_state': 'idle', 'current_assigned_fragment': None, 'state': {'position': {'x': 6, 'y': 12, 'z': 0.0}, 'docked': False}}
[INFO] [1787856080.263300231] [multi3_coordinator_node]: Received coordination message: {'robot_name': 'robot1', 'completed_task': 'vacuum(r6)'}
[INFO] [1787856080.267651629] [multi3_coordinator_node]: Assigned fragment fm3-62 to robot robot1.
[INFO] [1787856080.268996429] [multi3_coordinator_node]: Assigned fragment fm3-42 to robot robot2.
[INFO] [1787856080.273743416] [multi3_coordinator_node]: Assigned fragment fm3-28 to robot robot6.
[INFO] [1787856080.281141615] [multi3_coordinator_node]: Received robot state update from robot robot1: {'operational_state': 'working', 'current_assigned_fragment': 'fm3-62', 'state': {'position': {'x': 6, 'y': 12, 'z': 0.0}, 'docked': False}}
[INFO] [1787856080.336202850] [multi3_coordinator_node]: Received robot state update from robot robot6: {'operational_state': 'working', 'current_assigned_fragment': 'fm3-28', 'state': {'position': {'x': 9, 'y': 7, 'z': 0.0}, 'docked': False}}
[INFO] [1787856080.336883845] [multi3_coordinator_node]: Received robot state update from robot robot2: {'operational_state': 'working', 'current_assigned_fragment': 'fm3-42', 'state': {'position': {'x': 3, 'y': 11, 'z': 0.0}, 'docked': False}}
[INFO] [1787856090.903170945] [multi3_coordinator_node]: Fragment fm3-10 is now executable because all signal messages were received.
[INFO] [1787856090.905889486] [multi3_coordinator_node]: Received coordination message: {'robot_name': 'robot3', 'completed_fragment': 'fm3-9', 'state': {'position': {'x': 10, 'y': 5, 'z': 0.0}, 'docked': False}}
[INFO] [1787856090.906638893] [multi3_coordinator_node]: Received robot state update from robot robot3: {'operational_state': 'idle', 'current_assigned_fragment': None, 'state': {'position': {'x': 10, 'y': 5, 'z': 0.0}, 'docked': False}}
[INFO] [1787856090.907171449] [multi3_coordinator_node]: Received coordination message: {'robot_name': 'robot3', 'completed_task': 'disinfect(r2)'}
[INFO] [1787856091.273078457] [multi3_coordinator_node]: Assigned fragment fm3-10 to robot robot3.
[INFO] [1787856091.294990229] [multi3_coordinator_node]: Received robot state update from robot robot3: {'operational_state': 'working', 'current_assigned_fragment': 'fm3-10', 'state': {'position': {'x': 10, 'y': 5, 'z': 0.0}, 'docked': False}}
[INFO] [1787856095.861003009] [multi3_coordinator_node]: Received coordination message: {'robot_name': 'robot3', 'completed_task': 'final_room_check(r2)'}
[INFO] [1787856095.862338847] [multi3_coordinator_node]: Received robot state update from robot robot3: {'operational_state': 'idle', 'current_assigned_fragment': None, 'state': {'position': {'x': 10, 'y': 5, 'z': 0.0}, 'docked': False}}
[INFO] [1787856095.862698412] [multi3_coordinator_node]: Received coordination message: {'robot_name': 'robot3', 'completed_fragment': 'fm3-10', 'state': {'position': {'x': 10, 'y': 5, 'z': 0.0}, 'docked': False}}
[INFO] [1787856096.267079180] [multi3_coordinator_node]: Assigned fragment fm3-67 to robot robot3.
[INFO] [1787856096.306951195] [multi3_coordinator_node]: Received robot state update from robot robot3: {'operational_state': 'working', 'current_assigned_fragment': 'fm3-67', 'state': {'position': {'x': 10, 'y': 5, 'z': 0.0}, 'docked': False}}
[INFO] [1787856099.775493595] [multi3_coordinator_node]: Received coordination message: {'robot_name': 'robot4', 'completed_fragment': 'fm3-34', 'state': {'position': {'x': 9, 'y': 7, 'z': 0.0}, 'docked': False}}
[INFO] [1787856099.776133248] [multi3_coordinator_node]: Received robot state update from robot robot4: {'operational_state': 'idle', 'current_assigned_fragment': None, 'state': {'position': {'x': 9, 'y': 7, 'z': 0.0}, 'docked': False}}
[INFO] [1787856099.776503342] [multi3_coordinator_node]: Fragment fm3-35 is now executable because all signal messages were received.
[INFO] [1787856099.777508051] [multi3_coordinator_node]: Received coordination message: {'robot_name': 'robot4', 'completed_task': 'disinfect(r7)'}
[INFO] [1787856100.270998862] [multi3_coordinator_node]: Assigned fragment fm3-35 to robot robot4.
[INFO] [1787856100.281943720] [multi3_coordinator_node]: Received robot state update from robot robot4: {'operational_state': 'working', 'current_assigned_fragment': 'fm3-35', 'state': {'position': {'x': 9, 'y': 7, 'z': 0.0}, 'docked': False}}
[INFO] [1787856106.847907115] [multi3_coordinator_node]: Received coordination message: {'robot_name': 'robot4', 'completed_fragment': 'fm3-35', 'state': {'position': {'x': 9, 'y': 7, 'z': 0.0}, 'docked': False}}
[INFO] [1787856106.848731841] [multi3_coordinator_node]: Received coordination message: {'robot_name': 'robot4', 'completed_task': 'final_room_check(r7)'}
[INFO] [1787856106.849062614] [multi3_coordinator_node]: Received robot state update from robot robot4: {'operational_state': 'idle', 'current_assigned_fragment': None, 'state': {'position': {'x': 9, 'y': 7, 'z': 0.0}, 'docked': False}}
[INFO] [1787856107.274726440] [multi3_coordinator_node]: Assigned fragment fm3-13 to robot robot4.
[INFO] [1787856107.297770636] [multi3_coordinator_node]: Received robot state update from robot robot4: {'operational_state': 'working', 'current_assigned_fragment': 'fm3-13', 'state': {'position': {'x': 9, 'y': 7, 'z': 0.0}, 'docked': False}}
[INFO] [1787856115.336038073] [multi3_coordinator_node]: Fragment fm3-39 is now executable because all signal messages were received.
[INFO] [1787856115.343122129] [multi3_coordinator_node]: Received robot state update from robot robot9: {'operational_state': 'idle', 'current_assigned_fragment': None, 'state': {'position': {'x': 2, 'y': 8, 'z': 0.0}, 'docked': False}}
[INFO] [1787856115.344062621] [multi3_coordinator_node]: Received coordination message: {'robot_name': 'robot9', 'completed_fragment': 'fm3-38', 'state': {'position': {'x': 2, 'y': 8, 'z': 0.0}, 'docked': False}}
[INFO] [1787856115.344713648] [multi3_coordinator_node]: Received coordination message: {'robot_name': 'robot9', 'completed_task': 'mop(r8)'}
[INFO] [1787856122.195505271] [multi3_coordinator_node]: Received robot state update from robot robot5: {'operational_state': 'idle', 'current_assigned_fragment': None, 'state': {'position': {'x': 8, 'y': 9, 'z': 0.0}, 'docked': False}}
[INFO] [1787856122.197306977] [multi3_coordinator_node]: Fragment fm3-19 is now executable because all signal messages were received.
[INFO] [1787856122.198238913] [multi3_coordinator_node]: Received coordination message: {'robot_name': 'robot5', 'completed_fragment': 'fm3-18', 'state': {'position': {'x': 8, 'y': 9, 'z': 0.0}, 'docked': False}}
[INFO] [1787856122.199263977] [multi3_coordinator_node]: Received coordination message: {'robot_name': 'robot5', 'completed_task': 'mop(r4)'}
[INFO] [1787856122.271422315] [multi3_coordinator_node]: Assigned fragment fm3-19 to robot robot5.
[INFO] [1787856122.298316228] [multi3_coordinator_node]: Received robot state update from robot robot5: {'operational_state': 'working', 'current_assigned_fragment': 'fm3-19', 'state': {'position': {'x': 8, 'y': 9, 'z': 0.0}, 'docked': False}}
[INFO] [1787856123.869617315] [multi3_coordinator_node]: Received robot state update from robot robot6: {'operational_state': 'idle', 'current_assigned_fragment': None, 'state': {'position': {'x': 6, 'y': 12, 'z': 0.0}, 'docked': False}}
[INFO] [1787856123.870528966] [multi3_coordinator_node]: Fragment fm3-29 is now executable because all signal messages were received.
[INFO] [1787856123.871259552] [multi3_coordinator_node]: Received coordination message: {'robot_name': 'robot6', 'completed_fragment': 'fm3-28', 'state': {'position': {'x': 6, 'y': 12, 'z': 0.0}, 'docked': False}}
[INFO] [1787856123.872038851] [multi3_coordinator_node]: Received coordination message: {'robot_name': 'robot6', 'completed_task': 'mop(r6)'}
[INFO] [1787856128.334731218] [multi3_coordinator_node]: Fragment fm3-68 is now executable because all signal messages were received.
[INFO] [1787856128.335820698] [multi3_coordinator_node]: Received robot state update from robot robot3: {'operational_state': 'idle', 'current_assigned_fragment': None, 'state': {'position': {'x': 19, 'y': 10, 'z': 0.0}, 'docked': False}}
[INFO] [1787856128.336232012] [multi3_coordinator_node]: Received coordination message: {'robot_name': 'robot3', 'completed_fragment': 'fm3-67', 'state': {'position': {'x': 19, 'y': 10, 'z': 0.0}, 'docked': False}}
[INFO] [1787856128.337182678] [multi3_coordinator_node]: Received coordination message: {'robot_name': 'robot3', 'completed_task': 'vacuum(r14)'}
[INFO] [1787856129.280152677] [multi3_coordinator_node]: Assigned fragment fm3-47 to robot robot3.
[INFO] [1787856129.289415193] [multi3_coordinator_node]: Assigned fragment fm3-68 to robot robot6.
[INFO] [1787856129.389686395] [multi3_coordinator_node]: Received robot state update from robot robot3: {'operational_state': 'working', 'current_assigned_fragment': 'fm3-47', 'state': {'position': {'x': 19, 'y': 10, 'z': 0.0}, 'docked': False}}
[INFO] [1787856129.407218367] [multi3_coordinator_node]: Fragment fm3-4 is now executable because all signal messages were received.
[INFO] [1787856129.411637045] [multi3_coordinator_node]: Received robot state update from robot robot7: {'operational_state': 'idle', 'current_assigned_fragment': None, 'state': {'position': {'x': 4, 'y': 2, 'z': 0.0}, 'docked': False}}
[INFO] [1787856129.417108913] [multi3_coordinator_node]: Received robot state update from robot robot6: {'operational_state': 'working', 'current_assigned_fragment': 'fm3-68', 'state': {'position': {'x': 6, 'y': 12, 'z': 0.0}, 'docked': False}}
[INFO] [1787856129.421374255] [multi3_coordinator_node]: Received coordination message: {'robot_name': 'robot7', 'completed_task': 'mop(r1)'}
[INFO] [1787856129.423532070] [multi3_coordinator_node]: Received coordination message: {'robot_name': 'robot7', 'completed_fragment': 'fm3-3', 'state': {'position': {'x': 4, 'y': 2, 'z': 0.0}, 'docked': False}}
[INFO] [1787856129.546684908] [multi3_coordinator_node]: Received coordination message: {'robot_name': 'robot8', 'completed_fragment': 'fm3-23', 'state': {'position': {'x': 12, 'y': 3, 'z': 0.0}, 'docked': False}}
[INFO] [1787856129.548600527] [multi3_coordinator_node]: Received robot state update from robot robot8: {'operational_state': 'idle', 'current_assigned_fragment': None, 'state': {'position': {'x': 12, 'y': 3, 'z': 0.0}, 'docked': False}}
[INFO] [1787856129.550088614] [multi3_coordinator_node]: Fragment fm3-24 is now executable because all signal messages were received.
[INFO] [1787856129.551276840] [multi3_coordinator_node]: Received coordination message: {'robot_name': 'robot8', 'completed_task': 'mop(r5)'}
[INFO] [1787856131.529886026] [multi3_coordinator_node]: Fragment fm3-43 is now executable because all signal messages were received.
[INFO] [1787856131.531885183] [multi3_coordinator_node]: Received coordination message: {'robot_name': 'robot2', 'completed_fragment': 'fm3-42', 'state': {'position': {'x': 14, 'y': 18, 'z': 0.0}, 'docked': False}}
[INFO] [1787856131.533200909] [multi3_coordinator_node]: Received coordination message: {'robot_name': 'robot2', 'completed_task': 'vacuum(r9)'}
[INFO] [1787856131.534090847] [multi3_coordinator_node]: Received robot state update from robot robot2: {'operational_state': 'idle', 'current_assigned_fragment': None, 'state': {'position': {'x': 14, 'y': 18, 'z': 0.0}, 'docked': False}}
[INFO] [1787856132.266832251] [multi3_coordinator_node]: Assigned fragment fm3-52 to robot robot2.
[INFO] [1787856132.277765515] [multi3_coordinator_node]: Assigned fragment fm3-43 to robot robot7.
[INFO] [1787856132.334779839] [multi3_coordinator_node]: Fragment fm3-20 is now executable because all signal messages were received.
[INFO] [1787856132.339738466] [multi3_coordinator_node]: Received robot state update from robot robot2: {'operational_state': 'working', 'current_assigned_fragment': 'fm3-52', 'state': {'position': {'x': 14, 'y': 18, 'z': 0.0}, 'docked': False}}
[INFO] [1787856132.342149144] [multi3_coordinator_node]: Received robot state update from robot robot7: {'operational_state': 'working', 'current_assigned_fragment': 'fm3-43', 'state': {'position': {'x': 4, 'y': 2, 'z': 0.0}, 'docked': False}}
[INFO] [1787856132.343152528] [multi3_coordinator_node]: Received robot state update from robot robot5: {'operational_state': 'idle', 'current_assigned_fragment': None, 'state': {'position': {'x': 8, 'y': 9, 'z': 0.0}, 'docked': False}}
[INFO] [1787856132.344285843] [multi3_coordinator_node]: Received coordination message: {'robot_name': 'robot5', 'completed_fragment': 'fm3-19', 'state': {'position': {'x': 8, 'y': 9, 'z': 0.0}, 'docked': False}}
[INFO] [1787856132.344898024] [multi3_coordinator_node]: Received coordination message: {'robot_name': 'robot5', 'completed_task': 'disinfect(r4)'}
[INFO] [1787856132.892978869] [multi3_coordinator_node]: Received robot state update from robot robot1: {'operational_state': 'idle', 'current_assigned_fragment': None, 'state': {'position': {'x': 7, 'y': 20, 'z': 0.0}, 'docked': False}}
[INFO] [1787856132.893915500] [multi3_coordinator_node]: Fragment fm3-63 is now executable because all signal messages were received.
[INFO] [1787856132.894482726] [multi3_coordinator_node]: Received coordination message: {'robot_name': 'robot1', 'completed_fragment': 'fm3-62', 'state': {'position': {'x': 7, 'y': 20, 'z': 0.0}, 'docked': False}}
[INFO] [1787856132.895197853] [multi3_coordinator_node]: Received coordination message: {'robot_name': 'robot1', 'completed_task': 'vacuum(r13)'}
[INFO] [1787856133.269413690] [multi3_coordinator_node]: Assigned fragment fm3-72 to robot robot1.
[INFO] [1787856133.274947912] [multi3_coordinator_node]: Assigned fragment fm3-20 to robot robot5.
[INFO] [1787856133.286023566] [multi3_coordinator_node]: Assigned fragment fm3-63 to robot robot8.
[INFO] [1787856133.320549335] [multi3_coordinator_node]: Received robot state update from robot robot1: {'operational_state': 'working', 'current_assigned_fragment': 'fm3-72', 'state': {'position': {'x': 7, 'y': 20, 'z': 0.0}, 'docked': False}}
[INFO] [1787856133.321453283] [multi3_coordinator_node]: Received robot state update from robot robot5: {'operational_state': 'working', 'current_assigned_fragment': 'fm3-20', 'state': {'position': {'x': 8, 'y': 9, 'z': 0.0}, 'docked': False}}
[INFO] [1787856133.322321461] [multi3_coordinator_node]: Received robot state update from robot robot8: {'operational_state': 'working', 'current_assigned_fragment': 'fm3-63', 'state': {'position': {'x': 12, 'y': 3, 'z': 0.0}, 'docked': False}}
[INFO] [1787856139.391523248] [multi3_coordinator_node]: Received coordination message: {'robot_name': 'robot5', 'completed_fragment': 'fm3-20', 'state': {'position': {'x': 8, 'y': 9, 'z': 0.0}, 'docked': False}}
[INFO] [1787856139.392511257] [multi3_coordinator_node]: Received coordination message: {'robot_name': 'robot5', 'completed_task': 'final_room_check(r4)'}
[INFO] [1787856139.393114957] [multi3_coordinator_node]: Received robot state update from robot robot5: {'operational_state': 'idle', 'current_assigned_fragment': None, 'state': {'position': {'x': 8, 'y': 9, 'z': 0.0}, 'docked': False}}
[INFO] [1787856140.275727744] [multi3_coordinator_node]: Assigned fragment fm3-29 to robot robot5.
[INFO] [1787856140.283478190] [multi3_coordinator_node]: Received robot state update from robot robot5: {'operational_state': 'working', 'current_assigned_fragment': 'fm3-29', 'state': {'position': {'x': 8, 'y': 9, 'z': 0.0}, 'docked': False}}
[INFO] [1787856158.479161259] [multi3_coordinator_node]: Fragment fm3-14 is now executable because all signal messages were received.
[INFO] [1787856158.484644204] [multi3_coordinator_node]: Received coordination message: {'robot_name': 'robot4', 'completed_fragment': 'fm3-13', 'state': {'position': {'x': 3, 'y': 11, 'z': 0.0}, 'docked': False}}
[INFO] [1787856158.486263187] [multi3_coordinator_node]: Received coordination message: {'robot_name': 'robot4', 'completed_task': 'mop(r3)'}
[INFO] [1787856158.486834188] [multi3_coordinator_node]: Received robot state update from robot robot4: {'operational_state': 'idle', 'current_assigned_fragment': None, 'state': {'position': {'x': 3, 'y': 11, 'z': 0.0}, 'docked': False}}
[INFO] [1787856159.271682918] [multi3_coordinator_node]: Assigned fragment fm3-14 to robot robot4.
[INFO] [1787856159.290116843] [multi3_coordinator_node]: Received robot state update from robot robot4: {'operational_state': 'working', 'current_assigned_fragment': 'fm3-14', 'state': {'position': {'x': 3, 'y': 11, 'z': 0.0}, 'docked': False}}
[INFO] [1787856161.368872488] [multi3_coordinator_node]: Fragment fm3-30 is now executable because all signal messages were received.
[INFO] [1787856161.371130598] [multi3_coordinator_node]: Received robot state update from robot robot5: {'operational_state': 'idle', 'current_assigned_fragment': None, 'state': {'position': {'x': 6, 'y': 12, 'z': 0.0}, 'docked': False}}
[INFO] [1787856161.372790713] [multi3_coordinator_node]: Received robot state update from robot robot5: {'operational_state': 'working', 'current_assigned_fragment': 'fm3-30', 'state': {'position': {'x': 6, 'y': 12, 'z': 0.0}, 'docked': False}}
[INFO] [1787856161.374328657] [multi3_coordinator_node]: Received coordination message: {'robot_name': 'robot5', 'completed_fragment': 'fm3-29', 'state': {'position': {'x': 6, 'y': 12, 'z': 0.0}, 'docked': False}}
[INFO] [1787856161.374804975] [multi3_coordinator_node]: Assigned fragment fm3-30 to robot robot5.
[INFO] [1787856161.375582957] [multi3_coordinator_node]: Received coordination message: {'robot_name': 'robot5', 'completed_task': 'disinfect(r6)'}
[INFO] [1787856172.290772554] [multi3_coordinator_node]: Fragment fm3-53 is now executable because all signal messages were received.
[INFO] [1787856172.294193669] [multi3_coordinator_node]: Received robot state update from robot robot2: {'operational_state': 'idle', 'current_assigned_fragment': None, 'state': {'position': {'x': 17, 'y': 23, 'z': 0.0}, 'docked': False}}
[INFO] [1787856172.296004624] [multi3_coordinator_node]: Received coordination message: {'robot_name': 'robot2', 'completed_fragment': 'fm3-52', 'state': {'position': {'x': 17, 'y': 23, 'z': 0.0}, 'docked': False}}
[INFO] [1787856172.297736779] [multi3_coordinator_node]: Received coordination message: {'robot_name': 'robot2', 'completed_task': 'vacuum(r11)'}
[INFO] [1787856172.382759051] [multi3_coordinator_node]: Received coordination message: {'robot_name': 'robot5', 'completed_task': 'final_room_check(r6)'}
[INFO] [1787856172.383189282] [multi3_coordinator_node]: Received robot state update from robot robot5: {'operational_state': 'idle', 'current_assigned_fragment': None, 'state': {'position': {'x': 6, 'y': 12, 'z': 0.0}, 'docked': False}}
[INFO] [1787856172.383570715] [multi3_coordinator_node]: Received coordination message: {'robot_name': 'robot5', 'completed_fragment': 'fm3-30', 'state': {'position': {'x': 6, 'y': 12, 'z': 0.0}, 'docked': False}}
[INFO] [1787856173.245021479] [multi3_coordinator_node]: Fragment fm3-48 is now executable because all signal messages were received.
[INFO] [1787856173.250716774] [multi3_coordinator_node]: Received coordination message: {'robot_name': 'robot3', 'completed_task': 'vacuum(r10)'}
[INFO] [1787856173.251824590] [multi3_coordinator_node]: Received coordination message: {'robot_name': 'robot3', 'completed_fragment': 'fm3-47', 'state': {'position': {'x': 21, 'y': 6, 'z': 0.0}, 'docked': False}}
[INFO] [1787856173.252638480] [multi3_coordinator_node]: Received robot state update from robot robot3: {'operational_state': 'idle', 'current_assigned_fragment': None, 'state': {'position': {'x': 21, 'y': 6, 'z': 0.0}, 'docked': False}}
[INFO] [1787856173.272747967] [multi3_coordinator_node]: Assigned fragment fm3-57 to robot robot2.
[INFO] [1787856173.276319867] [multi3_coordinator_node]: Assigned fragment fm3-24 to robot robot3.
[INFO] [1787856173.279479117] [multi3_coordinator_node]: Assigned fragment fm3-39 to robot robot5.
[INFO] [1787856173.281847823] [multi3_coordinator_node]: Assigned fragment fm3-48 to robot robot9.
[INFO] [1787856173.287112960] [multi3_coordinator_node]: Received robot state update from robot robot2: {'operational_state': 'working', 'current_assigned_fragment': 'fm3-57', 'state': {'position': {'x': 17, 'y': 23, 'z': 0.0}, 'docked': False}}
[INFO] [1787856173.339177304] [multi3_coordinator_node]: Received robot state update from robot robot5: {'operational_state': 'working', 'current_assigned_fragment': 'fm3-39', 'state': {'position': {'x': 6, 'y': 12, 'z': 0.0}, 'docked': False}}
[INFO] [1787856173.340506189] [multi3_coordinator_node]: Fragment fm3-15 is now executable because all signal messages were received.
[INFO] [1787856173.346136222] [multi3_coordinator_node]: Received robot state update from robot robot9: {'operational_state': 'working', 'current_assigned_fragment': 'fm3-48', 'state': {'position': {'x': 2, 'y': 8, 'z': 0.0}, 'docked': False}}
[INFO] [1787856173.349715917] [multi3_coordinator_node]: Received robot state update from robot robot4: {'operational_state': 'idle', 'current_assigned_fragment': None, 'state': {'position': {'x': 3, 'y': 11, 'z': 0.0}, 'docked': False}}
[INFO] [1787856173.369649994] [multi3_coordinator_node]: Received coordination message: {'robot_name': 'robot4', 'completed_fragment': 'fm3-14', 'state': {'position': {'x': 3, 'y': 11, 'z': 0.0}, 'docked': False}}
[INFO] [1787856173.369956697] [multi3_coordinator_node]: Received robot state update from robot robot3: {'operational_state': 'working', 'current_assigned_fragment': 'fm3-24', 'state': {'position': {'x': 21, 'y': 6, 'z': 0.0}, 'docked': False}}
[INFO] [1787856173.370791377] [multi3_coordinator_node]: Received coordination message: {'robot_name': 'robot4', 'completed_task': 'disinfect(r3)'}
[INFO] [1787856174.276831253] [multi3_coordinator_node]: Assigned fragment fm3-15 to robot robot4.
[INFO] [1787856174.290431476] [multi3_coordinator_node]: Received robot state update from robot robot4: {'operational_state': 'working', 'current_assigned_fragment': 'fm3-15', 'state': {'position': {'x': 3, 'y': 11, 'z': 0.0}, 'docked': False}}
[INFO] [1787856178.633727222] [multi3_coordinator_node]: Fragment fm3-69 is now executable because all signal messages were received.
[INFO] [1787856178.634252887] [multi3_coordinator_node]: Received robot state update from robot robot6: {'operational_state': 'idle', 'current_assigned_fragment': None, 'state': {'position': {'x': 19, 'y': 10, 'z': 0.0}, 'docked': False}}
[INFO] [1787856178.635713089] [multi3_coordinator_node]: Received coordination message: {'robot_name': 'robot6', 'completed_fragment': 'fm3-68', 'state': {'position': {'x': 19, 'y': 10, 'z': 0.0}, 'docked': False}}
[INFO] [1787856178.636402840] [multi3_coordinator_node]: Received coordination message: {'robot_name': 'robot6', 'completed_task': 'mop(r14)'}
[INFO] [1787856179.267881359] [multi3_coordinator_node]: Assigned fragment fm3-53 to robot robot6.
[INFO] [1787856179.279534566] [multi3_coordinator_node]: Received robot state update from robot robot6: {'operational_state': 'working', 'current_assigned_fragment': 'fm3-53', 'state': {'position': {'x': 19, 'y': 10, 'z': 0.0}, 'docked': False}}
[INFO] [1787856186.855821998] [multi3_coordinator_node]: Received coordination message: {'robot_name': 'robot4', 'completed_task': 'final_room_check(r3)'}
[INFO] [1787856186.856717415] [multi3_coordinator_node]: Received coordination message: {'robot_name': 'robot4', 'completed_fragment': 'fm3-15', 'state': {'position': {'x': 3, 'y': 11, 'z': 0.0}, 'docked': False}}
[INFO] [1787856186.857347898] [multi3_coordinator_node]: Received robot state update from robot robot4: {'operational_state': 'idle', 'current_assigned_fragment': None, 'state': {'position': {'x': 3, 'y': 11, 'z': 0.0}, 'docked': False}}
[INFO] [1787856186.899211028] [multi3_coordinator_node]: Received robot state update from robot robot1: {'operational_state': 'idle', 'current_assigned_fragment': None, 'state': {'position': {'x': 13, 'y': 24, 'z': 0.0}, 'docked': False}}
[INFO] [1787856186.899992722] [multi3_coordinator_node]: Fragment fm3-73 is now executable because all signal messages were received.
[INFO] [1787856186.900661222] [multi3_coordinator_node]: Received coordination message: {'robot_name': 'robot1', 'completed_fragment': 'fm3-72', 'state': {'position': {'x': 13, 'y': 24, 'z': 0.0}, 'docked': False}}
[INFO] [1787856186.901366946] [multi3_coordinator_node]: Received coordination message: {'robot_name': 'robot1', 'completed_task': 'vacuum(r15)'}
[INFO] [1787856187.269779778] [multi3_coordinator_node]: Assigned fragment fm3-69 to robot robot1.
[INFO] [1787856187.279436765] [multi3_coordinator_node]: Assigned fragment fm3-4 to robot robot4.
[INFO] [1787856187.300844512] [multi3_coordinator_node]: Received robot state update from robot robot1: {'operational_state': 'working', 'current_assigned_fragment': 'fm3-69', 'state': {'position': {'x': 13, 'y': 24, 'z': 0.0}, 'docked': False}}
[INFO] [1787856187.301992938] [multi3_coordinator_node]: Received robot state update from robot robot4: {'operational_state': 'working', 'current_assigned_fragment': 'fm3-4', 'state': {'position': {'x': 3, 'y': 11, 'z': 0.0}, 'docked': False}}
[INFO] [1787856190.799823135] [multi3_coordinator_node]: Fragment fm3-64 is now executable because all signal messages were received.
[INFO] [1787856190.811639004] [multi3_coordinator_node]: Received robot state update from robot robot8: {'operational_state': 'idle', 'current_assigned_fragment': None, 'state': {'position': {'x': 7, 'y': 20, 'z': 0.0}, 'docked': False}}
[INFO] [1787856190.811954481] [multi3_coordinator_node]: Received coordination message: {'robot_name': 'robot8', 'completed_fragment': 'fm3-63', 'state': {'position': {'x': 7, 'y': 20, 'z': 0.0}, 'docked': False}}
[INFO] [1787856190.812981692] [multi3_coordinator_node]: Received coordination message: {'robot_name': 'robot7', 'completed_fragment': 'fm3-43', 'state': {'position': {'x': 14, 'y': 18, 'z': 0.0}, 'docked': False}}
[INFO] [1787856190.813682961] [multi3_coordinator_node]: Fragment fm3-44 is now executable because all signal messages were received.
[INFO] [1787856190.814117276] [multi3_coordinator_node]: Received robot state update from robot robot7: {'operational_state': 'idle', 'current_assigned_fragment': None, 'state': {'position': {'x': 14, 'y': 18, 'z': 0.0}, 'docked': False}}
[INFO] [1787856190.815337464] [multi3_coordinator_node]: Received coordination message: {'robot_name': 'robot8', 'completed_task': 'mop(r13)'}
[INFO] [1787856190.815926129] [multi3_coordinator_node]: Received coordination message: {'robot_name': 'robot7', 'completed_task': 'mop(r9)'}
[INFO] [1787856191.274265169] [multi3_coordinator_node]: Assigned fragment fm3-73 to robot robot7.
[INFO] [1787856191.345343020] [multi3_coordinator_node]: Received robot state update from robot robot7: {'operational_state': 'working', 'current_assigned_fragment': 'fm3-73', 'state': {'position': {'x': 14, 'y': 18, 'z': 0.0}, 'docked': False}}
[INFO] [1787856196.286641001] [multi3_coordinator_node]: Received robot state update from robot robot5: {'operational_state': 'idle', 'current_assigned_fragment': None, 'state': {'position': {'x': 2, 'y': 8, 'z': 0.0}, 'docked': False}}
[INFO] [1787856196.289013455] [multi3_coordinator_node]: Received coordination message: {'robot_name': 'robot5', 'completed_fragment': 'fm3-39', 'state': {'position': {'x': 2, 'y': 8, 'z': 0.0}, 'docked': False}}
[INFO] [1787856196.289893107] [multi3_coordinator_node]: Fragment fm3-40 is now executable because all signal messages were received.
[INFO] [1787856196.290425894] [multi3_coordinator_node]: Assigned fragment fm3-40 to robot robot5.
[INFO] [1787856196.327956662] [multi3_coordinator_node]: Received coordination message: {'robot_name': 'robot5', 'completed_task': 'disinfect(r8)'}
[INFO] [1787856196.328487109] [multi3_coordinator_node]: Received robot state update from robot robot5: {'operational_state': 'working', 'current_assigned_fragment': 'fm3-40', 'state': {'position': {'x': 2, 'y': 8, 'z': 0.0}, 'docked': False}}
[INFO] [1787856199.083077972] [multi3_coordinator_node]: Fragment fm3-58 is now executable because all signal messages were received.
[INFO] [1787856199.085879473] [multi3_coordinator_node]: Received coordination message: {'robot_name': 'robot2', 'completed_fragment': 'fm3-57', 'state': {'position': {'x': 24, 'y': 14, 'z': 0.0}, 'docked': False}}
[INFO] [1787856199.086588632] [multi3_coordinator_node]: Received robot state update from robot robot2: {'operational_state': 'idle', 'current_assigned_fragment': None, 'state': {'position': {'x': 24, 'y': 14, 'z': 0.0}, 'docked': False}}
[INFO] [1787856199.087594187] [multi3_coordinator_node]: Received coordination message: {'robot_name': 'robot2', 'completed_task': 'vacuum(r12)'}
[INFO] [1787856199.276900516] [multi3_coordinator_node]: Assigned fragment fm3-44 to robot robot2.
[INFO] [1787856199.279350369] [multi3_coordinator_node]: Assigned fragment fm3-58 to robot robot8.
[INFO] [1787856199.287283251] [multi3_coordinator_node]: Received robot state update from robot robot2: {'operational_state': 'working', 'current_assigned_fragment': 'fm3-44', 'state': {'position': {'x': 24, 'y': 14, 'z': 0.0}, 'docked': False}}
[INFO] [1787856199.293150544] [multi3_coordinator_node]: Received robot state update from robot robot8: {'operational_state': 'working', 'current_assigned_fragment': 'fm3-58', 'state': {'position': {'x': 7, 'y': 20, 'z': 0.0}, 'docked': False}}
[INFO] [1787856202.172254943] [multi3_coordinator_node]: Fragment fm3-5 is now executable because all signal messages were received.
[INFO] [1787856202.174367961] [multi3_coordinator_node]: Received coordination message: {'robot_name': 'robot4', 'completed_fragment': 'fm3-4', 'state': {'position': {'x': 4, 'y': 2, 'z': 0.0}, 'docked': False}}
[INFO] [1787856202.175147973] [multi3_coordinator_node]: Received robot state update from robot robot4: {'operational_state': 'idle', 'current_assigned_fragment': None, 'state': {'position': {'x': 4, 'y': 2, 'z': 0.0}, 'docked': False}}
[INFO] [1787856202.175988472] [multi3_coordinator_node]: Received coordination message: {'robot_name': 'robot4', 'completed_task': 'disinfect(r1)'}
[INFO] [1787856202.271606424] [multi3_coordinator_node]: Assigned fragment fm3-5 to robot robot4.
[INFO] [1787856202.297492682] [multi3_coordinator_node]: Received robot state update from robot robot4: {'operational_state': 'working', 'current_assigned_fragment': 'fm3-5', 'state': {'position': {'x': 4, 'y': 2, 'z': 0.0}, 'docked': False}}
[INFO] [1787856208.738966954] [multi3_coordinator_node]: Received coordination message: {'robot_name': 'robot1', 'completed_fragment': 'fm3-69', 'state': {'position': {'x': 19, 'y': 10, 'z': 0.0}, 'docked': False}}
[INFO] [1787856208.740895148] [multi3_coordinator_node]: Received robot state update from robot robot1: {'operational_state': 'idle', 'current_assigned_fragment': None, 'state': {'position': {'x': 19, 'y': 10, 'z': 0.0}, 'docked': False}}
[INFO] [1787856208.741950680] [multi3_coordinator_node]: Fragment fm3-70 is now executable because all signal messages were received.
[INFO] [1787856208.742505378] [multi3_coordinator_node]: Received coordination message: {'robot_name': 'robot1', 'completed_task': 'disinfect(r14)'}
[INFO] [1787856208.839936316] [multi3_coordinator_node]: Received robot state update from robot robot5: {'operational_state': 'idle', 'current_assigned_fragment': None, 'state': {'position': {'x': 2, 'y': 8, 'z': 0.0}, 'docked': False}}
[INFO] [1787856208.841256700] [multi3_coordinator_node]: Received coordination message: {'robot_name': 'robot5', 'completed_task': 'final_room_check(r8)'}
[INFO] [1787856208.842130121] [multi3_coordinator_node]: Received coordination message: {'robot_name': 'robot5', 'completed_fragment': 'fm3-40', 'state': {'position': {'x': 2, 'y': 8, 'z': 0.0}, 'docked': False}}
[INFO] [1787856209.272396791] [multi3_coordinator_node]: Assigned fragment fm3-70 to robot robot1.
[INFO] [1787856209.278901659] [multi3_coordinator_node]: Assigned fragment fm3-64 to robot robot5.
[INFO] [1787856209.290890902] [multi3_coordinator_node]: Received robot state update from robot robot1: {'operational_state': 'working', 'current_assigned_fragment': 'fm3-70', 'state': {'position': {'x': 19, 'y': 10, 'z': 0.0}, 'docked': False}}
[INFO] [1787856209.324395711] [multi3_coordinator_node]: Received robot state update from robot robot5: {'operational_state': 'working', 'current_assigned_fragment': 'fm3-64', 'state': {'position': {'x': 2, 'y': 8, 'z': 0.0}, 'docked': False}}
[INFO] [1787856213.411931004] [multi3_coordinator_node]: Received coordination message: {'robot_name': 'robot4', 'completed_task': 'final_room_check(r1)'}
[INFO] [1787856213.412908315] [multi3_coordinator_node]: Received coordination message: {'robot_name': 'robot4', 'completed_fragment': 'fm3-5', 'state': {'position': {'x': 4, 'y': 2, 'z': 0.0}, 'docked': False}}
[INFO] [1787856213.413466107] [multi3_coordinator_node]: Received robot state update from robot robot4: {'operational_state': 'idle', 'current_assigned_fragment': None, 'state': {'position': {'x': 4, 'y': 2, 'z': 0.0}, 'docked': False}}
[INFO] [1787856215.374565683] [multi3_coordinator_node]: Received robot state update from robot robot1: {'operational_state': 'idle', 'current_assigned_fragment': None, 'state': {'position': {'x': 19, 'y': 10, 'z': 0.0}, 'docked': False}}
[INFO] [1787856215.375585361] [multi3_coordinator_node]: Received coordination message: {'robot_name': 'robot1', 'completed_task': 'final_room_check(r14)'}
[INFO] [1787856215.376186785] [multi3_coordinator_node]: Received coordination message: {'robot_name': 'robot1', 'completed_fragment': 'fm3-70', 'state': {'position': {'x': 19, 'y': 10, 'z': 0.0}, 'docked': False}}
[INFO] [1787856221.276616221] [multi3_coordinator_node]: Assigned fragment fm3-54 to robot robot1.
[INFO] [1787856221.290765739] [multi3_coordinator_node]: Fragment fm3-54 is now executable because all signal messages were received.
[INFO] [1787856221.299722142] [multi3_coordinator_node]: Received coordination message: {'robot_name': 'robot6', 'completed_fragment': 'fm3-53', 'state': {'position': {'x': 17, 'y': 23, 'z': 0.0}, 'docked': False}}
[INFO] [1787856221.300735258] [multi3_coordinator_node]: Received robot state update from robot robot6: {'operational_state': 'idle', 'current_assigned_fragment': None, 'state': {'position': {'x': 17, 'y': 23, 'z': 0.0}, 'docked': False}}
[INFO] [1787856221.301458868] [multi3_coordinator_node]: Received robot state update from robot robot1: {'operational_state': 'working', 'current_assigned_fragment': 'fm3-54', 'state': {'position': {'x': 19, 'y': 10, 'z': 0.0}, 'docked': False}}
[INFO] [1787856221.301733930] [multi3_coordinator_node]: Received coordination message: {'robot_name': 'robot6', 'completed_task': 'mop(r11)'}
[INFO] [1787856223.617523321] [multi3_coordinator_node]: Received coordination message: {'robot_name': 'robot3', 'completed_fragment': 'fm3-24', 'state': {'position': {'x': 12, 'y': 3, 'z': 0.0}, 'docked': False}}
[INFO] [1787856223.619251654] [multi3_coordinator_node]: Fragment fm3-25 is now executable because all signal messages were received.
[INFO] [1787856223.621565997] [multi3_coordinator_node]: Received robot state update from robot robot3: {'operational_state': 'idle', 'current_assigned_fragment': None, 'state': {'position': {'x': 12, 'y': 3, 'z': 0.0}, 'docked': False}}
[INFO] [1787856223.622490185] [multi3_coordinator_node]: Received coordination message: {'robot_name': 'robot3', 'completed_task': 'disinfect(r5)'}
[INFO] [1787856224.271670153] [multi3_coordinator_node]: Assigned fragment fm3-25 to robot robot3.
[INFO] [1787856224.346018458] [multi3_coordinator_node]: Received robot state update from robot robot3: {'operational_state': 'working', 'current_assigned_fragment': 'fm3-25', 'state': {'position': {'x': 12, 'y': 3, 'z': 0.0}, 'docked': False}}
[INFO] [1787856230.655664429] [multi3_coordinator_node]: Fragment fm3-45 is now executable because all signal messages were received.
[INFO] [1787856230.658808392] [multi3_coordinator_node]: Received coordination message: {'robot_name': 'robot2', 'completed_fragment': 'fm3-44', 'state': {'position': {'x': 14, 'y': 18, 'z': 0.0}, 'docked': False}}
[INFO] [1787856230.660209125] [multi3_coordinator_node]: Received robot state update from robot robot2: {'operational_state': 'idle', 'current_assigned_fragment': None, 'state': {'position': {'x': 14, 'y': 18, 'z': 0.0}, 'docked': False}}
[INFO] [1787856230.661459030] [multi3_coordinator_node]: Received coordination message: {'robot_name': 'robot2', 'completed_task': 'disinfect(r9)'}
[INFO] [1787856231.268969273] [multi3_coordinator_node]: Assigned fragment fm3-45 to robot robot2.
[INFO] [1787856231.273049787] [multi3_coordinator_node]: Received robot state update from robot robot2: {'operational_state': 'working', 'current_assigned_fragment': 'fm3-45', 'state': {'position': {'x': 14, 'y': 18, 'z': 0.0}, 'docked': False}}
[INFO] [1787856233.830041642] [multi3_coordinator_node]: Received robot state update from robot robot3: {'operational_state': 'idle', 'current_assigned_fragment': None, 'state': {'position': {'x': 12, 'y': 3, 'z': 0.0}, 'docked': False}}
[INFO] [1787856233.830854563] [multi3_coordinator_node]: Received coordination message: {'robot_name': 'robot3', 'completed_task': 'final_room_check(r5)'}
[INFO] [1787856233.831455112] [multi3_coordinator_node]: Received coordination message: {'robot_name': 'robot3', 'completed_fragment': 'fm3-25', 'state': {'position': {'x': 12, 'y': 3, 'z': 0.0}, 'docked': False}}
[INFO] [1787856237.310183356] [multi3_coordinator_node]: Received robot state update from robot robot2: {'operational_state': 'idle', 'current_assigned_fragment': None, 'state': {'position': {'x': 14, 'y': 18, 'z': 0.0}, 'docked': False}}
[INFO] [1787856237.311191148] [multi3_coordinator_node]: Received coordination message: {'robot_name': 'robot2', 'completed_task': 'final_room_check(r9)'}
[INFO] [1787856237.311947236] [multi3_coordinator_node]: Received coordination message: {'robot_name': 'robot2', 'completed_fragment': 'fm3-45', 'state': {'position': {'x': 14, 'y': 18, 'z': 0.0}, 'docked': False}}
[INFO] [1787856238.975219387] [multi3_coordinator_node]: Received coordination message: {'robot_name': 'robot7', 'completed_fragment': 'fm3-73', 'state': {'position': {'x': 13, 'y': 24, 'z': 0.0}, 'docked': False}}
[INFO] [1787856238.979153147] [multi3_coordinator_node]: Fragment fm3-74 is now executable because all signal messages were received.
[INFO] [1787856238.979831141] [multi3_coordinator_node]: Received robot state update from robot robot7: {'operational_state': 'idle', 'current_assigned_fragment': None, 'state': {'position': {'x': 13, 'y': 24, 'z': 0.0}, 'docked': False}}
[INFO] [1787856238.980830935] [multi3_coordinator_node]: Received coordination message: {'robot_name': 'robot7', 'completed_task': 'mop(r15)'}
[INFO] [1787856239.275600197] [multi3_coordinator_node]: Assigned fragment fm3-74 to robot robot2.
[INFO] [1787856239.285982702] [multi3_coordinator_node]: Received robot state update from robot robot2: {'operational_state': 'working', 'current_assigned_fragment': 'fm3-74', 'state': {'position': {'x': 14, 'y': 18, 'z': 0.0}, 'docked': False}}
[INFO] [1787856241.729535916] [multi3_coordinator_node]: Received robot state update from robot robot9: {'operational_state': 'idle', 'current_assigned_fragment': None, 'state': {'position': {'x': 21, 'y': 6, 'z': 0.0}, 'docked': False}}
[INFO] [1787856241.730550748] [multi3_coordinator_node]: Fragment fm3-49 is now executable because all signal messages were received.
[INFO] [1787856241.731104378] [multi3_coordinator_node]: Received coordination message: {'robot_name': 'robot9', 'completed_fragment': 'fm3-48', 'state': {'position': {'x': 21, 'y': 6, 'z': 0.0}, 'docked': False}}
[INFO] [1787856241.731829630] [multi3_coordinator_node]: Received coordination message: {'robot_name': 'robot9', 'completed_task': 'mop(r10)'}
[INFO] [1787856242.271323895] [multi3_coordinator_node]: Assigned fragment fm3-49 to robot robot3.
[INFO] [1787856242.284950303] [multi3_coordinator_node]: Received robot state update from robot robot3: {'operational_state': 'working', 'current_assigned_fragment': 'fm3-49', 'state': {'position': {'x': 12, 'y': 3, 'z': 0.0}, 'docked': False}}
[INFO] [1787856244.298358823] [multi3_coordinator_node]: Received coordination message: {'robot_name': 'robot1', 'completed_fragment': 'fm3-54', 'state': {'position': {'x': 17, 'y': 23, 'z': 0.0}, 'docked': False}}
[INFO] [1787856244.300799714] [multi3_coordinator_node]: Received robot state update from robot robot1: {'operational_state': 'idle', 'current_assigned_fragment': None, 'state': {'position': {'x': 17, 'y': 23, 'z': 0.0}, 'docked': False}}
[INFO] [1787856244.301100153] [multi3_coordinator_node]: Fragment fm3-55 is now executable because all signal messages were received.
[INFO] [1787856244.303154929] [multi3_coordinator_node]: Assigned fragment fm3-55 to robot robot1.
[INFO] [1787856244.304388149] [multi3_coordinator_node]: Received robot state update from robot robot1: {'operational_state': 'working', 'current_assigned_fragment': 'fm3-55', 'state': {'position': {'x': 17, 'y': 23, 'z': 0.0}, 'docked': False}}
[INFO] [1787856244.305031754] [multi3_coordinator_node]: Received coordination message: {'robot_name': 'robot1', 'completed_task': 'disinfect(r11)'}
[INFO] [1787856254.658889022] [multi3_coordinator_node]: Received robot state update from robot robot8: {'operational_state': 'idle', 'current_assigned_fragment': None, 'state': {'position': {'x': 24, 'y': 14, 'z': 0.0}, 'docked': False}}
[INFO] [1787856254.659335945] [multi3_coordinator_node]: Fragment fm3-59 is now executable because all signal messages were received.
[INFO] [1787856254.660145890] [multi3_coordinator_node]: Received coordination message: {'robot_name': 'robot8', 'completed_fragment': 'fm3-58', 'state': {'position': {'x': 24, 'y': 14, 'z': 0.0}, 'docked': False}}
[INFO] [1787856254.660915805] [multi3_coordinator_node]: Received coordination message: {'robot_name': 'robot8', 'completed_task': 'mop(r12)'}
[INFO] [1787856255.275247548] [multi3_coordinator_node]: Assigned fragment fm3-59 to robot robot4.
[INFO] [1787856255.288785195] [multi3_coordinator_node]: Received robot state update from robot robot4: {'operational_state': 'working', 'current_assigned_fragment': 'fm3-59', 'state': {'position': {'x': 4, 'y': 2, 'z': 0.0}, 'docked': False}}
[INFO] [1787856255.309017997] [multi3_coordinator_node]: Received robot state update from robot robot1: {'operational_state': 'idle', 'current_assigned_fragment': None, 'state': {'position': {'x': 17, 'y': 23, 'z': 0.0}, 'docked': False}}
[INFO] [1787856255.310143004] [multi3_coordinator_node]: Received coordination message: {'robot_name': 'robot1', 'completed_task': 'final_room_check(r11)'}
[INFO] [1787856255.310811126] [multi3_coordinator_node]: Received coordination message: {'robot_name': 'robot1', 'completed_fragment': 'fm3-55', 'state': {'position': {'x': 17, 'y': 23, 'z': 0.0}, 'docked': False}}
[INFO] [1787856260.795325309] [multi3_coordinator_node]: Received robot state update from robot robot5: {'operational_state': 'idle', 'current_assigned_fragment': None, 'state': {'position': {'x': 7, 'y': 20, 'z': 0.0}, 'docked': False}}
[INFO] [1787856260.796184394] [multi3_coordinator_node]: Fragment fm3-65 is now executable because all signal messages were received.
[INFO] [1787856260.796743450] [multi3_coordinator_node]: Received coordination message: {'robot_name': 'robot5', 'completed_fragment': 'fm3-64', 'state': {'position': {'x': 7, 'y': 20, 'z': 0.0}, 'docked': False}}
[INFO] [1787856260.797474575] [multi3_coordinator_node]: Received coordination message: {'robot_name': 'robot5', 'completed_task': 'disinfect(r13)'}
[INFO] [1787856261.272816501] [multi3_coordinator_node]: Assigned fragment fm3-65 to robot robot1.
[INFO] [1787856261.309231733] [multi3_coordinator_node]: Received robot state update from robot robot1: {'operational_state': 'working', 'current_assigned_fragment': 'fm3-65', 'state': {'position': {'x': 17, 'y': 23, 'z': 0.0}, 'docked': False}}
[INFO] [1787856269.472005787] [multi3_coordinator_node]: Received robot state update from robot robot2: {'operational_state': 'idle', 'current_assigned_fragment': None, 'state': {'position': {'x': 13, 'y': 24, 'z': 0.0}, 'docked': False}}
[INFO] [1787856269.472812830] [multi3_coordinator_node]: Fragment fm3-75 is now executable because all signal messages were received.
[INFO] [1787856269.473495790] [multi3_coordinator_node]: Received coordination message: {'robot_name': 'robot2', 'completed_fragment': 'fm3-74', 'state': {'position': {'x': 13, 'y': 24, 'z': 0.0}, 'docked': False}}
[INFO] [1787856269.474421591] [multi3_coordinator_node]: Received coordination message: {'robot_name': 'robot2', 'completed_task': 'disinfect(r15)'}
[INFO] [1787856270.275723670] [multi3_coordinator_node]: Assigned fragment fm3-75 to robot robot2.
[INFO] [1787856270.305674286] [multi3_coordinator_node]: Received robot state update from robot robot2: {'operational_state': 'working', 'current_assigned_fragment': 'fm3-75', 'state': {'position': {'x': 13, 'y': 24, 'z': 0.0}, 'docked': False}}
[INFO] [1787856275.990466430] [multi3_coordinator_node]: Fragment fm3-50 is now executable because all signal messages were received.
[INFO] [1787856275.992432819] [multi3_coordinator_node]: Received coordination message: {'robot_name': 'robot3', 'completed_fragment': 'fm3-49', 'state': {'position': {'x': 21, 'y': 6, 'z': 0.0}, 'docked': False}}
[INFO] [1787856275.994148299] [multi3_coordinator_node]: Received coordination message: {'robot_name': 'robot3', 'completed_task': 'disinfect(r10)'}
[INFO] [1787856275.995186491] [multi3_coordinator_node]: Received robot state update from robot robot3: {'operational_state': 'idle', 'current_assigned_fragment': None, 'state': {'position': {'x': 21, 'y': 6, 'z': 0.0}, 'docked': False}}
[INFO] [1787856276.272069523] [multi3_coordinator_node]: Assigned fragment fm3-50 to robot robot3.
[INFO] [1787856276.291893384] [multi3_coordinator_node]: Received robot state update from robot robot3: {'operational_state': 'working', 'current_assigned_fragment': 'fm3-50', 'state': {'position': {'x': 21, 'y': 6, 'z': 0.0}, 'docked': False}}
[INFO] [1787856279.855335235] [multi3_coordinator_node]: Received coordination message: {'robot_name': 'robot2', 'completed_fragment': 'fm3-75', 'state': {'position': {'x': 13, 'y': 24, 'z': 0.0}, 'docked': False}}
[INFO] [1787856279.856364215] [multi3_coordinator_node]: Received robot state update from robot robot2: {'operational_state': 'idle', 'current_assigned_fragment': None, 'state': {'position': {'x': 13, 'y': 24, 'z': 0.0}, 'docked': False}}
[INFO] [1787856279.856734860] [multi3_coordinator_node]: Received coordination message: {'robot_name': 'robot2', 'completed_task': 'final_room_check(r15)'}
[INFO] [1787856285.839426227] [multi3_coordinator_node]: Received coordination message: {'robot_name': 'robot3', 'completed_task': 'final_room_check(r10)'}
[INFO] [1787856285.840650214] [multi3_coordinator_node]: Received coordination message: {'robot_name': 'robot3', 'completed_fragment': 'fm3-50', 'state': {'position': {'x': 21, 'y': 6, 'z': 0.0}, 'docked': False}}
[INFO] [1787856285.840973707] [multi3_coordinator_node]: Received robot state update from robot robot3: {'operational_state': 'idle', 'current_assigned_fragment': None, 'state': {'position': {'x': 21, 'y': 6, 'z': 0.0}, 'docked': False}}
[INFO] [1787856292.730365377] [multi3_coordinator_node]: Received coordination message: {'robot_name': 'robot1', 'completed_fragment': 'fm3-65', 'state': {'position': {'x': 7, 'y': 20, 'z': 0.0}, 'docked': False}}
[INFO] [1787856292.730967298] [multi3_coordinator_node]: Received coordination message: {'robot_name': 'robot1', 'completed_task': 'final_room_check(r13)'}
[INFO] [1787856292.731235357] [multi3_coordinator_node]: Received robot state update from robot robot1: {'operational_state': 'idle', 'current_assigned_fragment': None, 'state': {'position': {'x': 7, 'y': 20, 'z': 0.0}, 'docked': False}}
[INFO] [1787856306.151238844] [multi3_coordinator_node]: Received robot state update from robot robot4: {'operational_state': 'idle', 'current_assigned_fragment': None, 'state': {'position': {'x': 24, 'y': 14, 'z': 0.0}, 'docked': False}}
[INFO] [1787856306.151660359] [multi3_coordinator_node]: Fragment fm3-60 is now executable because all signal messages were received.
[INFO] [1787856306.152442500] [multi3_coordinator_node]: Received coordination message: {'robot_name': 'robot4', 'completed_fragment': 'fm3-59', 'state': {'position': {'x': 24, 'y': 14, 'z': 0.0}, 'docked': False}}
[INFO] [1787856306.153176872] [multi3_coordinator_node]: Received coordination message: {'robot_name': 'robot4', 'completed_task': 'disinfect(r12)'}
[INFO] [1787856306.279354615] [multi3_coordinator_node]: Assigned fragment fm3-60 to robot robot1.
[INFO] [1787856306.296666507] [multi3_coordinator_node]: Received robot state update from robot robot1: {'operational_state': 'working', 'current_assigned_fragment': 'fm3-60', 'state': {'position': {'x': 7, 'y': 20, 'z': 0.0}, 'docked': False}}
[INFO] [1787856349.637754019] [multi3_coordinator_node]: Received coordination message: {'robot_name': 'robot1', 'completed_task': 'final_room_check(r12)'}
[INFO] [1787856349.638881210] [multi3_coordinator_node]: Received robot state update from robot robot1: {'operational_state': 'idle', 'current_assigned_fragment': None, 'state': {'position': {'x': 24, 'y': 14, 'z': 0.0}, 'docked': False}}
[INFO] [1787856349.639195595] [multi3_coordinator_node]: Received coordination message: {'robot_name': 'robot1', 'completed_fragment': 'fm3-60', 'state': {'position': {'x': 24, 'y': 14, 'z': 0.0}, 'docked': False}}
Traceback (most recent call last):
  File "/root/ros2_ws/install/multi3_coordinator/lib/multi3_coordinator/coordinator", line 33, in <module>
    sys.exit(load_entry_point('multi3-coordinator==0.0.0', 'console_scripts', 'coordinator')())
  File "/root/ros2_ws/install/multi3_coordinator/lib/python3.10/site-packages/nodes/coordinator.py", line 371, in main
    rclpy.shutdown()
  File "/opt/ros/humble/local/lib/python3.10/dist-packages/rclpy/__init__.py", line 130, in shutdown
    _shutdown(context=context)
  File "/opt/ros/humble/local/lib/python3.10/dist-packages/rclpy/utilities.py", line 58, in shutdown
    return context.shutdown()
  File "/opt/ros/humble/local/lib/python3.10/dist-packages/rclpy/context.py", line 102, in shutdown
    self.__context.shutdown()
rclpy._rclpy_pybind11.RCLError: failed to shutdown: rcl_shutdown already called on the given context, at ./src/rcl/init.c:241
