[INFO] [1787855964.348657404] [robot7.fragment_exec_node]: Setting up skill: UndockSkill
[INFO] [1787855964.349586012] [robot7.fragment_exec_node]: Setting up skill: NavigateSkill
[INFO] [1787855964.350195547] [robot7.fragment_exec_node]: Setting up skill: CheckRoomSkill
[INFO] [1787855964.350818661] [robot7.fragment_exec_node]: Setting up skill: MopSkill
[INFO] [1787855964.351369278] [robot7.fragment_exec_node]: Setting up skill: CheckRoomSkill
[INFO] [1787855964.361064968] [robot7.fragment_exec_node]: Published robot registration: {'name': 'robot7', 'operational_state': 'idle', 'capabilities': ['undock', 'check_room', 'move_to', 'mop'], 'state': {'position': {'x': 0.0, 'y': 0.0, 'z': 0.0}, 'docked': True}}
[INFO] [1787855978.340024584] [robot7.fragment_exec_node]: Received fragment assignment: {'robot': 'robot7', 'fragment': {'id': 'fm3-21', 'mission': 'm3', 'state': 'assigned', 'wait': [], 'tasks': [{'name': 'check_room', 'label': 'check_room(r5)', 'params': {'x': 12, 'y': 3, 'size': 5}}], 'arrive_timestamp': 1787855969, 'priority': 1, 'segment': 's5'}}
[INFO] [1787855978.341051866] [robot7.fragment_exec_node]: Starting execution of fragment fm3-21...
[INFO] [1787855978.341941530] [robot7.fragment_exec_node]: Executing task check_room(r5). Params: {'x': 12, 'y': 3, 'size': 5}, Virtual state: {'position': {'x': 0.0, 'y': 0.0, 'z': 0.0}, 'docked': True}
[INFO] [1787855978.342547703] [robot7.fragment_exec_node]: EventType: Control (Task: check_room), Activity: undock, Robot: robot7, Mission: m3, Segment: s5, Start: 1787855978.342133
[INFO] [1787855978.343139977] [robot7.fragment_exec_node]: Simulating undock skill...
[INFO] [1787855982.346844851] [robot7.fragment_exec_node]: Undock completed!
[INFO] [1787855982.348416128] [robot7.fragment_exec_node]: EventType: Control (Task: check_room), Activity: undock, Robot: robot7, Mission: m3, Segment: s5, End: 1787855982.3472984
[INFO] [1787855982.350066164] [robot7.fragment_exec_node]: EventType: Control (Task: check_room), Activity: move_to, Robot: robot7, Mission: m3, Segment: s5, Start: 1787855982.3490245
[INFO] [1787855982.351793878] [robot7.fragment_exec_node]: Simulating navigate skill from position (0.0, 0.0) to (12, 3) (24.73863375370596 seconds)...
[INFO] [1787856007.093821135] [robot7.fragment_exec_node]: Navigation completed!
[INFO] [1787856007.096664687] [robot7.fragment_exec_node]: EventType: Control (Task: check_room), Activity: move_to, Robot: robot7, Mission: m3, Segment: s5, End: 1787856007.0947454
[INFO] [1787856007.099202224] [robot7.fragment_exec_node]: EventType: Task, Activity: check_room, Robot: robot7, Mission: m3, Segment: s5, Start: 1787856007.097311
[INFO] [1787856007.101653352] [robot7.fragment_exec_node]: Simulating check_room skill (7.5s to complete)...
[INFO] [1787856014.605666464] [robot7.fragment_exec_node]: Check room completed!
[INFO] [1787856014.608460531] [robot7.fragment_exec_node]: EventType: Task, Activity: check_room, Robot: robot7, Mission: m3, Segment: s5, End: 1787856014.606481
[INFO] [1787856014.611309967] [robot7.fragment_exec_node]: Execution of fragment fm3-21 completed!
[INFO] [1787856015.276677614] [robot7.fragment_exec_node]: Received fragment assignment: {'robot': 'robot7', 'fragment': {'id': 'fm3-46', 'mission': 'm3', 'state': 'assigned', 'wait': [], 'tasks': [{'name': 'check_room', 'label': 'check_room(r10)', 'params': {'x': 21, 'y': 6, 'size': 5}}], 'arrive_timestamp': 1787855969, 'priority': 1, 'segment': 's10'}}
[INFO] [1787856015.278542327] [robot7.fragment_exec_node]: Starting execution of fragment fm3-46...
[INFO] [1787856015.280468499] [robot7.fragment_exec_node]: Executing task check_room(r10). Params: {'x': 21, 'y': 6, 'size': 5}, Virtual state: {'position': {'x': 12, 'y': 3, 'z': 0.0}, 'docked': False}
[INFO] [1787856015.281986154] [robot7.fragment_exec_node]: EventType: Control (Task: check_room), Activity: move_to, Robot: robot7, Mission: m3, Segment: s10, Start: 1787856015.280976
[INFO] [1787856015.283193691] [robot7.fragment_exec_node]: Simulating navigate skill from position (12, 3) to (21, 6) (21.633307652783937 seconds)...
[INFO] [1787856036.920016654] [robot7.fragment_exec_node]: Navigation completed!
[INFO] [1787856036.923117018] [robot7.fragment_exec_node]: EventType: Control (Task: check_room), Activity: move_to, Robot: robot7, Mission: m3, Segment: s10, End: 1787856036.9212925
[INFO] [1787856036.924835437] [robot7.fragment_exec_node]: EventType: Task, Activity: check_room, Robot: robot7, Mission: m3, Segment: s10, Start: 1787856036.92371
[INFO] [1787856036.926310049] [robot7.fragment_exec_node]: Simulating check_room skill (7.5s to complete)...
[INFO] [1787856044.429971898] [robot7.fragment_exec_node]: Check room completed!
[INFO] [1787856044.433000284] [robot7.fragment_exec_node]: EventType: Task, Activity: check_room, Robot: robot7, Mission: m3, Segment: s10, End: 1787856044.4310715
[INFO] [1787856044.436073233] [robot7.fragment_exec_node]: Execution of fragment fm3-46 completed!
[INFO] [1787856045.275956291] [robot7.fragment_exec_node]: Received fragment assignment: {'robot': 'robot7', 'fragment': {'id': 'fm3-3', 'mission': 'm3', 'state': 'assigned', 'wait': ['vacuum(r1)'], 'tasks': [{'name': 'mop', 'label': 'mop(r1)', 'params': {'x': 4, 'y': 2, 'size': 6}}], 'arrive_timestamp': 1787855969, 'priority': 1, 'segment': 's1'}}
[INFO] [1787856045.282930533] [robot7.fragment_exec_node]: Starting execution of fragment fm3-3...
[INFO] [1787856045.284355543] [robot7.fragment_exec_node]: Executing task mop(r1). Params: {'x': 4, 'y': 2, 'size': 6}, Virtual state: {'position': {'x': 21, 'y': 6, 'z': 0.0}, 'docked': False}
[INFO] [1787856045.285461085] [robot7.fragment_exec_node]: EventType: Control (Task: mop), Activity: move_to, Robot: robot7, Mission: m3, Segment: s1, Start: 1787856045.284783
[INFO] [1787856045.286643469] [robot7.fragment_exec_node]: Simulating navigate skill from position (21, 6) to (4, 2) (50.99019513592785 seconds)...
[INFO] [1787856096.278716726] [robot7.fragment_exec_node]: Navigation completed!
[INFO] [1787856096.279793826] [robot7.fragment_exec_node]: EventType: Control (Task: mop), Activity: move_to, Robot: robot7, Mission: m3, Segment: s1, End: 1787856096.2791028
[INFO] [1787856096.280687756] [robot7.fragment_exec_node]: EventType: Task, Activity: mop, Robot: robot7, Mission: m3, Segment: s1, Start: 1787856096.2801387
[INFO] [1787856096.281673016] [robot7.fragment_exec_node]: Simulating mop skill (33.0s to complete)...
[INFO] [1787856129.371433859] [robot7.fragment_exec_node]: Mop completed!
[INFO] [1787856129.384632323] [robot7.fragment_exec_node]: EventType: Task, Activity: mop, Robot: robot7, Mission: m3, Segment: s1, End: 1787856129.383805
[INFO] [1787856129.390279652] [robot7.fragment_exec_node]: Execution of fragment fm3-3 completed!
[INFO] [1787856132.285542645] [robot7.fragment_exec_node]: Received fragment assignment: {'robot': 'robot7', 'fragment': {'id': 'fm3-43', 'mission': 'm3', 'state': 'assigned', 'wait': ['vacuum(r9)'], 'tasks': [{'name': 'mop', 'label': 'mop(r9)', 'params': {'x': 14, 'y': 18, 'size': 4}}], 'arrive_timestamp': 1787855969, 'priority': 1, 'segment': 's9'}}
[INFO] [1787856132.286513189] [robot7.fragment_exec_node]: Starting execution of fragment fm3-43...
[INFO] [1787856132.287441695] [robot7.fragment_exec_node]: Waiting for coordination messages before executing fragment fm3-43: ['vacuum(r9)']
[INFO] [1787856134.291669209] [robot7.fragment_exec_node]: Executing task mop(r9). Params: {'x': 14, 'y': 18, 'size': 4}, Virtual state: {'position': {'x': 4, 'y': 2, 'z': 0.0}, 'docked': False}
[INFO] [1787856134.293168933] [robot7.fragment_exec_node]: EventType: Control (Task: mop), Activity: move_to, Robot: robot7, Mission: m3, Segment: s9, Start: 1787856134.2922094
[INFO] [1787856134.294160882] [robot7.fragment_exec_node]: Simulating navigate skill from position (4, 2) to (14, 18) (34.40930106817051 seconds)...
[INFO] [1787856168.705470030] [robot7.fragment_exec_node]: Navigation completed!
[INFO] [1787856168.707958621] [robot7.fragment_exec_node]: EventType: Control (Task: mop), Activity: move_to, Robot: robot7, Mission: m3, Segment: s9, End: 1787856168.707112
[INFO] [1787856168.708913181] [robot7.fragment_exec_node]: EventType: Task, Activity: mop, Robot: robot7, Mission: m3, Segment: s9, Start: 1787856168.7082913
[INFO] [1787856168.709802700] [robot7.fragment_exec_node]: Simulating mop skill (22.0s to complete)...
[INFO] [1787856190.711338477] [robot7.fragment_exec_node]: Mop completed!
[INFO] [1787856190.712303307] [robot7.fragment_exec_node]: EventType: Task, Activity: mop, Robot: robot7, Mission: m3, Segment: s9, End: 1787856190.7117152
[INFO] [1787856190.713503418] [robot7.fragment_exec_node]: Execution of fragment fm3-43 completed!
[INFO] [1787856191.285176582] [robot7.fragment_exec_node]: Received fragment assignment: {'robot': 'robot7', 'fragment': {'id': 'fm3-73', 'mission': 'm3', 'state': 'assigned', 'wait': ['vacuum(r15)'], 'tasks': [{'name': 'mop', 'label': 'mop(r15)', 'params': {'x': 13, 'y': 24, 'size': 5}}], 'arrive_timestamp': 1787855969, 'priority': 1, 'segment': 's15'}}
[INFO] [1787856191.286225709] [robot7.fragment_exec_node]: Starting execution of fragment fm3-73...
[INFO] [1787856191.287408167] [robot7.fragment_exec_node]: Executing task mop(r15). Params: {'x': 13, 'y': 24, 'size': 5}, Virtual state: {'position': {'x': 14, 'y': 18, 'z': 0.0}, 'docked': False}
[INFO] [1787856191.288154926] [robot7.fragment_exec_node]: EventType: Control (Task: mop), Activity: move_to, Robot: robot7, Mission: m3, Segment: s15, Start: 1787856191.2877169
[INFO] [1787856191.289253612] [robot7.fragment_exec_node]: Simulating navigate skill from position (14, 18) to (13, 24) (20.09975124224178 seconds)...
[INFO] [1787856211.392695658] [robot7.fragment_exec_node]: Navigation completed!
[INFO] [1787856211.394767967] [robot7.fragment_exec_node]: EventType: Control (Task: mop), Activity: move_to, Robot: robot7, Mission: m3, Segment: s15, End: 1787856211.3936079
[INFO] [1787856211.396061587] [robot7.fragment_exec_node]: EventType: Task, Activity: mop, Robot: robot7, Mission: m3, Segment: s15, Start: 1787856211.395324
[INFO] [1787856211.397696342] [robot7.fragment_exec_node]: Simulating mop skill (27.5s to complete)...
[INFO] [1787856238.901292680] [robot7.fragment_exec_node]: Mop completed!
[INFO] [1787856238.903934313] [robot7.fragment_exec_node]: EventType: Task, Activity: mop, Robot: robot7, Mission: m3, Segment: s15, End: 1787856238.902487
[INFO] [1787856238.906115845] [robot7.fragment_exec_node]: Execution of fragment fm3-73 completed!
Traceback (most recent call last):
  File "/root/ros2_ws/install/multi3_executor/lib/multi3_executor/executor", line 33, in <module>
    sys.exit(load_entry_point('multi3-executor==0.0.0', 'console_scripts', 'executor')())
  File "/root/ros2_ws/install/multi3_executor/lib/python3.10/site-packages/multi3_executor/nodes/executor.py", line 313, in main
    rclpy.shutdown()
  File "/opt/ros/humble/local/lib/python3.10/dist-packages/rclpy/__init__.py", line 130, in shutdown
    _shutdown(context=context)
  File "/opt/ros/humble/local/lib/python3.10/dist-packages/rclpy/utilities.py", line 58, in shutdown
    return context.shutdown()
  File "/opt/ros/humble/local/lib/python3.10/dist-packages/rclpy/context.py", line 102, in shutdown
    self.__context.shutdown()
rclpy._rclpy_pybind11.RCLError: failed to shutdown: rcl_shutdown already called on the given context, at ./src/rcl/init.c:241
