[INFO] [1787855968.324096750] [robot9.fragment_exec_node]: Setting up skill: UndockSkill
[INFO] [1787855968.324890313] [robot9.fragment_exec_node]: Setting up skill: NavigateSkill
[INFO] [1787855968.325584386] [robot9.fragment_exec_node]: Setting up skill: CheckRoomSkill
[INFO] [1787855968.326233777] [robot9.fragment_exec_node]: Setting up skill: MopSkill
[INFO] [1787855968.326757101] [robot9.fragment_exec_node]: Setting up skill: CheckRoomSkill
[INFO] [1787855968.336503661] [robot9.fragment_exec_node]: Published robot registration: {'name': 'robot9', 'operational_state': 'idle', 'capabilities': ['undock', 'check_room', 'move_to', 'mop'], 'state': {'position': {'x': 0.0, 'y': 0.0, 'z': 0.0}, 'docked': True}}
[INFO] [1787855978.376422155] [robot9.fragment_exec_node]: Received fragment assignment: {'robot': 'robot9', 'fragment': {'id': 'fm3-61', 'mission': 'm3', 'state': 'assigned', 'wait': [], 'tasks': [{'name': 'check_room', 'label': 'check_room(r13)', 'params': {'x': 7, 'y': 20, 'size': 7}}], 'arrive_timestamp': 1787855969, 'priority': 1, 'segment': 's13'}}
[INFO] [1787855978.379275718] [robot9.fragment_exec_node]: Starting execution of fragment fm3-61...
[INFO] [1787855978.380174870] [robot9.fragment_exec_node]: Executing task check_room(r13). Params: {'x': 7, 'y': 20, 'size': 7}, Virtual state: {'position': {'x': 0.0, 'y': 0.0, 'z': 0.0}, 'docked': True}
[INFO] [1787855978.380815208] [robot9.fragment_exec_node]: EventType: Control (Task: check_room), Activity: undock, Robot: robot9, Mission: m3, Segment: s13, Start: 1787855978.3803775
[INFO] [1787855978.381421621] [robot9.fragment_exec_node]: Simulating undock skill...
[INFO] [1787855982.384885705] [robot9.fragment_exec_node]: Undock completed!
[INFO] [1787855982.387407392] [robot9.fragment_exec_node]: EventType: Control (Task: check_room), Activity: undock, Robot: robot9, Mission: m3, Segment: s13, End: 1787855982.3860295
[INFO] [1787855982.389776129] [robot9.fragment_exec_node]: EventType: Control (Task: check_room), Activity: move_to, Robot: robot9, Mission: m3, Segment: s13, Start: 1787855982.3882143
[INFO] [1787855982.391405739] [robot9.fragment_exec_node]: Simulating navigate skill from position (0.0, 0.0) to (7, 20) (42.37924020083418 seconds)...
[INFO] [1787856024.771217963] [robot9.fragment_exec_node]: Navigation completed!
[INFO] [1787856024.772035796] [robot9.fragment_exec_node]: EventType: Control (Task: check_room), Activity: move_to, Robot: robot9, Mission: m3, Segment: s13, End: 1787856024.7716346
[INFO] [1787856024.772621217] [robot9.fragment_exec_node]: EventType: Task, Activity: check_room, Robot: robot9, Mission: m3, Segment: s13, Start: 1787856024.7722316
[INFO] [1787856024.773172745] [robot9.fragment_exec_node]: Simulating check_room skill (10.5s to complete)...
[INFO] [1787856035.277105391] [robot9.fragment_exec_node]: Check room completed!
[INFO] [1787856035.280196452] [robot9.fragment_exec_node]: EventType: Task, Activity: check_room, Robot: robot9, Mission: m3, Segment: s13, End: 1787856035.2783709
[INFO] [1787856035.282637638] [robot9.fragment_exec_node]: Execution of fragment fm3-61 completed!
[INFO] [1787856036.300206841] [robot9.fragment_exec_node]: Received fragment assignment: {'robot': 'robot9', 'fragment': {'id': 'fm3-8', 'mission': 'm3', 'state': 'assigned', 'wait': ['vacuum(r2)'], 'tasks': [{'name': 'mop', 'label': 'mop(r2)', 'params': {'x': 10, 'y': 5, 'size': 3}}], 'arrive_timestamp': 1787855969, 'priority': 1, 'segment': 's2'}}
[INFO] [1787856036.300988402] [robot9.fragment_exec_node]: Starting execution of fragment fm3-8...
[INFO] [1787856036.301950290] [robot9.fragment_exec_node]: Executing task mop(r2). Params: {'x': 10, 'y': 5, 'size': 3}, Virtual state: {'position': {'x': 7, 'y': 20, 'z': 0.0}, 'docked': False}
[INFO] [1787856036.302688155] [robot9.fragment_exec_node]: EventType: Control (Task: mop), Activity: move_to, Robot: robot9, Mission: m3, Segment: s2, Start: 1787856036.3021877
[INFO] [1787856036.303291683] [robot9.fragment_exec_node]: Simulating navigate skill from position (7, 20) to (10, 5) (7.211102550927978 seconds)...
[INFO] [1787856043.517952885] [robot9.fragment_exec_node]: Navigation completed!
[INFO] [1787856043.524924744] [robot9.fragment_exec_node]: EventType: Control (Task: mop), Activity: move_to, Robot: robot9, Mission: m3, Segment: s2, End: 1787856043.5228233
[INFO] [1787856043.547256035] [robot9.fragment_exec_node]: EventType: Task, Activity: mop, Robot: robot9, Mission: m3, Segment: s2, Start: 1787856043.5453837
[INFO] [1787856043.550664513] [robot9.fragment_exec_node]: Simulating mop skill (16.5s to complete)...
[INFO] [1787856060.066689148] [robot9.fragment_exec_node]: Mop completed!
[INFO] [1787856060.069953961] [robot9.fragment_exec_node]: EventType: Task, Activity: mop, Robot: robot9, Mission: m3, Segment: s2, End: 1787856060.06794
[INFO] [1787856060.072518608] [robot9.fragment_exec_node]: Execution of fragment fm3-8 completed!
[INFO] [1787856060.277260469] [robot9.fragment_exec_node]: Received fragment assignment: {'robot': 'robot9', 'fragment': {'id': 'fm3-38', 'mission': 'm3', 'state': 'assigned', 'wait': ['vacuum(r8)'], 'tasks': [{'name': 'mop', 'label': 'mop(r8)', 'params': {'x': 2, 'y': 8, 'size': 7}}], 'arrive_timestamp': 1787855969, 'priority': 1, 'segment': 's8'}}
[INFO] [1787856060.279320251] [robot9.fragment_exec_node]: Starting execution of fragment fm3-38...
[INFO] [1787856060.280974300] [robot9.fragment_exec_node]: Executing task mop(r8). Params: {'x': 2, 'y': 8, 'size': 7}, Virtual state: {'position': {'x': 10, 'y': 5, 'z': 0.0}, 'docked': False}
[INFO] [1787856060.282940048] [robot9.fragment_exec_node]: EventType: Control (Task: mop), Activity: move_to, Robot: robot9, Mission: m3, Segment: s8, Start: 1787856060.2815804
[INFO] [1787856060.283909873] [robot9.fragment_exec_node]: Simulating navigate skill from position (10, 5) to (2, 8) (16.492422502470642 seconds)...
[INFO] [1787856076.779707769] [robot9.fragment_exec_node]: Navigation completed!
[INFO] [1787856076.782749342] [robot9.fragment_exec_node]: EventType: Control (Task: mop), Activity: move_to, Robot: robot9, Mission: m3, Segment: s8, End: 1787856076.7809188
[INFO] [1787856076.784497077] [robot9.fragment_exec_node]: EventType: Task, Activity: mop, Robot: robot9, Mission: m3, Segment: s8, Start: 1787856076.7833996
[INFO] [1787856076.785985899] [robot9.fragment_exec_node]: Simulating mop skill (38.5s to complete)...
[INFO] [1787856115.291579660] [robot9.fragment_exec_node]: Mop completed!
[INFO] [1787856115.294614892] [robot9.fragment_exec_node]: EventType: Task, Activity: mop, Robot: robot9, Mission: m3, Segment: s8, End: 1787856115.2927885
[INFO] [1787856115.296998728] [robot9.fragment_exec_node]: Execution of fragment fm3-38 completed!
[INFO] [1787856173.289969231] [robot9.fragment_exec_node]: Received fragment assignment: {'robot': 'robot9', 'fragment': {'id': 'fm3-48', 'mission': 'm3', 'state': 'assigned', 'wait': ['vacuum(r10)'], 'tasks': [{'name': 'mop', 'label': 'mop(r10)', 'params': {'x': 21, 'y': 6, 'size': 5}}], 'arrive_timestamp': 1787855969, 'priority': 1, 'segment': 's10'}}
[INFO] [1787856173.292089548] [robot9.fragment_exec_node]: Starting execution of fragment fm3-48...
[INFO] [1787856173.293210354] [robot9.fragment_exec_node]: Waiting for coordination messages before executing fragment fm3-48: ['vacuum(r10)']
[INFO] [1787856175.299108952] [robot9.fragment_exec_node]: Executing task mop(r10). Params: {'x': 21, 'y': 6, 'size': 5}, Virtual state: {'position': {'x': 2, 'y': 8, 'z': 0.0}, 'docked': False}
[INFO] [1787856175.301941599] [robot9.fragment_exec_node]: EventType: Control (Task: mop), Activity: move_to, Robot: robot9, Mission: m3, Segment: s10, Start: 1787856175.299943
[INFO] [1787856175.304454871] [robot9.fragment_exec_node]: Simulating navigate skill from position (2, 8) to (21, 6) (38.8329756778952 seconds)...
[INFO] [1787856214.140320347] [robot9.fragment_exec_node]: Navigation completed!
[INFO] [1787856214.143309421] [robot9.fragment_exec_node]: EventType: Control (Task: mop), Activity: move_to, Robot: robot9, Mission: m3, Segment: s10, End: 1787856214.141538
[INFO] [1787856214.145862703] [robot9.fragment_exec_node]: EventType: Task, Activity: mop, Robot: robot9, Mission: m3, Segment: s10, Start: 1787856214.1439939
[INFO] [1787856214.148955897] [robot9.fragment_exec_node]: Simulating mop skill (27.5s to complete)...
[INFO] [1787856241.652254300] [robot9.fragment_exec_node]: Mop completed!
[INFO] [1787856241.655157114] [robot9.fragment_exec_node]: EventType: Task, Activity: mop, Robot: robot9, Mission: m3, Segment: s10, End: 1787856241.653228
[INFO] [1787856241.659621131] [robot9.fragment_exec_node]: Execution of fragment fm3-48 completed!
Traceback (most recent call last):
  File "/root/ros2_ws/install/multi3_executor/lib/multi3_executor/executor", line 33, in <module>
    sys.exit(load_entry_point('multi3-executor==0.0.0', 'console_scripts', 'executor')())
  File "/root/ros2_ws/install/multi3_executor/lib/python3.10/site-packages/multi3_executor/nodes/executor.py", line 313, in main
    rclpy.shutdown()
  File "/opt/ros/humble/local/lib/python3.10/dist-packages/rclpy/__init__.py", line 130, in shutdown
    _shutdown(context=context)
  File "/opt/ros/humble/local/lib/python3.10/dist-packages/rclpy/utilities.py", line 58, in shutdown
    return context.shutdown()
  File "/opt/ros/humble/local/lib/python3.10/dist-packages/rclpy/context.py", line 102, in shutdown
    self.__context.shutdown()
rclpy._rclpy_pybind11.RCLError: failed to shutdown: rcl_shutdown already called on the given context, at ./src/rcl/init.c:241
