[INFO] [1787855962.416474707] [robot6.fragment_exec_node]: Setting up skill: UndockSkill
[INFO] [1787855962.417386990] [robot6.fragment_exec_node]: Setting up skill: NavigateSkill
[INFO] [1787855962.418125548] [robot6.fragment_exec_node]: Setting up skill: CheckRoomSkill
[INFO] [1787855962.418687546] [robot6.fragment_exec_node]: Setting up skill: MopSkill
[INFO] [1787855962.419276114] [robot6.fragment_exec_node]: Setting up skill: CheckRoomSkill
[INFO] [1787855962.428206484] [robot6.fragment_exec_node]: Published robot registration: {'name': 'robot6', 'operational_state': 'idle', 'capabilities': ['undock', 'check_room', 'move_to', 'mop'], 'state': {'position': {'x': 0.0, 'y': 0.0, 'z': 0.0}, 'docked': True}}
[INFO] [1787855978.331733375] [robot6.fragment_exec_node]: Received fragment assignment: {'robot': 'robot6', 'fragment': {'id': 'fm3-16', 'mission': 'm3', 'state': 'assigned', 'wait': [], 'tasks': [{'name': 'check_room', 'label': 'check_room(r4)', 'params': {'x': 8, 'y': 9, 'size': 4}}], 'arrive_timestamp': 1787855969, 'priority': 1, 'segment': 's4'}}
[INFO] [1787855978.332629614] [robot6.fragment_exec_node]: Starting execution of fragment fm3-16...
[INFO] [1787855978.337942833] [robot6.fragment_exec_node]: Executing task check_room(r4). Params: {'x': 8, 'y': 9, 'size': 4}, Virtual state: {'position': {'x': 0.0, 'y': 0.0, 'z': 0.0}, 'docked': True}
[INFO] [1787855978.339790622] [robot6.fragment_exec_node]: EventType: Control (Task: check_room), Activity: undock, Robot: robot6, Mission: m3, Segment: s4, Start: 1787855978.3382235
[INFO] [1787855978.340782422] [robot6.fragment_exec_node]: Simulating undock skill...
[INFO] [1787855982.343936321] [robot6.fragment_exec_node]: Undock completed!
[INFO] [1787855982.345785948] [robot6.fragment_exec_node]: EventType: Control (Task: check_room), Activity: undock, Robot: robot6, Mission: m3, Segment: s4, End: 1787855982.344709
[INFO] [1787855982.348455481] [robot6.fragment_exec_node]: EventType: Control (Task: check_room), Activity: move_to, Robot: robot6, Mission: m3, Segment: s4, Start: 1787855982.3473165
[INFO] [1787855982.350192965] [robot6.fragment_exec_node]: Simulating navigate skill from position (0.0, 0.0) to (8, 9) (24.08318915758459 seconds)...
[INFO] [1787856006.434475304] [robot6.fragment_exec_node]: Navigation completed!
[INFO] [1787856006.435201237] [robot6.fragment_exec_node]: EventType: Control (Task: check_room), Activity: move_to, Robot: robot6, Mission: m3, Segment: s4, End: 1787856006.4348593
[INFO] [1787856006.435772628] [robot6.fragment_exec_node]: EventType: Task, Activity: check_room, Robot: robot6, Mission: m3, Segment: s4, Start: 1787856006.4354746
[INFO] [1787856006.436196854] [robot6.fragment_exec_node]: Simulating check_room skill (6.0s to complete)...
[INFO] [1787856012.439304139] [robot6.fragment_exec_node]: Check room completed!
[INFO] [1787856012.441764196] [robot6.fragment_exec_node]: EventType: Task, Activity: check_room, Robot: robot6, Mission: m3, Segment: s4, End: 1787856012.44034
[INFO] [1787856012.445350372] [robot6.fragment_exec_node]: Execution of fragment fm3-16 completed!
[INFO] [1787856013.272512849] [robot6.fragment_exec_node]: Received fragment assignment: {'robot': 'robot6', 'fragment': {'id': 'fm3-41', 'mission': 'm3', 'state': 'assigned', 'wait': [], 'tasks': [{'name': 'check_room', 'label': 'check_room(r9)', 'params': {'x': 14, 'y': 18, 'size': 4}}], 'arrive_timestamp': 1787855969, 'priority': 1, 'segment': 's9'}}
[INFO] [1787856013.275583018] [robot6.fragment_exec_node]: Starting execution of fragment fm3-41...
[INFO] [1787856013.277590121] [robot6.fragment_exec_node]: Executing task check_room(r9). Params: {'x': 14, 'y': 18, 'size': 4}, Virtual state: {'position': {'x': 8, 'y': 9, 'z': 0.0}, 'docked': False}
[INFO] [1787856013.279015059] [robot6.fragment_exec_node]: EventType: Control (Task: check_room), Activity: move_to, Robot: robot6, Mission: m3, Segment: s9, Start: 1787856013.2781513
[INFO] [1787856013.280466607] [robot6.fragment_exec_node]: Simulating navigate skill from position (8, 9) to (14, 18) (23.323807579381203 seconds)...
[INFO] [1787856036.608286456] [robot6.fragment_exec_node]: Navigation completed!
[INFO] [1787856036.610822342] [robot6.fragment_exec_node]: EventType: Control (Task: check_room), Activity: move_to, Robot: robot6, Mission: m3, Segment: s9, End: 1787856036.609786
[INFO] [1787856036.612307079] [robot6.fragment_exec_node]: EventType: Task, Activity: check_room, Robot: robot6, Mission: m3, Segment: s9, Start: 1787856036.6114104
[INFO] [1787856036.614008578] [robot6.fragment_exec_node]: Simulating check_room skill (6.0s to complete)...
[INFO] [1787856042.617508196] [robot6.fragment_exec_node]: Check room completed!
[INFO] [1787856042.619953914] [robot6.fragment_exec_node]: EventType: Task, Activity: check_room, Robot: robot6, Mission: m3, Segment: s9, End: 1787856042.6186793
[INFO] [1787856042.622282752] [robot6.fragment_exec_node]: Execution of fragment fm3-41 completed!
[INFO] [1787856043.277448105] [robot6.fragment_exec_node]: Received fragment assignment: {'robot': 'robot6', 'fragment': {'id': 'fm3-33', 'mission': 'm3', 'state': 'assigned', 'wait': ['vacuum(r7)'], 'tasks': [{'name': 'mop', 'label': 'mop(r7)', 'params': {'x': 9, 'y': 7, 'size': 3}}], 'arrive_timestamp': 1787855969, 'priority': 1, 'segment': 's7'}}
[INFO] [1787856043.279066882] [robot6.fragment_exec_node]: Starting execution of fragment fm3-33...
[INFO] [1787856043.280971551] [robot6.fragment_exec_node]: Executing task mop(r7). Params: {'x': 9, 'y': 7, 'size': 3}, Virtual state: {'position': {'x': 14, 'y': 18, 'z': 0.0}, 'docked': False}
[INFO] [1787856043.282176473] [robot6.fragment_exec_node]: EventType: Control (Task: mop), Activity: move_to, Robot: robot6, Mission: m3, Segment: s7, Start: 1787856043.2815294
[INFO] [1787856043.288505407] [robot6.fragment_exec_node]: Simulating navigate skill from position (14, 18) to (9, 7) (17.204650534085253 seconds)...
[INFO] [1787856060.492632408] [robot6.fragment_exec_node]: Navigation completed!
[INFO] [1787856060.495727506] [robot6.fragment_exec_node]: EventType: Control (Task: mop), Activity: move_to, Robot: robot6, Mission: m3, Segment: s7, End: 1787856060.493932
[INFO] [1787856060.497528655] [robot6.fragment_exec_node]: EventType: Task, Activity: mop, Robot: robot6, Mission: m3, Segment: s7, Start: 1787856060.4963293
[INFO] [1787856060.499176332] [robot6.fragment_exec_node]: Simulating mop skill (16.5s to complete)...
[INFO] [1787856077.002709465] [robot6.fragment_exec_node]: Mop completed!
[INFO] [1787856077.005732201] [robot6.fragment_exec_node]: EventType: Task, Activity: mop, Robot: robot6, Mission: m3, Segment: s7, End: 1787856077.0040011
[INFO] [1787856077.008027862] [robot6.fragment_exec_node]: Execution of fragment fm3-33 completed!
[INFO] [1787856080.281397343] [robot6.fragment_exec_node]: Received fragment assignment: {'robot': 'robot6', 'fragment': {'id': 'fm3-28', 'mission': 'm3', 'state': 'assigned', 'wait': ['vacuum(r6)'], 'tasks': [{'name': 'mop', 'label': 'mop(r6)', 'params': {'x': 6, 'y': 12, 'size': 6}}], 'arrive_timestamp': 1787855969, 'priority': 1, 'segment': 's6'}}
[INFO] [1787856080.282027138] [robot6.fragment_exec_node]: Starting execution of fragment fm3-28...
[INFO] [1787856080.282804805] [robot6.fragment_exec_node]: Waiting for coordination messages before executing fragment fm3-28: ['vacuum(r6)']
[INFO] [1787856082.286989626] [robot6.fragment_exec_node]: Executing task mop(r6). Params: {'x': 6, 'y': 12, 'size': 6}, Virtual state: {'position': {'x': 9, 'y': 7, 'z': 0.0}, 'docked': False}
[INFO] [1787856082.288406053] [robot6.fragment_exec_node]: EventType: Control (Task: mop), Activity: move_to, Robot: robot6, Mission: m3, Segment: s6, Start: 1787856082.2876275
[INFO] [1787856082.289574212] [robot6.fragment_exec_node]: Simulating navigate skill from position (9, 7) to (6, 12) (8.48528137423857 seconds)...
[INFO] [1787856090.781767840] [robot6.fragment_exec_node]: Navigation completed!
[INFO] [1787856090.784665309] [robot6.fragment_exec_node]: EventType: Control (Task: mop), Activity: move_to, Robot: robot6, Mission: m3, Segment: s6, End: 1787856090.7828546
[INFO] [1787856090.786600811] [robot6.fragment_exec_node]: EventType: Task, Activity: mop, Robot: robot6, Mission: m3, Segment: s6, Start: 1787856090.7854314
[INFO] [1787856090.788968783] [robot6.fragment_exec_node]: Simulating mop skill (33.0s to complete)...
[INFO] [1787856123.791528479] [robot6.fragment_exec_node]: Mop completed!
[INFO] [1787856123.794197529] [robot6.fragment_exec_node]: EventType: Task, Activity: mop, Robot: robot6, Mission: m3, Segment: s6, End: 1787856123.7927606
[INFO] [1787856123.796587644] [robot6.fragment_exec_node]: Execution of fragment fm3-28 completed!
[INFO] [1787856129.369602720] [robot6.fragment_exec_node]: Received fragment assignment: {'robot': 'robot6', 'fragment': {'id': 'fm3-68', 'mission': 'm3', 'state': 'assigned', 'wait': ['vacuum(r14)'], 'tasks': [{'name': 'mop', 'label': 'mop(r14)', 'params': {'x': 19, 'y': 10, 'size': 4}}], 'arrive_timestamp': 1787855969, 'priority': 1, 'segment': 's14'}}
[INFO] [1787856129.395507305] [robot6.fragment_exec_node]: Starting execution of fragment fm3-68...
[INFO] [1787856129.396927752] [robot6.fragment_exec_node]: Executing task mop(r14). Params: {'x': 19, 'y': 10, 'size': 4}, Virtual state: {'position': {'x': 6, 'y': 12, 'z': 0.0}, 'docked': False}
[INFO] [1787856129.398379156] [robot6.fragment_exec_node]: EventType: Control (Task: mop), Activity: move_to, Robot: robot6, Mission: m3, Segment: s14, Start: 1787856129.3977332
[INFO] [1787856129.399770430] [robot6.fragment_exec_node]: Simulating navigate skill from position (6, 12) to (19, 10) (27.202941017470888 seconds)...
[INFO] [1787856156.612315380] [robot6.fragment_exec_node]: Navigation completed!
[INFO] [1787856156.615351070] [robot6.fragment_exec_node]: EventType: Control (Task: mop), Activity: move_to, Robot: robot6, Mission: m3, Segment: s14, End: 1787856156.6140494
[INFO] [1787856156.617300870] [robot6.fragment_exec_node]: EventType: Task, Activity: mop, Robot: robot6, Mission: m3, Segment: s14, Start: 1787856156.6160963
[INFO] [1787856156.619027595] [robot6.fragment_exec_node]: Simulating mop skill (22.0s to complete)...
[INFO] [1787856178.621079530] [robot6.fragment_exec_node]: Mop completed!
[INFO] [1787856178.621953274] [robot6.fragment_exec_node]: EventType: Task, Activity: mop, Robot: robot6, Mission: m3, Segment: s14, End: 1787856178.6214368
[INFO] [1787856178.622986315] [robot6.fragment_exec_node]: Execution of fragment fm3-68 completed!
[INFO] [1787856179.268291238] [robot6.fragment_exec_node]: Received fragment assignment: {'robot': 'robot6', 'fragment': {'id': 'fm3-53', 'mission': 'm3', 'state': 'assigned', 'wait': ['vacuum(r11)'], 'tasks': [{'name': 'mop', 'label': 'mop(r11)', 'params': {'x': 17, 'y': 23, 'size': 6}}], 'arrive_timestamp': 1787855969, 'priority': 1, 'segment': 's11'}}
[INFO] [1787856179.269266863] [robot6.fragment_exec_node]: Starting execution of fragment fm3-53...
[INFO] [1787856179.270284560] [robot6.fragment_exec_node]: Executing task mop(r11). Params: {'x': 17, 'y': 23, 'size': 6}, Virtual state: {'position': {'x': 19, 'y': 10, 'z': 0.0}, 'docked': False}
[INFO] [1787856179.271100085] [robot6.fragment_exec_node]: EventType: Control (Task: mop), Activity: move_to, Robot: robot6, Mission: m3, Segment: s11, Start: 1787856179.2704897
[INFO] [1787856179.271916821] [robot6.fragment_exec_node]: Simulating navigate skill from position (19, 10) to (17, 23) (8.94427190999916 seconds)...
[INFO] [1787856188.219038172] [robot6.fragment_exec_node]: Navigation completed!
[INFO] [1787856188.220582775] [robot6.fragment_exec_node]: EventType: Control (Task: mop), Activity: move_to, Robot: robot6, Mission: m3, Segment: s11, End: 1787856188.2195842
[INFO] [1787856188.222109871] [robot6.fragment_exec_node]: EventType: Task, Activity: mop, Robot: robot6, Mission: m3, Segment: s11, Start: 1787856188.2210293
[INFO] [1787856188.223290546] [robot6.fragment_exec_node]: Simulating mop skill (33.0s to complete)...
[INFO] [1787856221.226462921] [robot6.fragment_exec_node]: Mop completed!
[INFO] [1787856221.229342174] [robot6.fragment_exec_node]: EventType: Task, Activity: mop, Robot: robot6, Mission: m3, Segment: s11, End: 1787856221.2274635
[INFO] [1787856221.232687704] [robot6.fragment_exec_node]: Execution of fragment fm3-53 completed!
Traceback (most recent call last):
  File "/root/ros2_ws/install/multi3_executor/lib/multi3_executor/executor", line 33, in <module>
    sys.exit(load_entry_point('multi3-executor==0.0.0', 'console_scripts', 'executor')())
  File "/root/ros2_ws/install/multi3_executor/lib/python3.10/site-packages/multi3_executor/nodes/executor.py", line 313, in main
    rclpy.shutdown()
  File "/opt/ros/humble/local/lib/python3.10/dist-packages/rclpy/__init__.py", line 130, in shutdown
    _shutdown(context=context)
  File "/opt/ros/humble/local/lib/python3.10/dist-packages/rclpy/utilities.py", line 58, in shutdown
    return context.shutdown()
  File "/opt/ros/humble/local/lib/python3.10/dist-packages/rclpy/context.py", line 102, in shutdown
    self.__context.shutdown()
rclpy._rclpy_pybind11.RCLError: failed to shutdown: rcl_shutdown already called on the given context, at ./src/rcl/init.c:241
