[INFO] [1787854532.624261950] [robot9.fragment_exec_node]: Setting up skill: UndockSkill
[INFO] [1787854532.625142239] [robot9.fragment_exec_node]: Setting up skill: NavigateSkill
[INFO] [1787854532.625835216] [robot9.fragment_exec_node]: Setting up skill: CheckRoomSkill
[INFO] [1787854532.626451602] [robot9.fragment_exec_node]: Setting up skill: MopSkill
[INFO] [1787854532.626975947] [robot9.fragment_exec_node]: Setting up skill: CheckRoomSkill
[INFO] [1787854532.637221235] [robot9.fragment_exec_node]: Published robot registration: {'name': 'robot9', 'operational_state': 'idle', 'capabilities': ['undock', 'check_room', 'move_to', 'mop'], 'state': {'position': {'x': 0.0, 'y': 0.0, 'z': 0.0}, 'docked': True}}
[INFO] [1787854542.550871796] [robot9.fragment_exec_node]: Received fragment assignment: {'robot': 'robot9', 'fragment': {'id': 'fm1-1', 'mission': 'm1', 'state': 'assigned', 'wait': [], 'tasks': [{'name': 'check_room', 'label': 'check_room(r1)', 'params': {'x': 4, 'y': 2, 'size': 6}}], 'arrive_timestamp': 1787854534, 'priority': 1, 'segment': 's1'}}
[INFO] [1787854542.552741854] [robot9.fragment_exec_node]: Starting execution of fragment fm1-1...
[INFO] [1787854542.556403155] [robot9.fragment_exec_node]: Executing task check_room(r1). Params: {'x': 4, 'y': 2, 'size': 6}, Virtual state: {'position': {'x': 0.0, 'y': 0.0, 'z': 0.0}, 'docked': True}
[INFO] [1787854542.557278683] [robot9.fragment_exec_node]: EventType: Control (Task: check_room), Activity: undock, Robot: robot9, Mission: m1, Segment: s1, Start: 1787854542.5567102
[INFO] [1787854542.558052216] [robot9.fragment_exec_node]: Simulating undock skill...
[INFO] [1787854546.560246056] [robot9.fragment_exec_node]: Undock completed!
[INFO] [1787854546.561616126] [robot9.fragment_exec_node]: EventType: Control (Task: check_room), Activity: undock, Robot: robot9, Mission: m1, Segment: s1, End: 1787854546.560879
[INFO] [1787854546.563045463] [robot9.fragment_exec_node]: EventType: Control (Task: check_room), Activity: move_to, Robot: robot9, Mission: m1, Segment: s1, Start: 1787854546.5621467
[INFO] [1787854546.564417759] [robot9.fragment_exec_node]: Simulating navigate skill from position (0.0, 0.0) to (4, 2) (8.94427190999916 seconds)...
[INFO] [1787854555.511557925] [robot9.fragment_exec_node]: Navigation completed!
[INFO] [1787854555.514406258] [robot9.fragment_exec_node]: EventType: Control (Task: check_room), Activity: move_to, Robot: robot9, Mission: m1, Segment: s1, End: 1787854555.5126956
[INFO] [1787854555.515925136] [robot9.fragment_exec_node]: EventType: Task, Activity: check_room, Robot: robot9, Mission: m1, Segment: s1, Start: 1787854555.515017
[INFO] [1787854555.517640312] [robot9.fragment_exec_node]: Simulating check_room skill (9.0s to complete)...
[INFO] [1787854564.521338624] [robot9.fragment_exec_node]: Check room completed!
[INFO] [1787854564.523457962] [robot9.fragment_exec_node]: EventType: Task, Activity: check_room, Robot: robot9, Mission: m1, Segment: s1, End: 1787854564.5223427
[INFO] [1787854564.525778881] [robot9.fragment_exec_node]: Execution of fragment fm1-1 completed!
[INFO] [1787854598.539518928] [robot9.fragment_exec_node]: Received fragment assignment: {'robot': 'robot9', 'fragment': {'id': 'fm1-8', 'mission': 'm1', 'state': 'assigned', 'wait': ['vacuum(r2)'], 'tasks': [{'name': 'mop', 'label': 'mop(r2)', 'params': {'x': 6, 'y': 5, 'size': 3}}], 'arrive_timestamp': 1787854534, 'priority': 1, 'segment': 's2'}}
[INFO] [1787854598.541809061] [robot9.fragment_exec_node]: Starting execution of fragment fm1-8...
[INFO] [1787854598.546526997] [robot9.fragment_exec_node]: Waiting for coordination messages before executing fragment fm1-8: ['vacuum(r2)']
[INFO] [1787854600.552135147] [robot9.fragment_exec_node]: Executing task mop(r2). Params: {'x': 6, 'y': 5, 'size': 3}, Virtual state: {'position': {'x': 4, 'y': 2, 'z': 0.0}, 'docked': False}
[INFO] [1787854600.554854488] [robot9.fragment_exec_node]: EventType: Control (Task: mop), Activity: move_to, Robot: robot9, Mission: m1, Segment: s2, Start: 1787854600.5532713
[INFO] [1787854600.556703382] [robot9.fragment_exec_node]: Simulating navigate skill from position (4, 2) to (6, 5) (4.47213595499958 seconds)...
[INFO] [1787854605.033808156] [robot9.fragment_exec_node]: Navigation completed!
[INFO] [1787854605.036363742] [robot9.fragment_exec_node]: EventType: Control (Task: mop), Activity: move_to, Robot: robot9, Mission: m1, Segment: s2, End: 1787854605.034953
[INFO] [1787854605.038048471] [robot9.fragment_exec_node]: EventType: Task, Activity: mop, Robot: robot9, Mission: m1, Segment: s2, Start: 1787854605.0369859
[INFO] [1787854605.039752701] [robot9.fragment_exec_node]: Simulating mop skill (16.5s to complete)...
[INFO] [1787854621.543791475] [robot9.fragment_exec_node]: Mop completed!
[INFO] [1787854621.546478193] [robot9.fragment_exec_node]: EventType: Task, Activity: mop, Robot: robot9, Mission: m1, Segment: s2, End: 1787854621.5450234
[INFO] [1787854621.548735116] [robot9.fragment_exec_node]: Execution of fragment fm1-8 completed!
[INFO] [1787854667.544301900] [robot9.fragment_exec_node]: Received fragment assignment: {'robot': 'robot9', 'fragment': {'id': 'fm1-5', 'mission': 'm1', 'state': 'assigned', 'wait': ['disinfect(r1)'], 'tasks': [{'name': 'final_room_check', 'label': 'final_room_check(r1)', 'params': {'x': 4, 'y': 2, 'size': 6}}], 'arrive_timestamp': 1787854534, 'priority': 1, 'segment': 's1'}}
[INFO] [1787854667.546564646] [robot9.fragment_exec_node]: Starting execution of fragment fm1-5...
[INFO] [1787854667.547875532] [robot9.fragment_exec_node]: Waiting for coordination messages before executing fragment fm1-5: ['disinfect(r1)']
[ERROR] [1787854669.552887586] [robot9.fragment_exec_node]: Robot robot9 was assigned a fragment without required capabilities!
[INFO] [1787854669.555997027] [robot9.fragment_exec_node]: Executing task final_room_check(r1). Params: {'x': 4, 'y': 2, 'size': 6}, Virtual state: {'position': {'x': 6, 'y': 5, 'z': 0.0}, 'docked': False}
[INFO] [1787854669.558794830] [robot9.fragment_exec_node]: EventType: Control (Task: final_room_check), Activity: move_to, Robot: robot9, Mission: m1, Segment: s1, Start: 1787854669.5569372
[INFO] [1787854669.563411537] [robot9.fragment_exec_node]: Simulating navigate skill from position (6, 5) to (4, 2) (8.94427190999916 seconds)...
[INFO] [1787854678.510168972] [robot9.fragment_exec_node]: Navigation completed!
[INFO] [1787854678.513105361] [robot9.fragment_exec_node]: EventType: Control (Task: final_room_check), Activity: move_to, Robot: robot9, Mission: m1, Segment: s1, End: 1787854678.5112813
[INFO] [1787854678.514671379] [robot9.fragment_exec_node]: EventType: Task, Activity: final_room_check, Robot: robot9, Mission: m1, Segment: s1, Start: 1787854678.513731
[INFO] [1787854678.516463136] [robot9.fragment_exec_node]: Simulating check_room skill (9.0s to complete)...
[INFO] [1787854687.520579850] [robot9.fragment_exec_node]: Check room completed!
[INFO] [1787854687.522672339] [robot9.fragment_exec_node]: EventType: Task, Activity: final_room_check, Robot: robot9, Mission: m1, Segment: s1, End: 1787854687.521562
[INFO] [1787854687.525213430] [robot9.fragment_exec_node]: Execution of fragment fm1-5 completed!
Traceback (most recent call last):
  File "/root/ros2_ws/install/multi3_executor/lib/multi3_executor/executor", line 33, in <module>
    sys.exit(load_entry_point('multi3-executor==0.0.0', 'console_scripts', 'executor')())
  File "/root/ros2_ws/install/multi3_executor/lib/python3.10/site-packages/multi3_executor/nodes/executor.py", line 313, in main
    rclpy.shutdown()
  File "/opt/ros/humble/local/lib/python3.10/dist-packages/rclpy/__init__.py", line 130, in shutdown
    _shutdown(context=context)
  File "/opt/ros/humble/local/lib/python3.10/dist-packages/rclpy/utilities.py", line 58, in shutdown
    return context.shutdown()
  File "/opt/ros/humble/local/lib/python3.10/dist-packages/rclpy/context.py", line 102, in shutdown
    self.__context.shutdown()
rclpy._rclpy_pybind11.RCLError: failed to shutdown: rcl_shutdown already called on the given context, at ./src/rcl/init.c:241
