[INFO] [1787854526.592398323] [robot6.fragment_exec_node]: Setting up skill: UndockSkill
[INFO] [1787854526.593172657] [robot6.fragment_exec_node]: Setting up skill: NavigateSkill
[INFO] [1787854526.593881137] [robot6.fragment_exec_node]: Setting up skill: CheckRoomSkill
[INFO] [1787854526.594484107] [robot6.fragment_exec_node]: Setting up skill: MopSkill
[INFO] [1787854526.595025901] [robot6.fragment_exec_node]: Setting up skill: CheckRoomSkill
[INFO] [1787854526.604495717] [robot6.fragment_exec_node]: Published robot registration: {'name': 'robot6', 'operational_state': 'idle', 'capabilities': ['undock', 'check_room', 'move_to', 'mop'], 'state': {'position': {'x': 0.0, 'y': 0.0, 'z': 0.0}, 'docked': True}}
[INFO] [1787854542.536939330] [robot6.fragment_exec_node]: Received fragment assignment: {'robot': 'robot6', 'fragment': {'id': 'fm1-6', 'mission': 'm1', 'state': 'assigned', 'wait': [], 'tasks': [{'name': 'check_room', 'label': 'check_room(r2)', 'params': {'x': 6, 'y': 5, 'size': 3}}], 'arrive_timestamp': 1787854534, 'priority': 1, 'segment': 's2'}}
[INFO] [1787854542.538709656] [robot6.fragment_exec_node]: Starting execution of fragment fm1-6...
[INFO] [1787854542.544051752] [robot6.fragment_exec_node]: Executing task check_room(r2). Params: {'x': 6, 'y': 5, 'size': 3}, Virtual state: {'position': {'x': 0.0, 'y': 0.0, 'z': 0.0}, 'docked': True}
[INFO] [1787854542.548878019] [robot6.fragment_exec_node]: EventType: Control (Task: check_room), Activity: undock, Robot: robot6, Mission: m1, Segment: s2, Start: 1787854542.5448966
[INFO] [1787854542.549952704] [robot6.fragment_exec_node]: Simulating undock skill...
[INFO] [1787854546.554538146] [robot6.fragment_exec_node]: Undock completed!
[INFO] [1787854546.557221743] [robot6.fragment_exec_node]: EventType: Control (Task: check_room), Activity: undock, Robot: robot6, Mission: m1, Segment: s2, End: 1787854546.5552964
[INFO] [1787854546.559170972] [robot6.fragment_exec_node]: EventType: Control (Task: check_room), Activity: move_to, Robot: robot6, Mission: m1, Segment: s2, Start: 1787854546.557974
[INFO] [1787854546.561028794] [robot6.fragment_exec_node]: Simulating navigate skill from position (0.0, 0.0) to (6, 5) (15.620499351813308 seconds)...
[INFO] [1787854562.184423862] [robot6.fragment_exec_node]: Navigation completed!
[INFO] [1787854562.187426718] [robot6.fragment_exec_node]: EventType: Control (Task: check_room), Activity: move_to, Robot: robot6, Mission: m1, Segment: s2, End: 1787854562.1856966
[INFO] [1787854562.189222918] [robot6.fragment_exec_node]: EventType: Task, Activity: check_room, Robot: robot6, Mission: m1, Segment: s2, Start: 1787854562.1880527
[INFO] [1787854562.190729325] [robot6.fragment_exec_node]: Simulating check_room skill (4.5s to complete)...
[INFO] [1787854566.694283721] [robot6.fragment_exec_node]: Check room completed!
[INFO] [1787854566.696703311] [robot6.fragment_exec_node]: EventType: Task, Activity: check_room, Robot: robot6, Mission: m1, Segment: s2, End: 1787854566.6952918
[INFO] [1787854566.700318928] [robot6.fragment_exec_node]: Execution of fragment fm1-6 completed!
[INFO] [1787854599.572543873] [robot6.fragment_exec_node]: Received fragment assignment: {'robot': 'robot6', 'fragment': {'id': 'fm1-3', 'mission': 'm1', 'state': 'assigned', 'wait': ['vacuum(r1)'], 'tasks': [{'name': 'mop', 'label': 'mop(r1)', 'params': {'x': 4, 'y': 2, 'size': 6}}], 'arrive_timestamp': 1787854534, 'priority': 1, 'segment': 's1'}}
[INFO] [1787854599.573075467] [robot6.fragment_exec_node]: Starting execution of fragment fm1-3...
[INFO] [1787854599.573834638] [robot6.fragment_exec_node]: Waiting for coordination messages before executing fragment fm1-3: ['vacuum(r1)']
[INFO] [1787854601.578872844] [robot6.fragment_exec_node]: Executing task mop(r1). Params: {'x': 4, 'y': 2, 'size': 6}, Virtual state: {'position': {'x': 6, 'y': 5, 'z': 0.0}, 'docked': False}
[INFO] [1787854601.580838712] [robot6.fragment_exec_node]: EventType: Control (Task: mop), Activity: move_to, Robot: robot6, Mission: m1, Segment: s1, Start: 1787854601.5797071
[INFO] [1787854601.582418419] [robot6.fragment_exec_node]: Simulating navigate skill from position (6, 5) to (4, 2) (8.94427190999916 seconds)...
[INFO] [1787854610.531015408] [robot6.fragment_exec_node]: Navigation completed!
[INFO] [1787854610.534021538] [robot6.fragment_exec_node]: EventType: Control (Task: mop), Activity: move_to, Robot: robot6, Mission: m1, Segment: s1, End: 1787854610.532091
[INFO] [1787854610.535762322] [robot6.fragment_exec_node]: EventType: Task, Activity: mop, Robot: robot6, Mission: m1, Segment: s1, Start: 1787854610.5346606
[INFO] [1787854610.537422590] [robot6.fragment_exec_node]: Simulating mop skill (33.0s to complete)...
[INFO] [1787854643.541237113] [robot6.fragment_exec_node]: Mop completed!
[INFO] [1787854643.544257001] [robot6.fragment_exec_node]: EventType: Task, Activity: mop, Robot: robot6, Mission: m1, Segment: s1, End: 1787854643.542471
[INFO] [1787854643.546809468] [robot6.fragment_exec_node]: Execution of fragment fm1-3 completed!
Traceback (most recent call last):
  File "/root/ros2_ws/install/multi3_executor/lib/multi3_executor/executor", line 33, in <module>
    sys.exit(load_entry_point('multi3-executor==0.0.0', 'console_scripts', 'executor')())
  File "/root/ros2_ws/install/multi3_executor/lib/python3.10/site-packages/multi3_executor/nodes/executor.py", line 313, in main
    rclpy.shutdown()
  File "/opt/ros/humble/local/lib/python3.10/dist-packages/rclpy/__init__.py", line 130, in shutdown
    _shutdown(context=context)
  File "/opt/ros/humble/local/lib/python3.10/dist-packages/rclpy/utilities.py", line 58, in shutdown
    return context.shutdown()
  File "/opt/ros/humble/local/lib/python3.10/dist-packages/rclpy/context.py", line 102, in shutdown
    self.__context.shutdown()
rclpy._rclpy_pybind11.RCLError: failed to shutdown: rcl_shutdown already called on the given context, at ./src/rcl/init.c:241
