[INFO] [1787849104.487859708] [robot1.fragment_exec_node]: Setting up skill: NavigateSkill
[INFO] [1787849104.489023048] [robot1.fragment_exec_node]: Setting up skill: InspectSkill
[INFO] [1787849104.489759958] [robot1.fragment_exec_node]: Setting up skill: InspectSkill
[INFO] [1787849104.490431861] [robot1.fragment_exec_node]: Setting up skill: AlignCameraSkill
[INFO] [1787849104.495559856] [robot1.fragment_exec_node]: Published robot registration: {'name': 'robot1', 'operational_state': 'idle', 'capabilities': ['inspect', 'move_to', 'align_camera'], 'state': {'position': {'x': 0.0, 'y': 0.0, 'z': 0.0}, 'docked': True}}
[INFO] [1787849128.732349366] [robot1.fragment_exec_node]: Received fragment assignment: {'robot': 'robot1', 'fragment': {'id': 'fm1-1', 'mission': 'm1', 'state': 'assigned', 'wait': [], 'tasks': [{'name': 'inspect', 'label': 'inspect(f1)', 'params': {'x': 0, 'y': 3, 'size': 8}}], 'arrive_timestamp': 1787849120, 'priority': 1, 'segment': 's1'}}
[INFO] [1787849128.749922805] [robot1.fragment_exec_node]: Starting execution of fragment fm1-1...
[INFO] [1787849128.751977275] [robot1.fragment_exec_node]: Executing task inspect(f1). Params: {'x': 0, 'y': 3, 'size': 8}, Virtual state: {'position': {'x': 0.0, 'y': 0.0, 'z': 0.0}, 'docked': True}
[INFO] [1787849128.753193263] [robot1.fragment_exec_node]: EventType: Control (Task: inspect), Activity: move_to, Robot: robot1, Mission: m1, Segment: s1, Start: 1787849128.752268
[INFO] [1787849128.753737724] [robot1.fragment_exec_node]: Simulating navigate skill from position (0.0, 0.0) to (0, 3) (6.0 seconds)...
[INFO] [1787849134.755188227] [robot1.fragment_exec_node]: Navigation completed!
[INFO] [1787849134.756713722] [robot1.fragment_exec_node]: EventType: Control (Task: inspect), Activity: move_to, Robot: robot1, Mission: m1, Segment: s1, End: 1787849134.7560728
[INFO] [1787849134.757568318] [robot1.fragment_exec_node]: EventType: Control (Task: inspect), Activity: align_camera, Robot: robot1, Mission: m1, Segment: s1, Start: 1787849134.756959
[INFO] [1787849134.758411911] [robot1.fragment_exec_node]: Simulating align_camera skill...
[INFO] [1787849137.760254880] [robot1.fragment_exec_node]: Align camera completed!
[INFO] [1787849137.761152054] [robot1.fragment_exec_node]: EventType: Control (Task: inspect), Activity: align_camera, Robot: robot1, Mission: m1, Segment: s1, End: 1787849137.76056
[INFO] [1787849137.761918278] [robot1.fragment_exec_node]: EventType: Task, Activity: inspect, Robot: robot1, Mission: m1, Segment: s1, Start: 1787849137.7615063
[INFO] [1787849137.762791210] [robot1.fragment_exec_node]: Simulating inspect skill (16s to complete)...
[INFO] [1787849153.765809334] [robot1.fragment_exec_node]: Inspect completed!
[INFO] [1787849153.767154757] [robot1.fragment_exec_node]: EventType: Task, Activity: inspect, Robot: robot1, Mission: m1, Segment: s1, End: 1787849153.7662947
[INFO] [1787849153.769021125] [robot1.fragment_exec_node]: Execution of fragment fm1-1 completed!
[INFO] [1787849154.738452338] [robot1.fragment_exec_node]: Received fragment assignment: {'robot': 'robot1', 'fragment': {'id': 'fm1-20', 'mission': 'm1', 'state': 'assigned', 'wait': [], 'tasks': [{'name': 'inspect', 'label': 'inspect(f8)', 'params': {'x': 7.5, 'y': 7.5, 'size': 4}}], 'arrive_timestamp': 1787849120, 'priority': 1, 'segment': 's8'}}
[INFO] [1787849154.739066029] [robot1.fragment_exec_node]: Starting execution of fragment fm1-20...
[INFO] [1787849154.740079470] [robot1.fragment_exec_node]: Executing task inspect(f8). Params: {'x': 7.5, 'y': 7.5, 'size': 4}, Virtual state: {'position': {'x': 0, 'y': 3, 'z': 0.0}, 'docked': True}
[INFO] [1787849154.741482999] [robot1.fragment_exec_node]: EventType: Control (Task: inspect), Activity: move_to, Robot: robot1, Mission: m1, Segment: s8, Start: 1787849154.740452
[INFO] [1787849154.742409494] [robot1.fragment_exec_node]: Simulating navigate skill from position (0, 3) to (7.5, 7.5) (21.213203435596427 seconds)...
[INFO] [1787849175.958752884] [robot1.fragment_exec_node]: Navigation completed!
[INFO] [1787849175.960839640] [robot1.fragment_exec_node]: EventType: Control (Task: inspect), Activity: move_to, Robot: robot1, Mission: m1, Segment: s8, End: 1787849175.9599037
[INFO] [1787849175.964357314] [robot1.fragment_exec_node]: EventType: Control (Task: inspect), Activity: align_camera, Robot: robot1, Mission: m1, Segment: s8, Start: 1787849175.963245
[INFO] [1787849175.966038288] [robot1.fragment_exec_node]: Simulating align_camera skill...
[INFO] [1787849178.968068058] [robot1.fragment_exec_node]: Align camera completed!
[INFO] [1787849178.969019705] [robot1.fragment_exec_node]: EventType: Control (Task: inspect), Activity: align_camera, Robot: robot1, Mission: m1, Segment: s8, End: 1787849178.968519
[INFO] [1787849178.969965623] [robot1.fragment_exec_node]: EventType: Task, Activity: inspect, Robot: robot1, Mission: m1, Segment: s8, Start: 1787849178.9694524
[INFO] [1787849178.970623806] [robot1.fragment_exec_node]: Simulating inspect skill (8s to complete)...
[INFO] [1787849186.972776180] [robot1.fragment_exec_node]: Inspect completed!
[INFO] [1787849186.975640372] [robot1.fragment_exec_node]: EventType: Task, Activity: inspect, Robot: robot1, Mission: m1, Segment: s8, End: 1787849186.973828
[INFO] [1787849186.978903891] [robot1.fragment_exec_node]: Execution of fragment fm1-20 completed!
[INFO] [1787849279.729509414] [robot1.fragment_exec_node]: Received fragment assignment: {'robot': 'robot1', 'fragment': {'id': 'fm1-23', 'mission': 'm1', 'state': 'assigned', 'wait': ['spray(f1)', 'spray(f2)', 'irrigate(f3)', 'spray(f4)', 'spray(f5)', 'irrigate(f6)', 'spray(f7)', 'spray(f8)'], 'tasks': [{'name': 'final_inspection', 'label': 'final_inspection()', 'params': {'x': 5, 'y': 5, 'size': 20}}], 'arrive_timestamp': 1787849120, 'priority': 1, 'segment': 's8'}}
[INFO] [1787849279.733021373] [robot1.fragment_exec_node]: Starting execution of fragment fm1-23...
[ERROR] [1787849279.734572178] [robot1.fragment_exec_node]: Robot robot1 was assigned a fragment without required capabilities!
[INFO] [1787849279.735580615] [robot1.fragment_exec_node]: Executing task final_inspection(). Params: {'x': 5, 'y': 5, 'size': 20}, Virtual state: {'position': {'x': 7.5, 'y': 7.5, 'z': 0.0}, 'docked': True}
[INFO] [1787849279.736421862] [robot1.fragment_exec_node]: EventType: Control (Task: final_inspection), Activity: move_to, Robot: robot1, Mission: m1, Segment: s8, Start: 1787849279.735949
[INFO] [1787849279.737205367] [robot1.fragment_exec_node]: Simulating navigate skill from position (7.5, 7.5) to (5, 5) (7.0710678118654755 seconds)...
[INFO] [1787849286.812259454] [robot1.fragment_exec_node]: Navigation completed!
[INFO] [1787849286.814504850] [robot1.fragment_exec_node]: EventType: Control (Task: final_inspection), Activity: move_to, Robot: robot1, Mission: m1, Segment: s8, End: 1787849286.8134043
[INFO] [1787849286.816257795] [robot1.fragment_exec_node]: EventType: Control (Task: final_inspection), Activity: align_camera, Robot: robot1, Mission: m1, Segment: s8, Start: 1787849286.8150828
[INFO] [1787849286.817677834] [robot1.fragment_exec_node]: Simulating align_camera skill...
[INFO] [1787849289.820072901] [robot1.fragment_exec_node]: Align camera completed!
[INFO] [1787849289.822355219] [robot1.fragment_exec_node]: EventType: Control (Task: final_inspection), Activity: align_camera, Robot: robot1, Mission: m1, Segment: s8, End: 1787849289.8209476
[INFO] [1787849289.824142175] [robot1.fragment_exec_node]: EventType: Task, Activity: final_inspection, Robot: robot1, Mission: m1, Segment: s8, Start: 1787849289.8230476
[INFO] [1787849289.825522132] [robot1.fragment_exec_node]: Simulating inspect skill (40s to complete)...
[INFO] [1787849329.829535269] [robot1.fragment_exec_node]: Inspect completed!
[INFO] [1787849329.831164778] [robot1.fragment_exec_node]: EventType: Task, Activity: final_inspection, Robot: robot1, Mission: m1, Segment: s8, End: 1787849329.830463
[INFO] [1787849329.832368807] [robot1.fragment_exec_node]: Execution of fragment fm1-23 completed!
Traceback (most recent call last):
  File "/root/ros2_ws/install/multi3_executor/lib/multi3_executor/executor", line 33, in <module>
    sys.exit(load_entry_point('multi3-executor==0.0.0', 'console_scripts', 'executor')())
  File "/root/ros2_ws/install/multi3_executor/lib/python3.10/site-packages/multi3_executor/nodes/executor.py", line 300, in main
    rclpy.shutdown()
  File "/opt/ros/humble/local/lib/python3.10/dist-packages/rclpy/__init__.py", line 130, in shutdown
    _shutdown(context=context)
  File "/opt/ros/humble/local/lib/python3.10/dist-packages/rclpy/utilities.py", line 58, in shutdown
    return context.shutdown()
  File "/opt/ros/humble/local/lib/python3.10/dist-packages/rclpy/context.py", line 102, in shutdown
    self.__context.shutdown()
rclpy._rclpy_pybind11.RCLError: failed to shutdown: rcl_shutdown already called on the given context, at ./src/rcl/init.c:241
