[INFO] [1787849111.025436867] [robot4.fragment_exec_node]: Setting up skill: NavigateSkill
[INFO] [1787849111.026607241] [robot4.fragment_exec_node]: Setting up skill: InspectSkill
[INFO] [1787849111.027930123] [robot4.fragment_exec_node]: Setting up skill: IrrigateSkill
[INFO] [1787849111.028456491] [robot4.fragment_exec_node]: Setting up skill: InspectSkill
[INFO] [1787849111.028961962] [robot4.fragment_exec_node]: Setting up skill: AlignCameraSkill
[INFO] [1787849111.038778327] [robot4.fragment_exec_node]: Published robot registration: {'name': 'robot4', 'operational_state': 'idle', 'capabilities': ['irrigate', 'move_to', 'inspect', 'align_camera'], 'state': {'position': {'x': 0.0, 'y': 0.0, 'z': 0.0}, 'docked': True}}
[INFO] [1787849128.732185076] [robot4.fragment_exec_node]: Received fragment assignment: {'robot': 'robot4', 'fragment': {'id': 'fm1-9', 'mission': 'm1', 'state': 'assigned', 'wait': [], 'tasks': [{'name': 'inspect', 'label': 'inspect(f4)', 'params': {'x': 3, 'y': 3, 'size': 4}}], 'arrive_timestamp': 1787849120, 'priority': 1, 'segment': 's4'}}
[INFO] [1787849128.734392819] [robot4.fragment_exec_node]: Starting execution of fragment fm1-9...
[INFO] [1787849128.739866909] [robot4.fragment_exec_node]: Executing task inspect(f4). Params: {'x': 3, 'y': 3, 'size': 4}, Virtual state: {'position': {'x': 0.0, 'y': 0.0, 'z': 0.0}, 'docked': True}
[INFO] [1787849128.741301744] [robot4.fragment_exec_node]: EventType: Control (Task: inspect), Activity: move_to, Robot: robot4, Mission: m1, Segment: s4, Start: 1787849128.7402234
[INFO] [1787849128.742294205] [robot4.fragment_exec_node]: Simulating navigate skill from position (0.0, 0.0) to (3, 3) (8.48528137423857 seconds)...
[INFO] [1787849137.230110037] [robot4.fragment_exec_node]: Navigation completed!
[INFO] [1787849137.231045361] [robot4.fragment_exec_node]: EventType: Control (Task: inspect), Activity: move_to, Robot: robot4, Mission: m1, Segment: s4, End: 1787849137.2306664
[INFO] [1787849137.232628780] [robot4.fragment_exec_node]: EventType: Control (Task: inspect), Activity: align_camera, Robot: robot4, Mission: m1, Segment: s4, Start: 1787849137.231383
[INFO] [1787849137.233412685] [robot4.fragment_exec_node]: Simulating align_camera skill...
[INFO] [1787849140.235407973] [robot4.fragment_exec_node]: Align camera completed!
[INFO] [1787849140.236104304] [robot4.fragment_exec_node]: EventType: Control (Task: inspect), Activity: align_camera, Robot: robot4, Mission: m1, Segment: s4, End: 1787849140.2357767
[INFO] [1787849140.236812287] [robot4.fragment_exec_node]: EventType: Task, Activity: inspect, Robot: robot4, Mission: m1, Segment: s4, Start: 1787849140.236489
[INFO] [1787849140.237341304] [robot4.fragment_exec_node]: Simulating inspect skill (8s to complete)...
[INFO] [1787849148.239922969] [robot4.fragment_exec_node]: Inspect completed!
[INFO] [1787849148.241932688] [robot4.fragment_exec_node]: EventType: Task, Activity: inspect, Robot: robot4, Mission: m1, Segment: s4, End: 1787849148.2408297
[INFO] [1787849148.243836136] [robot4.fragment_exec_node]: Execution of fragment fm1-9 completed!
[INFO] [1787849148.724096932] [robot4.fragment_exec_node]: Received fragment assignment: {'robot': 'robot4', 'fragment': {'id': 'fm1-17', 'mission': 'm1', 'state': 'assigned', 'wait': [], 'tasks': [{'name': 'inspect', 'label': 'inspect(f7)', 'params': {'x': 7.5, 'y': 3, 'size': 5}}], 'arrive_timestamp': 1787849120, 'priority': 1, 'segment': 's7'}}
[INFO] [1787849148.726960716] [robot4.fragment_exec_node]: Starting execution of fragment fm1-17...
[INFO] [1787849148.729090228] [robot4.fragment_exec_node]: Executing task inspect(f7). Params: {'x': 7.5, 'y': 3, 'size': 5}, Virtual state: {'position': {'x': 3, 'y': 3, 'z': 0.0}, 'docked': True}
[INFO] [1787849148.731273709] [robot4.fragment_exec_node]: EventType: Control (Task: inspect), Activity: move_to, Robot: robot4, Mission: m1, Segment: s7, Start: 1787849148.7297502
[INFO] [1787849148.734925449] [robot4.fragment_exec_node]: Simulating navigate skill from position (3, 3) to (7.5, 3) (9.0 seconds)...
[INFO] [1787849157.739246010] [robot4.fragment_exec_node]: Navigation completed!
[INFO] [1787849157.742063838] [robot4.fragment_exec_node]: EventType: Control (Task: inspect), Activity: move_to, Robot: robot4, Mission: m1, Segment: s7, End: 1787849157.7411242
[INFO] [1787849157.743214571] [robot4.fragment_exec_node]: EventType: Control (Task: inspect), Activity: align_camera, Robot: robot4, Mission: m1, Segment: s7, Start: 1787849157.7424724
[INFO] [1787849157.744313131] [robot4.fragment_exec_node]: Simulating align_camera skill...
[INFO] [1787849160.748307327] [robot4.fragment_exec_node]: Align camera completed!
[INFO] [1787849160.750696349] [robot4.fragment_exec_node]: EventType: Control (Task: inspect), Activity: align_camera, Robot: robot4, Mission: m1, Segment: s7, End: 1787849160.7491095
[INFO] [1787849160.753324361] [robot4.fragment_exec_node]: EventType: Task, Activity: inspect, Robot: robot4, Mission: m1, Segment: s7, Start: 1787849160.7514884
[INFO] [1787849160.755089111] [robot4.fragment_exec_node]: Simulating inspect skill (10s to complete)...
[INFO] [1787849170.759046266] [robot4.fragment_exec_node]: Inspect completed!
[INFO] [1787849170.761312687] [robot4.fragment_exec_node]: EventType: Task, Activity: inspect, Robot: robot4, Mission: m1, Segment: s7, End: 1787849170.7601662
[INFO] [1787849170.764234721] [robot4.fragment_exec_node]: Execution of fragment fm1-17 completed!
[INFO] [1787849171.721363606] [robot4.fragment_exec_node]: Received fragment assignment: {'robot': 'robot4', 'fragment': {'id': 'fm1-13', 'mission': 'm1', 'state': 'assigned', 'wait': ['inspect(f5)'], 'tasks': [{'name': 'irrigate', 'label': 'irrigate(f5)', 'params': {'x': 3, 'y': 7.5, 'size': 9}}], 'arrive_timestamp': 1787849120, 'priority': 1, 'segment': 's5'}}
[INFO] [1787849171.722742825] [robot4.fragment_exec_node]: Starting execution of fragment fm1-13...
[INFO] [1787849171.724943755] [robot4.fragment_exec_node]: Executing task irrigate(f5). Params: {'x': 3, 'y': 7.5, 'size': 9}, Virtual state: {'position': {'x': 7.5, 'y': 3, 'z': 0.0}, 'docked': True}
[INFO] [1787849171.726460517] [robot4.fragment_exec_node]: EventType: Control (Task: irrigate), Activity: move_to, Robot: robot4, Mission: m1, Segment: s5, Start: 1787849171.7256665
[INFO] [1787849171.727549673] [robot4.fragment_exec_node]: Simulating navigate skill from position (7.5, 3) to (3, 7.5) (9.0 seconds)...
[INFO] [1787849180.730439962] [robot4.fragment_exec_node]: Navigation completed!
[INFO] [1787849180.734046508] [robot4.fragment_exec_node]: EventType: Control (Task: irrigate), Activity: move_to, Robot: robot4, Mission: m1, Segment: s5, End: 1787849180.731523
[INFO] [1787849180.735436903] [robot4.fragment_exec_node]: EventType: Task, Activity: irrigate, Robot: robot4, Mission: m1, Segment: s5, Start: 1787849180.7345138
[INFO] [1787849180.736645124] [robot4.fragment_exec_node]: Simulating irrigate skill (36s to complete)...
[INFO] [1787849216.745296596] [robot4.fragment_exec_node]: Irrigate completed!
[INFO] [1787849216.746006403] [robot4.fragment_exec_node]: EventType: Task, Activity: irrigate, Robot: robot4, Mission: m1, Segment: s5, End: 1787849216.7456508
[INFO] [1787849216.746860936] [robot4.fragment_exec_node]: Execution of fragment fm1-13 completed!
Traceback (most recent call last):
  File "/root/ros2_ws/install/multi3_executor/lib/multi3_executor/executor", line 33, in <module>
    sys.exit(load_entry_point('multi3-executor==0.0.0', 'console_scripts', 'executor')())
  File "/root/ros2_ws/install/multi3_executor/lib/python3.10/site-packages/multi3_executor/nodes/executor.py", line 300, in main
    rclpy.shutdown()
  File "/opt/ros/humble/local/lib/python3.10/dist-packages/rclpy/__init__.py", line 130, in shutdown
    _shutdown(context=context)
  File "/opt/ros/humble/local/lib/python3.10/dist-packages/rclpy/utilities.py", line 58, in shutdown
    return context.shutdown()
  File "/opt/ros/humble/local/lib/python3.10/dist-packages/rclpy/context.py", line 102, in shutdown
    self.__context.shutdown()
rclpy._rclpy_pybind11.RCLError: failed to shutdown: rcl_shutdown already called on the given context, at ./src/rcl/init.c:241
