[INFO] [1787855393.599678427] [multi3_coordinator_node]: Assignment strategy parameter: closest
[INFO] [1787855393.600509386] [multi3_coordinator_node]: Using assignment strategy: closest
[INFO] [1787855393.609823126] [multi3_coordinator_node]: Coordinator node started.
[INFO] [1787855396.655532040] [multi3_coordinator_node]: Received new robot info: {'name': 'robot1', 'operational_state': 'idle', 'capabilities': ['undock', 'check_room', 'move_to', 'vacuum', 'disinfect'], 'state': {'position': {'x': 0.0, 'y': 0.0, 'z': 0.0}, 'docked': True}, 'last_heartbeat': 1787855396}
[INFO] [1787855398.994136170] [multi3_coordinator_node]: Received new robot info: {'name': 'robot2', 'operational_state': 'idle', 'capabilities': ['undock', 'check_room', 'move_to', 'vacuum', 'disinfect'], 'state': {'position': {'x': 0.0, 'y': 0.0, 'z': 0.0}, 'docked': True}, 'last_heartbeat': 1787855398}
[INFO] [1787855401.012670672] [multi3_coordinator_node]: Received new robot info: {'name': 'robot3', 'operational_state': 'idle', 'capabilities': ['undock', 'check_room', 'move_to', 'vacuum', 'disinfect'], 'state': {'position': {'x': 0.0, 'y': 0.0, 'z': 0.0}, 'docked': True}, 'last_heartbeat': 1787855401}
[INFO] [1787855403.002980120] [multi3_coordinator_node]: Received new robot info: {'name': 'robot4', 'operational_state': 'idle', 'capabilities': ['undock', 'check_room', 'move_to', 'mop', 'disinfect'], 'state': {'position': {'x': 0.0, 'y': 0.0, 'z': 0.0}, 'docked': True}, 'last_heartbeat': 1787855403}
[INFO] [1787855405.112485546] [multi3_coordinator_node]: Received new robot info: {'name': 'robot5', 'operational_state': 'idle', 'capabilities': ['undock', 'check_room', 'move_to', 'mop', 'disinfect'], 'state': {'position': {'x': 0.0, 'y': 0.0, 'z': 0.0}, 'docked': True}, 'last_heartbeat': 1787855405}
[INFO] [1787855407.074554860] [multi3_coordinator_node]: Received new robot info: {'name': 'robot6', 'operational_state': 'idle', 'capabilities': ['undock', 'check_room', 'move_to', 'mop'], 'state': {'position': {'x': 0.0, 'y': 0.0, 'z': 0.0}, 'docked': True}, 'last_heartbeat': 1787855407}
[INFO] [1787855409.047894817] [multi3_coordinator_node]: Received new robot info: {'name': 'robot7', 'operational_state': 'idle', 'capabilities': ['undock', 'check_room', 'move_to', 'mop'], 'state': {'position': {'x': 0.0, 'y': 0.0, 'z': 0.0}, 'docked': True}, 'last_heartbeat': 1787855409}
[INFO] [1787855411.049397905] [multi3_coordinator_node]: Received new robot info: {'name': 'robot8', 'operational_state': 'idle', 'capabilities': ['undock', 'check_room', 'move_to', 'mop'], 'state': {'position': {'x': 0.0, 'y': 0.0, 'z': 0.0}, 'docked': True}, 'last_heartbeat': 1787855411}
[INFO] [1787855413.096564179] [multi3_coordinator_node]: Received new robot info: {'name': 'robot9', 'operational_state': 'idle', 'capabilities': ['undock', 'check_room', 'move_to', 'mop'], 'state': {'position': {'x': 0.0, 'y': 0.0, 'z': 0.0}, 'docked': True}, 'last_heartbeat': 1787855413}
[INFO] [1787855414.693539386] [multi3_coordinator_node]: Received mission: {'mission': 'm1', 'priority': 1, 'fragments': [{'id': 'fm1-1', 'wait': [], 'tasks': [{'name': 'check_room', 'label': 'check_room(r1)', 'params': {'x': 4, 'y': 2, 'size': 6}}], 'segment': 's1'}, {'id': 'fm1-2', 'wait': ['check_room(r1)'], 'tasks': [{'name': 'vacuum', 'label': 'vacuum(r1)', 'params': {'x': 4, 'y': 2, 'size': 6}}], 'segment': 's1'}, {'id': 'fm1-3', 'wait': ['vacuum(r1)'], 'tasks': [{'name': 'mop', 'label': 'mop(r1)', 'params': {'x': 4, 'y': 2, 'size': 6}}], 'segment': 's1'}, {'id': 'fm1-4', 'wait': ['mop(r1)'], 'tasks': [{'name': 'disinfect', 'label': 'disinfect(r1)', 'params': {'x': 4, 'y': 2, 'size': 6}}], 'segment': 's1'}, {'id': 'fm1-5', 'wait': ['disinfect(r1)'], 'tasks': [{'name': 'final_room_check', 'label': 'final_room_check(r1)', 'params': {'x': 4, 'y': 2, 'size': 6}}], 'segment': 's1'}, {'id': 'fm1-6', 'wait': [], 'tasks': [{'name': 'check_room', 'label': 'check_room(r2)', 'params': {'x': 6, 'y': 5, 'size': 3}}], 'segment': 's2'}, {'id': 'fm1-7', 'wait': ['check_room(r2)'], 'tasks': [{'name': 'vacuum', 'label': 'vacuum(r2)', 'params': {'x': 6, 'y': 5, 'size': 3}}], 'segment': 's2'}, {'id': 'fm1-8', 'wait': ['vacuum(r2)'], 'tasks': [{'name': 'mop', 'label': 'mop(r2)', 'params': {'x': 6, 'y': 5, 'size': 3}}], 'segment': 's2'}, {'id': 'fm1-9', 'wait': ['mop(r2)'], 'tasks': [{'name': 'disinfect', 'label': 'disinfect(r2)', 'params': {'x': 6, 'y': 5, 'size': 3}}], 'segment': 's2'}, {'id': 'fm1-10', 'wait': ['disinfect(r2)'], 'tasks': [{'name': 'final_room_check', 'label': 'final_room_check(r2)', 'params': {'x': 6, 'y': 5, 'size': 3}}], 'segment': 's2'}, {'id': 'fm1-11', 'wait': [], 'tasks': [{'name': 'check_room', 'label': 'check_room(r3)', 'params': {'x': 3, 'y': 6, 'size': 7}}], 'segment': 's3'}, {'id': 'fm1-12', 'wait': ['check_room(r3)'], 'tasks': [{'name': 'vacuum', 'label': 'vacuum(r3)', 'params': {'x': 3, 'y': 6, 'size': 7}}], 'segment': 's3'}, {'id': 'fm1-13', 'wait': ['vacuum(r3)'], 'tasks': [{'name': 'mop', 'label': 'mop(r3)', 'params': {'x': 3, 'y': 6, 'size': 7}}], 'segment': 's3'}, {'id': 'fm1-14', 'wait': ['mop(r3)'], 'tasks': [{'name': 'disinfect', 'label': 'disinfect(r3)', 'params': {'x': 3, 'y': 6, 'size': 7}}], 'segment': 's3'}, {'id': 'fm1-15', 'wait': ['disinfect(r3)'], 'tasks': [{'name': 'final_room_check', 'label': 'final_room_check(r3)', 'params': {'x': 3, 'y': 6, 'size': 7}}], 'segment': 's3'}, {'id': 'fm1-16', 'wait': [], 'tasks': [{'name': 'check_room', 'label': 'check_room(r4)', 'params': {'x': 5, 'y': 4, 'size': 4}}], 'segment': 's4'}, {'id': 'fm1-17', 'wait': ['check_room(r4)'], 'tasks': [{'name': 'vacuum', 'label': 'vacuum(r4)', 'params': {'x': 5, 'y': 4, 'size': 4}}], 'segment': 's4'}, {'id': 'fm1-18', 'wait': ['vacuum(r4)'], 'tasks': [{'name': 'mop', 'label': 'mop(r4)', 'params': {'x': 5, 'y': 4, 'size': 4}}], 'segment': 's4'}, {'id': 'fm1-19', 'wait': ['mop(r4)'], 'tasks': [{'name': 'disinfect', 'label': 'disinfect(r4)', 'params': {'x': 5, 'y': 4, 'size': 4}}], 'segment': 's4'}, {'id': 'fm1-20', 'wait': ['disinfect(r4)'], 'tasks': [{'name': 'final_room_check', 'label': 'final_room_check(r4)', 'params': {'x': 5, 'y': 4, 'size': 4}}], 'segment': 's4'}]}
[INFO] [1787855414.694481908] [multi3_coordinator_node]: Fragment fm1-1 is now executable because all signal messages were received.
[INFO] [1787855414.695123125] [multi3_coordinator_node]: Fragment fm1-6 is now executable because all signal messages were received.
[INFO] [1787855414.695620973] [multi3_coordinator_node]: Fragment fm1-11 is now executable because all signal messages were received.
[INFO] [1787855414.696217198] [multi3_coordinator_node]: Fragment fm1-16 is now executable because all signal messages were received.
[INFO] [1787855421.976776167] [multi3_coordinator_node]: Execution start signal received. Starting fragment assignment.
[INFO] [1787855423.025079726] [multi3_coordinator_node]: Assigned fragment fm1-1 to robot robot1.
[INFO] [1787855423.026392824] [multi3_coordinator_node]: Assigned fragment fm1-16 to robot robot2.
[INFO] [1787855423.028045540] [multi3_coordinator_node]: Assigned fragment fm1-11 to robot robot3.
[INFO] [1787855423.029233365] [multi3_coordinator_node]: Assigned fragment fm1-6 to robot robot4.
[INFO] [1787855423.046229457] [multi3_coordinator_node]: Received robot state update from robot robot3: {'operational_state': 'working', 'current_assigned_fragment': 'fm1-11', 'state': {'position': {'x': 0.0, 'y': 0.0, 'z': 0.0}, 'docked': True}}
[INFO] [1787855423.048687799] [multi3_coordinator_node]: Received robot state update from robot robot1: {'operational_state': 'working', 'current_assigned_fragment': 'fm1-1', 'state': {'position': {'x': 0.0, 'y': 0.0, 'z': 0.0}, 'docked': True}}
[INFO] [1787855423.049837206] [multi3_coordinator_node]: Received robot state update from robot robot2: {'operational_state': 'working', 'current_assigned_fragment': 'fm1-16', 'state': {'position': {'x': 0.0, 'y': 0.0, 'z': 0.0}, 'docked': True}}
[INFO] [1787855423.052080662] [multi3_coordinator_node]: Received robot state update from robot robot4: {'operational_state': 'working', 'current_assigned_fragment': 'fm1-6', 'state': {'position': {'x': 0.0, 'y': 0.0, 'z': 0.0}, 'docked': True}}
[INFO] [1787855445.040789736] [multi3_coordinator_node]: Fragment fm1-2 is now executable because all signal messages were received.
[INFO] [1787855445.042227501] [multi3_coordinator_node]: Received coordination message: {'robot_name': 'robot1', 'completed_fragment': 'fm1-1', 'state': {'position': {'x': 4, 'y': 2, 'z': 0.0}, 'docked': False}}
[INFO] [1787855445.044518315] [multi3_coordinator_node]: Received robot state update from robot robot1: {'operational_state': 'idle', 'current_assigned_fragment': None, 'state': {'position': {'x': 4, 'y': 2, 'z': 0.0}, 'docked': False}}
[INFO] [1787855445.051164237] [multi3_coordinator_node]: Received coordination message: {'robot_name': 'robot1', 'completed_task': 'check_room(r1)'}
[INFO] [1787855445.876797267] [multi3_coordinator_node]: Received robot state update from robot robot2: {'operational_state': 'idle', 'current_assigned_fragment': None, 'state': {'position': {'x': 5, 'y': 4, 'z': 0.0}, 'docked': False}}
[INFO] [1787855445.878214512] [multi3_coordinator_node]: Fragment fm1-17 is now executable because all signal messages were received.
[INFO] [1787855445.880145268] [multi3_coordinator_node]: Received coordination message: {'robot_name': 'robot2', 'completed_fragment': 'fm1-16', 'state': {'position': {'x': 5, 'y': 4, 'z': 0.0}, 'docked': False}}
[INFO] [1787855445.881713229] [multi3_coordinator_node]: Received coordination message: {'robot_name': 'robot2', 'completed_task': 'check_room(r4)'}
[INFO] [1787855445.982418413] [multi3_coordinator_node]: Assigned fragment fm1-2 to robot robot1.
[INFO] [1787855445.984899427] [multi3_coordinator_node]: Assigned fragment fm1-17 to robot robot2.
[INFO] [1787855445.995330403] [multi3_coordinator_node]: Received robot state update from robot robot1: {'operational_state': 'working', 'current_assigned_fragment': 'fm1-2', 'state': {'position': {'x': 4, 'y': 2, 'z': 0.0}, 'docked': False}}
[INFO] [1787855445.996314331] [multi3_coordinator_node]: Received robot state update from robot robot2: {'operational_state': 'working', 'current_assigned_fragment': 'fm1-17', 'state': {'position': {'x': 5, 'y': 4, 'z': 0.0}, 'docked': False}}
[INFO] [1787855447.207320677] [multi3_coordinator_node]: Received coordination message: {'robot_name': 'robot4', 'completed_fragment': 'fm1-6', 'state': {'position': {'x': 6, 'y': 5, 'z': 0.0}, 'docked': False}}
[INFO] [1787855447.208232410] [multi3_coordinator_node]: Received robot state update from robot robot4: {'operational_state': 'idle', 'current_assigned_fragment': None, 'state': {'position': {'x': 6, 'y': 5, 'z': 0.0}, 'docked': False}}
[INFO] [1787855447.208930038] [multi3_coordinator_node]: Fragment fm1-7 is now executable because all signal messages were received.
[INFO] [1787855447.209433124] [multi3_coordinator_node]: Received coordination message: {'robot_name': 'robot4', 'completed_task': 'check_room(r2)'}
[INFO] [1787855450.986772535] [multi3_coordinator_node]: Assigned fragment fm1-12 to robot robot3.
[INFO] [1787855450.990897377] [multi3_coordinator_node]: Received coordination message: {'robot_name': 'robot3', 'completed_fragment': 'fm1-11', 'state': {'position': {'x': 3, 'y': 6, 'z': 0.0}, 'docked': False}}
[INFO] [1787855450.992792923] [multi3_coordinator_node]: Fragment fm1-12 is now executable because all signal messages were received.
[INFO] [1787855451.002970880] [multi3_coordinator_node]: Received robot state update from robot robot3: {'operational_state': 'idle', 'current_assigned_fragment': None, 'state': {'position': {'x': 3, 'y': 6, 'z': 0.0}, 'docked': False}}
[INFO] [1787855451.014439176] [multi3_coordinator_node]: Received robot state update from robot robot3: {'operational_state': 'working', 'current_assigned_fragment': 'fm1-12', 'state': {'position': {'x': 3, 'y': 6, 'z': 0.0}, 'docked': False}}
[INFO] [1787855451.015108980] [multi3_coordinator_node]: Received coordination message: {'robot_name': 'robot3', 'completed_task': 'check_room(r3)'}
[INFO] [1787855462.013527631] [multi3_coordinator_node]: Received robot state update from robot robot2: {'operational_state': 'idle', 'current_assigned_fragment': None, 'state': {'position': {'x': 5, 'y': 4, 'z': 0.0}, 'docked': False}}
[INFO] [1787855462.016690190] [multi3_coordinator_node]: Fragment fm1-18 is now executable because all signal messages were received.
[INFO] [1787855462.017631582] [multi3_coordinator_node]: Received coordination message: {'robot_name': 'robot2', 'completed_fragment': 'fm1-17', 'state': {'position': {'x': 5, 'y': 4, 'z': 0.0}, 'docked': False}}
[INFO] [1787855462.018930576] [multi3_coordinator_node]: Received coordination message: {'robot_name': 'robot2', 'completed_task': 'vacuum(r4)'}
[INFO] [1787855462.983059986] [multi3_coordinator_node]: Assigned fragment fm1-7 to robot robot2.
[INFO] [1787855462.986799031] [multi3_coordinator_node]: Assigned fragment fm1-18 to robot robot4.
[INFO] [1787855462.995914218] [multi3_coordinator_node]: Received robot state update from robot robot4: {'operational_state': 'working', 'current_assigned_fragment': 'fm1-18', 'state': {'position': {'x': 6, 'y': 5, 'z': 0.0}, 'docked': False}}
[INFO] [1787855463.005879894] [multi3_coordinator_node]: Received robot state update from robot robot2: {'operational_state': 'working', 'current_assigned_fragment': 'fm1-7', 'state': {'position': {'x': 5, 'y': 4, 'z': 0.0}, 'docked': False}}
[INFO] [1787855467.033033044] [multi3_coordinator_node]: Fragment fm1-3 is now executable because all signal messages were received.
[INFO] [1787855467.041610229] [multi3_coordinator_node]: Received coordination message: {'robot_name': 'robot1', 'completed_fragment': 'fm1-2', 'state': {'position': {'x': 4, 'y': 2, 'z': 0.0}, 'docked': False}}
[INFO] [1787855467.042791160] [multi3_coordinator_node]: Received robot state update from robot robot1: {'operational_state': 'idle', 'current_assigned_fragment': None, 'state': {'position': {'x': 4, 'y': 2, 'z': 0.0}, 'docked': False}}
[INFO] [1787855467.043689370] [multi3_coordinator_node]: Received coordination message: {'robot_name': 'robot1', 'completed_task': 'vacuum(r1)'}
[INFO] [1787855468.010144409] [multi3_coordinator_node]: Assigned fragment fm1-3 to robot robot5.
[INFO] [1787855468.021453556] [multi3_coordinator_node]: Received robot state update from robot robot5: {'operational_state': 'working', 'current_assigned_fragment': 'fm1-3', 'state': {'position': {'x': 0.0, 'y': 0.0, 'z': 0.0}, 'docked': True}}
[INFO] [1787855475.547448718] [multi3_coordinator_node]: Received robot state update from robot robot2: {'operational_state': 'idle', 'current_assigned_fragment': None, 'state': {'position': {'x': 6, 'y': 5, 'z': 0.0}, 'docked': False}}
[INFO] [1787855475.549917231] [multi3_coordinator_node]: Received coordination message: {'robot_name': 'robot2', 'completed_fragment': 'fm1-7', 'state': {'position': {'x': 6, 'y': 5, 'z': 0.0}, 'docked': False}}
[INFO] [1787855475.550685450] [multi3_coordinator_node]: Fragment fm1-8 is now executable because all signal messages were received.
[INFO] [1787855475.551909090] [multi3_coordinator_node]: Received coordination message: {'robot_name': 'robot2', 'completed_task': 'vacuum(r2)'}
[INFO] [1787855475.989514588] [multi3_coordinator_node]: Assigned fragment fm1-8 to robot robot6.
[INFO] [1787855476.000140449] [multi3_coordinator_node]: Received robot state update from robot robot6: {'operational_state': 'working', 'current_assigned_fragment': 'fm1-8', 'state': {'position': {'x': 0.0, 'y': 0.0, 'z': 0.0}, 'docked': True}}
[INFO] [1787855477.546070061] [multi3_coordinator_node]: Fragment fm1-13 is now executable because all signal messages were received.
[INFO] [1787855477.548078872] [multi3_coordinator_node]: Received robot state update from robot robot3: {'operational_state': 'idle', 'current_assigned_fragment': None, 'state': {'position': {'x': 3, 'y': 6, 'z': 0.0}, 'docked': False}}
[INFO] [1787855477.548995354] [multi3_coordinator_node]: Received coordination message: {'robot_name': 'robot3', 'completed_fragment': 'fm1-12', 'state': {'position': {'x': 3, 'y': 6, 'z': 0.0}, 'docked': False}}
[INFO] [1787855477.549646715] [multi3_coordinator_node]: Received coordination message: {'robot_name': 'robot3', 'completed_task': 'vacuum(r3)'}
[INFO] [1787855477.988054485] [multi3_coordinator_node]: Assigned fragment fm1-13 to robot robot7.
[INFO] [1787855478.114132237] [multi3_coordinator_node]: Received robot state update from robot robot7: {'operational_state': 'working', 'current_assigned_fragment': 'fm1-13', 'state': {'position': {'x': 0.0, 'y': 0.0, 'z': 0.0}, 'docked': True}}
[INFO] [1787855491.552467402] [multi3_coordinator_node]: Received robot state update from robot robot4: {'operational_state': 'idle', 'current_assigned_fragment': None, 'state': {'position': {'x': 5, 'y': 4, 'z': 0.0}, 'docked': False}}
[INFO] [1787855491.553363446] [multi3_coordinator_node]: Fragment fm1-19 is now executable because all signal messages were received.
[INFO] [1787855491.554503022] [multi3_coordinator_node]: Received coordination message: {'robot_name': 'robot4', 'completed_fragment': 'fm1-18', 'state': {'position': {'x': 5, 'y': 4, 'z': 0.0}, 'docked': False}}
[INFO] [1787855491.555322971] [multi3_coordinator_node]: Received coordination message: {'robot_name': 'robot4', 'completed_task': 'mop(r4)'}
[INFO] [1787855491.987144134] [multi3_coordinator_node]: Assigned fragment fm1-19 to robot robot1.
[INFO] [1787855492.006573509] [multi3_coordinator_node]: Received robot state update from robot robot1: {'operational_state': 'working', 'current_assigned_fragment': 'fm1-19', 'state': {'position': {'x': 4, 'y': 2, 'z': 0.0}, 'docked': False}}
[INFO] [1787855502.042323579] [multi3_coordinator_node]: Fragment fm1-20 is now executable because all signal messages were received.
[INFO] [1787855502.044164129] [multi3_coordinator_node]: Received coordination message: {'robot_name': 'robot1', 'completed_fragment': 'fm1-19', 'state': {'position': {'x': 5, 'y': 4, 'z': 0.0}, 'docked': False}}
[INFO] [1787855502.078516813] [multi3_coordinator_node]: Received robot state update from robot robot1: {'operational_state': 'idle', 'current_assigned_fragment': None, 'state': {'position': {'x': 5, 'y': 4, 'z': 0.0}, 'docked': False}}
[INFO] [1787855502.079860458] [multi3_coordinator_node]: Received coordination message: {'robot_name': 'robot1', 'completed_task': 'disinfect(r4)'}
[INFO] [1787855502.985091669] [multi3_coordinator_node]: Assigned fragment fm1-20 to robot robot1.
[INFO] [1787855503.001406614] [multi3_coordinator_node]: Received robot state update from robot robot1: {'operational_state': 'working', 'current_assigned_fragment': 'fm1-20', 'state': {'position': {'x': 5, 'y': 4, 'z': 0.0}, 'docked': False}}
[INFO] [1787855511.067684323] [multi3_coordinator_node]: Received coordination message: {'robot_name': 'robot1', 'completed_fragment': 'fm1-20', 'state': {'position': {'x': 5, 'y': 4, 'z': 0.0}, 'docked': False}}
[INFO] [1787855511.069586514] [multi3_coordinator_node]: Received coordination message: {'robot_name': 'robot1', 'completed_task': 'final_room_check(r4)'}
[INFO] [1787855511.070308720] [multi3_coordinator_node]: Received robot state update from robot robot1: {'operational_state': 'idle', 'current_assigned_fragment': None, 'state': {'position': {'x': 5, 'y': 4, 'z': 0.0}, 'docked': False}}
[INFO] [1787855512.212419945] [multi3_coordinator_node]: Fragment fm1-9 is now executable because all signal messages were received.
[INFO] [1787855512.213762252] [multi3_coordinator_node]: Received coordination message: {'robot_name': 'robot6', 'completed_fragment': 'fm1-8', 'state': {'position': {'x': 6, 'y': 5, 'z': 0.0}, 'docked': False}}
[INFO] [1787855512.215479982] [multi3_coordinator_node]: Received robot state update from robot robot6: {'operational_state': 'idle', 'current_assigned_fragment': None, 'state': {'position': {'x': 6, 'y': 5, 'z': 0.0}, 'docked': False}}
[INFO] [1787855512.216663495] [multi3_coordinator_node]: Received coordination message: {'robot_name': 'robot6', 'completed_task': 'mop(r2)'}
[INFO] [1787855512.989900066] [multi3_coordinator_node]: Assigned fragment fm1-9 to robot robot1.
[INFO] [1787855512.997708849] [multi3_coordinator_node]: Received robot state update from robot robot1: {'operational_state': 'working', 'current_assigned_fragment': 'fm1-9', 'state': {'position': {'x': 5, 'y': 4, 'z': 0.0}, 'docked': False}}
[INFO] [1787855514.033532427] [multi3_coordinator_node]: Received coordination message: {'robot_name': 'robot5', 'completed_fragment': 'fm1-3', 'state': {'position': {'x': 4, 'y': 2, 'z': 0.0}, 'docked': False}}
[INFO] [1787855514.034735318] [multi3_coordinator_node]: Received robot state update from robot robot5: {'operational_state': 'idle', 'current_assigned_fragment': None, 'state': {'position': {'x': 4, 'y': 2, 'z': 0.0}, 'docked': False}}
[INFO] [1787855514.035261415] [multi3_coordinator_node]: Fragment fm1-4 is now executable because all signal messages were received.
[INFO] [1787855514.035706867] [multi3_coordinator_node]: Received coordination message: {'robot_name': 'robot5', 'completed_task': 'mop(r1)'}
[INFO] [1787855514.989908869] [multi3_coordinator_node]: Assigned fragment fm1-4 to robot robot2.
[INFO] [1787855515.030890237] [multi3_coordinator_node]: Received robot state update from robot robot2: {'operational_state': 'working', 'current_assigned_fragment': 'fm1-4', 'state': {'position': {'x': 6, 'y': 5, 'z': 0.0}, 'docked': False}}
[INFO] [1787855523.040739116] [multi3_coordinator_node]: Fragment fm1-10 is now executable because all signal messages were received.
[INFO] [1787855523.042937222] [multi3_coordinator_node]: Received robot state update from robot robot1: {'operational_state': 'idle', 'current_assigned_fragment': None, 'state': {'position': {'x': 6, 'y': 5, 'z': 0.0}, 'docked': False}}
[INFO] [1787855523.044105838] [multi3_coordinator_node]: Received coordination message: {'robot_name': 'robot1', 'completed_fragment': 'fm1-9', 'state': {'position': {'x': 6, 'y': 5, 'z': 0.0}, 'docked': False}}
[INFO] [1787855523.047423972] [multi3_coordinator_node]: Received coordination message: {'robot_name': 'robot1', 'completed_task': 'disinfect(r2)'}
[INFO] [1787855523.981263381] [multi3_coordinator_node]: Assigned fragment fm1-10 to robot robot1.
[INFO] [1787855524.002483630] [multi3_coordinator_node]: Received robot state update from robot robot1: {'operational_state': 'working', 'current_assigned_fragment': 'fm1-10', 'state': {'position': {'x': 6, 'y': 5, 'z': 0.0}, 'docked': False}}
[INFO] [1787855528.570857549] [multi3_coordinator_node]: Received coordination message: {'robot_name': 'robot1', 'completed_task': 'final_room_check(r2)'}
[INFO] [1787855528.572608536] [multi3_coordinator_node]: Received coordination message: {'robot_name': 'robot1', 'completed_fragment': 'fm1-10', 'state': {'position': {'x': 6, 'y': 5, 'z': 0.0}, 'docked': False}}
[INFO] [1787855528.573262755] [multi3_coordinator_node]: Received robot state update from robot robot1: {'operational_state': 'idle', 'current_assigned_fragment': None, 'state': {'position': {'x': 6, 'y': 5, 'z': 0.0}, 'docked': False}}
[INFO] [1787855533.963993708] [multi3_coordinator_node]: Fragment fm1-14 is now executable because all signal messages were received.
[INFO] [1787855533.964504714] [multi3_coordinator_node]: Received robot state update from robot robot7: {'operational_state': 'idle', 'current_assigned_fragment': None, 'state': {'position': {'x': 3, 'y': 6, 'z': 0.0}, 'docked': False}}
[INFO] [1787855533.965671800] [multi3_coordinator_node]: Received coordination message: {'robot_name': 'robot7', 'completed_fragment': 'fm1-13', 'state': {'position': {'x': 3, 'y': 6, 'z': 0.0}, 'docked': False}}
[INFO] [1787855533.966722910] [multi3_coordinator_node]: Received coordination message: {'robot_name': 'robot7', 'completed_task': 'mop(r3)'}
[INFO] [1787855533.981473414] [multi3_coordinator_node]: Assigned fragment fm1-14 to robot robot1.
[INFO] [1787855533.991636237] [multi3_coordinator_node]: Received robot state update from robot robot1: {'operational_state': 'working', 'current_assigned_fragment': 'fm1-14', 'state': {'position': {'x': 6, 'y': 5, 'z': 0.0}, 'docked': False}}
[INFO] [1787855538.002711754] [multi3_coordinator_node]: Assigned fragment fm1-5 to robot robot2.
[INFO] [1787855538.020495509] [multi3_coordinator_node]: Received robot state update from robot robot2: {'operational_state': 'idle', 'current_assigned_fragment': None, 'state': {'position': {'x': 4, 'y': 2, 'z': 0.0}, 'docked': False}}
[INFO] [1787855538.027815141] [multi3_coordinator_node]: Fragment fm1-5 is now executable because all signal messages were received.
[INFO] [1787855538.030577167] [multi3_coordinator_node]: Received robot state update from robot robot2: {'operational_state': 'working', 'current_assigned_fragment': 'fm1-5', 'state': {'position': {'x': 4, 'y': 2, 'z': 0.0}, 'docked': False}}
[INFO] [1787855538.031374748] [multi3_coordinator_node]: Received coordination message: {'robot_name': 'robot2', 'completed_fragment': 'fm1-4', 'state': {'position': {'x': 4, 'y': 2, 'z': 0.0}, 'docked': False}}
[INFO] [1787855538.031764799] [multi3_coordinator_node]: Received coordination message: {'robot_name': 'robot2', 'completed_task': 'disinfect(r1)'}
[INFO] [1787855549.084463562] [multi3_coordinator_node]: Received coordination message: {'robot_name': 'robot2', 'completed_fragment': 'fm1-5', 'state': {'position': {'x': 4, 'y': 2, 'z': 0.0}, 'docked': False}}
[INFO] [1787855549.085825265] [multi3_coordinator_node]: Received coordination message: {'robot_name': 'robot2', 'completed_task': 'final_room_check(r1)'}
[INFO] [1787855549.086453261] [multi3_coordinator_node]: Received robot state update from robot robot2: {'operational_state': 'idle', 'current_assigned_fragment': None, 'state': {'position': {'x': 4, 'y': 2, 'z': 0.0}, 'docked': False}}
[INFO] [1787855556.073663118] [multi3_coordinator_node]: Received coordination message: {'robot_name': 'robot1', 'completed_fragment': 'fm1-14', 'state': {'position': {'x': 3, 'y': 6, 'z': 0.0}, 'docked': False}}
[INFO] [1787855556.074674430] [multi3_coordinator_node]: Received robot state update from robot robot1: {'operational_state': 'idle', 'current_assigned_fragment': None, 'state': {'position': {'x': 3, 'y': 6, 'z': 0.0}, 'docked': False}}
[INFO] [1787855556.075017628] [multi3_coordinator_node]: Fragment fm1-15 is now executable because all signal messages were received.
[INFO] [1787855556.075801814] [multi3_coordinator_node]: Received coordination message: {'robot_name': 'robot1', 'completed_task': 'disinfect(r3)'}
[INFO] [1787855556.990011670] [multi3_coordinator_node]: Assigned fragment fm1-15 to robot robot1.
[INFO] [1787855557.023944428] [multi3_coordinator_node]: Received robot state update from robot robot1: {'operational_state': 'working', 'current_assigned_fragment': 'fm1-15', 'state': {'position': {'x': 3, 'y': 6, 'z': 0.0}, 'docked': False}}
[INFO] [1787855569.585433189] [multi3_coordinator_node]: Received coordination message: {'robot_name': 'robot1', 'completed_task': 'final_room_check(r3)'}
[INFO] [1787855569.587362405] [multi3_coordinator_node]: Received robot state update from robot robot1: {'operational_state': 'idle', 'current_assigned_fragment': None, 'state': {'position': {'x': 3, 'y': 6, 'z': 0.0}, 'docked': False}}
[INFO] [1787855569.587745452] [multi3_coordinator_node]: Received coordination message: {'robot_name': 'robot1', 'completed_fragment': 'fm1-15', 'state': {'position': {'x': 3, 'y': 6, 'z': 0.0}, 'docked': False}}
Traceback (most recent call last):
  File "/root/ros2_ws/install/multi3_coordinator/lib/multi3_coordinator/coordinator", line 33, in <module>
    sys.exit(load_entry_point('multi3-coordinator==0.0.0', 'console_scripts', 'coordinator')())
  File "/root/ros2_ws/install/multi3_coordinator/lib/python3.10/site-packages/nodes/coordinator.py", line 371, in main
    rclpy.shutdown()
  File "/opt/ros/humble/local/lib/python3.10/dist-packages/rclpy/__init__.py", line 130, in shutdown
    _shutdown(context=context)
  File "/opt/ros/humble/local/lib/python3.10/dist-packages/rclpy/utilities.py", line 58, in shutdown
    return context.shutdown()
  File "/opt/ros/humble/local/lib/python3.10/dist-packages/rclpy/context.py", line 102, in shutdown
    self.__context.shutdown()
rclpy._rclpy_pybind11.RCLError: failed to shutdown: rcl_shutdown already called on the given context, at ./src/rcl/init.c:241
