[INFO] [1787855400.998221860] [robot3.fragment_exec_node]: Setting up skill: UndockSkill
[INFO] [1787855400.999093222] [robot3.fragment_exec_node]: Setting up skill: NavigateSkill
[INFO] [1787855400.999704189] [robot3.fragment_exec_node]: Setting up skill: CheckRoomSkill
[INFO] [1787855401.000451491] [robot3.fragment_exec_node]: Setting up skill: VacuumSkill
[INFO] [1787855401.001049482] [robot3.fragment_exec_node]: Setting up skill: DisinfectSkill
[INFO] [1787855401.001578913] [robot3.fragment_exec_node]: Setting up skill: CheckRoomSkill
[INFO] [1787855401.008057832] [robot3.fragment_exec_node]: Published robot registration: {'name': 'robot3', 'operational_state': 'idle', 'capabilities': ['undock', 'check_room', 'move_to', 'vacuum', 'disinfect'], 'state': {'position': {'x': 0.0, 'y': 0.0, 'z': 0.0}, 'docked': True}}
[INFO] [1787855423.030357422] [robot3.fragment_exec_node]: Received fragment assignment: {'robot': 'robot3', 'fragment': {'id': 'fm1-11', 'mission': 'm1', 'state': 'assigned', 'wait': [], 'tasks': [{'name': 'check_room', 'label': 'check_room(r3)', 'params': {'x': 3, 'y': 6, 'size': 7}}], 'arrive_timestamp': 1787855414, 'priority': 1, 'segment': 's3'}}
[INFO] [1787855423.032284803] [robot3.fragment_exec_node]: Starting execution of fragment fm1-11...
[INFO] [1787855423.034484880] [robot3.fragment_exec_node]: Executing task check_room(r3). Params: {'x': 3, 'y': 6, 'size': 7}, Virtual state: {'position': {'x': 0.0, 'y': 0.0, 'z': 0.0}, 'docked': True}
[INFO] [1787855423.035240442] [robot3.fragment_exec_node]: EventType: Control (Task: check_room), Activity: undock, Robot: robot3, Mission: m1, Segment: s3, Start: 1787855423.034679
[INFO] [1787855423.036067957] [robot3.fragment_exec_node]: Simulating undock skill...
[INFO] [1787855427.038482100] [robot3.fragment_exec_node]: Undock completed!
[INFO] [1787855427.040716820] [robot3.fragment_exec_node]: EventType: Control (Task: check_room), Activity: undock, Robot: robot3, Mission: m1, Segment: s3, End: 1787855427.0393314
[INFO] [1787855427.042566011] [robot3.fragment_exec_node]: EventType: Control (Task: check_room), Activity: move_to, Robot: robot3, Mission: m1, Segment: s3, Start: 1787855427.0417979
[INFO] [1787855427.044017193] [robot3.fragment_exec_node]: Simulating navigate skill from position (0.0, 0.0) to (3, 6) (13.416407864998739 seconds)...
[INFO] [1787855440.464678017] [robot3.fragment_exec_node]: Navigation completed!
[INFO] [1787855440.467213221] [robot3.fragment_exec_node]: EventType: Control (Task: check_room), Activity: move_to, Robot: robot3, Mission: m1, Segment: s3, End: 1787855440.4660575
[INFO] [1787855440.468981842] [robot3.fragment_exec_node]: EventType: Task, Activity: check_room, Robot: robot3, Mission: m1, Segment: s3, Start: 1787855440.4679081
[INFO] [1787855440.470696396] [robot3.fragment_exec_node]: Simulating check_room skill (10.5s to complete)...
[INFO] [1787855450.972496915] [robot3.fragment_exec_node]: Check room completed!
[INFO] [1787855450.974306602] [robot3.fragment_exec_node]: EventType: Task, Activity: check_room, Robot: robot3, Mission: m1, Segment: s3, End: 1787855450.9738436
[INFO] [1787855450.975394232] [robot3.fragment_exec_node]: Execution of fragment fm1-11 completed!
[INFO] [1787855450.991602816] [robot3.fragment_exec_node]: Received fragment assignment: {'robot': 'robot3', 'fragment': {'id': 'fm1-12', 'mission': 'm1', 'state': 'assigned', 'wait': ['check_room(r3)'], 'tasks': [{'name': 'vacuum', 'label': 'vacuum(r3)', 'params': {'x': 3, 'y': 6, 'size': 7}}], 'arrive_timestamp': 1787855414, 'priority': 1, 'segment': 's3'}}
[INFO] [1787855450.992403490] [robot3.fragment_exec_node]: Starting execution of fragment fm1-12...
[INFO] [1787855450.993347157] [robot3.fragment_exec_node]: Waiting for coordination messages before executing fragment fm1-12: ['check_room(r3)']
[INFO] [1787855452.995948605] [robot3.fragment_exec_node]: Executing task vacuum(r3). Params: {'x': 3, 'y': 6, 'size': 7}, Virtual state: {'position': {'x': 3, 'y': 6, 'z': 0.0}, 'docked': False}
[INFO] [1787855452.996832524] [robot3.fragment_exec_node]: EventType: Task, Activity: vacuum, Robot: robot3, Mission: m1, Segment: s3, Start: 1787855452.9965167
[INFO] [1787855452.997642432] [robot3.fragment_exec_node]: Simulating vacuum skill (24.5s to complete)...
[INFO] [1787855477.501077178] [robot3.fragment_exec_node]: Vacuum completed!
[INFO] [1787855477.505643029] [robot3.fragment_exec_node]: EventType: Task, Activity: vacuum, Robot: robot3, Mission: m1, Segment: s3, End: 1787855477.5035398
[INFO] [1787855477.508078531] [robot3.fragment_exec_node]: Execution of fragment fm1-12 completed!
Traceback (most recent call last):
  File "/root/ros2_ws/install/multi3_executor/lib/multi3_executor/executor", line 33, in <module>
    sys.exit(load_entry_point('multi3-executor==0.0.0', 'console_scripts', 'executor')())
  File "/root/ros2_ws/install/multi3_executor/lib/python3.10/site-packages/multi3_executor/nodes/executor.py", line 313, in main
    rclpy.shutdown()
  File "/opt/ros/humble/local/lib/python3.10/dist-packages/rclpy/__init__.py", line 130, in shutdown
    _shutdown(context=context)
  File "/opt/ros/humble/local/lib/python3.10/dist-packages/rclpy/utilities.py", line 58, in shutdown
    return context.shutdown()
  File "/opt/ros/humble/local/lib/python3.10/dist-packages/rclpy/context.py", line 102, in shutdown
    self.__context.shutdown()
rclpy._rclpy_pybind11.RCLError: failed to shutdown: rcl_shutdown already called on the given context, at ./src/rcl/init.c:241
