[INFO] [1787853407.525983480] [robot9.fragment_exec_node]: Setting up skill: UndockSkill
[INFO] [1787853407.527087468] [robot9.fragment_exec_node]: Setting up skill: NavigateSkill
[INFO] [1787853407.527829381] [robot9.fragment_exec_node]: Setting up skill: CheckRoomSkill
[INFO] [1787853407.528573349] [robot9.fragment_exec_node]: Setting up skill: MopSkill
[INFO] [1787853407.529335382] [robot9.fragment_exec_node]: Setting up skill: CheckRoomSkill
[INFO] [1787853407.540060340] [robot9.fragment_exec_node]: Published robot registration: {'name': 'robot9', 'operational_state': 'idle', 'capabilities': ['undock', 'check_room', 'move_to', 'mop'], 'state': {'position': {'x': 0.0, 'y': 0.0, 'z': 0.0}, 'docked': True}}
[INFO] [1787853417.541396308] [robot9.fragment_exec_node]: Received fragment assignment: {'robot': 'robot9', 'fragment': {'id': 'fm2-31', 'mission': 'm2', 'state': 'assigned', 'wait': [], 'tasks': [{'name': 'check_room', 'label': 'check_room(r7)', 'params': {'x': 9, 'y': 7, 'size': 3}}], 'arrive_timestamp': 1787853409, 'priority': 1, 'segment': 's7'}}
[INFO] [1787853417.542287683] [robot9.fragment_exec_node]: Starting execution of fragment fm2-31...
[INFO] [1787853417.543349137] [robot9.fragment_exec_node]: Executing task check_room(r7). Params: {'x': 9, 'y': 7, 'size': 3}, Virtual state: {'position': {'x': 0.0, 'y': 0.0, 'z': 0.0}, 'docked': True}
[INFO] [1787853417.544183420] [robot9.fragment_exec_node]: EventType: Control (Task: check_room), Activity: undock, Robot: robot9, Mission: m2, Segment: s7, Start: 1787853417.5435517
[INFO] [1787853417.545044012] [robot9.fragment_exec_node]: Simulating undock skill...
[INFO] [1787853421.546743473] [robot9.fragment_exec_node]: Undock completed!
[INFO] [1787853421.547400270] [robot9.fragment_exec_node]: EventType: Control (Task: check_room), Activity: undock, Robot: robot9, Mission: m2, Segment: s7, End: 1787853421.5470393
[INFO] [1787853421.548204956] [robot9.fragment_exec_node]: EventType: Control (Task: check_room), Activity: move_to, Robot: robot9, Mission: m2, Segment: s7, Start: 1787853421.547676
[INFO] [1787853421.548782633] [robot9.fragment_exec_node]: Simulating navigate skill from position (0.0, 0.0) to (9, 7) (22.80350850198276 seconds)...
[INFO] [1787853444.343091586] [robot9.fragment_exec_node]: Navigation completed!
[INFO] [1787853444.344071096] [robot9.fragment_exec_node]: EventType: Control (Task: check_room), Activity: move_to, Robot: robot9, Mission: m2, Segment: s7, End: 1787853444.3435183
[INFO] [1787853444.344938924] [robot9.fragment_exec_node]: EventType: Task, Activity: check_room, Robot: robot9, Mission: m2, Segment: s7, Start: 1787853444.3444343
[INFO] [1787853444.345898712] [robot9.fragment_exec_node]: Simulating check_room skill (4.5s to complete)...
[INFO] [1787853448.849506973] [robot9.fragment_exec_node]: Check room completed!
[INFO] [1787853448.852425375] [robot9.fragment_exec_node]: EventType: Task, Activity: check_room, Robot: robot9, Mission: m2, Segment: s7, End: 1787853448.8505898
[INFO] [1787853448.855232183] [robot9.fragment_exec_node]: Execution of fragment fm2-31 completed!
[INFO] [1787853498.531636650] [robot9.fragment_exec_node]: Received fragment assignment: {'robot': 'robot9', 'fragment': {'id': 'fm2-18', 'mission': 'm2', 'state': 'assigned', 'wait': ['vacuum(r4)'], 'tasks': [{'name': 'mop', 'label': 'mop(r4)', 'params': {'x': 8, 'y': 9, 'size': 4}}], 'arrive_timestamp': 1787853409, 'priority': 1, 'segment': 's4'}}
[INFO] [1787853498.532490733] [robot9.fragment_exec_node]: Starting execution of fragment fm2-18...
[INFO] [1787853498.533127632] [robot9.fragment_exec_node]: Executing task mop(r4). Params: {'x': 8, 'y': 9, 'size': 4}, Virtual state: {'position': {'x': 9, 'y': 7, 'z': 0.0}, 'docked': False}
[INFO] [1787853498.533637811] [robot9.fragment_exec_node]: EventType: Control (Task: mop), Activity: move_to, Robot: robot9, Mission: m2, Segment: s4, Start: 1787853498.5333524
[INFO] [1787853498.534160695] [robot9.fragment_exec_node]: Simulating navigate skill from position (9, 7) to (8, 9) (2.0 seconds)...
[INFO] [1787853500.535890242] [robot9.fragment_exec_node]: Navigation completed!
[INFO] [1787853500.536924766] [robot9.fragment_exec_node]: EventType: Control (Task: mop), Activity: move_to, Robot: robot9, Mission: m2, Segment: s4, End: 1787853500.5364919
[INFO] [1787853500.537660512] [robot9.fragment_exec_node]: EventType: Task, Activity: mop, Robot: robot9, Mission: m2, Segment: s4, Start: 1787853500.5371423
[INFO] [1787853500.538302369] [robot9.fragment_exec_node]: Simulating mop skill (22.0s to complete)...
[INFO] [1787853522.540061177] [robot9.fragment_exec_node]: Mop completed!
[INFO] [1787853522.540880464] [robot9.fragment_exec_node]: EventType: Task, Activity: mop, Robot: robot9, Mission: m2, Segment: s4, End: 1787853522.5404088
[INFO] [1787853522.541871750] [robot9.fragment_exec_node]: Execution of fragment fm2-18 completed!
[INFO] [1787853524.520256067] [robot9.fragment_exec_node]: Received fragment assignment: {'robot': 'robot9', 'fragment': {'id': 'fm2-23', 'mission': 'm2', 'state': 'assigned', 'wait': ['vacuum(r5)'], 'tasks': [{'name': 'mop', 'label': 'mop(r5)', 'params': {'x': 12, 'y': 3, 'size': 5}}], 'arrive_timestamp': 1787853409, 'priority': 1, 'segment': 's5'}}
[INFO] [1787853524.521304796] [robot9.fragment_exec_node]: Starting execution of fragment fm2-23...
[INFO] [1787853524.522585549] [robot9.fragment_exec_node]: Waiting for coordination messages before executing fragment fm2-23: ['vacuum(r5)']
[INFO] [1787853526.524720164] [robot9.fragment_exec_node]: Executing task mop(r5). Params: {'x': 12, 'y': 3, 'size': 5}, Virtual state: {'position': {'x': 8, 'y': 9, 'z': 0.0}, 'docked': False}
[INFO] [1787853526.525662700] [robot9.fragment_exec_node]: EventType: Control (Task: mop), Activity: move_to, Robot: robot9, Mission: m2, Segment: s5, Start: 1787853526.5251305
[INFO] [1787853526.526477179] [robot9.fragment_exec_node]: Simulating navigate skill from position (8, 9) to (12, 3) (12.806248474865697 seconds)...
[INFO] [1787853539.336468582] [robot9.fragment_exec_node]: Navigation completed!
[INFO] [1787853539.338769869] [robot9.fragment_exec_node]: EventType: Control (Task: mop), Activity: move_to, Robot: robot9, Mission: m2, Segment: s5, End: 1787853539.337429
[INFO] [1787853539.340576632] [robot9.fragment_exec_node]: EventType: Task, Activity: mop, Robot: robot9, Mission: m2, Segment: s5, Start: 1787853539.3394492
[INFO] [1787853539.342313245] [robot9.fragment_exec_node]: Simulating mop skill (27.5s to complete)...
[INFO] [1787853566.845995501] [robot9.fragment_exec_node]: Mop completed!
[INFO] [1787853566.850895883] [robot9.fragment_exec_node]: EventType: Task, Activity: mop, Robot: robot9, Mission: m2, Segment: s5, End: 1787853566.8488405
[INFO] [1787853566.854886657] [robot9.fragment_exec_node]: Execution of fragment fm2-23 completed!
[INFO] [1787853598.515947791] [robot9.fragment_exec_node]: Received fragment assignment: {'robot': 'robot9', 'fragment': {'id': 'fm2-25', 'mission': 'm2', 'state': 'assigned', 'wait': ['disinfect(r5)'], 'tasks': [{'name': 'final_room_check', 'label': 'final_room_check(r5)', 'params': {'x': 12, 'y': 3, 'size': 5}}], 'arrive_timestamp': 1787853409, 'priority': 1, 'segment': 's5'}}
[INFO] [1787853598.517731637] [robot9.fragment_exec_node]: Starting execution of fragment fm2-25...
[ERROR] [1787853598.519131104] [robot9.fragment_exec_node]: Robot robot9 was assigned a fragment without required capabilities!
[INFO] [1787853598.520172380] [robot9.fragment_exec_node]: Executing task final_room_check(r5). Params: {'x': 12, 'y': 3, 'size': 5}, Virtual state: {'position': {'x': 12, 'y': 3, 'z': 0.0}, 'docked': False}
[INFO] [1787853598.521111070] [robot9.fragment_exec_node]: EventType: Task, Activity: final_room_check, Robot: robot9, Mission: m2, Segment: s5, Start: 1787853598.520584
[INFO] [1787853598.522036215] [robot9.fragment_exec_node]: Simulating check_room skill (7.5s to complete)...
[INFO] [1787853606.026071844] [robot9.fragment_exec_node]: Check room completed!
[INFO] [1787853606.029010676] [robot9.fragment_exec_node]: EventType: Task, Activity: final_room_check, Robot: robot9, Mission: m2, Segment: s5, End: 1787853606.0279574
[INFO] [1787853606.032224893] [robot9.fragment_exec_node]: Execution of fragment fm2-25 completed!
[INFO] [1787853647.506239917] [robot9.fragment_exec_node]: Received fragment assignment: {'robot': 'robot9', 'fragment': {'id': 'fm2-40', 'mission': 'm2', 'state': 'assigned', 'wait': ['disinfect(r8)'], 'tasks': [{'name': 'final_room_check', 'label': 'final_room_check(r8)', 'params': {'x': 2, 'y': 8, 'size': 7}}], 'arrive_timestamp': 1787853409, 'priority': 1, 'segment': 's8'}}
[INFO] [1787853647.511908279] [robot9.fragment_exec_node]: Starting execution of fragment fm2-40...
[INFO] [1787853647.513872904] [robot9.fragment_exec_node]: Waiting for coordination messages before executing fragment fm2-40: ['disinfect(r8)']
[ERROR] [1787853649.520323516] [robot9.fragment_exec_node]: Robot robot9 was assigned a fragment without required capabilities!
[INFO] [1787853649.522636753] [robot9.fragment_exec_node]: Executing task final_room_check(r8). Params: {'x': 2, 'y': 8, 'size': 7}, Virtual state: {'position': {'x': 12, 'y': 3, 'z': 0.0}, 'docked': False}
[INFO] [1787853649.524352579] [robot9.fragment_exec_node]: EventType: Control (Task: final_room_check), Activity: move_to, Robot: robot9, Mission: m2, Segment: s8, Start: 1787853649.5232546
[INFO] [1787853649.526246226] [robot9.fragment_exec_node]: Simulating navigate skill from position (12, 3) to (2, 8) (21.540659228538015 seconds)...
[INFO] [1787853671.071757494] [robot9.fragment_exec_node]: Navigation completed!
[INFO] [1787853671.075623975] [robot9.fragment_exec_node]: EventType: Control (Task: final_room_check), Activity: move_to, Robot: robot9, Mission: m2, Segment: s8, End: 1787853671.073568
[INFO] [1787853671.078800400] [robot9.fragment_exec_node]: EventType: Task, Activity: final_room_check, Robot: robot9, Mission: m2, Segment: s8, Start: 1787853671.0766666
[INFO] [1787853671.081578705] [robot9.fragment_exec_node]: Simulating check_room skill (10.5s to complete)...
[INFO] [1787853681.583688620] [robot9.fragment_exec_node]: Check room completed!
[INFO] [1787853681.584789501] [robot9.fragment_exec_node]: EventType: Task, Activity: final_room_check, Robot: robot9, Mission: m2, Segment: s8, End: 1787853681.584446
[INFO] [1787853681.585639414] [robot9.fragment_exec_node]: Execution of fragment fm2-40 completed!
Traceback (most recent call last):
  File "/root/ros2_ws/install/multi3_executor/lib/multi3_executor/executor", line 33, in <module>
    sys.exit(load_entry_point('multi3-executor==0.0.0', 'console_scripts', 'executor')())
  File "/root/ros2_ws/install/multi3_executor/lib/python3.10/site-packages/multi3_executor/nodes/executor.py", line 313, in main
    rclpy.shutdown()
  File "/opt/ros/humble/local/lib/python3.10/dist-packages/rclpy/__init__.py", line 130, in shutdown
    _shutdown(context=context)
  File "/opt/ros/humble/local/lib/python3.10/dist-packages/rclpy/utilities.py", line 58, in shutdown
    return context.shutdown()
  File "/opt/ros/humble/local/lib/python3.10/dist-packages/rclpy/context.py", line 102, in shutdown
    self.__context.shutdown()
rclpy._rclpy_pybind11.RCLError: failed to shutdown: rcl_shutdown already called on the given context, at ./src/rcl/init.c:241
