[INFO] [1787692191.253467315] [robot3.fragment_exec_node]: Setting up skill: PickSkill
[INFO] [1787692191.254342845] [robot3.fragment_exec_node]: Setting up skill: ScanSkill
[INFO] [1787692191.254970934] [robot3.fragment_exec_node]: Setting up skill: NavigateSkill
[INFO] [1787692191.255548002] [robot3.fragment_exec_node]: Setting up skill: NavigateSkill
[INFO] [1787692191.256115485] [robot3.fragment_exec_node]: Setting up skill: DockSkill
[INFO] [1787692191.257005231] [robot3.fragment_exec_node]: Setting up skill: UndockSkill
[INFO] [1787692191.257758410] [robot3.fragment_exec_node]: Setting up skill: PackSkill
[INFO] [1787692191.265760222] [robot3.fragment_exec_node]: Published robot registration: {'name': 'robot3', 'operational_state': 'idle', 'capabilities': ['pick', 'scan', 'transport', 'pack'], 'state': {'position': {'x': 0.0, 'y': 0.0, 'z': 0.0}, 'docked': True, 'battery': 100.0, 'conditions': []}}
[INFO] [1787692198.956202759] [robot3.fragment_exec_node]: Received fragment: {'robot': 'robot2', 'fragment': {'id': 'f1-1', 'mission': 'm1', 'state': 'assigned', 'wait': [], 'tasks': [{'name': 'pick', 'params': {'x': 5, 'y': 8, 'weight': 8}}], 'arrive_timestamp': 1787692195, 'priority': 1, 'segment': 's1', 'preconditions': [], 'postconditions': ['picked-o1-1']}}
[INFO] [1787692198.960656244] [robot3.fragment_exec_node]: Received fragment: {'robot': 'robot4', 'fragment': {'id': 'f2-1', 'mission': 'm2', 'state': 'assigned', 'wait': [], 'tasks': [{'name': 'pick', 'params': {'weight': 5, 'x': 2, 'y': 3}}], 'arrive_timestamp': 1787692195, 'priority': 1, 'segment': 's1', 'preconditions': [], 'postconditions': ['picked-o1-2']}}
[INFO] [1787692198.962519470] [robot3.fragment_exec_node]: Received fragment: {'robot': 'robot1', 'fragment': {'id': 'f3-1', 'mission': 'm3', 'state': 'assigned', 'wait': [], 'tasks': [{'name': 'pick', 'params': {'weight': 3, 'x': 7, 'y': 3}}], 'arrive_timestamp': 1787692196, 'priority': 1, 'segment': 's1', 'preconditions': [], 'postconditions': ['picked-o1-3']}}
[INFO] [1787692198.963591656] [robot3.fragment_exec_node]: Received fragment: {'robot': 'robot3', 'fragment': {'id': 'f2-4', 'mission': 'm2', 'state': 'assigned', 'wait': [], 'tasks': [{'name': 'pick', 'params': {'weight': 7, 'x': 9, 'y': 5}}], 'arrive_timestamp': 1787692195, 'priority': 1, 'segment': 's2', 'preconditions': [], 'postconditions': ['picked-o2-2']}}
[INFO] [1787692198.964249467] [robot3.fragment_exec_node]: Received fragment assignment: f2-4. Starting execution.
[INFO] [1787692198.965108782] [robot3.fragment_exec_node]: Executing task pick. Params: {'weight': 7, 'x': 9, 'y': 5}, Virtual state: {'position': {'x': 0.0, 'y': 0.0, 'z': 0.0}, 'docked': True, 'battery': 100.0, 'conditions': []}
[INFO] [1787692198.965716073] [robot3.fragment_exec_node]: EventType: Control (Task: pick), Activity: undock, Robot: robot3, Mission: m2, Segment: s2, Start: 18215.862134965
[INFO] [1787692198.966244677] [robot3.fragment_exec_node]: Simulating undock skill...
[INFO] [1787692202.969035823] [robot3.fragment_exec_node]: Undock completed!
[INFO] [1787692202.971574395] [robot3.fragment_exec_node]: EventType: Control (Task: pick), Activity: undock, Robot: robot3, Mission: m2, Segment: s2, End: 18219.867656876
[INFO] [1787692202.972920648] [robot3.fragment_exec_node]: EventType: Control (Task: pick), Activity: navigate, Robot: robot3, Mission: m2, Segment: s2, Start: 18219.86916014
[INFO] [1787692202.974179691] [robot3.fragment_exec_node]: Simulating navigate skill from position (0.0, 0.0) to (9, 5) (20.591260281974 seconds)...
[INFO] [1787692215.939020140] [robot3.fragment_exec_node]: Received fragment: {'robot': 'robot4', 'fragment': {'id': 'f2-2', 'mission': 'm2', 'state': 'assigned', 'wait': ['m2/s1/pick'], 'tasks': [{'name': 'scan', 'params': {'x': 2, 'y': 3}}], 'arrive_timestamp': 1787692195, 'priority': 1, 'segment': 's1', 'preconditions': [], 'postconditions': []}}
[INFO] [1787692221.948406562] [robot3.fragment_exec_node]: Received fragment: {'robot': 'robot4', 'fragment': {'id': 'f3-2', 'mission': 'm3', 'state': 'assigned', 'wait': ['m3/s1/pick'], 'tasks': [{'name': 'scan', 'params': {'x': 7, 'y': 3}}], 'arrive_timestamp': 1787692196, 'priority': 1, 'segment': 's1', 'preconditions': [], 'postconditions': []}}
[INFO] [1787692221.950153912] [robot3.fragment_exec_node]: Received fragment: {'robot': 'robot1', 'fragment': {'id': 'f2-3', 'mission': 'm2', 'state': 'assigned', 'wait': ['m2/s1/scan'], 'tasks': [{'name': 'transport', 'params': {'x': 11, 'y': 6}}], 'arrive_timestamp': 1787692195, 'priority': 1, 'segment': 's1', 'preconditions': [], 'postconditions': []}}
[INFO] [1787692223.570001994] [robot3.fragment_exec_node]: Navigation completed!
[INFO] [1787692223.573323115] [robot3.fragment_exec_node]: EventType: Control (Task: pick), Activity: navigate, Robot: robot3, Mission: m2, Segment: s2, End: 18240.468362503
[INFO] [1787692223.575016102] [robot3.fragment_exec_node]: EventType: Task, Activity: pick, Robot: robot3, Mission: m2, Segment: s2, Start: 18240.471186297
[INFO] [1787692223.576632348] [robot3.fragment_exec_node]: Simulating pick skill...
[INFO] [1787692229.936012864] [robot3.fragment_exec_node]: Received fragment: {'robot': 'robot2', 'fragment': {'id': 'f1-2', 'mission': 'm1', 'state': 'assigned', 'wait': ['m1/s1/pick'], 'tasks': [{'name': 'scan', 'params': {'x': 5, 'y': 8}}], 'arrive_timestamp': 1787692195, 'priority': 1, 'segment': 's1', 'preconditions': [], 'postconditions': []}}
[INFO] [1787692230.580636680] [robot3.fragment_exec_node]: Pick completed!
[INFO] [1787692230.583488696] [robot3.fragment_exec_node]: EventType: Task, Activity: pick, Robot: robot3, Mission: m2, Segment: s2, End: 18247.479050478
[INFO] [1787692230.585803581] [robot3.fragment_exec_node]: Execution of fragment f2-4 completed!
[INFO] [1787692230.950184235] [robot3.fragment_exec_node]: Received fragment: {'robot': 'robot3', 'fragment': {'id': 'f2-5', 'mission': 'm2', 'state': 'assigned', 'wait': ['m2/s2/pick'], 'tasks': [{'name': 'scan', 'params': {'x': 9, 'y': 5}}], 'arrive_timestamp': 1787692195, 'priority': 1, 'segment': 's2', 'preconditions': [], 'postconditions': []}}
[INFO] [1787692230.951134182] [robot3.fragment_exec_node]: Received fragment assignment: f2-5. Starting execution.
[INFO] [1787692230.952186896] [robot3.fragment_exec_node]: Waiting for coordination messages before executing fragment f2-5: ['m2/s2/pick']
[INFO] [1787692232.957490238] [robot3.fragment_exec_node]: Executing task scan. Params: {'x': 9, 'y': 5}, Virtual state: {'position': {'x': 9, 'y': 5, 'z': 0.0}, 'docked': False, 'battery': 100.0, 'conditions': ['picked-o2-2']}
[INFO] [1787692232.960038298] [robot3.fragment_exec_node]: EventType: Task, Activity: scan, Robot: robot3, Mission: m2, Segment: s2, Start: 18249.855887818
[INFO] [1787692232.961707151] [robot3.fragment_exec_node]: Simulating scan skill...
[INFO] [1787692235.942616563] [robot3.fragment_exec_node]: Received fragment: {'robot': 'robot2', 'fragment': {'id': 'f1-3', 'mission': 'm1', 'state': 'assigned', 'wait': ['m1/s1/scan'], 'tasks': [{'name': 'transport', 'params': {'x': 11, 'y': 6}}], 'arrive_timestamp': 1787692195, 'priority': 1, 'segment': 's1', 'preconditions': ['picked-o1-1'], 'postconditions': []}}
[INFO] [1787692235.965581974] [robot3.fragment_exec_node]: Scan completed!
[INFO] [1787692235.968602118] [robot3.fragment_exec_node]: EventType: Task, Activity: scan, Robot: robot3, Mission: m2, Segment: s2, End: 18252.864000222
[INFO] [1787692235.971543082] [robot3.fragment_exec_node]: Execution of fragment f2-5 completed!
[INFO] [1787692236.944537998] [robot3.fragment_exec_node]: Received fragment: {'robot': 'robot3', 'fragment': {'id': 'f2-6', 'mission': 'm2', 'state': 'assigned', 'wait': ['m2/s2/scan'], 'tasks': [{'name': 'transport', 'params': {'x': 11, 'y': 6}}], 'arrive_timestamp': 1787692195, 'priority': 1, 'segment': 's2', 'preconditions': ['picked-o2-2'], 'postconditions': []}}
[INFO] [1787692236.945749717] [robot3.fragment_exec_node]: Received fragment assignment: f2-6. Starting execution.
[INFO] [1787692236.947528809] [robot3.fragment_exec_node]: Executing task transport. Params: {'x': 11, 'y': 6}, Virtual state: {'position': {'x': 9, 'y': 5, 'z': 0.0}, 'docked': False, 'battery': 100.0, 'conditions': ['picked-o2-2']}
[INFO] [1787692236.955619183] [robot3.fragment_exec_node]: EventType: Control (Task: transport), Activity: navigate, Robot: robot3, Mission: m2, Segment: s2, Start: 18253.852247232
[INFO] [1787692236.958760173] [robot3.fragment_exec_node]: Simulating navigate skill from position (9, 5) to (11, 6) (7.211102550927978 seconds)...
[INFO] [1787692237.931588552] [robot3.fragment_exec_node]: Received fragment: {'robot': 'robot4', 'fragment': {'id': 'f3-4', 'mission': 'm3', 'state': 'assigned', 'wait': [], 'tasks': [{'name': 'pick', 'params': {'weight': 5, 'x': 2, 'y': 3}}], 'arrive_timestamp': 1787692196, 'priority': 1, 'segment': 's2', 'preconditions': [], 'postconditions': ['picked-o2-3']}}
[INFO] [1787692242.969917915] [robot3.fragment_exec_node]: Received fragment: {'robot': 'robot1', 'fragment': {'id': 'f3-3', 'mission': 'm3', 'state': 'assigned', 'wait': ['m3/s1/scan'], 'tasks': [{'name': 'transport', 'params': {'x': 11, 'y': 6}}], 'arrive_timestamp': 1787692196, 'priority': 1, 'segment': 's1', 'preconditions': ['picked-o1-3'], 'postconditions': []}}
[INFO] [1787692244.177660490] [robot3.fragment_exec_node]: Navigation completed!
[INFO] [1787692244.180555873] [robot3.fragment_exec_node]: EventType: Control (Task: transport), Activity: navigate, Robot: robot3, Mission: m2, Segment: s2, End: 18261.076067449
[INFO] [1787692244.183047242] [robot3.fragment_exec_node]: EventType: Task, Activity: transport, Robot: robot3, Mission: m2, Segment: s2, Start: 18261.078723751
[INFO] [1787692244.184751765] [robot3.fragment_exec_node]: Simulating navigate skill from position (11, 6) to (11, 6) (10.0 seconds)...
[INFO] [1787692253.935464660] [robot3.fragment_exec_node]: Received fragment: {'robot': 'robot1', 'fragment': {'id': 'f3-7', 'mission': 'm3', 'state': 'assigned', 'wait': [], 'tasks': [{'name': 'pick', 'params': {'weight': 2, 'x': 1, 'y': 9}}], 'arrive_timestamp': 1787692196, 'priority': 1, 'segment': 's3', 'preconditions': [], 'postconditions': ['picked-o3-3']}}
[INFO] [1787692254.188525060] [robot3.fragment_exec_node]: Navigation completed!
[INFO] [1787692254.191377181] [robot3.fragment_exec_node]: EventType: Task, Activity: transport, Robot: robot3, Mission: m2, Segment: s2, End: 18271.086953587
[INFO] [1787692254.193549668] [robot3.fragment_exec_node]: Execution of fragment f2-6 completed!
[INFO] [1787692254.931476703] [robot3.fragment_exec_node]: Received fragment: {'robot': 'robot3', 'fragment': {'id': 'f2-7', 'mission': 'm2', 'state': 'assigned', 'wait': ['m2/s1/transport', 'm2/s2/transport'], 'tasks': [{'name': 'pack', 'params': {'x': 11, 'y': 6, 'items': 2}}], 'arrive_timestamp': 1787692195, 'priority': 1, 'segment': '', 'preconditions': [], 'postconditions': []}}
[INFO] [1787692254.932894666] [robot3.fragment_exec_node]: Received fragment assignment: f2-7. Starting execution.
[INFO] [1787692254.935124182] [robot3.fragment_exec_node]: Executing task pack. Params: {'x': 11, 'y': 6, 'items': 2}, Virtual state: {'position': {'x': 11, 'y': 6, 'z': 0.0}, 'docked': False, 'battery': 100.0, 'conditions': ['picked-o2-2']}
[INFO] [1787692254.936348407] [robot3.fragment_exec_node]: EventType: Task, Activity: pack, Robot: robot3, Mission: m2, Segment: , Start: 18271.832959534
[INFO] [1787692254.937422741] [robot3.fragment_exec_node]: Simulating pack skill...
[INFO] [1787692255.936137563] [robot3.fragment_exec_node]: Received fragment: {'robot': 'robot4', 'fragment': {'id': 'f3-5', 'mission': 'm3', 'state': 'assigned', 'wait': ['m3/s2/pick'], 'tasks': [{'name': 'scan', 'params': {'x': 2, 'y': 3}}], 'arrive_timestamp': 1787692196, 'priority': 1, 'segment': 's2', 'preconditions': [], 'postconditions': []}}
[INFO] [1787692260.933715217] [robot3.fragment_exec_node]: Received fragment: {'robot': 'robot2', 'fragment': {'id': 'f1-4', 'mission': 'm1', 'state': 'assigned', 'wait': ['m1/s1/transport'], 'tasks': [{'name': 'pack', 'params': {'x': 11, 'y': 6, 'items': 1}}], 'arrive_timestamp': 1787692195, 'priority': 1, 'segment': '', 'preconditions': [], 'postconditions': []}}
[INFO] [1787692261.937989825] [robot3.fragment_exec_node]: Received fragment: {'robot': 'robot4', 'fragment': {'id': 'f3-6', 'mission': 'm3', 'state': 'assigned', 'wait': ['m3/s2/scan'], 'tasks': [{'name': 'transport', 'params': {'x': 11, 'y': 6}}], 'arrive_timestamp': 1787692196, 'priority': 1, 'segment': 's2', 'preconditions': ['picked-o2-3'], 'postconditions': []}}
[INFO] [1787692266.939533743] [robot3.fragment_exec_node]: Packing completed!
[INFO] [1787692266.941114134] [robot3.fragment_exec_node]: EventType: Task, Activity: pack, Robot: robot3, Mission: m2, Segment: , End: 18283.837672063
[INFO] [1787692266.943665061] [robot3.fragment_exec_node]: Execution of fragment f2-7 completed!
[INFO] [1787692267.934299171] [robot3.fragment_exec_node]: Received fragment: {'robot': 'robot3', 'fragment': {'id': 'f4-1', 'mission': 'm4', 'state': 'assigned', 'wait': [], 'tasks': [{'name': 'pick', 'params': {'weight': 5, 'x': 2, 'y': 8}}], 'arrive_timestamp': 1787692197, 'priority': 1, 'segment': 's1', 'preconditions': [], 'postconditions': ['picked-o1-4']}}
[INFO] [1787692267.935105840] [robot3.fragment_exec_node]: Received fragment: {'robot': 'robot2', 'fragment': {'id': 'f4-4', 'mission': 'm4', 'state': 'assigned', 'wait': [], 'tasks': [{'name': 'pick', 'params': {'weight': 7, 'x': 10, 'y': 4}}], 'arrive_timestamp': 1787692197, 'priority': 1, 'segment': 's2', 'preconditions': [], 'postconditions': ['picked-o2-4']}}
[INFO] [1787692267.936390438] [robot3.fragment_exec_node]: Received fragment assignment: f4-1. Starting execution.
[INFO] [1787692267.938010124] [robot3.fragment_exec_node]: Executing task pick. Params: {'weight': 5, 'x': 2, 'y': 8}, Virtual state: {'position': {'x': 11, 'y': 6, 'z': 0.0}, 'docked': False, 'battery': 100.0, 'conditions': ['picked-o2-2']}
[INFO] [1787692267.938947435] [robot3.fragment_exec_node]: EventType: Control (Task: pick), Activity: navigate, Robot: robot3, Mission: m4, Segment: s1, Start: 18284.835789942
[INFO] [1787692267.940089917] [robot3.fragment_exec_node]: Simulating navigate skill from position (11, 6) to (2, 8) (18.973665961010276 seconds)...
[INFO] [1787692276.935812596] [robot3.fragment_exec_node]: Received fragment: {'robot': 'robot1', 'fragment': {'id': 'f3-8', 'mission': 'm3', 'state': 'assigned', 'wait': ['m3/s3/pick'], 'tasks': [{'name': 'scan', 'params': {'x': 1, 'y': 9}}], 'arrive_timestamp': 1787692196, 'priority': 1, 'segment': 's3', 'preconditions': [], 'postconditions': []}}
[INFO] [1787692282.959333773] [robot3.fragment_exec_node]: Received fragment: {'robot': 'robot1', 'fragment': {'id': 'f3-9', 'mission': 'm3', 'state': 'assigned', 'wait': ['m3/s3/scan'], 'tasks': [{'name': 'transport', 'params': {'x': 11, 'y': 6}}], 'arrive_timestamp': 1787692196, 'priority': 1, 'segment': 's3', 'preconditions': ['picked-o3-3'], 'postconditions': []}}
[INFO] [1787692286.917543711] [robot3.fragment_exec_node]: Navigation completed!
[INFO] [1787692286.920235175] [robot3.fragment_exec_node]: EventType: Control (Task: pick), Activity: navigate, Robot: robot3, Mission: m4, Segment: s1, End: 18303.816386334
[INFO] [1787692286.921818132] [robot3.fragment_exec_node]: EventType: Task, Activity: pick, Robot: robot3, Mission: m4, Segment: s1, Start: 18303.81836101
[INFO] [1787692286.923533940] [robot3.fragment_exec_node]: Simulating pick skill...
[INFO] [1787692289.934795270] [robot3.fragment_exec_node]: Received fragment: {'robot': 'robot2', 'fragment': {'id': 'f4-5', 'mission': 'm4', 'state': 'assigned', 'wait': ['m4/s2/pick'], 'tasks': [{'name': 'scan', 'params': {'x': 10, 'y': 4}}], 'arrive_timestamp': 1787692197, 'priority': 1, 'segment': 's2', 'preconditions': [], 'postconditions': []}}
[INFO] [1787692291.927573939] [robot3.fragment_exec_node]: Pick completed!
[INFO] [1787692291.930394615] [robot3.fragment_exec_node]: EventType: Task, Activity: pick, Robot: robot3, Mission: m4, Segment: s1, End: 18308.82593434
[INFO] [1787692291.932731610] [robot3.fragment_exec_node]: Execution of fragment f4-1 completed!
[INFO] [1787692292.938391189] [robot3.fragment_exec_node]: Received fragment: {'robot': 'robot3', 'fragment': {'id': 'f4-2', 'mission': 'm4', 'state': 'assigned', 'wait': ['m4/s1/pick'], 'tasks': [{'name': 'scan', 'params': {'x': 2, 'y': 8}}], 'arrive_timestamp': 1787692197, 'priority': 1, 'segment': 's1', 'preconditions': [], 'postconditions': []}}
[INFO] [1787692292.939893125] [robot3.fragment_exec_node]: Received fragment assignment: f4-2. Starting execution.
[INFO] [1787692292.941330016] [robot3.fragment_exec_node]: Executing task scan. Params: {'x': 2, 'y': 8}, Virtual state: {'position': {'x': 2, 'y': 8, 'z': 0.0}, 'docked': False, 'battery': 100.0, 'conditions': ['picked-o2-2', 'picked-o1-4']}
[INFO] [1787692292.942327932] [robot3.fragment_exec_node]: EventType: Task, Activity: scan, Robot: robot3, Mission: m4, Segment: s1, Start: 18309.838933629
[INFO] [1787692292.943545351] [robot3.fragment_exec_node]: Simulating scan skill...
[INFO] [1787692293.933392591] [robot3.fragment_exec_node]: Received fragment: {'robot': 'robot4', 'fragment': {'id': 'f4-7', 'mission': 'm4', 'state': 'assigned', 'wait': [], 'tasks': [{'name': 'pick', 'params': {'weight': 2, 'x': 9, 'y': 1}}], 'arrive_timestamp': 1787692197, 'priority': 1, 'segment': 's3', 'preconditions': [], 'postconditions': ['picked-o3-4']}}
[INFO] [1787692295.967107027] [robot3.fragment_exec_node]: Received fragment: {'robot': 'robot2', 'fragment': {'id': 'f4-6', 'mission': 'm4', 'state': 'assigned', 'wait': ['m4/s2/scan'], 'tasks': [{'name': 'transport', 'params': {'x': 11, 'y': 6}}], 'arrive_timestamp': 1787692197, 'priority': 1, 'segment': 's2', 'preconditions': ['picked-o2-4'], 'postconditions': []}}
[INFO] [1787692295.968044888] [robot3.fragment_exec_node]: Scan completed!
[INFO] [1787692295.968495795] [robot3.fragment_exec_node]: EventType: Task, Activity: scan, Robot: robot3, Mission: m4, Segment: s1, End: 18312.865482336
[INFO] [1787692295.969338383] [robot3.fragment_exec_node]: Execution of fragment f4-2 completed!
[INFO] [1787692296.933731029] [robot3.fragment_exec_node]: Received fragment: {'robot': 'robot3', 'fragment': {'id': 'f4-3', 'mission': 'm4', 'state': 'assigned', 'wait': ['m4/s1/scan'], 'tasks': [{'name': 'transport', 'params': {'x': 11, 'y': 6}}], 'arrive_timestamp': 1787692197, 'priority': 1, 'segment': 's1', 'preconditions': ['picked-o1-4'], 'postconditions': []}}
[INFO] [1787692296.935324601] [robot3.fragment_exec_node]: Received fragment assignment: f4-3. Starting execution.
[INFO] [1787692296.937025261] [robot3.fragment_exec_node]: Executing task transport. Params: {'x': 11, 'y': 6}, Virtual state: {'position': {'x': 2, 'y': 8, 'z': 0.0}, 'docked': False, 'battery': 100.0, 'conditions': ['picked-o2-2', 'picked-o1-4']}
[INFO] [1787692296.938426779] [robot3.fragment_exec_node]: EventType: Control (Task: transport), Activity: navigate, Robot: robot3, Mission: m4, Segment: s1, Start: 18313.834865573
[INFO] [1787692296.939638931] [robot3.fragment_exec_node]: Simulating navigate skill from position (2, 8) to (11, 6) (19.697715603592208 seconds)...
[INFO] [1787692315.931262205] [robot3.fragment_exec_node]: Received fragment: {'robot': 'robot1', 'fragment': {'id': 'f3-10', 'mission': 'm3', 'state': 'assigned', 'wait': ['m3/s1/transport', 'm3/s2/transport', 'm3/s3/transport'], 'tasks': [{'name': 'pack', 'params': {'x': 2, 'y': 3, 'items': 3}}], 'arrive_timestamp': 1787692196, 'priority': 1, 'segment': '', 'preconditions': [], 'postconditions': []}}
[INFO] [1787692316.639674724] [robot3.fragment_exec_node]: Navigation completed!
[INFO] [1787692316.641073178] [robot3.fragment_exec_node]: EventType: Control (Task: transport), Activity: navigate, Robot: robot3, Mission: m4, Segment: s1, End: 18333.537462998
[INFO] [1787692316.642078494] [robot3.fragment_exec_node]: EventType: Task, Activity: transport, Robot: robot3, Mission: m4, Segment: s1, Start: 18333.53867233
[INFO] [1787692316.643304824] [robot3.fragment_exec_node]: Simulating navigate skill from position (11, 6) to (11, 6) (10.0 seconds)...
[INFO] [1787692316.955975598] [robot3.fragment_exec_node]: Received fragment: {'robot': 'robot4', 'fragment': {'id': "f4-10'", 'mission': 'm4', 'state': 'assigned', 'wait': [], 'tasks': [{'name': 'pick', 'params': {'weight': 1, 'x': 2, 'y': 4}}], 'arrive_timestamp': 1787692197, 'priority': 1, 'segment': 's4', 'preconditions': [], 'postconditions': ['picked-o4-4']}}
[INFO] [1787692316.957521622] [robot3.fragment_exec_node]: Received fragment: {'robot': 'robot2', 'fragment': {'id': 'f4-8', 'mission': 'm4', 'state': 'assigned', 'wait': ['m4/s3/pick'], 'tasks': [{'name': 'scan', 'params': {'x': 9, 'y': 1}}], 'arrive_timestamp': 1787692197, 'priority': 1, 'segment': 's3', 'preconditions': [], 'postconditions': []}}
[INFO] [1787692326.646264971] [robot3.fragment_exec_node]: Navigation completed!
[INFO] [1787692326.647491132] [robot3.fragment_exec_node]: EventType: Task, Activity: transport, Robot: robot3, Mission: m4, Segment: s1, End: 18343.543413473
[INFO] [1787692326.648641483] [robot3.fragment_exec_node]: Execution of fragment f4-3 completed!
[INFO] [1787692335.937262675] [robot3.fragment_exec_node]: Received fragment: {'robot': 'robot3', 'fragment': {'id': 'f4-11', 'mission': 'm4', 'state': 'assigned', 'wait': ['m4/s4/pick'], 'tasks': [{'name': 'scan', 'params': {'x': 2, 'y': 4}}], 'arrive_timestamp': 1787692197, 'priority': 1, 'segment': 's4', 'preconditions': [], 'postconditions': []}}
[INFO] [1787692335.938781586] [robot3.fragment_exec_node]: Received fragment assignment: f4-11. Starting execution.
[INFO] [1787692335.940237112] [robot3.fragment_exec_node]: Waiting for coordination messages before executing fragment f4-11: ['m4/s4/pick']
[INFO] [1787692337.946210865] [robot3.fragment_exec_node]: Executing task scan. Params: {'x': 2, 'y': 4}, Virtual state: {'position': {'x': 11, 'y': 6, 'z': 0.0}, 'docked': False, 'battery': 100.0, 'conditions': ['picked-o2-2', 'picked-o1-4']}
[INFO] [1787692337.949084882] [robot3.fragment_exec_node]: EventType: Control (Task: scan), Activity: navigate, Robot: robot3, Mission: m4, Segment: s4, Start: 18354.843607071
[INFO] [1787692337.951306774] [robot3.fragment_exec_node]: Simulating navigate skill from position (11, 6) to (2, 4) (22.80350850198276 seconds)...
[INFO] [1787692342.933813865] [robot3.fragment_exec_node]: Received fragment: {'robot': 'robot4', 'fragment': {'id': 'f4-9', 'mission': 'm4', 'state': 'assigned', 'wait': ['m4/s3/scan'], 'tasks': [{'name': 'transport', 'params': {'x': 11, 'y': 6}}], 'arrive_timestamp': 1787692197, 'priority': 1, 'segment': 's3', 'preconditions': ['picked-o3-4'], 'postconditions': []}}
[INFO] [1787692360.757746495] [robot3.fragment_exec_node]: Navigation completed!
[INFO] [1787692360.761015023] [robot3.fragment_exec_node]: EventType: Control (Task: scan), Activity: navigate, Robot: robot3, Mission: m4, Segment: s4, End: 18377.656061373
[INFO] [1787692360.763404279] [robot3.fragment_exec_node]: EventType: Task, Activity: scan, Robot: robot3, Mission: m4, Segment: s4, Start: 18377.659012254
[INFO] [1787692360.765399695] [robot3.fragment_exec_node]: Simulating scan skill...
[INFO] [1787692363.769195967] [robot3.fragment_exec_node]: Scan completed!
[INFO] [1787692363.771785199] [robot3.fragment_exec_node]: EventType: Task, Activity: scan, Robot: robot3, Mission: m4, Segment: s4, End: 18380.667299268
[INFO] [1787692363.774115849] [robot3.fragment_exec_node]: Execution of fragment f4-11 completed!
[INFO] [1787692374.954065840] [robot3.fragment_exec_node]: Received fragment: {'robot': 'robot4', 'fragment': {'id': 'f4-12', 'mission': 'm4', 'state': 'assigned', 'wait': ['m4/s4/scan'], 'tasks': [{'name': 'transport', 'params': {'x': 11, 'y': 6}}], 'arrive_timestamp': 1787692197, 'priority': 1, 'segment': 's4', 'preconditions': ['picked-o4-4'], 'postconditions': []}}
[INFO] [1787692385.939790008] [robot3.fragment_exec_node]: Received fragment: {'robot': 'robot3', 'fragment': {'id': 'f4-13', 'mission': 'm4', 'state': 'assigned', 'wait': ['m4/s1/transport', 'm4/s2/transport', 'm4/s3/transport', 'm4/s4/transport'], 'tasks': [{'name': 'pack', 'params': {'x': 11, 'y': 6, 'items': 4}}], 'arrive_timestamp': 1787692197, 'priority': 1, 'segment': '', 'preconditions': [], 'postconditions': []}}
[INFO] [1787692385.941732522] [robot3.fragment_exec_node]: Received fragment assignment: f4-13. Starting execution.
[INFO] [1787692385.943070296] [robot3.fragment_exec_node]: Waiting for coordination messages before executing fragment f4-13: ['m4/s1/transport', 'm4/s2/transport', 'm4/s3/transport', 'm4/s4/transport']
[INFO] [1787692387.948227718] [robot3.fragment_exec_node]: Executing task pack. Params: {'x': 11, 'y': 6, 'items': 4}, Virtual state: {'position': {'x': 2, 'y': 4, 'z': 0.0}, 'docked': False, 'battery': 100.0, 'conditions': ['picked-o2-2', 'picked-o1-4']}
[INFO] [1787692387.950820438] [robot3.fragment_exec_node]: EventType: Control (Task: pack), Activity: navigate, Robot: robot3, Mission: m4, Segment: , Start: 18404.846391059
[INFO] [1787692387.953182363] [robot3.fragment_exec_node]: Simulating navigate skill from position (2, 4) to (11, 6) (19.697715603592208 seconds)...
[INFO] [1787692407.652734999] [robot3.fragment_exec_node]: Navigation completed!
[INFO] [1787692407.653877369] [robot3.fragment_exec_node]: EventType: Control (Task: pack), Activity: navigate, Robot: robot3, Mission: m4, Segment: , End: 18424.550553998
[INFO] [1787692407.654849763] [robot3.fragment_exec_node]: EventType: Task, Activity: pack, Robot: robot3, Mission: m4, Segment: , Start: 18424.551510001
[INFO] [1787692407.655742131] [robot3.fragment_exec_node]: Simulating pack skill...
[INFO] [1787692431.657975176] [robot3.fragment_exec_node]: Packing completed!
[INFO] [1787692431.659118961] [robot3.fragment_exec_node]: EventType: Task, Activity: pack, Robot: robot3, Mission: m4, Segment: , End: 18448.555772836
[INFO] [1787692431.660353802] [robot3.fragment_exec_node]: Execution of fragment f4-13 completed!
Traceback (most recent call last):
  File "/root/ros2_ws/install/multi3_executor/lib/multi3_executor/executor", line 33, in <module>
    sys.exit(load_entry_point('multi3-executor==0.0.0', 'console_scripts', 'executor')())
  File "/root/ros2_ws/install/multi3_executor/lib/python3.10/site-packages/multi3_executor/nodes/executor.py", line 236, in main
    rclpy.shutdown()
  File "/opt/ros/humble/local/lib/python3.10/dist-packages/rclpy/__init__.py", line 130, in shutdown
    _shutdown(context=context)
  File "/opt/ros/humble/local/lib/python3.10/dist-packages/rclpy/utilities.py", line 58, in shutdown
    return context.shutdown()
  File "/opt/ros/humble/local/lib/python3.10/dist-packages/rclpy/context.py", line 102, in shutdown
    self.__context.shutdown()
rclpy._rclpy_pybind11.RCLError: failed to shutdown: rcl_shutdown already called on the given context, at ./src/rcl/init.c:241
