[INFO] [1787695573.945762519] [robot6.fragment_exec_node]: Setting up skill: PickSkill
[INFO] [1787695573.946574300] [robot6.fragment_exec_node]: Setting up skill: ScanSkill
[INFO] [1787695573.947104615] [robot6.fragment_exec_node]: Setting up skill: NavigateSkill
[INFO] [1787695573.947558829] [robot6.fragment_exec_node]: Setting up skill: NavigateSkill
[INFO] [1787695573.948157421] [robot6.fragment_exec_node]: Setting up skill: DockSkill
[INFO] [1787695573.948810793] [robot6.fragment_exec_node]: Setting up skill: UndockSkill
[INFO] [1787695573.949267839] [robot6.fragment_exec_node]: Setting up skill: PackSkill
[INFO] [1787695573.958414861] [robot6.fragment_exec_node]: Published robot registration: {'name': 'robot6', 'operational_state': 'idle', 'capabilities': ['pick', 'scan', 'transport', 'pack'], 'state': {'position': {'x': 0.0, 'y': 0.0, 'z': 0.0}, 'docked': True, 'battery': 100.0, 'conditions': []}}
[INFO] [1787695577.713293736] [robot6.fragment_exec_node]: Received fragment: {'robot': 'robot1', 'fragment': {'id': 'f2-1', 'mission': 'm2', 'state': 'assigned', 'wait': [], 'tasks': [{'name': 'pick', 'params': {'weight': 5, 'x': 2, 'y': 3}}], 'arrive_timestamp': 1787695575, 'priority': 1, 'segment': 's1', 'preconditions': [], 'postconditions': ['picked-o1-2']}}
[INFO] [1787695577.716092877] [robot6.fragment_exec_node]: Received fragment: {'robot': 'robot2', 'fragment': {'id': 'f3-1', 'mission': 'm3', 'state': 'assigned', 'wait': [], 'tasks': [{'name': 'pick', 'params': {'weight': 3, 'x': 7, 'y': 3}}], 'arrive_timestamp': 1787695576, 'priority': 1, 'segment': 's1', 'preconditions': [], 'postconditions': ['picked-o1-3']}}
[INFO] [1787695577.719484372] [robot6.fragment_exec_node]: Received fragment: {'robot': 'robot6', 'fragment': {'id': 'f3-4', 'mission': 'm3', 'state': 'assigned', 'wait': [], 'tasks': [{'name': 'pick', 'params': {'weight': 5, 'x': 2, 'y': 3}}], 'arrive_timestamp': 1787695576, 'priority': 1, 'segment': 's2', 'preconditions': [], 'postconditions': ['picked-o2-3']}}
[INFO] [1787695577.721527582] [robot6.fragment_exec_node]: Received fragment: {'robot': 'robot5', 'fragment': {'id': 'f3-7', 'mission': 'm3', 'state': 'assigned', 'wait': [], 'tasks': [{'name': 'pick', 'params': {'weight': 2, 'x': 1, 'y': 9}}], 'arrive_timestamp': 1787695576, 'priority': 1, 'segment': 's3', 'preconditions': [], 'postconditions': ['picked-o3-3']}}
[INFO] [1787695577.723907011] [robot6.fragment_exec_node]: Received fragment: {'robot': 'robot4', 'fragment': {'id': 'f2-4', 'mission': 'm2', 'state': 'assigned', 'wait': [], 'tasks': [{'name': 'pick', 'params': {'weight': 7, 'x': 9, 'y': 5}}], 'arrive_timestamp': 1787695575, 'priority': 1, 'segment': 's2', 'preconditions': [], 'postconditions': ['picked-o2-2']}}
[INFO] [1787695577.724971437] [robot6.fragment_exec_node]: Received fragment assignment: f3-4. Starting execution.
[INFO] [1787695577.726204974] [robot6.fragment_exec_node]: Executing task pick. Params: {'weight': 5, 'x': 2, 'y': 3}, Virtual state: {'position': {'x': 0.0, 'y': 0.0, 'z': 0.0}, 'docked': True, 'battery': 100.0, 'conditions': []}
[INFO] [1787695577.727130398] [robot6.fragment_exec_node]: EventType: Control (Task: pick), Activity: undock, Robot: robot6, Mission: m3, Segment: s2, Start: 21594.731130996
[INFO] [1787695577.728114127] [robot6.fragment_exec_node]: Simulating undock skill...
[INFO] [1787695581.732447059] [robot6.fragment_exec_node]: Undock completed!
[INFO] [1787695581.735226637] [robot6.fragment_exec_node]: EventType: Control (Task: pick), Activity: undock, Robot: robot6, Mission: m3, Segment: s2, End: 21598.737834954
[INFO] [1787695581.737482594] [robot6.fragment_exec_node]: EventType: Control (Task: pick), Activity: navigate, Robot: robot6, Mission: m3, Segment: s2, Start: 21598.740567217
[INFO] [1787695581.739086329] [robot6.fragment_exec_node]: Simulating navigate skill from position (0.0, 0.0) to (2, 3) (7.211102550927978 seconds)...
[INFO] [1787695588.953567467] [robot6.fragment_exec_node]: Navigation completed!
[INFO] [1787695588.955442788] [robot6.fragment_exec_node]: EventType: Control (Task: pick), Activity: navigate, Robot: robot6, Mission: m3, Segment: s2, End: 21605.958773642
[INFO] [1787695588.957787196] [robot6.fragment_exec_node]: EventType: Task, Activity: pick, Robot: robot6, Mission: m3, Segment: s2, Start: 21605.961386956
[INFO] [1787695588.960445282] [robot6.fragment_exec_node]: Simulating pick skill...
[INFO] [1787695593.964663942] [robot6.fragment_exec_node]: Pick completed!
[INFO] [1787695593.966568303] [robot6.fragment_exec_node]: EventType: Task, Activity: pick, Robot: robot6, Mission: m3, Segment: s2, End: 21610.970609037
[INFO] [1787695593.968689564] [robot6.fragment_exec_node]: Execution of fragment f3-4 completed!
[INFO] [1787695594.704220294] [robot6.fragment_exec_node]: Received fragment: {'robot': 'robot6', 'fragment': {'id': 'f2-2', 'mission': 'm2', 'state': 'assigned', 'wait': ['m2/s1/pick'], 'tasks': [{'name': 'scan', 'params': {'x': 2, 'y': 3}}], 'arrive_timestamp': 1787695575, 'priority': 1, 'segment': 's1', 'preconditions': [], 'postconditions': []}}
[INFO] [1787695594.706828737] [robot6.fragment_exec_node]: Received fragment assignment: f2-2. Starting execution.
[INFO] [1787695594.708732861] [robot6.fragment_exec_node]: Received fragment: {'robot': 'robot3', 'fragment': {'id': 'f3-5', 'mission': 'm3', 'state': 'assigned', 'wait': ['m3/s2/pick'], 'tasks': [{'name': 'scan', 'params': {'x': 2, 'y': 3}}], 'arrive_timestamp': 1787695576, 'priority': 1, 'segment': 's2', 'preconditions': [], 'postconditions': []}}
[INFO] [1787695594.710453373] [robot6.fragment_exec_node]: Executing task scan. Params: {'x': 2, 'y': 3}, Virtual state: {'position': {'x': 2, 'y': 3, 'z': 0.0}, 'docked': False, 'battery': 100.0, 'conditions': ['picked-o2-3']}
[INFO] [1787695594.711753980] [robot6.fragment_exec_node]: EventType: Task, Activity: scan, Robot: robot6, Mission: m2, Segment: s1, Start: 21611.716396198
[INFO] [1787695594.712629201] [robot6.fragment_exec_node]: Simulating scan skill...
[INFO] [1787695597.714637483] [robot6.fragment_exec_node]: Scan completed!
[INFO] [1787695597.715577406] [robot6.fragment_exec_node]: EventType: Task, Activity: scan, Robot: robot6, Mission: m2, Segment: s1, End: 21614.720275001
[INFO] [1787695597.716825949] [robot6.fragment_exec_node]: Execution of fragment f2-2 completed!
[INFO] [1787695598.696512041] [robot6.fragment_exec_node]: Received fragment: {'robot': 'robot6', 'fragment': {'id': 'f2-3', 'mission': 'm2', 'state': 'assigned', 'wait': ['m2/s1/scan'], 'tasks': [{'name': 'transport', 'params': {'x': 11, 'y': 6}}], 'arrive_timestamp': 1787695575, 'priority': 1, 'segment': 's1', 'preconditions': [], 'postconditions': []}}
[INFO] [1787695598.698360946] [robot6.fragment_exec_node]: Received fragment assignment: f2-3. Starting execution.
[INFO] [1787695598.701460353] [robot6.fragment_exec_node]: Executing task transport. Params: {'x': 11, 'y': 6}, Virtual state: {'position': {'x': 2, 'y': 3, 'z': 0.0}, 'docked': False, 'battery': 100.0, 'conditions': ['picked-o2-3']}
[INFO] [1787695598.702806218] [robot6.fragment_exec_node]: EventType: Control (Task: transport), Activity: navigate, Robot: robot6, Mission: m2, Segment: s1, Start: 21615.707191561
[INFO] [1787695598.704023192] [robot6.fragment_exec_node]: Simulating navigate skill from position (2, 3) to (11, 6) (19.697715603592208 seconds)...
[INFO] [1787695600.720490337] [robot6.fragment_exec_node]: Received fragment: {'robot': 'robot2', 'fragment': {'id': 'f3-2', 'mission': 'm3', 'state': 'assigned', 'wait': ['m3/s1/pick'], 'tasks': [{'name': 'scan', 'params': {'x': 7, 'y': 3}}], 'arrive_timestamp': 1787695576, 'priority': 1, 'segment': 's1', 'preconditions': [], 'postconditions': []}}
[INFO] [1787695602.702608619] [robot6.fragment_exec_node]: Received fragment: {'robot': 'robot5', 'fragment': {'id': 'f3-8', 'mission': 'm3', 'state': 'assigned', 'wait': ['m3/s3/pick'], 'tasks': [{'name': 'scan', 'params': {'x': 1, 'y': 9}}], 'arrive_timestamp': 1787695576, 'priority': 1, 'segment': 's3', 'preconditions': [], 'postconditions': []}}
[INFO] [1787695604.692684493] [robot6.fragment_exec_node]: Received fragment: {'robot': 'robot2', 'fragment': {'id': 'f3-3', 'mission': 'm3', 'state': 'assigned', 'wait': ['m3/s1/scan'], 'tasks': [{'name': 'transport', 'params': {'x': 11, 'y': 6}}], 'arrive_timestamp': 1787695576, 'priority': 1, 'segment': 's1', 'preconditions': ['picked-o1-3'], 'postconditions': []}}
[INFO] [1787695606.688009189] [robot6.fragment_exec_node]: Received fragment: {'robot': 'robot5', 'fragment': {'id': 'f3-9', 'mission': 'm3', 'state': 'assigned', 'wait': ['m3/s3/scan'], 'tasks': [{'name': 'transport', 'params': {'x': 11, 'y': 6}}], 'arrive_timestamp': 1787695576, 'priority': 1, 'segment': 's3', 'preconditions': ['picked-o3-3'], 'postconditions': []}}
[INFO] [1787695609.709538500] [robot6.fragment_exec_node]: Received fragment: {'robot': 'robot1', 'fragment': {'id': 'f2-5', 'mission': 'm2', 'state': 'assigned', 'wait': ['m2/s2/pick'], 'tasks': [{'name': 'scan', 'params': {'x': 9, 'y': 5}}], 'arrive_timestamp': 1787695575, 'priority': 1, 'segment': 's2', 'preconditions': [], 'postconditions': []}}
[INFO] [1787695618.405559626] [robot6.fragment_exec_node]: Navigation completed!
[INFO] [1787695618.408561450] [robot6.fragment_exec_node]: EventType: Control (Task: transport), Activity: navigate, Robot: robot6, Mission: m2, Segment: s1, End: 21635.411698201
[INFO] [1787695618.411411852] [robot6.fragment_exec_node]: EventType: Task, Activity: transport, Robot: robot6, Mission: m2, Segment: s1, Start: 21635.414650664
[INFO] [1787695618.413658541] [robot6.fragment_exec_node]: Simulating navigate skill from position (11, 6) to (11, 6) (10.0 seconds)...
[INFO] [1787695628.417275706] [robot6.fragment_exec_node]: Navigation completed!
[INFO] [1787695628.420215308] [robot6.fragment_exec_node]: EventType: Task, Activity: transport, Robot: robot6, Mission: m2, Segment: s1, End: 21645.424357042
[INFO] [1787695628.422652841] [robot6.fragment_exec_node]: Execution of fragment f2-3 completed!
[INFO] [1787695628.696822315] [robot6.fragment_exec_node]: Received fragment: {'robot': 'robot6', 'fragment': {'id': 'f3-6', 'mission': 'm3', 'state': 'assigned', 'wait': ['m3/s2/scan'], 'tasks': [{'name': 'transport', 'params': {'x': 11, 'y': 6}}], 'arrive_timestamp': 1787695576, 'priority': 1, 'segment': 's2', 'preconditions': ['picked-o2-3'], 'postconditions': []}}
[INFO] [1787695628.698722559] [robot6.fragment_exec_node]: Received fragment assignment: f3-6. Starting execution.
[INFO] [1787695628.701487868] [robot6.fragment_exec_node]: Executing task transport. Params: {'x': 11, 'y': 6}, Virtual state: {'position': {'x': 11, 'y': 6, 'z': 0.0}, 'docked': False, 'battery': 100.0, 'conditions': ['picked-o2-3']}
[INFO] [1787695628.703025589] [robot6.fragment_exec_node]: EventType: Task, Activity: transport, Robot: robot6, Mission: m3, Segment: s2, Start: 21645.70760798
[INFO] [1787695628.704476773] [robot6.fragment_exec_node]: Simulating navigate skill from position (11, 6) to (11, 6) (10.0 seconds)...
[INFO] [1787695630.687279236] [robot6.fragment_exec_node]: Received fragment: {'robot': 'robot4', 'fragment': {'id': 'f2-6', 'mission': 'm2', 'state': 'assigned', 'wait': ['m2/s2/scan'], 'tasks': [{'name': 'transport', 'params': {'x': 11, 'y': 6}}], 'arrive_timestamp': 1787695575, 'priority': 1, 'segment': 's2', 'preconditions': ['picked-o2-2'], 'postconditions': []}}
[INFO] [1787695638.708002483] [robot6.fragment_exec_node]: Navigation completed!
[INFO] [1787695638.710376768] [robot6.fragment_exec_node]: EventType: Task, Activity: transport, Robot: robot6, Mission: m3, Segment: s2, End: 21655.714592232
[INFO] [1787695638.713051049] [robot6.fragment_exec_node]: Execution of fragment f3-6 completed!
[INFO] [1787695639.695498812] [robot6.fragment_exec_node]: Received fragment: {'robot': 'robot2', 'fragment': {'id': 'f3-10', 'mission': 'm3', 'state': 'assigned', 'wait': ['m3/s1/transport', 'm3/s2/transport', 'm3/s3/transport'], 'tasks': [{'name': 'pack', 'params': {'x': 2, 'y': 3, 'items': 3}}], 'arrive_timestamp': 1787695576, 'priority': 1, 'segment': '', 'preconditions': [], 'postconditions': []}}
[INFO] [1787695648.699283929] [robot6.fragment_exec_node]: Received fragment: {'robot': 'robot5', 'fragment': {'id': 'f2-7', 'mission': 'm2', 'state': 'assigned', 'wait': ['m2/s1/transport', 'm2/s2/transport'], 'tasks': [{'name': 'pack', 'params': {'x': 11, 'y': 6, 'items': 2}}], 'arrive_timestamp': 1787695575, 'priority': 1, 'segment': '', 'preconditions': [], 'postconditions': []}}
Traceback (most recent call last):
  File "/root/ros2_ws/install/multi3_executor/lib/multi3_executor/executor", line 33, in <module>
    sys.exit(load_entry_point('multi3-executor==0.0.0', 'console_scripts', 'executor')())
  File "/root/ros2_ws/install/multi3_executor/lib/python3.10/site-packages/multi3_executor/nodes/executor.py", line 236, in main
    rclpy.shutdown()
  File "/opt/ros/humble/local/lib/python3.10/dist-packages/rclpy/__init__.py", line 130, in shutdown
    _shutdown(context=context)
  File "/opt/ros/humble/local/lib/python3.10/dist-packages/rclpy/utilities.py", line 58, in shutdown
    return context.shutdown()
  File "/opt/ros/humble/local/lib/python3.10/dist-packages/rclpy/context.py", line 102, in shutdown
    self.__context.shutdown()
rclpy._rclpy_pybind11.RCLError: failed to shutdown: rcl_shutdown already called on the given context, at ./src/rcl/init.c:241
