[INFO] [1787858077.200890547] [robot7.fragment_exec_node]: Setting up skill: UndockSkill
[INFO] [1787858077.201611968] [robot7.fragment_exec_node]: Setting up skill: NavigateSkill
[INFO] [1787858077.202355775] [robot7.fragment_exec_node]: Setting up skill: CheckRoomSkill
[INFO] [1787858077.202924800] [robot7.fragment_exec_node]: Setting up skill: MopSkill
[INFO] [1787858077.203467670] [robot7.fragment_exec_node]: Setting up skill: CheckRoomSkill
[INFO] [1787858077.214788848] [robot7.fragment_exec_node]: Published robot registration: {'name': 'robot7', 'operational_state': 'idle', 'capabilities': ['undock', 'check_room', 'move_to', 'mop'], 'state': {'position': {'x': 0.0, 'y': 0.0, 'z': 0.0}, 'docked': True}}
[INFO] [1787858090.811659353] [robot7.fragment_exec_node]: Received fragment assignment: {'robot': 'robot7', 'fragment': {'id': 'fm2-6', 'mission': 'm2', 'state': 'assigned', 'wait': [], 'tasks': [{'name': 'check_room', 'label': 'check_room(r2)', 'params': {'x': 10, 'y': 5, 'size': 3}}], 'arrive_timestamp': 1787858082, 'priority': 1, 'segment': 's2'}}
[INFO] [1787858090.817112183] [robot7.fragment_exec_node]: Starting execution of fragment fm2-6...
[INFO] [1787858090.819329719] [robot7.fragment_exec_node]: Executing task check_room(r2). Params: {'x': 10, 'y': 5, 'size': 3}, Virtual state: {'position': {'x': 0.0, 'y': 0.0, 'z': 0.0}, 'docked': True}
[INFO] [1787858090.821298154] [robot7.fragment_exec_node]: EventType: Control (Task: check_room), Activity: undock, Robot: robot7, Mission: m2, Segment: s2, Start: 1787858090.820484
[INFO] [1787858090.823774737] [robot7.fragment_exec_node]: Simulating undock skill...
[INFO] [1787858094.827563964] [robot7.fragment_exec_node]: Undock completed!
[INFO] [1787858094.829674737] [robot7.fragment_exec_node]: EventType: Control (Task: check_room), Activity: undock, Robot: robot7, Mission: m2, Segment: s2, End: 1787858094.8285913
[INFO] [1787858094.831280702] [robot7.fragment_exec_node]: EventType: Control (Task: check_room), Activity: move_to, Robot: robot7, Mission: m2, Segment: s2, Start: 1787858094.8303177
[INFO] [1787858094.832774459] [robot7.fragment_exec_node]: Simulating navigate skill from position (0.0, 0.0) to (10, 5) (22.360679774997898 seconds)...
[INFO] [1787858117.196899971] [robot7.fragment_exec_node]: Navigation completed!
[INFO] [1787858117.201038456] [robot7.fragment_exec_node]: EventType: Control (Task: check_room), Activity: move_to, Robot: robot7, Mission: m2, Segment: s2, End: 1787858117.1998615
[INFO] [1787858117.202837384] [robot7.fragment_exec_node]: EventType: Task, Activity: check_room, Robot: robot7, Mission: m2, Segment: s2, Start: 1787858117.2017171
[INFO] [1787858117.204295848] [robot7.fragment_exec_node]: Simulating check_room skill (4.5s to complete)...
[INFO] [1787858121.708075567] [robot7.fragment_exec_node]: Check room completed!
[INFO] [1787858121.711030629] [robot7.fragment_exec_node]: EventType: Task, Activity: check_room, Robot: robot7, Mission: m2, Segment: s2, End: 1787858121.709161
[INFO] [1787858121.714004107] [robot7.fragment_exec_node]: Execution of fragment fm2-6 completed!
[INFO] [1787858161.815077620] [robot7.fragment_exec_node]: Received fragment assignment: {'robot': 'robot7', 'fragment': {'id': 'fm2-3', 'mission': 'm2', 'state': 'assigned', 'wait': ['vacuum(r1)'], 'tasks': [{'name': 'mop', 'label': 'mop(r1)', 'params': {'x': 4, 'y': 2, 'size': 6}}], 'arrive_timestamp': 1787858082, 'priority': 1, 'segment': 's1'}}
[INFO] [1787858161.817384327] [robot7.fragment_exec_node]: Starting execution of fragment fm2-3...
[INFO] [1787858161.819232057] [robot7.fragment_exec_node]: Executing task mop(r1). Params: {'x': 4, 'y': 2, 'size': 6}, Virtual state: {'position': {'x': 10, 'y': 5, 'z': 0.0}, 'docked': False}
[INFO] [1787858161.820578806] [robot7.fragment_exec_node]: EventType: Control (Task: mop), Activity: move_to, Robot: robot7, Mission: m2, Segment: s1, Start: 1787858161.8196065
[INFO] [1787858161.822011948] [robot7.fragment_exec_node]: Simulating navigate skill from position (10, 5) to (4, 2) (20.0 seconds)...
[INFO] [1787858181.825350036] [robot7.fragment_exec_node]: Navigation completed!
[INFO] [1787858181.830590356] [robot7.fragment_exec_node]: EventType: Control (Task: mop), Activity: move_to, Robot: robot7, Mission: m2, Segment: s1, End: 1787858181.8286104
[INFO] [1787858181.833180093] [robot7.fragment_exec_node]: EventType: Task, Activity: mop, Robot: robot7, Mission: m2, Segment: s1, Start: 1787858181.831535
[INFO] [1787858181.834724255] [robot7.fragment_exec_node]: Simulating mop skill (33.0s to complete)...
[INFO] [1787858214.835654098] [robot7.fragment_exec_node]: Mop completed!
[INFO] [1787858214.837114072] [robot7.fragment_exec_node]: EventType: Task, Activity: mop, Robot: robot7, Mission: m2, Segment: s1, End: 1787858214.836516
[INFO] [1787858214.839044906] [robot7.fragment_exec_node]: Execution of fragment fm2-3 completed!
[INFO] [1787858225.805440639] [robot7.fragment_exec_node]: Received fragment assignment: {'robot': 'robot7', 'fragment': {'id': 'fm2-38', 'mission': 'm2', 'state': 'assigned', 'wait': ['vacuum(r8)'], 'tasks': [{'name': 'mop', 'label': 'mop(r8)', 'params': {'x': 2, 'y': 8, 'size': 7}}], 'arrive_timestamp': 1787858082, 'priority': 1, 'segment': 's8'}}
[INFO] [1787858225.807480806] [robot7.fragment_exec_node]: Starting execution of fragment fm2-38...
[INFO] [1787858225.809303873] [robot7.fragment_exec_node]: Waiting for coordination messages before executing fragment fm2-38: ['vacuum(r8)']
[INFO] [1787858227.814032848] [robot7.fragment_exec_node]: Executing task mop(r8). Params: {'x': 2, 'y': 8, 'size': 7}, Virtual state: {'position': {'x': 4, 'y': 2, 'z': 0.0}, 'docked': False}
[INFO] [1787858227.815336333] [robot7.fragment_exec_node]: EventType: Control (Task: mop), Activity: move_to, Robot: robot7, Mission: m2, Segment: s8, Start: 1787858227.814708
[INFO] [1787858227.816357758] [robot7.fragment_exec_node]: Simulating navigate skill from position (4, 2) to (2, 8) (8.94427190999916 seconds)...
[INFO] [1787858236.763953326] [robot7.fragment_exec_node]: Navigation completed!
[INFO] [1787858236.766841452] [robot7.fragment_exec_node]: EventType: Control (Task: mop), Activity: move_to, Robot: robot7, Mission: m2, Segment: s8, End: 1787858236.764988
[INFO] [1787858236.769220241] [robot7.fragment_exec_node]: EventType: Task, Activity: mop, Robot: robot7, Mission: m2, Segment: s8, Start: 1787858236.7677078
[INFO] [1787858236.770980898] [robot7.fragment_exec_node]: Simulating mop skill (38.5s to complete)...
[INFO] [1787858275.268215219] [robot7.fragment_exec_node]: Mop completed!
[INFO] [1787858275.271349102] [robot7.fragment_exec_node]: EventType: Task, Activity: mop, Robot: robot7, Mission: m2, Segment: s8, End: 1787858275.2701707
[INFO] [1787858275.273929553] [robot7.fragment_exec_node]: Execution of fragment fm2-38 completed!
[INFO] [1787858285.806680528] [robot7.fragment_exec_node]: Received fragment assignment: {'robot': 'robot7', 'fragment': {'id': 'fm2-25', 'mission': 'm2', 'state': 'assigned', 'wait': ['disinfect(r5)'], 'tasks': [{'name': 'final_room_check', 'label': 'final_room_check(r5)', 'params': {'x': 12, 'y': 3, 'size': 5}}], 'arrive_timestamp': 1787858082, 'priority': 1, 'segment': 's5'}}
[INFO] [1787858285.808269589] [robot7.fragment_exec_node]: Starting execution of fragment fm2-25...
[ERROR] [1787858285.809817341] [robot7.fragment_exec_node]: Robot robot7 was assigned a fragment without required capabilities!
[INFO] [1787858285.810983455] [robot7.fragment_exec_node]: Executing task final_room_check(r5). Params: {'x': 12, 'y': 3, 'size': 5}, Virtual state: {'position': {'x': 2, 'y': 8, 'z': 0.0}, 'docked': False}
[INFO] [1787858285.812199336] [robot7.fragment_exec_node]: EventType: Control (Task: final_room_check), Activity: move_to, Robot: robot7, Mission: m2, Segment: s5, Start: 1787858285.8113978
[INFO] [1787858285.813332007] [robot7.fragment_exec_node]: Simulating navigate skill from position (2, 8) to (12, 3) (20.09975124224178 seconds)...
[INFO] [1787858305.896280494] [robot7.fragment_exec_node]: Navigation completed!
[INFO] [1787858305.897770578] [robot7.fragment_exec_node]: EventType: Control (Task: final_room_check), Activity: move_to, Robot: robot7, Mission: m2, Segment: s5, End: 1787858305.8968837
[INFO] [1787858305.899044741] [robot7.fragment_exec_node]: EventType: Task, Activity: final_room_check, Robot: robot7, Mission: m2, Segment: s5, Start: 1787858305.8985722
[INFO] [1787858305.899788072] [robot7.fragment_exec_node]: Simulating check_room skill (7.5s to complete)...
[INFO] [1787858313.402954336] [robot7.fragment_exec_node]: Check room completed!
[INFO] [1787858313.405358112] [robot7.fragment_exec_node]: EventType: Task, Activity: final_room_check, Robot: robot7, Mission: m2, Segment: s5, End: 1787858313.4040248
[INFO] [1787858313.408018513] [robot7.fragment_exec_node]: Execution of fragment fm2-25 completed!
Traceback (most recent call last):
  File "/root/ros2_ws/install/multi3_executor/lib/multi3_executor/executor", line 33, in <module>
    sys.exit(load_entry_point('multi3-executor==0.0.0', 'console_scripts', 'executor')())
  File "/root/ros2_ws/install/multi3_executor/lib/python3.10/site-packages/multi3_executor/nodes/executor.py", line 313, in main
    rclpy.shutdown()
  File "/opt/ros/humble/local/lib/python3.10/dist-packages/rclpy/__init__.py", line 130, in shutdown
    _shutdown(context=context)
  File "/opt/ros/humble/local/lib/python3.10/dist-packages/rclpy/utilities.py", line 58, in shutdown
    return context.shutdown()
  File "/opt/ros/humble/local/lib/python3.10/dist-packages/rclpy/context.py", line 102, in shutdown
    self.__context.shutdown()
rclpy._rclpy_pybind11.RCLError: failed to shutdown: rcl_shutdown already called on the given context, at ./src/rcl/init.c:241
