[INFO] [1787686713.931023906] [robot1.fragment_exec_node]: Setting up skill: PickSkill
[INFO] [1787686713.932776812] [robot1.fragment_exec_node]: Setting up skill: ScanSkill
[INFO] [1787686713.934214823] [robot1.fragment_exec_node]: Setting up skill: NavigateSkill
[INFO] [1787686713.935299148] [robot1.fragment_exec_node]: Setting up skill: NavigateSkill
[INFO] [1787686713.936866577] [robot1.fragment_exec_node]: Setting up skill: DockSkill
[INFO] [1787686713.938308573] [robot1.fragment_exec_node]: Setting up skill: UndockSkill
[INFO] [1787686713.939656385] [robot1.fragment_exec_node]: Setting up skill: PackSkill
[INFO] [1787686713.950220401] [robot1.fragment_exec_node]: Published robot registration: {'name': 'robot1', 'operational_state': 'idle', 'capabilities': ['pick', 'scan', 'transport', 'pack'], 'state': {'position': {'x': 0.0, 'y': 0.0, 'z': 0.0}, 'docked': True, 'battery': 100.0, 'conditions': []}}
[INFO] [1787686721.482767384] [robot1.fragment_exec_node]: Received fragment: {'robot': 'robot1', 'fragment': {'id': 'f2-1', 'mission': 'm2', 'state': 'assigned', 'wait': [], 'tasks': [{'name': 'pick', 'params': {'weight': 5, 'x': 2, 'y': 3}}], 'arrive_timestamp': 1787686718, 'priority': 1, 'segment': 's1', 'preconditions': [], 'postconditions': ['picked-o1-2']}}
[INFO] [1787686721.483462330] [robot1.fragment_exec_node]: Received fragment: {'robot': 'robot2', 'fragment': {'id': 'f1-1', 'mission': 'm1', 'state': 'assigned', 'wait': [], 'tasks': [{'name': 'pick', 'params': {'x': 5, 'y': 8, 'weight': 8}}], 'arrive_timestamp': 1787686717, 'priority': 1, 'segment': 's1', 'preconditions': [], 'postconditions': ['picked-o1-1']}}
[INFO] [1787686721.484554661] [robot1.fragment_exec_node]: Received fragment assignment: f2-1. Starting execution.
[INFO] [1787686721.485428979] [robot1.fragment_exec_node]: Executing task pick. Params: {'weight': 5, 'x': 2, 'y': 3}, Virtual state: {'position': {'x': 0.0, 'y': 0.0, 'z': 0.0}, 'docked': True, 'battery': 100.0, 'conditions': []}
[INFO] [1787686721.486124699] [robot1.fragment_exec_node]: EventType: Control (Task: pick), Activity: undock, Robot: robot1, Mission: m2, Segment: s1, Start: 12738.295488288
[INFO] [1787686721.486705789] [robot1.fragment_exec_node]: Simulating undock skill...
[INFO] [1787686725.489381286] [robot1.fragment_exec_node]: Undock completed!
[INFO] [1787686725.492097528] [robot1.fragment_exec_node]: EventType: Control (Task: pick), Activity: undock, Robot: robot1, Mission: m2, Segment: s1, End: 12742.299957522
[INFO] [1787686725.494270305] [robot1.fragment_exec_node]: EventType: Control (Task: pick), Activity: navigate, Robot: robot1, Mission: m2, Segment: s1, Start: 12742.302665023
[INFO] [1787686725.495955742] [robot1.fragment_exec_node]: Simulating navigate skill from position (0.0, 0.0) to (2, 3) (7.211102550927978 seconds)...
[INFO] [1787686732.711107737] [robot1.fragment_exec_node]: Navigation completed!
[INFO] [1787686732.713901882] [robot1.fragment_exec_node]: EventType: Control (Task: pick), Activity: navigate, Robot: robot1, Mission: m2, Segment: s1, End: 12749.522054459
[INFO] [1787686732.715502582] [robot1.fragment_exec_node]: EventType: Task, Activity: pick, Robot: robot1, Mission: m2, Segment: s1, Start: 12749.524231293
[INFO] [1787686732.717370824] [robot1.fragment_exec_node]: Simulating pick skill...
[INFO] [1787686737.720010950] [robot1.fragment_exec_node]: Pick completed!
[INFO] [1787686737.721635862] [robot1.fragment_exec_node]: EventType: Task, Activity: pick, Robot: robot1, Mission: m2, Segment: s1, End: 12754.530410865
[INFO] [1787686737.723843657] [robot1.fragment_exec_node]: Execution of fragment f2-1 completed!
[INFO] [1787686738.464525653] [robot1.fragment_exec_node]: Received fragment: {'robot': 'robot1', 'fragment': {'id': 'f2-2', 'mission': 'm2', 'state': 'assigned', 'wait': ['m2/s1/pick'], 'tasks': [{'name': 'scan', 'params': {'x': 2, 'y': 3}}], 'arrive_timestamp': 1787686718, 'priority': 1, 'segment': 's1', 'preconditions': [], 'postconditions': []}}
[INFO] [1787686738.465412042] [robot1.fragment_exec_node]: Received fragment assignment: f2-2. Starting execution.
[INFO] [1787686738.466659918] [robot1.fragment_exec_node]: Waiting for coordination messages before executing fragment f2-2: ['m2/s1/pick']
[INFO] [1787686740.472536282] [robot1.fragment_exec_node]: Executing task scan. Params: {'x': 2, 'y': 3}, Virtual state: {'position': {'x': 2, 'y': 3, 'z': 0.0}, 'docked': False, 'battery': 100.0, 'conditions': ['picked-o1-2']}
[INFO] [1787686740.474479378] [robot1.fragment_exec_node]: EventType: Task, Activity: scan, Robot: robot1, Mission: m2, Segment: s1, Start: 12757.282273011
[INFO] [1787686740.476370542] [robot1.fragment_exec_node]: Simulating scan skill...
[INFO] [1787686743.481109505] [robot1.fragment_exec_node]: Scan completed!
[INFO] [1787686743.484172930] [robot1.fragment_exec_node]: EventType: Task, Activity: scan, Robot: robot1, Mission: m2, Segment: s1, End: 12760.291419582
[INFO] [1787686743.487719385] [robot1.fragment_exec_node]: Execution of fragment f2-2 completed!
[INFO] [1787686744.481027519] [robot1.fragment_exec_node]: Received fragment: {'robot': 'robot1', 'fragment': {'id': 'f2-3', 'mission': 'm2', 'state': 'assigned', 'wait': ['m2/s1/scan'], 'tasks': [{'name': 'transport', 'params': {'x': 11, 'y': 6}}], 'arrive_timestamp': 1787686718, 'priority': 1, 'segment': 's1', 'preconditions': [], 'postconditions': []}}
[INFO] [1787686744.481956957] [robot1.fragment_exec_node]: Received fragment assignment: f2-3. Starting execution.
[INFO] [1787686744.482890659] [robot1.fragment_exec_node]: Waiting for coordination messages before executing fragment f2-3: ['m2/s1/scan']
[INFO] [1787686746.487465520] [robot1.fragment_exec_node]: Executing task transport. Params: {'x': 11, 'y': 6}, Virtual state: {'position': {'x': 2, 'y': 3, 'z': 0.0}, 'docked': False, 'battery': 100.0, 'conditions': ['picked-o1-2']}
[INFO] [1787686746.488649119] [robot1.fragment_exec_node]: EventType: Control (Task: transport), Activity: navigate, Robot: robot1, Mission: m2, Segment: s1, Start: 12763.29694905
[INFO] [1787686746.489930396] [robot1.fragment_exec_node]: Simulating navigate skill from position (2, 3) to (11, 6) (19.697715603592208 seconds)...
[INFO] [1787686752.466638301] [robot1.fragment_exec_node]: Received fragment: {'robot': 'robot2', 'fragment': {'id': 'f1-2', 'mission': 'm1', 'state': 'assigned', 'wait': ['m1/s1/pick'], 'tasks': [{'name': 'scan', 'params': {'x': 5, 'y': 8}}], 'arrive_timestamp': 1787686717, 'priority': 1, 'segment': 's1', 'preconditions': [], 'postconditions': []}}
[INFO] [1787686758.468514859] [robot1.fragment_exec_node]: Received fragment: {'robot': 'robot2', 'fragment': {'id': 'f1-3', 'mission': 'm1', 'state': 'assigned', 'wait': ['m1/s1/scan'], 'tasks': [{'name': 'transport', 'params': {'x': 11, 'y': 6}}], 'arrive_timestamp': 1787686717, 'priority': 1, 'segment': 's1', 'preconditions': ['picked-o1-1'], 'postconditions': []}}
[INFO] [1787686766.189898107] [robot1.fragment_exec_node]: Navigation completed!
[INFO] [1787686766.190764644] [robot1.fragment_exec_node]: EventType: Control (Task: transport), Activity: navigate, Robot: robot1, Mission: m2, Segment: s1, End: 12782.999334659
[INFO] [1787686766.191453378] [robot1.fragment_exec_node]: EventType: Task, Activity: transport, Robot: robot1, Mission: m2, Segment: s1, Start: 12783.000011811
[INFO] [1787686766.192083841] [robot1.fragment_exec_node]: Simulating navigate skill from position (11, 6) to (11, 6) (10.0 seconds)...
[INFO] [1787686776.195918517] [robot1.fragment_exec_node]: Navigation completed!
[INFO] [1787686776.199277664] [robot1.fragment_exec_node]: EventType: Task, Activity: transport, Robot: robot1, Mission: m2, Segment: s1, End: 12793.006022431
[INFO] [1787686776.202212628] [robot1.fragment_exec_node]: Execution of fragment f2-3 completed!
[INFO] [1787686776.487742487] [robot1.fragment_exec_node]: Received fragment: {'robot': 'robot1', 'fragment': {'id': 'f2-4', 'mission': 'm2', 'state': 'assigned', 'wait': [], 'tasks': [{'name': 'pick', 'params': {'weight': 7, 'x': 9, 'y': 5}}], 'arrive_timestamp': 1787686718, 'priority': 1, 'segment': 's2', 'preconditions': [], 'postconditions': ['picked-o2-2']}}
[INFO] [1787686776.488874087] [robot1.fragment_exec_node]: Received fragment assignment: f2-4. Starting execution.
[INFO] [1787686776.489978873] [robot1.fragment_exec_node]: Executing task pick. Params: {'weight': 7, 'x': 9, 'y': 5}, Virtual state: {'position': {'x': 11, 'y': 6, 'z': 0.0}, 'docked': False, 'battery': 100.0, 'conditions': ['picked-o1-2']}
[INFO] [1787686776.490777952] [robot1.fragment_exec_node]: EventType: Control (Task: pick), Activity: navigate, Robot: robot1, Mission: m2, Segment: s2, Start: 12793.299142503
[INFO] [1787686776.491626548] [robot1.fragment_exec_node]: Simulating navigate skill from position (11, 6) to (9, 5) (12.649110640673518 seconds)...
[INFO] [1787686783.462356460] [robot1.fragment_exec_node]: Received fragment: {'robot': 'robot2', 'fragment': {'id': 'f1-4', 'mission': 'm1', 'state': 'assigned', 'wait': ['m1/s1/transport'], 'tasks': [{'name': 'pack', 'params': {'x': 11, 'y': 6, 'items': 1}}], 'arrive_timestamp': 1787686717, 'priority': 1, 'segment': '', 'preconditions': [], 'postconditions': []}}
[INFO] [1787686789.144008714] [robot1.fragment_exec_node]: Navigation completed!
[INFO] [1787686789.146794559] [robot1.fragment_exec_node]: EventType: Control (Task: pick), Activity: navigate, Robot: robot1, Mission: m2, Segment: s2, End: 12805.953949339
[INFO] [1787686789.148374825] [robot1.fragment_exec_node]: EventType: Task, Activity: pick, Robot: robot1, Mission: m2, Segment: s2, Start: 12805.956315164
[INFO] [1787686789.150112759] [robot1.fragment_exec_node]: Simulating pick skill...
[INFO] [1787686790.470096062] [robot1.fragment_exec_node]: Received fragment: {'robot': 'robot2', 'fragment': {'id': 'f3-1', 'mission': 'm3', 'state': 'assigned', 'wait': [], 'tasks': [{'name': 'pick', 'params': {'weight': 3, 'x': 7, 'y': 3}}], 'arrive_timestamp': 1787686719, 'priority': 1, 'segment': 's1', 'preconditions': [], 'postconditions': ['picked-o1-3']}}
[INFO] [1787686796.153199166] [robot1.fragment_exec_node]: Pick completed!
[INFO] [1787686796.155023146] [robot1.fragment_exec_node]: EventType: Task, Activity: pick, Robot: robot1, Mission: m2, Segment: s2, End: 12812.962725787
[INFO] [1787686796.157274296] [robot1.fragment_exec_node]: Execution of fragment f2-4 completed!
[INFO] [1787686796.471625858] [robot1.fragment_exec_node]: Received fragment: {'robot': 'robot1', 'fragment': {'id': 'f2-5', 'mission': 'm2', 'state': 'assigned', 'wait': ['m2/s2/pick'], 'tasks': [{'name': 'scan', 'params': {'x': 9, 'y': 5}}], 'arrive_timestamp': 1787686718, 'priority': 1, 'segment': 's2', 'preconditions': [], 'postconditions': []}}
[INFO] [1787686796.472810529] [robot1.fragment_exec_node]: Received fragment assignment: f2-5. Starting execution.
[INFO] [1787686796.474732734] [robot1.fragment_exec_node]: Waiting for coordination messages before executing fragment f2-5: ['m2/s2/pick']
[INFO] [1787686798.478258667] [robot1.fragment_exec_node]: Executing task scan. Params: {'x': 9, 'y': 5}, Virtual state: {'position': {'x': 9, 'y': 5, 'z': 0.0}, 'docked': False, 'battery': 100.0, 'conditions': ['picked-o1-2', 'picked-o2-2']}
[INFO] [1787686798.479583468] [robot1.fragment_exec_node]: EventType: Task, Activity: scan, Robot: robot1, Mission: m2, Segment: s2, Start: 12815.28767303
[INFO] [1787686798.480443221] [robot1.fragment_exec_node]: Simulating scan skill...
[INFO] [1787686801.483532947] [robot1.fragment_exec_node]: Scan completed!
[INFO] [1787686801.485885391] [robot1.fragment_exec_node]: EventType: Task, Activity: scan, Robot: robot1, Mission: m2, Segment: s2, End: 12818.293279579
[INFO] [1787686801.489586295] [robot1.fragment_exec_node]: Execution of fragment f2-5 completed!
[INFO] [1787686802.466560441] [robot1.fragment_exec_node]: Received fragment: {'robot': 'robot1', 'fragment': {'id': 'f2-6', 'mission': 'm2', 'state': 'assigned', 'wait': ['m2/s2/scan'], 'tasks': [{'name': 'transport', 'params': {'x': 11, 'y': 6}}], 'arrive_timestamp': 1787686718, 'priority': 1, 'segment': 's2', 'preconditions': ['picked-o2-2'], 'postconditions': []}}
[INFO] [1787686802.467527750] [robot1.fragment_exec_node]: Received fragment assignment: f2-6. Starting execution.
[INFO] [1787686802.468898980] [robot1.fragment_exec_node]: Waiting for coordination messages before executing fragment f2-6: ['m2/s2/scan']
[INFO] [1787686804.473697707] [robot1.fragment_exec_node]: Executing task transport. Params: {'x': 11, 'y': 6}, Virtual state: {'position': {'x': 9, 'y': 5, 'z': 0.0}, 'docked': False, 'battery': 100.0, 'conditions': ['picked-o1-2', 'picked-o2-2']}
[INFO] [1787686804.475577646] [robot1.fragment_exec_node]: EventType: Control (Task: transport), Activity: navigate, Robot: robot1, Mission: m2, Segment: s2, Start: 12821.283503456
[INFO] [1787686804.476967926] [robot1.fragment_exec_node]: Simulating navigate skill from position (9, 5) to (11, 6) (7.211102550927978 seconds)...
[INFO] [1787686811.468758536] [robot1.fragment_exec_node]: Received fragment: {'robot': 'robot2', 'fragment': {'id': 'f3-2', 'mission': 'm3', 'state': 'assigned', 'wait': ['m3/s1/pick'], 'tasks': [{'name': 'scan', 'params': {'x': 7, 'y': 3}}], 'arrive_timestamp': 1787686719, 'priority': 1, 'segment': 's1', 'preconditions': [], 'postconditions': []}}
[INFO] [1787686811.691961139] [robot1.fragment_exec_node]: Navigation completed!
[INFO] [1787686811.694485876] [robot1.fragment_exec_node]: EventType: Control (Task: transport), Activity: navigate, Robot: robot1, Mission: m2, Segment: s2, End: 12828.50192964
[INFO] [1787686811.696083015] [robot1.fragment_exec_node]: EventType: Task, Activity: transport, Robot: robot1, Mission: m2, Segment: s2, Start: 12828.504225816
[INFO] [1787686811.697942943] [robot1.fragment_exec_node]: Simulating navigate skill from position (11, 6) to (11, 6) (10.0 seconds)...
[INFO] [1787686817.464321115] [robot1.fragment_exec_node]: Received fragment: {'robot': 'robot2', 'fragment': {'id': 'f3-3', 'mission': 'm3', 'state': 'assigned', 'wait': ['m3/s1/scan'], 'tasks': [{'name': 'transport', 'params': {'x': 11, 'y': 6}}], 'arrive_timestamp': 1787686719, 'priority': 1, 'segment': 's1', 'preconditions': ['picked-o1-3'], 'postconditions': []}}
[INFO] [1787686821.700119838] [robot1.fragment_exec_node]: Navigation completed!
[INFO] [1787686821.700911923] [robot1.fragment_exec_node]: EventType: Task, Activity: transport, Robot: robot1, Mission: m2, Segment: s2, End: 12838.50954866
[INFO] [1787686821.701844916] [robot1.fragment_exec_node]: Execution of fragment f2-6 completed!
[INFO] [1787686822.468923588] [robot1.fragment_exec_node]: Received fragment: {'robot': 'robot1', 'fragment': {'id': 'f2-7', 'mission': 'm2', 'state': 'assigned', 'wait': ['m2/s1/transport', 'm2/s2/transport'], 'tasks': [{'name': 'pack', 'params': {'x': 11, 'y': 6, 'items': 2}}], 'arrive_timestamp': 1787686718, 'priority': 1, 'segment': '', 'preconditions': [], 'postconditions': []}}
[INFO] [1787686822.469587886] [robot1.fragment_exec_node]: Received fragment assignment: f2-7. Starting execution.
[INFO] [1787686822.470488071] [robot1.fragment_exec_node]: Waiting for coordination messages before executing fragment f2-7: ['m2/s1/transport', 'm2/s2/transport']
[INFO] [1787686824.474165001] [robot1.fragment_exec_node]: Executing task pack. Params: {'x': 11, 'y': 6, 'items': 2}, Virtual state: {'position': {'x': 11, 'y': 6, 'z': 0.0}, 'docked': False, 'battery': 100.0, 'conditions': ['picked-o1-2', 'picked-o2-2']}
[INFO] [1787686824.474938930] [robot1.fragment_exec_node]: EventType: Task, Activity: pack, Robot: robot1, Mission: m2, Segment: , Start: 12841.283585511
[INFO] [1787686824.475549823] [robot1.fragment_exec_node]: Simulating pack skill...
[INFO] [1787686836.483613430] [robot1.fragment_exec_node]: Packing completed!
[INFO] [1787686836.484648052] [robot1.fragment_exec_node]: Received fragment: {'robot': 'robot2', 'fragment': {'id': 'f3-4', 'mission': 'm3', 'state': 'assigned', 'wait': [], 'tasks': [{'name': 'pick', 'params': {'weight': 5, 'x': 2, 'y': 3}}], 'arrive_timestamp': 1787686719, 'priority': 1, 'segment': 's2', 'preconditions': [], 'postconditions': ['picked-o2-3']}}
[INFO] [1787686836.485239671] [robot1.fragment_exec_node]: EventType: Task, Activity: pack, Robot: robot1, Mission: m2, Segment: , End: 12853.29313928
[INFO] [1787686836.486140255] [robot1.fragment_exec_node]: Execution of fragment f2-7 completed!
[INFO] [1787686837.468869693] [robot1.fragment_exec_node]: Received fragment: {'robot': 'robot1', 'fragment': {'id': 'f3-7', 'mission': 'm3', 'state': 'assigned', 'wait': [], 'tasks': [{'name': 'pick', 'params': {'weight': 2, 'x': 1, 'y': 9}}], 'arrive_timestamp': 1787686719, 'priority': 1, 'segment': 's3', 'preconditions': [], 'postconditions': ['picked-o3-3']}}
[INFO] [1787686837.469784573] [robot1.fragment_exec_node]: Received fragment assignment: f3-7. Starting execution.
[INFO] [1787686837.470799629] [robot1.fragment_exec_node]: Executing task pick. Params: {'weight': 2, 'x': 1, 'y': 9}, Virtual state: {'position': {'x': 11, 'y': 6, 'z': 0.0}, 'docked': False, 'battery': 100.0, 'conditions': ['picked-o1-2', 'picked-o2-2']}
[INFO] [1787686837.471662439] [robot1.fragment_exec_node]: EventType: Control (Task: pick), Activity: navigate, Robot: robot1, Mission: m3, Segment: s3, Start: 12854.280399256
[INFO] [1787686837.472569238] [robot1.fragment_exec_node]: Simulating navigate skill from position (11, 6) to (1, 9) (20.396078054371138 seconds)...
[INFO] [1787686857.870683884] [robot1.fragment_exec_node]: Navigation completed!
[INFO] [1787686857.871587536] [robot1.fragment_exec_node]: EventType: Control (Task: pick), Activity: navigate, Robot: robot1, Mission: m3, Segment: s3, End: 12874.680463872
[INFO] [1787686857.872427201] [robot1.fragment_exec_node]: EventType: Task, Activity: pick, Robot: robot1, Mission: m3, Segment: s3, Start: 12874.681288888
[INFO] [1787686857.873059783] [robot1.fragment_exec_node]: Simulating pick skill...
[INFO] [1787686859.875873929] [robot1.fragment_exec_node]: Pick completed!
[INFO] [1787686859.878910651] [robot1.fragment_exec_node]: EventType: Task, Activity: pick, Robot: robot1, Mission: m3, Segment: s3, End: 12876.687104173
[INFO] [1787686859.881909908] [robot1.fragment_exec_node]: Execution of fragment f3-7 completed!
[INFO] [1787686860.474381945] [robot1.fragment_exec_node]: Received fragment: {'robot': 'robot1', 'fragment': {'id': 'f3-8', 'mission': 'm3', 'state': 'assigned', 'wait': ['m3/s3/pick'], 'tasks': [{'name': 'scan', 'params': {'x': 1, 'y': 9}}], 'arrive_timestamp': 1787686719, 'priority': 1, 'segment': 's3', 'preconditions': [], 'postconditions': []}}
[INFO] [1787686860.474965836] [robot1.fragment_exec_node]: Received fragment assignment: f3-8. Starting execution.
[INFO] [1787686860.475575222] [robot1.fragment_exec_node]: Waiting for coordination messages before executing fragment f3-8: ['m3/s3/pick']
[INFO] [1787686862.481068070] [robot1.fragment_exec_node]: Executing task scan. Params: {'x': 1, 'y': 9}, Virtual state: {'position': {'x': 1, 'y': 9, 'z': 0.0}, 'docked': False, 'battery': 100.0, 'conditions': ['picked-o1-2', 'picked-o2-2', 'picked-o3-3']}
[INFO] [1787686862.484155854] [robot1.fragment_exec_node]: EventType: Task, Activity: scan, Robot: robot1, Mission: m3, Segment: s3, Start: 12879.292092065
[INFO] [1787686862.486704055] [robot1.fragment_exec_node]: Simulating scan skill...
[INFO] [1787686865.489544721] [robot1.fragment_exec_node]: Scan completed!
[INFO] [1787686865.491116497] [robot1.fragment_exec_node]: EventType: Task, Activity: scan, Robot: robot1, Mission: m3, Segment: s3, End: 12882.300179538
[INFO] [1787686865.493356060] [robot1.fragment_exec_node]: Execution of fragment f3-8 completed!
[INFO] [1787686866.475705472] [robot1.fragment_exec_node]: Received fragment: {'robot': 'robot2', 'fragment': {'id': 'f3-5', 'mission': 'm3', 'state': 'assigned', 'wait': ['m3/s2/pick'], 'tasks': [{'name': 'scan', 'params': {'x': 2, 'y': 3}}], 'arrive_timestamp': 1787686719, 'priority': 1, 'segment': 's2', 'preconditions': [], 'postconditions': []}}
[INFO] [1787686866.477749638] [robot1.fragment_exec_node]: Received fragment: {'robot': 'robot1', 'fragment': {'id': 'f3-9', 'mission': 'm3', 'state': 'assigned', 'wait': ['m3/s3/scan'], 'tasks': [{'name': 'transport', 'params': {'x': 11, 'y': 6}}], 'arrive_timestamp': 1787686719, 'priority': 1, 'segment': 's3', 'preconditions': ['picked-o3-3'], 'postconditions': []}}
[INFO] [1787686866.479982912] [robot1.fragment_exec_node]: Received fragment assignment: f3-9. Starting execution.
[INFO] [1787686866.482204457] [robot1.fragment_exec_node]: Waiting for coordination messages before executing fragment f3-9: ['m3/s3/scan']
[INFO] [1787686868.487716152] [robot1.fragment_exec_node]: Executing task transport. Params: {'x': 11, 'y': 6}, Virtual state: {'position': {'x': 1, 'y': 9, 'z': 0.0}, 'docked': False, 'battery': 100.0, 'conditions': ['picked-o1-2', 'picked-o2-2', 'picked-o3-3']}
[INFO] [1787686868.490514674] [robot1.fragment_exec_node]: EventType: Control (Task: transport), Activity: navigate, Robot: robot1, Mission: m3, Segment: s3, Start: 12885.298831022
[INFO] [1787686868.492191888] [robot1.fragment_exec_node]: Simulating navigate skill from position (1, 9) to (11, 6) (22.360679774997898 seconds)...
[INFO] [1787686872.462762707] [robot1.fragment_exec_node]: Received fragment: {'robot': 'robot2', 'fragment': {'id': 'f3-6', 'mission': 'm3', 'state': 'assigned', 'wait': ['m3/s2/scan'], 'tasks': [{'name': 'transport', 'params': {'x': 11, 'y': 6}}], 'arrive_timestamp': 1787686719, 'priority': 1, 'segment': 's2', 'preconditions': ['picked-o2-3'], 'postconditions': []}}
[INFO] [1787686890.855987361] [robot1.fragment_exec_node]: Navigation completed!
[INFO] [1787686890.857208813] [robot1.fragment_exec_node]: EventType: Control (Task: transport), Activity: navigate, Robot: robot1, Mission: m3, Segment: s3, End: 12907.665549113
[INFO] [1787686890.858215526] [robot1.fragment_exec_node]: EventType: Task, Activity: transport, Robot: robot1, Mission: m3, Segment: s3, Start: 12907.666584573
[INFO] [1787686890.859009933] [robot1.fragment_exec_node]: Simulating navigate skill from position (11, 6) to (11, 6) (10.0 seconds)...
[INFO] [1787686900.861141405] [robot1.fragment_exec_node]: Navigation completed!
[INFO] [1787686900.862070054] [robot1.fragment_exec_node]: EventType: Task, Activity: transport, Robot: robot1, Mission: m3, Segment: s3, End: 12917.6705357
[INFO] [1787686900.863011448] [robot1.fragment_exec_node]: Execution of fragment f3-9 completed!
[INFO] [1787686901.481843227] [robot1.fragment_exec_node]: Received fragment: {'robot': 'robot1', 'fragment': {'id': 'f4-1', 'mission': 'm4', 'state': 'assigned', 'wait': [], 'tasks': [{'name': 'pick', 'params': {'weight': 5, 'x': 2, 'y': 8}}], 'arrive_timestamp': 1787686720, 'priority': 1, 'segment': 's1', 'preconditions': [], 'postconditions': ['picked-o1-4']}}
[INFO] [1787686901.482806366] [robot1.fragment_exec_node]: Received fragment assignment: f4-1. Starting execution.
[INFO] [1787686901.484132429] [robot1.fragment_exec_node]: Executing task pick. Params: {'weight': 5, 'x': 2, 'y': 8}, Virtual state: {'position': {'x': 11, 'y': 6, 'z': 0.0}, 'docked': False, 'battery': 100.0, 'conditions': ['picked-o1-2', 'picked-o2-2', 'picked-o3-3']}
[INFO] [1787686901.485114178] [robot1.fragment_exec_node]: EventType: Control (Task: pick), Activity: navigate, Robot: robot1, Mission: m4, Segment: s1, Start: 12918.293399673
[INFO] [1787686901.486085013] [robot1.fragment_exec_node]: Simulating navigate skill from position (11, 6) to (2, 8) (18.973665961010276 seconds)...
[INFO] [1787686904.463918246] [robot1.fragment_exec_node]: Received fragment: {'robot': 'robot2', 'fragment': {'id': 'f3-10', 'mission': 'm3', 'state': 'assigned', 'wait': ['m3/s1/transport', 'm3/s2/transport', 'm3/s3/transport'], 'tasks': [{'name': 'pack', 'params': {'x': 2, 'y': 3, 'items': 3}}], 'arrive_timestamp': 1787686719, 'priority': 1, 'segment': '', 'preconditions': [], 'postconditions': []}}
[INFO] [1787686920.461293573] [robot1.fragment_exec_node]: Navigation completed!
[INFO] [1787686920.462505267] [robot1.fragment_exec_node]: EventType: Control (Task: pick), Activity: navigate, Robot: robot1, Mission: m4, Segment: s1, End: 12937.271571869
[INFO] [1787686920.463200729] [robot1.fragment_exec_node]: EventType: Task, Activity: pick, Robot: robot1, Mission: m4, Segment: s1, Start: 12937.272699218
[INFO] [1787686920.464658308] [robot1.fragment_exec_node]: Simulating pick skill...
[INFO] [1787686925.466320277] [robot1.fragment_exec_node]: Pick completed!
[INFO] [1787686925.467140533] [robot1.fragment_exec_node]: EventType: Task, Activity: pick, Robot: robot1, Mission: m4, Segment: s1, End: 12942.276503947
[INFO] [1787686925.468620152] [robot1.fragment_exec_node]: Execution of fragment f4-1 completed!
[INFO] [1787686926.468790050] [robot1.fragment_exec_node]: Received fragment: {'robot': 'robot1', 'fragment': {'id': 'f4-2', 'mission': 'm4', 'state': 'assigned', 'wait': ['m4/s1/pick'], 'tasks': [{'name': 'scan', 'params': {'x': 2, 'y': 8}}], 'arrive_timestamp': 1787686720, 'priority': 1, 'segment': 's1', 'preconditions': [], 'postconditions': []}}
[INFO] [1787686926.469863937] [robot1.fragment_exec_node]: Received fragment assignment: f4-2. Starting execution.
[INFO] [1787686926.471066117] [robot1.fragment_exec_node]: Waiting for coordination messages before executing fragment f4-2: ['m4/s1/pick']
[INFO] [1787686928.476832695] [robot1.fragment_exec_node]: Executing task scan. Params: {'x': 2, 'y': 8}, Virtual state: {'position': {'x': 2, 'y': 8, 'z': 0.0}, 'docked': False, 'battery': 100.0, 'conditions': ['picked-o1-2', 'picked-o2-2', 'picked-o3-3', 'picked-o1-4']}
[INFO] [1787686928.479797528] [robot1.fragment_exec_node]: EventType: Task, Activity: scan, Robot: robot1, Mission: m4, Segment: s1, Start: 12945.287854439
[INFO] [1787686928.481550313] [robot1.fragment_exec_node]: Simulating scan skill...
[INFO] [1787686931.485516339] [robot1.fragment_exec_node]: Scan completed!
[INFO] [1787686931.488726641] [robot1.fragment_exec_node]: EventType: Task, Activity: scan, Robot: robot1, Mission: m4, Segment: s1, End: 12948.296650183
[INFO] [1787686931.491942394] [robot1.fragment_exec_node]: Execution of fragment f4-2 completed!
[INFO] [1787686932.481208447] [robot1.fragment_exec_node]: Received fragment: {'robot': 'robot1', 'fragment': {'id': 'f4-3', 'mission': 'm4', 'state': 'assigned', 'wait': ['m4/s1/scan'], 'tasks': [{'name': 'transport', 'params': {'x': 11, 'y': 6}}], 'arrive_timestamp': 1787686720, 'priority': 1, 'segment': 's1', 'preconditions': ['picked-o1-4'], 'postconditions': []}}
[INFO] [1787686932.482106572] [robot1.fragment_exec_node]: Received fragment assignment: f4-3. Starting execution.
[INFO] [1787686932.483457420] [robot1.fragment_exec_node]: Waiting for coordination messages before executing fragment f4-3: ['m4/s1/scan']
[INFO] [1787686934.489076870] [robot1.fragment_exec_node]: Executing task transport. Params: {'x': 11, 'y': 6}, Virtual state: {'position': {'x': 2, 'y': 8, 'z': 0.0}, 'docked': False, 'battery': 100.0, 'conditions': ['picked-o1-2', 'picked-o2-2', 'picked-o3-3', 'picked-o1-4']}
[INFO] [1787686934.491982887] [robot1.fragment_exec_node]: EventType: Control (Task: transport), Activity: navigate, Robot: robot1, Mission: m4, Segment: s1, Start: 12951.300016077
[INFO] [1787686934.493910881] [robot1.fragment_exec_node]: Simulating navigate skill from position (2, 8) to (11, 6) (19.697715603592208 seconds)...
[INFO] [1787686949.477567248] [robot1.fragment_exec_node]: Received fragment: {'robot': 'robot2', 'fragment': {'id': 'f4-4', 'mission': 'm4', 'state': 'assigned', 'wait': [], 'tasks': [{'name': 'pick', 'params': {'weight': 7, 'x': 10, 'y': 4}}], 'arrive_timestamp': 1787686720, 'priority': 1, 'segment': 's2', 'preconditions': [], 'postconditions': ['picked-o2-4']}}
[INFO] [1787686954.195470568] [robot1.fragment_exec_node]: Navigation completed!
[INFO] [1787686954.198492748] [robot1.fragment_exec_node]: EventType: Control (Task: transport), Activity: navigate, Robot: robot1, Mission: m4, Segment: s1, End: 12971.006672798
[INFO] [1787686954.201164954] [robot1.fragment_exec_node]: EventType: Task, Activity: transport, Robot: robot1, Mission: m4, Segment: s1, Start: 12971.009518772
[INFO] [1787686954.203113986] [robot1.fragment_exec_node]: Simulating navigate skill from position (11, 6) to (11, 6) (10.0 seconds)...
[INFO] [1787686964.207171519] [robot1.fragment_exec_node]: Navigation completed!
[INFO] [1787686964.209534240] [robot1.fragment_exec_node]: EventType: Task, Activity: transport, Robot: robot1, Mission: m4, Segment: s1, End: 12981.018693445
[INFO] [1787686964.211524004] [robot1.fragment_exec_node]: Execution of fragment f4-3 completed!
[INFO] [1787686964.466247316] [robot1.fragment_exec_node]: Received fragment: {'robot': 'robot1', 'fragment': {'id': 'f4-7', 'mission': 'm4', 'state': 'assigned', 'wait': [], 'tasks': [{'name': 'pick', 'params': {'weight': 2, 'x': 9, 'y': 1}}], 'arrive_timestamp': 1787686720, 'priority': 1, 'segment': 's3', 'preconditions': [], 'postconditions': ['picked-o3-4']}}
[INFO] [1787686964.466927599] [robot1.fragment_exec_node]: Received fragment assignment: f4-7. Starting execution.
[INFO] [1787686964.467699695] [robot1.fragment_exec_node]: Executing task pick. Params: {'weight': 2, 'x': 9, 'y': 1}, Virtual state: {'position': {'x': 11, 'y': 6, 'z': 0.0}, 'docked': False, 'battery': 100.0, 'conditions': ['picked-o1-2', 'picked-o2-2', 'picked-o3-3', 'picked-o1-4']}
[INFO] [1787686964.468262970] [robot1.fragment_exec_node]: EventType: Control (Task: pick), Activity: navigate, Robot: robot1, Mission: m4, Segment: s3, Start: 12981.278054802
[INFO] [1787686964.468798878] [robot1.fragment_exec_node]: Simulating navigate skill from position (11, 6) to (9, 1) (20.396078054371138 seconds)...
[INFO] [1787686973.461626036] [robot1.fragment_exec_node]: Received fragment: {'robot': 'robot2', 'fragment': {'id': 'f4-5', 'mission': 'm4', 'state': 'assigned', 'wait': ['m4/s2/pick'], 'tasks': [{'name': 'scan', 'params': {'x': 10, 'y': 4}}], 'arrive_timestamp': 1787686720, 'priority': 1, 'segment': 's2', 'preconditions': [], 'postconditions': []}}
[INFO] [1787686979.484197025] [robot1.fragment_exec_node]: Received fragment: {'robot': 'robot2', 'fragment': {'id': 'f4-6', 'mission': 'm4', 'state': 'assigned', 'wait': ['m4/s2/scan'], 'tasks': [{'name': 'transport', 'params': {'x': 11, 'y': 6}}], 'arrive_timestamp': 1787686720, 'priority': 1, 'segment': 's2', 'preconditions': ['picked-o2-4'], 'postconditions': []}}
[INFO] [1787686984.903370476] [robot1.fragment_exec_node]: Navigation completed!
[INFO] [1787686984.912662267] [robot1.fragment_exec_node]: EventType: Control (Task: pick), Activity: navigate, Robot: robot1, Mission: m4, Segment: s3, End: 13001.720948296
[INFO] [1787686984.933586519] [robot1.fragment_exec_node]: EventType: Task, Activity: pick, Robot: robot1, Mission: m4, Segment: s3, Start: 13001.741619964
[INFO] [1787686984.934629089] [robot1.fragment_exec_node]: Simulating pick skill...
[INFO] [1787686986.954085932] [robot1.fragment_exec_node]: Pick completed!
[INFO] [1787686986.955500746] [robot1.fragment_exec_node]: EventType: Task, Activity: pick, Robot: robot1, Mission: m4, Segment: s3, End: 13003.76383619
[INFO] [1787686986.957101134] [robot1.fragment_exec_node]: Execution of fragment f4-7 completed!
[INFO] [1787686987.467766509] [robot1.fragment_exec_node]: Received fragment: {'robot': 'robot1', 'fragment': {'id': 'f4-8', 'mission': 'm4', 'state': 'assigned', 'wait': ['m4/s3/pick'], 'tasks': [{'name': 'scan', 'params': {'x': 9, 'y': 1}}], 'arrive_timestamp': 1787686720, 'priority': 1, 'segment': 's3', 'preconditions': [], 'postconditions': []}}
[INFO] [1787686987.469856438] [robot1.fragment_exec_node]: Received fragment assignment: f4-8. Starting execution.
[INFO] [1787686987.472144050] [robot1.fragment_exec_node]: Waiting for coordination messages before executing fragment f4-8: ['m4/s3/pick']
[INFO] [1787686989.475538612] [robot1.fragment_exec_node]: Executing task scan. Params: {'x': 9, 'y': 1}, Virtual state: {'position': {'x': 9, 'y': 1, 'z': 0.0}, 'docked': False, 'battery': 100.0, 'conditions': ['picked-o1-2', 'picked-o2-2', 'picked-o3-3', 'picked-o1-4', 'picked-o3-4']}
[INFO] [1787686989.476732858] [robot1.fragment_exec_node]: EventType: Task, Activity: scan, Robot: robot1, Mission: m4, Segment: s3, Start: 13006.285242869
[INFO] [1787686989.477742851] [robot1.fragment_exec_node]: Simulating scan skill...
[INFO] [1787686992.479575359] [robot1.fragment_exec_node]: Scan completed!
[INFO] [1787686992.480335963] [robot1.fragment_exec_node]: EventType: Task, Activity: scan, Robot: robot1, Mission: m4, Segment: s3, End: 13009.289118209
[INFO] [1787686992.481052357] [robot1.fragment_exec_node]: Execution of fragment f4-8 completed!
[INFO] [1787686993.537296060] [robot1.fragment_exec_node]: Received fragment: {'robot': 'robot1', 'fragment': {'id': 'f4-9', 'mission': 'm4', 'state': 'assigned', 'wait': ['m4/s3/scan'], 'tasks': [{'name': 'transport', 'params': {'x': 11, 'y': 6}}], 'arrive_timestamp': 1787686720, 'priority': 1, 'segment': 's3', 'preconditions': ['picked-o3-4'], 'postconditions': []}}
[INFO] [1787686993.537821118] [robot1.fragment_exec_node]: Received fragment assignment: f4-9. Starting execution.
[INFO] [1787686993.538558057] [robot1.fragment_exec_node]: Executing task transport. Params: {'x': 11, 'y': 6}, Virtual state: {'position': {'x': 9, 'y': 1, 'z': 0.0}, 'docked': False, 'battery': 100.0, 'conditions': ['picked-o1-2', 'picked-o2-2', 'picked-o3-3', 'picked-o1-4', 'picked-o3-4']}
[INFO] [1787686993.539162912] [robot1.fragment_exec_node]: EventType: Control (Task: transport), Activity: navigate, Robot: robot1, Mission: m4, Segment: s3, Start: 13010.347928597
[INFO] [1787686993.539742376] [robot1.fragment_exec_node]: Simulating navigate skill from position (9, 1) to (11, 6) (7.211102550927978 seconds)...
[INFO] [1787686998.466168603] [robot1.fragment_exec_node]: Received fragment: {'robot': 'robot2', 'fragment': {'id': "f4-10'", 'mission': 'm4', 'state': 'assigned', 'wait': [], 'tasks': [{'name': 'pick', 'params': {'weight': 1, 'x': 2, 'y': 4}}], 'arrive_timestamp': 1787686720, 'priority': 1, 'segment': 's4', 'preconditions': [], 'postconditions': ['picked-o4-4']}}
[INFO] [1787687000.752806328] [robot1.fragment_exec_node]: Navigation completed!
[INFO] [1787687000.753511881] [robot1.fragment_exec_node]: EventType: Control (Task: transport), Activity: navigate, Robot: robot1, Mission: m4, Segment: s3, End: 13017.562285638
[INFO] [1787687000.754120412] [robot1.fragment_exec_node]: EventType: Task, Activity: transport, Robot: robot1, Mission: m4, Segment: s3, Start: 13017.562883749
[INFO] [1787687000.754630921] [robot1.fragment_exec_node]: Simulating navigate skill from position (11, 6) to (11, 6) (10.0 seconds)...
[INFO] [1787687010.756890698] [robot1.fragment_exec_node]: Navigation completed!
[INFO] [1787687010.758210750] [robot1.fragment_exec_node]: EventType: Task, Activity: transport, Robot: robot1, Mission: m4, Segment: s3, End: 13027.566852204
[INFO] [1787687010.759674748] [robot1.fragment_exec_node]: Execution of fragment f4-9 completed!
[INFO] [1787687022.467325740] [robot1.fragment_exec_node]: Received fragment: {'robot': 'robot2', 'fragment': {'id': 'f4-11', 'mission': 'm4', 'state': 'assigned', 'wait': ['m4/s4/pick'], 'tasks': [{'name': 'scan', 'params': {'x': 2, 'y': 4}}], 'arrive_timestamp': 1787686720, 'priority': 1, 'segment': 's4', 'preconditions': [], 'postconditions': []}}
[INFO] [1787687028.482546093] [robot1.fragment_exec_node]: Received fragment: {'robot': 'robot2', 'fragment': {'id': 'f4-12', 'mission': 'm4', 'state': 'assigned', 'wait': ['m4/s4/scan'], 'tasks': [{'name': 'transport', 'params': {'x': 11, 'y': 6}}], 'arrive_timestamp': 1787686720, 'priority': 1, 'segment': 's4', 'preconditions': ['picked-o4-4'], 'postconditions': []}}
[INFO] [1787687060.465936279] [robot1.fragment_exec_node]: Received fragment: {'robot': 'robot1', 'fragment': {'id': 'f4-13', 'mission': 'm4', 'state': 'assigned', 'wait': ['m4/s1/transport', 'm4/s2/transport', 'm4/s3/transport', 'm4/s4/transport'], 'tasks': [{'name': 'pack', 'params': {'x': 11, 'y': 6, 'items': 4}}], 'arrive_timestamp': 1787686720, 'priority': 1, 'segment': '', 'preconditions': [], 'postconditions': []}}
[INFO] [1787687060.467017456] [robot1.fragment_exec_node]: Received fragment assignment: f4-13. Starting execution.
[INFO] [1787687060.468313813] [robot1.fragment_exec_node]: Waiting for coordination messages before executing fragment f4-13: ['m4/s1/transport', 'm4/s2/transport', 'm4/s3/transport', 'm4/s4/transport']
[INFO] [1787687062.476818125] [robot1.fragment_exec_node]: Executing task pack. Params: {'x': 11, 'y': 6, 'items': 4}, Virtual state: {'position': {'x': 11, 'y': 6, 'z': 0.0}, 'docked': False, 'battery': 100.0, 'conditions': ['picked-o1-2', 'picked-o2-2', 'picked-o3-3', 'picked-o1-4', 'picked-o3-4']}
[INFO] [1787687062.478840374] [robot1.fragment_exec_node]: EventType: Task, Activity: pack, Robot: robot1, Mission: m4, Segment: , Start: 13079.307576732
[INFO] [1787687062.480684252] [robot1.fragment_exec_node]: Simulating pack skill...
[INFO] [1787687086.470062504] [robot1.fragment_exec_node]: Packing completed!
[INFO] [1787687086.470897722] [robot1.fragment_exec_node]: EventType: Task, Activity: pack, Robot: robot1, Mission: m4, Segment: , End: 13103.313524051
[INFO] [1787687086.471734685] [robot1.fragment_exec_node]: Execution of fragment f4-13 completed!
Traceback (most recent call last):
  File "/root/ros2_ws/install/multi3_executor/lib/multi3_executor/executor", line 33, in <module>
    sys.exit(load_entry_point('multi3-executor==0.0.0', 'console_scripts', 'executor')())
  File "/root/ros2_ws/install/multi3_executor/lib/python3.10/site-packages/multi3_executor/nodes/executor.py", line 236, in main
    rclpy.shutdown()
  File "/opt/ros/humble/local/lib/python3.10/dist-packages/rclpy/__init__.py", line 130, in shutdown
    _shutdown(context=context)
  File "/opt/ros/humble/local/lib/python3.10/dist-packages/rclpy/utilities.py", line 58, in shutdown
    return context.shutdown()
  File "/opt/ros/humble/local/lib/python3.10/dist-packages/rclpy/context.py", line 102, in shutdown
    self.__context.shutdown()
rclpy._rclpy_pybind11.RCLError: failed to shutdown: rcl_shutdown already called on the given context, at ./src/rcl/init.c:241
