[INFO] [1787858667.496830346] [robot3.fragment_exec_node]: Setting up skill: UndockSkill
[INFO] [1787858667.497769369] [robot3.fragment_exec_node]: Setting up skill: NavigateSkill
[INFO] [1787858667.498502579] [robot3.fragment_exec_node]: Setting up skill: CheckRoomSkill
[INFO] [1787858667.499109464] [robot3.fragment_exec_node]: Setting up skill: VacuumSkill
[INFO] [1787858667.499722819] [robot3.fragment_exec_node]: Setting up skill: DisinfectSkill
[INFO] [1787858667.500363287] [robot3.fragment_exec_node]: Setting up skill: CheckRoomSkill
[INFO] [1787858667.507499016] [robot3.fragment_exec_node]: Published robot registration: {'name': 'robot3', 'operational_state': 'idle', 'capabilities': ['undock', 'check_room', 'move_to', 'vacuum', 'disinfect'], 'state': {'position': {'x': 0.0, 'y': 0.0, 'z': 0.0}, 'docked': True}}
[INFO] [1787858689.526798610] [robot3.fragment_exec_node]: Received fragment assignment: {'robot': 'robot3', 'fragment': {'id': 'fm3-31', 'mission': 'm3', 'state': 'assigned', 'wait': [], 'tasks': [{'name': 'check_room', 'label': 'check_room(r7)', 'params': {'x': 9, 'y': 7, 'size': 3}}], 'arrive_timestamp': 1787858681, 'priority': 1, 'segment': 's7'}}
[INFO] [1787858689.527726524] [robot3.fragment_exec_node]: Starting execution of fragment fm3-31...
[INFO] [1787858689.528766023] [robot3.fragment_exec_node]: Executing task check_room(r7). Params: {'x': 9, 'y': 7, 'size': 3}, Virtual state: {'position': {'x': 0.0, 'y': 0.0, 'z': 0.0}, 'docked': True}
[INFO] [1787858689.530243194] [robot3.fragment_exec_node]: EventType: Control (Task: check_room), Activity: undock, Robot: robot3, Mission: m3, Segment: s7, Start: 1787858689.5290966
[INFO] [1787858689.531190008] [robot3.fragment_exec_node]: Simulating undock skill...
[INFO] [1787858693.532805973] [robot3.fragment_exec_node]: Undock completed!
[INFO] [1787858693.533858292] [robot3.fragment_exec_node]: EventType: Control (Task: check_room), Activity: undock, Robot: robot3, Mission: m3, Segment: s7, End: 1787858693.5335157
[INFO] [1787858693.534417613] [robot3.fragment_exec_node]: EventType: Control (Task: check_room), Activity: move_to, Robot: robot3, Mission: m3, Segment: s7, Start: 1787858693.53405
[INFO] [1787858693.534918005] [robot3.fragment_exec_node]: Simulating navigate skill from position (0.0, 0.0) to (9, 7) (22.80350850198276 seconds)...
[INFO] [1787858716.341898963] [robot3.fragment_exec_node]: Navigation completed!
[INFO] [1787858716.344719704] [robot3.fragment_exec_node]: EventType: Control (Task: check_room), Activity: move_to, Robot: robot3, Mission: m3, Segment: s7, End: 1787858716.343087
[INFO] [1787858716.346239782] [robot3.fragment_exec_node]: EventType: Task, Activity: check_room, Robot: robot3, Mission: m3, Segment: s7, Start: 1787858716.3453228
[INFO] [1787858716.348012444] [robot3.fragment_exec_node]: Simulating check_room skill (4.5s to complete)...
[INFO] [1787858720.851107798] [robot3.fragment_exec_node]: Check room completed!
[INFO] [1787858720.853309596] [robot3.fragment_exec_node]: EventType: Task, Activity: check_room, Robot: robot3, Mission: m3, Segment: s7, End: 1787858720.8518875
[INFO] [1787858720.855968127] [robot3.fragment_exec_node]: Execution of fragment fm3-31 completed!
[INFO] [1787858721.491905324] [robot3.fragment_exec_node]: Received fragment assignment: {'robot': 'robot3', 'fragment': {'id': 'fm3-2', 'mission': 'm3', 'state': 'assigned', 'wait': ['check_room(r1)'], 'tasks': [{'name': 'vacuum', 'label': 'vacuum(r1)', 'params': {'x': 4, 'y': 2, 'size': 6}}], 'arrive_timestamp': 1787858681, 'priority': 1, 'segment': 's1'}}
[INFO] [1787858721.494007841] [robot3.fragment_exec_node]: Starting execution of fragment fm3-2...
[INFO] [1787858721.501950758] [robot3.fragment_exec_node]: Executing task vacuum(r1). Params: {'x': 4, 'y': 2, 'size': 6}, Virtual state: {'position': {'x': 9, 'y': 7, 'z': 0.0}, 'docked': False}
[INFO] [1787858721.502977000] [robot3.fragment_exec_node]: EventType: Control (Task: vacuum), Activity: move_to, Robot: robot3, Mission: m3, Segment: s1, Start: 1787858721.502465
[INFO] [1787858721.503902831] [robot3.fragment_exec_node]: Simulating navigate skill from position (9, 7) to (4, 2) (17.204650534085253 seconds)...
[INFO] [1787858738.711633254] [robot3.fragment_exec_node]: Navigation completed!
[INFO] [1787858738.714383537] [robot3.fragment_exec_node]: EventType: Control (Task: vacuum), Activity: move_to, Robot: robot3, Mission: m3, Segment: s1, End: 1787858738.7129073
[INFO] [1787858738.716055421] [robot3.fragment_exec_node]: EventType: Task, Activity: vacuum, Robot: robot3, Mission: m3, Segment: s1, Start: 1787858738.7151592
[INFO] [1787858738.717901527] [robot3.fragment_exec_node]: Simulating vacuum skill (21.0s to complete)...
[INFO] [1787858759.722366047] [robot3.fragment_exec_node]: Vacuum completed!
[INFO] [1787858759.725469151] [robot3.fragment_exec_node]: EventType: Task, Activity: vacuum, Robot: robot3, Mission: m3, Segment: s1, End: 1787858759.7237008
[INFO] [1787858759.728906748] [robot3.fragment_exec_node]: Execution of fragment fm3-2 completed!
[INFO] [1787858760.496982666] [robot3.fragment_exec_node]: Received fragment assignment: {'robot': 'robot3', 'fragment': {'id': 'fm3-22', 'mission': 'm3', 'state': 'assigned', 'wait': ['check_room(r5)'], 'tasks': [{'name': 'vacuum', 'label': 'vacuum(r5)', 'params': {'x': 12, 'y': 3, 'size': 5}}], 'arrive_timestamp': 1787858681, 'priority': 1, 'segment': 's5'}}
[INFO] [1787858760.501228239] [robot3.fragment_exec_node]: Starting execution of fragment fm3-22...
[INFO] [1787858760.503452893] [robot3.fragment_exec_node]: Executing task vacuum(r5). Params: {'x': 12, 'y': 3, 'size': 5}, Virtual state: {'position': {'x': 4, 'y': 2, 'z': 0.0}, 'docked': False}
[INFO] [1787858760.504590211] [robot3.fragment_exec_node]: EventType: Control (Task: vacuum), Activity: move_to, Robot: robot3, Mission: m3, Segment: s5, Start: 1787858760.5038762
[INFO] [1787858760.507546879] [robot3.fragment_exec_node]: Simulating navigate skill from position (4, 2) to (12, 3) (16.1245154965971 seconds)...
[INFO] [1787858776.636397966] [robot3.fragment_exec_node]: Navigation completed!
[INFO] [1787858776.639508250] [robot3.fragment_exec_node]: EventType: Control (Task: vacuum), Activity: move_to, Robot: robot3, Mission: m3, Segment: s5, End: 1787858776.6376026
[INFO] [1787858776.642341093] [robot3.fragment_exec_node]: EventType: Task, Activity: vacuum, Robot: robot3, Mission: m3, Segment: s5, Start: 1787858776.6404753
[INFO] [1787858776.644636331] [robot3.fragment_exec_node]: Simulating vacuum skill (17.5s to complete)...
[INFO] [1787858794.147235235] [robot3.fragment_exec_node]: Vacuum completed!
[INFO] [1787858794.150037618] [robot3.fragment_exec_node]: EventType: Task, Activity: vacuum, Robot: robot3, Mission: m3, Segment: s5, End: 1787858794.148432
[INFO] [1787858794.152550077] [robot3.fragment_exec_node]: Execution of fragment fm3-22 completed!
[INFO] [1787858794.505827373] [robot3.fragment_exec_node]: Received fragment assignment: {'robot': 'robot3', 'fragment': {'id': 'fm3-42', 'mission': 'm3', 'state': 'assigned', 'wait': ['check_room(r9)'], 'tasks': [{'name': 'vacuum', 'label': 'vacuum(r9)', 'params': {'x': 14, 'y': 18, 'size': 4}}], 'arrive_timestamp': 1787858681, 'priority': 1, 'segment': 's9'}}
[INFO] [1787858794.507755990] [robot3.fragment_exec_node]: Starting execution of fragment fm3-42...
[INFO] [1787858794.509873132] [robot3.fragment_exec_node]: Executing task vacuum(r9). Params: {'x': 14, 'y': 18, 'size': 4}, Virtual state: {'position': {'x': 12, 'y': 3, 'z': 0.0}, 'docked': False}
[INFO] [1787858794.511618577] [robot3.fragment_exec_node]: EventType: Control (Task: vacuum), Activity: move_to, Robot: robot3, Mission: m3, Segment: s9, Start: 1787858794.510378
[INFO] [1787858794.513028872] [robot3.fragment_exec_node]: Simulating navigate skill from position (12, 3) to (14, 18) (12.649110640673518 seconds)...
[INFO] [1787858807.165259205] [robot3.fragment_exec_node]: Navigation completed!
[INFO] [1787858807.167238109] [robot3.fragment_exec_node]: EventType: Control (Task: vacuum), Activity: move_to, Robot: robot3, Mission: m3, Segment: s9, End: 1787858807.1661644
[INFO] [1787858807.168757097] [robot3.fragment_exec_node]: EventType: Task, Activity: vacuum, Robot: robot3, Mission: m3, Segment: s9, Start: 1787858807.1678784
[INFO] [1787858807.170845120] [robot3.fragment_exec_node]: Simulating vacuum skill (14.0s to complete)...
[INFO] [1787858821.172004208] [robot3.fragment_exec_node]: Vacuum completed!
[INFO] [1787858821.172880038] [robot3.fragment_exec_node]: EventType: Task, Activity: vacuum, Robot: robot3, Mission: m3, Segment: s9, End: 1787858821.172497
[INFO] [1787858821.173621213] [robot3.fragment_exec_node]: Execution of fragment fm3-42 completed!
[INFO] [1787858821.501764900] [robot3.fragment_exec_node]: Received fragment assignment: {'robot': 'robot3', 'fragment': {'id': 'fm3-9', 'mission': 'm3', 'state': 'assigned', 'wait': ['mop(r2)'], 'tasks': [{'name': 'disinfect', 'label': 'disinfect(r2)', 'params': {'x': 10, 'y': 5, 'size': 3}}], 'arrive_timestamp': 1787858681, 'priority': 1, 'segment': 's2'}}
[INFO] [1787858821.504063884] [robot3.fragment_exec_node]: Starting execution of fragment fm3-9...
[INFO] [1787858821.506766652] [robot3.fragment_exec_node]: Executing task disinfect(r2). Params: {'x': 10, 'y': 5, 'size': 3}, Virtual state: {'position': {'x': 14, 'y': 18, 'z': 0.0}, 'docked': False}
[INFO] [1787858821.508045054] [robot3.fragment_exec_node]: EventType: Control (Task: disinfect), Activity: move_to, Robot: robot3, Mission: m3, Segment: s2, Start: 1787858821.5073628
[INFO] [1787858821.509302714] [robot3.fragment_exec_node]: Simulating navigate skill from position (14, 18) to (10, 5) (19.697715603592208 seconds)...
[INFO] [1787858841.210655790] [robot3.fragment_exec_node]: Navigation completed!
[INFO] [1787858841.213814615] [robot3.fragment_exec_node]: EventType: Control (Task: disinfect), Activity: move_to, Robot: robot3, Mission: m3, Segment: s2, End: 1787858841.21183
[INFO] [1787858841.216009292] [robot3.fragment_exec_node]: EventType: Task, Activity: disinfect, Robot: robot3, Mission: m3, Segment: s2, Start: 1787858841.2147691
[INFO] [1787858841.217766656] [robot3.fragment_exec_node]: Simulating disinfect skill (6s to complete)...
[INFO] [1787858847.221212412] [robot3.fragment_exec_node]: Disinfect completed!
[INFO] [1787858847.223898849] [robot3.fragment_exec_node]: EventType: Task, Activity: disinfect, Robot: robot3, Mission: m3, Segment: s2, End: 1787858847.2221751
[INFO] [1787858847.227521630] [robot3.fragment_exec_node]: Execution of fragment fm3-9 completed!
[INFO] [1787858847.507438618] [robot3.fragment_exec_node]: Received fragment assignment: {'robot': 'robot3', 'fragment': {'id': 'fm3-19', 'mission': 'm3', 'state': 'assigned', 'wait': ['mop(r4)'], 'tasks': [{'name': 'disinfect', 'label': 'disinfect(r4)', 'params': {'x': 8, 'y': 9, 'size': 4}}], 'arrive_timestamp': 1787858681, 'priority': 1, 'segment': 's4'}}
[INFO] [1787858847.513244011] [robot3.fragment_exec_node]: Starting execution of fragment fm3-19...
[INFO] [1787858847.522318758] [robot3.fragment_exec_node]: Executing task disinfect(r4). Params: {'x': 8, 'y': 9, 'size': 4}, Virtual state: {'position': {'x': 10, 'y': 5, 'z': 0.0}, 'docked': False}
[INFO] [1787858847.523193070] [robot3.fragment_exec_node]: EventType: Control (Task: disinfect), Activity: move_to, Robot: robot3, Mission: m3, Segment: s4, Start: 1787858847.522649
[INFO] [1787858847.524131204] [robot3.fragment_exec_node]: Simulating navigate skill from position (10, 5) to (8, 9) (4.47213595499958 seconds)...
[INFO] [1787858851.999370165] [robot3.fragment_exec_node]: Navigation completed!
[INFO] [1787858852.001790298] [robot3.fragment_exec_node]: EventType: Control (Task: disinfect), Activity: move_to, Robot: robot3, Mission: m3, Segment: s4, End: 1787858852.0003853
[INFO] [1787858852.003535160] [robot3.fragment_exec_node]: EventType: Task, Activity: disinfect, Robot: robot3, Mission: m3, Segment: s4, Start: 1787858852.0024328
[INFO] [1787858852.005055692] [robot3.fragment_exec_node]: Simulating disinfect skill (8s to complete)...
[INFO] [1787858860.008675539] [robot3.fragment_exec_node]: Disinfect completed!
[INFO] [1787858860.011667254] [robot3.fragment_exec_node]: EventType: Task, Activity: disinfect, Robot: robot3, Mission: m3, Segment: s4, End: 1787858860.009712
[INFO] [1787858860.015913721] [robot3.fragment_exec_node]: Execution of fragment fm3-19 completed!
[INFO] [1787858860.506736094] [robot3.fragment_exec_node]: Received fragment assignment: {'robot': 'robot3', 'fragment': {'id': 'fm3-20', 'mission': 'm3', 'state': 'assigned', 'wait': ['disinfect(r4)'], 'tasks': [{'name': 'final_room_check', 'label': 'final_room_check(r4)', 'params': {'x': 8, 'y': 9, 'size': 4}}], 'arrive_timestamp': 1787858681, 'priority': 1, 'segment': 's4'}}
[INFO] [1787858860.507466070] [robot3.fragment_exec_node]: Starting execution of fragment fm3-20...
[ERROR] [1787858860.508547790] [robot3.fragment_exec_node]: Robot robot3 was assigned a fragment without required capabilities!
[INFO] [1787858860.509510733] [robot3.fragment_exec_node]: Executing task final_room_check(r4). Params: {'x': 8, 'y': 9, 'size': 4}, Virtual state: {'position': {'x': 8, 'y': 9, 'z': 0.0}, 'docked': False}
[INFO] [1787858860.510381244] [robot3.fragment_exec_node]: EventType: Task, Activity: final_room_check, Robot: robot3, Mission: m3, Segment: s4, Start: 1787858860.5097444
[INFO] [1787858860.511409373] [robot3.fragment_exec_node]: Simulating check_room skill (6.0s to complete)...
[INFO] [1787858866.512910080] [robot3.fragment_exec_node]: Check room completed!
[INFO] [1787858866.514430095] [robot3.fragment_exec_node]: EventType: Task, Activity: final_room_check, Robot: robot3, Mission: m3, Segment: s4, End: 1787858866.5134947
[INFO] [1787858866.516342728] [robot3.fragment_exec_node]: Execution of fragment fm3-20 completed!
[INFO] [1787858867.537647457] [robot3.fragment_exec_node]: Received fragment assignment: {'robot': 'robot3', 'fragment': {'id': 'fm3-34', 'mission': 'm3', 'state': 'assigned', 'wait': ['mop(r7)'], 'tasks': [{'name': 'disinfect', 'label': 'disinfect(r7)', 'params': {'x': 9, 'y': 7, 'size': 3}}], 'arrive_timestamp': 1787858681, 'priority': 1, 'segment': 's7'}}
[INFO] [1787858867.538289052] [robot3.fragment_exec_node]: Starting execution of fragment fm3-34...
[INFO] [1787858867.538967925] [robot3.fragment_exec_node]: Executing task disinfect(r7). Params: {'x': 9, 'y': 7, 'size': 3}, Virtual state: {'position': {'x': 8, 'y': 9, 'z': 0.0}, 'docked': False}
[INFO] [1787858867.539486590] [robot3.fragment_exec_node]: EventType: Control (Task: disinfect), Activity: move_to, Robot: robot3, Mission: m3, Segment: s7, Start: 1787858867.5392032
[INFO] [1787858867.540183163] [robot3.fragment_exec_node]: Simulating navigate skill from position (8, 9) to (9, 7) (2.8284271247461903 seconds)...
[INFO] [1787858870.372836568] [robot3.fragment_exec_node]: Navigation completed!
[INFO] [1787858870.375697120] [robot3.fragment_exec_node]: EventType: Control (Task: disinfect), Activity: move_to, Robot: robot3, Mission: m3, Segment: s7, End: 1787858870.3741894
[INFO] [1787858870.377504015] [robot3.fragment_exec_node]: EventType: Task, Activity: disinfect, Robot: robot3, Mission: m3, Segment: s7, Start: 1787858870.376317
[INFO] [1787858870.379005961] [robot3.fragment_exec_node]: Simulating disinfect skill (6s to complete)...
[INFO] [1787858876.381762787] [robot3.fragment_exec_node]: Disinfect completed!
[INFO] [1787858876.384557137] [robot3.fragment_exec_node]: EventType: Task, Activity: disinfect, Robot: robot3, Mission: m3, Segment: s7, End: 1787858876.38282
[INFO] [1787858876.387634156] [robot3.fragment_exec_node]: Execution of fragment fm3-34 completed!
[INFO] [1787858876.499706940] [robot3.fragment_exec_node]: Received fragment assignment: {'robot': 'robot3', 'fragment': {'id': 'fm3-35', 'mission': 'm3', 'state': 'assigned', 'wait': ['disinfect(r7)'], 'tasks': [{'name': 'final_room_check', 'label': 'final_room_check(r7)', 'params': {'x': 9, 'y': 7, 'size': 3}}], 'arrive_timestamp': 1787858681, 'priority': 1, 'segment': 's7'}}
[INFO] [1787858876.501485921] [robot3.fragment_exec_node]: Starting execution of fragment fm3-35...
[INFO] [1787858876.503191825] [robot3.fragment_exec_node]: Waiting for coordination messages before executing fragment fm3-35: ['disinfect(r7)']
[ERROR] [1787858878.507969075] [robot3.fragment_exec_node]: Robot robot3 was assigned a fragment without required capabilities!
[INFO] [1787858878.509628689] [robot3.fragment_exec_node]: Executing task final_room_check(r7). Params: {'x': 9, 'y': 7, 'size': 3}, Virtual state: {'position': {'x': 9, 'y': 7, 'z': 0.0}, 'docked': False}
[INFO] [1787858878.511182126] [robot3.fragment_exec_node]: EventType: Task, Activity: final_room_check, Robot: robot3, Mission: m3, Segment: s7, Start: 1787858878.5101068
[INFO] [1787858878.512324970] [robot3.fragment_exec_node]: Simulating check_room skill (4.5s to complete)...
[INFO] [1787858883.015226648] [robot3.fragment_exec_node]: Check room completed!
[INFO] [1787858883.016823785] [robot3.fragment_exec_node]: EventType: Task, Activity: final_room_check, Robot: robot3, Mission: m3, Segment: s7, End: 1787858883.0159347
[INFO] [1787858883.019146269] [robot3.fragment_exec_node]: Execution of fragment fm3-35 completed!
[INFO] [1787858883.502446249] [robot3.fragment_exec_node]: Received fragment assignment: {'robot': 'robot3', 'fragment': {'id': 'fm3-44', 'mission': 'm3', 'state': 'assigned', 'wait': ['mop(r9)'], 'tasks': [{'name': 'disinfect', 'label': 'disinfect(r9)', 'params': {'x': 14, 'y': 18, 'size': 4}}], 'arrive_timestamp': 1787858681, 'priority': 1, 'segment': 's9'}}
[INFO] [1787858883.512152618] [robot3.fragment_exec_node]: Starting execution of fragment fm3-44...
[INFO] [1787858883.513392133] [robot3.fragment_exec_node]: Waiting for coordination messages before executing fragment fm3-44: ['mop(r9)']
[INFO] [1787858885.517849781] [robot3.fragment_exec_node]: Executing task disinfect(r9). Params: {'x': 14, 'y': 18, 'size': 4}, Virtual state: {'position': {'x': 9, 'y': 7, 'z': 0.0}, 'docked': False}
[INFO] [1787858885.518616149] [robot3.fragment_exec_node]: EventType: Control (Task: disinfect), Activity: move_to, Robot: robot3, Mission: m3, Segment: s9, Start: 1787858885.5181587
[INFO] [1787858885.519466677] [robot3.fragment_exec_node]: Simulating navigate skill from position (9, 7) to (14, 18) (20.591260281974 seconds)...
[INFO] [1787858906.114162717] [robot3.fragment_exec_node]: Navigation completed!
[INFO] [1787858906.117057791] [robot3.fragment_exec_node]: EventType: Control (Task: disinfect), Activity: move_to, Robot: robot3, Mission: m3, Segment: s9, End: 1787858906.1151247
[INFO] [1787858906.119378167] [robot3.fragment_exec_node]: EventType: Task, Activity: disinfect, Robot: robot3, Mission: m3, Segment: s9, Start: 1787858906.1176903
[INFO] [1787858906.120897808] [robot3.fragment_exec_node]: Simulating disinfect skill (8s to complete)...
[INFO] [1787858914.122832096] [robot3.fragment_exec_node]: Disinfect completed!
[INFO] [1787858914.123247791] [robot3.fragment_exec_node]: EventType: Task, Activity: disinfect, Robot: robot3, Mission: m3, Segment: s9, End: 1787858914.122956
[INFO] [1787858914.124027189] [robot3.fragment_exec_node]: Execution of fragment fm3-44 completed!
[INFO] [1787858914.509486294] [robot3.fragment_exec_node]: Received fragment assignment: {'robot': 'robot3', 'fragment': {'id': 'fm3-62', 'mission': 'm3', 'state': 'assigned', 'wait': ['check_room(r13)'], 'tasks': [{'name': 'vacuum', 'label': 'vacuum(r13)', 'params': {'x': 7, 'y': 20, 'size': 7}}], 'arrive_timestamp': 1787858681, 'priority': 1, 'segment': 's13'}}
[INFO] [1787858914.511453007] [robot3.fragment_exec_node]: Starting execution of fragment fm3-62...
[INFO] [1787858914.513692488] [robot3.fragment_exec_node]: Executing task vacuum(r13). Params: {'x': 7, 'y': 20, 'size': 7}, Virtual state: {'position': {'x': 14, 'y': 18, 'z': 0.0}, 'docked': False}
[INFO] [1787858914.514876495] [robot3.fragment_exec_node]: EventType: Control (Task: vacuum), Activity: move_to, Robot: robot3, Mission: m3, Segment: s13, Start: 1787858914.514096
[INFO] [1787858914.515929958] [robot3.fragment_exec_node]: Simulating navigate skill from position (14, 18) to (7, 20) (18.439088914585774 seconds)...
[INFO] [1787858932.958704056] [robot3.fragment_exec_node]: Navigation completed!
[INFO] [1787858932.962332712] [robot3.fragment_exec_node]: EventType: Control (Task: vacuum), Activity: move_to, Robot: robot3, Mission: m3, Segment: s13, End: 1787858932.9599829
[INFO] [1787858932.965413343] [robot3.fragment_exec_node]: EventType: Task, Activity: vacuum, Robot: robot3, Mission: m3, Segment: s13, Start: 1787858932.964136
[INFO] [1787858932.967270814] [robot3.fragment_exec_node]: Simulating vacuum skill (24.5s to complete)...
[INFO] [1787858957.470984059] [robot3.fragment_exec_node]: Vacuum completed!
[INFO] [1787858957.473060014] [robot3.fragment_exec_node]: EventType: Task, Activity: vacuum, Robot: robot3, Mission: m3, Segment: s13, End: 1787858957.4718482
[INFO] [1787858957.475785025] [robot3.fragment_exec_node]: Execution of fragment fm3-62 completed!
Traceback (most recent call last):
  File "/root/ros2_ws/install/multi3_executor/lib/multi3_executor/executor", line 33, in <module>
    sys.exit(load_entry_point('multi3-executor==0.0.0', 'console_scripts', 'executor')())
  File "/root/ros2_ws/install/multi3_executor/lib/python3.10/site-packages/multi3_executor/nodes/executor.py", line 313, in main
    rclpy.shutdown()
  File "/opt/ros/humble/local/lib/python3.10/dist-packages/rclpy/__init__.py", line 130, in shutdown
    _shutdown(context=context)
  File "/opt/ros/humble/local/lib/python3.10/dist-packages/rclpy/utilities.py", line 58, in shutdown
    return context.shutdown()
  File "/opt/ros/humble/local/lib/python3.10/dist-packages/rclpy/context.py", line 102, in shutdown
    self.__context.shutdown()
rclpy._rclpy_pybind11.RCLError: failed to shutdown: rcl_shutdown already called on the given context, at ./src/rcl/init.c:241
