=== Test: spec: robots=[(3, ['undock', 'check_room', 'move_to', 'vacuum', 'disinfect']), (2, ['undock', 'check_room', 'move_to', 'mop', 'disinfect']), (4, ['undock', 'check_room', 'move_to', 'mop'])], mission_arrivals=[(0, ['cleaning_1_size4'])], strategy=baseline


--- coordinator.log ---
[INFO] [1787854513.330096437] [multi3_coordinator_node]: Assignment strategy parameter: baseline
[INFO] [1787854513.331127235] [multi3_coordinator_node]: Using assignment strategy: baseline
[INFO] [1787854513.337332028] [multi3_coordinator_node]: Coordinator node started.
[INFO] [1787854516.222143510] [multi3_coordinator_node]: Received new robot info: {'name': 'robot1', 'operational_state': 'idle', 'capabilities': ['undock', 'check_room', 'move_to', 'vacuum', 'disinfect'], 'state': {'position': {'x': 0.0, 'y': 0.0, 'z': 0.0}, 'docked': True}, 'last_heartbeat': 1787854516}
[INFO] [1787854518.219142533] [multi3_coordinator_node]: Received new robot info: {'name': 'robot2', 'operational_state': 'idle', 'capabilities': ['undock', 'check_room', 'move_to', 'vacuum', 'disinfect'], 'state': {'position': {'x': 0.0, 'y': 0.0, 'z': 0.0}, 'docked': True}, 'last_heartbeat': 1787854518}
[INFO] [1787854520.210339687] [multi3_coordinator_node]: Received new robot info: {'name': 'robot3', 'operational_state': 'idle', 'capabilities': ['undock', 'check_room', 'move_to', 'vacuum', 'disinfect'], 'state': {'position': {'x': 0.0, 'y': 0.0, 'z': 0.0}, 'docked': True}, 'last_heartbeat': 1787854520}
[INFO] [1787854522.596812617] [multi3_coordinator_node]: Received new robot info: {'name': 'robot4', 'operational_state': 'idle', 'capabilities': ['undock', 'check_room', 'move_to', 'mop', 'disinfect'], 'state': {'position': {'x': 0.0, 'y': 0.0, 'z': 0.0}, 'docked': True}, 'last_heartbeat': 1787854522}
[INFO] [1787854524.951652487] [multi3_coordinator_node]: Received new robot info: {'name': 'robot5', 'operational_state': 'idle', 'capabilities': ['undock', 'check_room', 'move_to', 'mop', 'disinfect'], 'state': {'position': {'x': 0.0, 'y': 0.0, 'z': 0.0}, 'docked': True}, 'last_heartbeat': 1787854524}
[INFO] [1787854526.607768713] [multi3_coordinator_node]: Received new robot info: {'name': 'robot6', 'operational_state': 'idle', 'capabilities': ['undock', 'check_room', 'move_to', 'mop'], 'state': {'position': {'x': 0.0, 'y': 0.0, 'z': 0.0}, 'docked': True}, 'last_heartbeat': 1787854526}
[INFO] [1787854528.661937754] [multi3_coordinator_node]: Received new robot info: {'name': 'robot7', 'operational_state': 'idle', 'capabilities': ['undock', 'check_room', 'move_to', 'mop'], 'state': {'position': {'x': 0.0, 'y': 0.0, 'z': 0.0}, 'docked': True}, 'last_heartbeat': 1787854528}
[INFO] [1787854530.617961314] [multi3_coordinator_node]: Received new robot info: {'name': 'robot8', 'operational_state': 'idle', 'capabilities': ['undock', 'check_room', 'move_to', 'mop'], 'state': {'position': {'x': 0.0, 'y': 0.0, 'z': 0.0}, 'docked': True}, 'last_heartbeat': 1787854530}
[INFO] [1787854532.654930130] [multi3_coordinator_node]: Received new robot info: {'name': 'robot9', 'operational_state': 'idle', 'capabilities': ['undock', 'check_room', 'move_to', 'mop'], 'state': {'position': {'x': 0.0, 'y': 0.0, 'z': 0.0}, 'docked': True}, 'last_heartbeat': 1787854532}
[INFO] [1787854534.767048397] [multi3_coordinator_node]: Received mission: {'mission': 'm1', 'priority': 1, 'fragments': [{'id': 'fm1-1', 'wait': [], 'tasks': [{'name': 'check_room', 'label': 'check_room(r1)', 'params': {'x': 4, 'y': 2, 'size': 6}}], 'segment': 's1'}, {'id': 'fm1-2', 'wait': ['check_room(r1)'], 'tasks': [{'name': 'vacuum', 'label': 'vacuum(r1)', 'params': {'x': 4, 'y': 2, 'size': 6}}], 'segment': 's1'}, {'id': 'fm1-3', 'wait': ['vacuum(r1)'], 'tasks': [{'name': 'mop', 'label': 'mop(r1)', 'params': {'x': 4, 'y': 2, 'size': 6}}], 'segment': 's1'}, {'id': 'fm1-4', 'wait': ['mop(r1)'], 'tasks': [{'name': 'disinfect', 'label': 'disinfect(r1)', 'params': {'x': 4, 'y': 2, 'size': 6}}], 'segment': 's1'}, {'id': 'fm1-5', 'wait': ['disinfect(r1)'], 'tasks': [{'name': 'final_room_check', 'label': 'final_room_check(r1)', 'params': {'x': 4, 'y': 2, 'size': 6}}], 'segment': 's1'}, {'id': 'fm1-6', 'wait': [], 'tasks': [{'name': 'check_room', 'label': 'check_room(r2)', 'params': {'x': 6, 'y': 5, 'size': 3}}], 'segment': 's2'}, {'id': 'fm1-7', 'wait': ['check_room(r2)'], 'tasks': [{'name': 'vacuum', 'label': 'vacuum(r2)', 'params': {'x': 6, 'y': 5, 'size': 3}}], 'segment': 's2'}, {'id': 'fm1-8', 'wait': ['vacuum(r2)'], 'tasks': [{'name': 'mop', 'label': 'mop(r2)', 'params': {'x': 6, 'y': 5, 'size': 3}}], 'segment': 's2'}, {'id': 'fm1-9', 'wait': ['mop(r2)'], 'tasks': [{'name': 'disinfect', 'label': 'disinfect(r2)', 'params': {'x': 6, 'y': 5, 'size': 3}}], 'segment': 's2'}, {'id': 'fm1-10', 'wait': ['disinfect(r2)'], 'tasks': [{'name': 'final_room_check', 'label': 'final_room_check(r2)', 'params': {'x': 6, 'y': 5, 'size': 3}}], 'segment': 's2'}, {'id': 'fm1-11', 'wait': [], 'tasks': [{'name': 'check_room', 'label': 'check_room(r3)', 'params': {'x': 3, 'y': 6, 'size': 7}}], 'segment': 's3'}, {'id': 'fm1-12', 'wait': ['check_room(r3)'], 'tasks': [{'name': 'vacuum', 'label': 'vacuum(r3)', 'params': {'x': 3, 'y': 6, 'size': 7}}], 'segment': 's3'}, {'id': 'fm1-13', 'wait': ['vacuum(r3)'], 'tasks': [{'name': 'mop', 'label': 'mop(r3)', 'params': {'x': 3, 'y': 6, 'size': 7}}], 'segment': 's3'}, {'id': 'fm1-14', 'wait': ['mop(r3)'], 'tasks': [{'name': 'disinfect', 'label': 'disinfect(r3)', 'params': {'x': 3, 'y': 6, 'size': 7}}], 'segment': 's3'}, {'id': 'fm1-15', 'wait': ['disinfect(r3)'], 'tasks': [{'name': 'final_room_check', 'label': 'final_room_check(r3)', 'params': {'x': 3, 'y': 6, 'size': 7}}], 'segment': 's3'}, {'id': 'fm1-16', 'wait': [], 'tasks': [{'name': 'check_room', 'label': 'check_room(r4)', 'params': {'x': 5, 'y': 4, 'size': 4}}], 'segment': 's4'}, {'id': 'fm1-17', 'wait': ['check_room(r4)'], 'tasks': [{'name': 'vacuum', 'label': 'vacuum(r4)', 'params': {'x': 5, 'y': 4, 'size': 4}}], 'segment': 's4'}, {'id': 'fm1-18', 'wait': ['vacuum(r4)'], 'tasks': [{'name': 'mop', 'label': 'mop(r4)', 'params': {'x': 5, 'y': 4, 'size': 4}}], 'segment': 's4'}, {'id': 'fm1-19', 'wait': ['mop(r4)'], 'tasks': [{'name': 'disinfect', 'label': 'disinfect(r4)', 'params': {'x': 5, 'y': 4, 'size': 4}}], 'segment': 's4'}, {'id': 'fm1-20', 'wait': ['disinfect(r4)'], 'tasks': [{'name': 'final_room_check', 'label': 'final_room_check(r4)', 'params': {'x': 5, 'y': 4, 'size': 4}}], 'segment': 's4'}]}
[INFO] [1787854534.769115374] [multi3_coordinator_node]: Fragment fm1-1 is now executable because all signal messages were received.
[INFO] [1787854534.770213515] [multi3_coordinator_node]: Fragment fm1-6 is now executable because all signal messages were received.
[INFO] [1787854534.771185677] [multi3_coordinator_node]: Fragment fm1-11 is now executable because all signal messages were received.
[INFO] [1787854534.772123850] [multi3_coordinator_node]: Fragment fm1-16 is now executable because all signal messages were received.
[INFO] [1787854541.515693181] [multi3_coordinator_node]: Execution start signal received. Starting fragment assignment.
[INFO] [1787854542.528496273] [multi3_coordinator_node]: Assigned fragment fm1-1 to robot robot9.
[INFO] [1787854542.531831760] [multi3_coordinator_node]: Assigned fragment fm1-6 to robot robot6.
[INFO] [1787854542.535193717] [multi3_coordinator_node]: Assigned fragment fm1-11 to robot robot5.
[INFO] [1787854542.539035684] [multi3_coordinator_node]: Assigned fragment fm1-16 to robot robot8.
[INFO] [1787854542.546931277] [multi3_coordinator_node]: Received robot state update from robot robot6: {'operational_state': 'working', 'current_assigned_fragment': 'fm1-6', 'state': {'position': {'x': 0.0, 'y': 0.0, 'z': 0.0}, 'docked': True}}
[INFO] [1787854542.552102206] [multi3_coordinator_node]: Received robot state update from robot robot5: {'operational_state': 'working', 'current_assigned_fragment': 'fm1-11', 'state': {'position': {'x': 0.0, 'y': 0.0, 'z': 0.0}, 'docked': True}}
[INFO] [1787854542.556958035] [multi3_coordinator_node]: Received robot state update from robot robot9: {'operational_state': 'working', 'current_assigned_fragment': 'fm1-1', 'state': {'position': {'x': 0.0, 'y': 0.0, 'z': 0.0}, 'docked': True}}
[INFO] [1787854542.570287359] [multi3_coordinator_node]: Received robot state update from robot robot8: {'operational_state': 'working', 'current_assigned_fragment': 'fm1-16', 'state': {'position': {'x': 0.0, 'y': 0.0, 'z': 0.0}, 'docked': True}}
[INFO] [1787854564.570912250] [multi3_coordinator_node]: Received robot state update from robot robot9: {'operational_state': 'idle', 'current_assigned_fragment': None, 'state': {'position': {'x': 4, 'y': 2, 'z': 0.0}, 'docked': False}}
[INFO] [1787854564.571802060] [multi3_coordinator_node]: Received coordination message: {'robot_name': 'robot9', 'completed_fragment': 'fm1-1', 'state': {'position': {'x': 4, 'y': 2, 'z': 0.0}, 'docked': False}}
[INFO] [1787854564.572460105] [multi3_coordinator_node]: Fragment fm1-2 is now executable because all signal messages were received.
[INFO] [1787854564.572999965] [multi3_coordinator_node]: Received coordination message: {'robot_name': 'robot9', 'completed_task': 'check_room(r1)'}
[INFO] [1787854565.429930635] [multi3_coordinator_node]: Received robot state update from robot robot8: {'operational_state': 'idle', 'current_assigned_fragment': None, 'state': {'position': {'x': 5, 'y': 4, 'z': 0.0}, 'docked': False}}
[INFO] [1787854565.430891357] [multi3_coordinator_node]: Fragment fm1-17 is now executable because all signal messages were received.
[INFO] [1787854565.431608934] [multi3_coordinator_node]: Received coordination message: {'robot_name': 'robot8', 'completed_fragment': 'fm1-16', 'state': {'position': {'x': 5, 'y': 4, 'z': 0.0}, 'docked': False}}
[INFO] [1787854565.432379281] [multi3_coordinator_node]: Received coordination message: {'robot_name': 'robot8', 'completed_task': 'check_room(r4)'}
[INFO] [1787854565.521330242] [multi3_coordinator_node]: Assigned fragment fm1-2 to robot robot3.
[INFO] [1787854565.526204139] [multi3_coordinator_node]: Assigned fragment fm1-17 to robot robot2.
[INFO] [1787854565.542968254] [multi3_coordinator_node]: Received robot state update from robot robot3: {'operational_state': 'working', 'current_assigned_fragment': 'fm1-2', 'state': {'position': {'x': 0.0, 'y': 0.0, 'z': 0.0}, 'docked': True}}
[INFO] [1787854565.543948892] [multi3_coordinator_node]: Received robot state update from robot robot2: {'operational_state': 'working', 'current_assigned_fragment': 'fm1-17', 'state': {'position': {'x': 0.0, 'y': 0.0, 'z': 0.0}, 'docked': True}}
[INFO] [1787854566.729559296] [multi3_coordinator_node]: Received robot state update from robot robot6: {'operational_state': 'idle', 'current_assigned_fragment': None, 'state': {'position': {'x': 6, 'y': 5, 'z': 0.0}, 'docked': False}}
[INFO] [1787854566.730723590] [multi3_coordinator_node]: Fragment fm1-7 is now executable because all signal messages were received.
[INFO] [1787854566.732223699] [multi3_coordinator_node]: Received coordination message: {'robot_name': 'robot6', 'completed_task': 'check_room(r2)'}
[INFO] [1787854566.732946498] [multi3_coordinator_node]: Received coordination message: {'robot_name': 'robot6', 'completed_fragment': 'fm1-6', 'state': {'position': {'x': 6, 'y': 5, 'z': 0.0}, 'docked': False}}
[INFO] [1787854567.524361349] [multi3_coordinator_node]: Assigned fragment fm1-7 to robot robot1.
[INFO] [1787854567.543338053] [multi3_coordinator_node]: Received robot state update from robot robot1: {'operational_state': 'working', 'current_assigned_fragment': 'fm1-7', 'state': {'position': {'x': 0.0, 'y': 0.0, 'z': 0.0}, 'docked': True}}
[INFO] [1787854570.543385686] [multi3_coordinator_node]: Received robot state update from robot robot5: {'operational_state': 'idle', 'current_assigned_fragment': None, 'state': {'position': {'x': 3, 'y': 6, 'z': 0.0}, 'docked': False}}
[INFO] [1787854570.544476480] [multi3_coordinator_node]: Received coordination message: {'robot_name': 'robot5', 'completed_fragment': 'fm1-11', 'state': {'position': {'x': 3, 'y': 6, 'z': 0.0}, 'docked': False}}
[INFO] [1787854570.544837994] [multi3_coordinator_node]: Fragment fm1-12 is now executable because all signal messages were received.
[INFO] [1787854570.545594629] [multi3_coordinator_node]: Received coordination message: {'robot_name': 'robot5', 'completed_task': 'check_room(r3)'}
[INFO] [1787854597.709028778] [multi3_coordinator_node]: Received robot state update from robot robot1: {'operational_state': 'idle', 'current_assigned_fragment': None, 'state': {'position': {'x': 6, 'y': 5, 'z': 0.0}, 'docked': False}}
[INFO] [1787854597.709673794] [multi3_coordinator_node]: Received coordination message: {'robot_name': 'robot1', 'completed_fragment': 'fm1-7', 'state': {'position': {'x': 6, 'y': 5, 'z': 0.0}, 'docked': False}}
[INFO] [1787854597.710561503] [multi3_coordinator_node]: Fragment fm1-8 is now executable because all signal messages were received.
[INFO] [1787854597.711024359] [multi3_coordinator_node]: Received coordination message: {'robot_name': 'robot1', 'completed_task': 'vacuum(r2)'}
[INFO] [1787854598.398756350] [multi3_coordinator_node]: Received coordination message: {'robot_name': 'robot2', 'completed_fragment': 'fm1-17', 'state': {'position': {'x': 5, 'y': 4, 'z': 0.0}, 'docked': False}}
[INFO] [1787854598.400469910] [multi3_coordinator_node]: Fragment fm1-18 is now executable because all signal messages were received.
[INFO] [1787854598.401227211] [multi3_coordinator_node]: Received robot state update from robot robot2: {'operational_state': 'idle', 'current_assigned_fragment': None, 'state': {'position': {'x': 5, 'y': 4, 'z': 0.0}, 'docked': False}}
[INFO] [1787854598.402274407] [multi3_coordinator_node]: Received coordination message: {'robot_name': 'robot2', 'completed_task': 'vacuum(r4)'}
[INFO] [1787854598.524812152] [multi3_coordinator_node]: Assigned fragment fm1-8 to robot robot9.
[INFO] [1787854598.532775331] [multi3_coordinator_node]: Assigned fragment fm1-12 to robot robot2.
[INFO] [1787854598.539070097] [multi3_coordinator_node]: Assigned fragment fm1-18 to robot robot7.
[INFO] [1787854598.542713458] [multi3_coordinator_node]: Received robot state update from robot robot2: {'operational_state': 'working', 'current_assigned_fragment': 'fm1-12', 'state': {'position': {'x': 5, 'y': 4, 'z': 0.0}, 'docked': False}}
[INFO] [1787854598.552950637] [multi3_coordinator_node]: Received robot state update from robot robot7: {'operational_state': 'working', 'current_assigned_fragment': 'fm1-18', 'state': {'position': {'x': 0.0, 'y': 0.0, 'z': 0.0}, 'docked': True}}
[INFO] [1787854598.553959719] [multi3_coordinator_node]: Received robot state update from robot robot9: {'operational_state': 'working', 'current_assigned_fragment': 'fm1-8', 'state': {'position': {'x': 4, 'y': 2, 'z': 0.0}, 'docked': False}}
[INFO] [1787854599.567796913] [multi3_coordinator_node]: Fragment fm1-3 is now executable because all signal messages were received.
[INFO] [1787854599.572378720] [multi3_coordinator_node]: Assigned fragment fm1-3 to robot robot6.
[INFO] [1787854599.573259249] [multi3_coordinator_node]: Received coordination message: {'robot_name': 'robot3', 'completed_fragment': 'fm1-2', 'state': {'position': {'x': 4, 'y': 2, 'z': 0.0}, 'docked': False}}
[INFO] [1787854599.596254091] [multi3_coordinator_node]: Received robot state update from robot robot3: {'operational_state': 'idle', 'current_assigned_fragment': None, 'state': {'position': {'x': 4, 'y': 2, 'z': 0.0}, 'docked': False}}
[INFO] [1787854599.596605100] [multi3_coordinator_node]: Received coordination message: {'robot_name': 'robot3', 'completed_task': 'vacuum(r1)'}
[INFO] [1787854599.597521887] [multi3_coordinator_node]: Received robot state update from robot robot6: {'operational_state': 'working', 'current_assigned_fragment': 'fm1-3', 'state': {'position': {'x': 6, 'y': 5, 'z': 0.0}, 'docked': False}}
[INFO] [1787854621.617146995] [multi3_coordinator_node]: Received robot state update from robot robot9: {'operational_state': 'idle', 'current_assigned_fragment': None, 'state': {'position': {'x': 6, 'y': 5, 'z': 0.0}, 'docked': False}}
[INFO] [1787854621.618708097] [multi3_coordinator_node]: Fragment fm1-9 is now executable because all signal messages were received.
[INFO] [1787854621.619707640] [multi3_coordinator_node]: Received coordination message: {'robot_name': 'robot9', 'completed_fragment': 'fm1-8', 'state': {'position': {'x': 6, 'y': 5, 'z': 0.0}, 'docked': False}}
[INFO] [1787854621.620409684] [multi3_coordinator_node]: Received coordination message: {'robot_name': 'robot9', 'completed_task': 'mop(r2)'}
[INFO] [1787854622.524350847] [multi3_coordinator_node]: Assigned fragment fm1-9 to robot robot1.
[INFO] [1787854622.554147930] [multi3_coordinator_node]: Received robot state update from robot robot1: {'operational_state': 'working', 'current_assigned_fragment': 'fm1-9', 'state': {'position': {'x': 6, 'y': 5, 'z': 0.0}, 'docked': False}}
[INFO] [1787854627.558895644] [multi3_coordinator_node]: Fragment fm1-13 is now executable because all signal messages were received.
[INFO] [1787854627.559841978] [multi3_coordinator_node]: Received robot state update from robot robot2: {'operational_state': 'idle', 'current_assigned_fragment': None, 'state': {'position': {'x': 3, 'y': 6, 'z': 0.0}, 'docked': False}}
[INFO] [1787854627.560938748] [multi3_coordinator_node]: Received coordination message: {'robot_name': 'robot2', 'completed_fragment': 'fm1-12', 'state': {'position': {'x': 3, 'y': 6, 'z': 0.0}, 'docked': False}}
[INFO] [1787854627.562376862] [multi3_coordinator_node]: Received coordination message: {'robot_name': 'robot2', 'completed_task': 'vacuum(r3)'}
[INFO] [1787854628.525096047] [multi3_coordinator_node]: Assigned fragment fm1-13 to robot robot4.
[INFO] [1787854628.557429587] [multi3_coordinator_node]: Received robot state update from robot robot4: {'operational_state': 'working', 'current_assigned_fragment': 'fm1-13', 'state': {'position': {'x': 0.0, 'y': 0.0, 'z': 0.0}, 'docked': True}}
[INFO] [1787854630.582270976] [multi3_coordinator_node]: Received coordination message: {'robot_name': 'robot1', 'completed_fragment': 'fm1-9', 'state': {'position': {'x': 6, 'y': 5, 'z': 0.0}, 'docked': False}}
[INFO] [1787854630.584900482] [multi3_coordinator_node]: Received robot state update from robot robot1: {'operational_state': 'idle', 'current_assigned_fragment': None, 'state': {'position': {'x': 6, 'y': 5, 'z': 0.0}, 'docked': False}}
[INFO] [1787854630.586003204] [multi3_coordinator_node]: Fragment fm1-10 is now executable because all signal messages were received.
[INFO] [1787854630.586869104] [multi3_coordinator_node]: Received coordination message: {'robot_name': 'robot1', 'completed_task': 'disinfect(r2)'}
[INFO] [1787854631.525443840] [multi3_coordinator_node]: Assigned fragment fm1-10 to robot robot5.
[INFO] [1787854631.545318890] [multi3_coordinator_node]: Received robot state update from robot robot5: {'operational_state': 'working', 'current_assigned_fragment': 'fm1-10', 'state': {'position': {'x': 3, 'y': 6, 'z': 0.0}, 'docked': False}}
[INFO] [1787854639.412096698] [multi3_coordinator_node]: Fragment fm1-19 is now executable because all signal messages were received.
[INFO] [1787854639.413199260] [multi3_coordinator_node]: Received robot state update from robot robot7: {'operational_state': 'idle', 'current_assigned_fragment': None, 'state': {'position': {'x': 5, 'y': 4, 'z': 0.0}, 'docked': False}}
[INFO] [1787854639.414434644] [multi3_coordinator_node]: Received coordination message: {'robot_name': 'robot7', 'completed_fragment': 'fm1-18', 'state': {'position': {'x': 5, 'y': 4, 'z': 0.0}, 'docked': False}}
[INFO] [1787854639.415486539] [multi3_coordinator_node]: Received coordination message: {'robot_name': 'robot7', 'completed_task': 'mop(r4)'}
[INFO] [1787854639.518879365] [multi3_coordinator_node]: Assigned fragment fm1-19 to robot robot1.
[INFO] [1787854639.540435163] [multi3_coordinator_node]: Received robot state update from robot robot1: {'operational_state': 'working', 'current_assigned_fragment': 'fm1-19', 'state': {'position': {'x': 6, 'y': 5, 'z': 0.0}, 'docked': False}}
[INFO] [1787854643.307935198] [multi3_coordinator_node]: Received robot state update from robot robot5: {'operational_state': 'idle', 'current_assigned_fragment': None, 'state': {'position': {'x': 6, 'y': 5, 'z': 0.0}, 'docked': False}}
[INFO] [1787854643.309242815] [multi3_coordinator_node]: Received coordination message: {'robot_name': 'robot5', 'completed_fragment': 'fm1-10', 'state': {'position': {'x': 6, 'y': 5, 'z': 0.0}, 'docked': False}}
[INFO] [1787854643.309971666] [multi3_coordinator_node]: Received coordination message: {'robot_name': 'robot5', 'completed_task': 'final_room_check(r2)'}
[INFO] [1787854643.585585961] [multi3_coordinator_node]: Received coordination message: {'robot_name': 'robot6', 'completed_fragment': 'fm1-3', 'state': {'position': {'x': 4, 'y': 2, 'z': 0.0}, 'docked': False}}
[INFO] [1787854643.586952383] [multi3_coordinator_node]: Fragment fm1-4 is now executable because all signal messages were received.
[INFO] [1787854643.587864994] [multi3_coordinator_node]: Received robot state update from robot robot6: {'operational_state': 'idle', 'current_assigned_fragment': None, 'state': {'position': {'x': 4, 'y': 2, 'z': 0.0}, 'docked': False}}
[INFO] [1787854643.589040470] [multi3_coordinator_node]: Received coordination message: {'robot_name': 'robot6', 'completed_task': 'mop(r1)'}
[INFO] [1787854644.523935595] [multi3_coordinator_node]: Assigned fragment fm1-4 to robot robot5.
[INFO] [1787854644.569767721] [multi3_coordinator_node]: Received robot state update from robot robot5: {'operational_state': 'working', 'current_assigned_fragment': 'fm1-4', 'state': {'position': {'x': 6, 'y': 5, 'z': 0.0}, 'docked': False}}
[INFO] [1787854654.077264775] [multi3_coordinator_node]: Fragment fm1-20 is now executable because all signal messages were received.
[INFO] [1787854654.077975601] [multi3_coordinator_node]: Received robot state update from robot robot1: {'operational_state': 'idle', 'current_assigned_fragment': None, 'state': {'position': {'x': 5, 'y': 4, 'z': 0.0}, 'docked': False}}
[INFO] [1787854654.079290726] [multi3_coordinator_node]: Received coordination message: {'robot_name': 'robot1', 'completed_fragment': 'fm1-19', 'state': {'position': {'x': 5, 'y': 4, 'z': 0.0}, 'docked': False}}
[INFO] [1787854654.080138567] [multi3_coordinator_node]: Received coordination message: {'robot_name': 'robot1', 'completed_task': 'disinfect(r4)'}
[INFO] [1787854654.528798376] [multi3_coordinator_node]: Assigned fragment fm1-20 to robot robot1.
[INFO] [1787854654.546278613] [multi3_coordinator_node]: Received robot state update from robot robot1: {'operational_state': 'working', 'current_assigned_fragment': 'fm1-20', 'state': {'position': {'x': 5, 'y': 4, 'z': 0.0}, 'docked': False}}
[INFO] [1787854662.565088445] [multi3_coordinator_node]: Received coordination message: {'robot_name': 'robot1', 'completed_task': 'final_room_check(r4)'}
[INFO] [1787854662.565946432] [multi3_coordinator_node]: Received robot state update from robot robot1: {'operational_state': 'idle', 'current_assigned_fragment': None, 'state': {'position': {'x': 5, 'y': 4, 'z': 0.0}, 'docked': False}}
[INFO] [1787854662.566511545] [multi3_coordinator_node]: Received coordination message: {'robot_name': 'robot1', 'completed_fragment': 'fm1-20', 'state': {'position': {'x': 5, 'y': 4, 'z': 0.0}, 'docked': False}}
[INFO] [1787854667.558996918] [multi3_coordinator_node]: Fragment fm1-5 is now executable because all signal messages were received.
[INFO] [1787854667.560237162] [multi3_coordinator_node]: Assigned fragment fm1-5 to robot robot9.
[INFO] [1787854667.567532697] [multi3_coordinator_node]: Received robot state update from robot robot9: {'operational_state': 'working', 'current_assigned_fragment': 'fm1-5', 'state': {'position': {'x': 6, 'y': 5, 'z': 0.0}, 'docked': False}}
[INFO] [1787854667.568977189] [multi3_coordinator_node]: Received robot state update from robot robot5: {'operational_state': 'idle', 'current_assigned_fragment': None, 'state': {'position': {'x': 4, 'y': 2, 'z': 0.0}, 'docked': False}}
[INFO] [1787854667.569362378] [multi3_coordinator_node]: Received coordination message: {'robot_name': 'robot5', 'completed_fragment': 'fm1-4', 'state': {'position': {'x': 4, 'y': 2, 'z': 0.0}, 'docked': False}}
[INFO] [1787854667.570343095] [multi3_coordinator_node]: Received coordination message: {'robot_name': 'robot5', 'completed_task': 'disinfect(r1)'}
[INFO] [1787854686.568421920] [multi3_coordinator_node]: Fragment fm1-14 is now executable because all signal messages were received.
[INFO] [1787854686.569199379] [multi3_coordinator_node]: Received coordination message: {'robot_name': 'robot4', 'completed_fragment': 'fm1-13', 'state': {'position': {'x': 3, 'y': 6, 'z': 0.0}, 'docked': False}}
[INFO] [1787854686.570988435] [multi3_coordinator_node]: Assigned fragment fm1-14 to robot robot2.
[INFO] [1787854686.572424279] [multi3_coordinator_node]: Received robot state update from robot robot4: {'operational_state': 'idle', 'current_assigned_fragment': None, 'state': {'position': {'x': 3, 'y': 6, 'z': 0.0}, 'docked': False}}
[INFO] [1787854686.573714851] [multi3_coordinator_node]: Received coordination message: {'robot_name': 'robot4', 'completed_task': 'mop(r3)'}
[INFO] [1787854686.574073248] [multi3_coordinator_node]: Received robot state update from robot robot2: {'operational_state': 'working', 'current_assigned_fragment': 'fm1-14', 'state': {'position': {'x': 3, 'y': 6, 'z': 0.0}, 'docked': False}}
[INFO] [1787854687.562788457] [multi3_coordinator_node]: Received coordination message: {'robot_name': 'robot9', 'completed_task': 'final_room_check(r1)'}
[INFO] [1787854687.564118843] [multi3_coordinator_node]: Received robot state update from robot robot9: {'operational_state': 'idle', 'current_assigned_fragment': None, 'state': {'position': {'x': 4, 'y': 2, 'z': 0.0}, 'docked': False}}
[INFO] [1787854687.564884677] [multi3_coordinator_node]: Received coordination message: {'robot_name': 'robot9', 'completed_fragment': 'fm1-5', 'state': {'position': {'x': 4, 'y': 2, 'z': 0.0}, 'docked': False}}
[INFO] [1787854702.613369416] [multi3_coordinator_node]: Received robot state update from robot robot2: {'operational_state': 'idle', 'current_assigned_fragment': None, 'state': {'position': {'x': 3, 'y': 6, 'z': 0.0}, 'docked': False}}
[INFO] [1787854702.614307074] [multi3_coordinator_node]: Received coordination message: {'robot_name': 'robot2', 'completed_fragment': 'fm1-14', 'state': {'position': {'x': 3, 'y': 6, 'z': 0.0}, 'docked': False}}
[INFO] [1787854702.614969373] [multi3_coordinator_node]: Fragment fm1-15 is now executable because all signal messages were received.
[INFO] [1787854702.615675424] [multi3_coordinator_node]: Received coordination message: {'robot_name': 'robot2', 'completed_task': 'disinfect(r3)'}
[INFO] [1787854703.529747700] [multi3_coordinator_node]: Assigned fragment fm1-15 to robot robot5.
[INFO] [1787854703.561075172] [multi3_coordinator_node]: Received robot state update from robot robot5: {'operational_state': 'working', 'current_assigned_fragment': 'fm1-15', 'state': {'position': {'x': 4, 'y': 2, 'z': 0.0}, 'docked': False}}
[INFO] [1787854718.563053453] [multi3_coordinator_node]: Received coordination message: {'robot_name': 'robot5', 'completed_task': 'final_room_check(r3)'}
[INFO] [1787854718.564769052] [multi3_coordinator_node]: Received coordination message: {'robot_name': 'robot5', 'completed_fragment': 'fm1-15', 'state': {'position': {'x': 3, 'y': 6, 'z': 0.0}, 'docked': False}}
[INFO] [1787854718.566077885] [multi3_coordinator_node]: Received robot state update from robot robot5: {'operational_state': 'idle', 'current_assigned_fragment': None, 'state': {'position': {'x': 3, 'y': 6, 'z': 0.0}, 'docked': False}}
Traceback (most recent call last):
  File "/root/ros2_ws/install/multi3_coordinator/lib/multi3_coordinator/coordinator", line 33, in <module>
    sys.exit(load_entry_point('multi3-coordinator==0.0.0', 'console_scripts', 'coordinator')())
  File "/root/ros2_ws/install/multi3_coordinator/lib/python3.10/site-packages/nodes/coordinator.py", line 371, in main
    rclpy.shutdown()
  File "/opt/ros/humble/local/lib/python3.10/dist-packages/rclpy/__init__.py", line 130, in shutdown
    _shutdown(context=context)
  File "/opt/ros/humble/local/lib/python3.10/dist-packages/rclpy/utilities.py", line 58, in shutdown
    return context.shutdown()
  File "/opt/ros/humble/local/lib/python3.10/dist-packages/rclpy/context.py", line 102, in shutdown
    self.__context.shutdown()
rclpy._rclpy_pybind11.RCLError: failed to shutdown: rcl_shutdown already called on the given context, at ./src/rcl/init.c:241

--- executor_robot1.log ---
[INFO] [1787854516.208176658] [robot1.fragment_exec_node]: Setting up skill: UndockSkill
[INFO] [1787854516.209314082] [robot1.fragment_exec_node]: Setting up skill: NavigateSkill
[INFO] [1787854516.210617069] [robot1.fragment_exec_node]: Setting up skill: CheckRoomSkill
[INFO] [1787854516.211303316] [robot1.fragment_exec_node]: Setting up skill: VacuumSkill
[INFO] [1787854516.212107375] [robot1.fragment_exec_node]: Setting up skill: DisinfectSkill
[INFO] [1787854516.212673031] [robot1.fragment_exec_node]: Setting up skill: CheckRoomSkill
[INFO] [1787854516.219064298] [robot1.fragment_exec_node]: Published robot registration: {'name': 'robot1', 'operational_state': 'idle', 'capabilities': ['undock', 'check_room', 'move_to', 'vacuum', 'disinfect'], 'state': {'position': {'x': 0.0, 'y': 0.0, 'z': 0.0}, 'docked': True}}
[INFO] [1787854567.536323473] [robot1.fragment_exec_node]: Received fragment assignment: {'robot': 'robot1', 'fragment': {'id': 'fm1-7', 'mission': 'm1', 'state': 'assigned', 'wait': ['check_room(r2)'], 'tasks': [{'name': 'vacuum', 'label': 'vacuum(r2)', 'params': {'x': 6, 'y': 5, 'size': 3}}], 'arrive_timestamp': 1787854534, 'priority': 1, 'segment': 's2'}}
[INFO] [1787854567.537605702] [robot1.fragment_exec_node]: Starting execution of fragment fm1-7...
[INFO] [1787854567.538883158] [robot1.fragment_exec_node]: Executing task vacuum(r2). Params: {'x': 6, 'y': 5, 'size': 3}, Virtual state: {'position': {'x': 0.0, 'y': 0.0, 'z': 0.0}, 'docked': True}
[INFO] [1787854567.539758027] [robot1.fragment_exec_node]: EventType: Control (Task: vacuum), Activity: undock, Robot: robot1, Mission: m1, Segment: s2, Start: 1787854567.5392547
[INFO] [1787854567.540669371] [robot1.fragment_exec_node]: Simulating undock skill...
[INFO] [1787854571.544163601] [robot1.fragment_exec_node]: Undock completed!
[INFO] [1787854571.547039854] [robot1.fragment_exec_node]: EventType: Control (Task: vacuum), Activity: undock, Robot: robot1, Mission: m1, Segment: s2, End: 1787854571.545244
[INFO] [1787854571.549010609] [robot1.fragment_exec_node]: EventType: Control (Task: vacuum), Activity: move_to, Robot: robot1, Mission: m1, Segment: s2, Start: 1787854571.5477703
[INFO] [1787854571.550736964] [robot1.fragment_exec_node]: Simulating navigate skill from position (0.0, 0.0) to (6, 5) (15.620499351813308 seconds)...
[INFO] [1787854587.175050301] [robot1.fragment_exec_node]: Navigation completed!
[INFO] [1787854587.177994599] [robot1.fragment_exec_node]: EventType: Control (Task: vacuum), Activity: move_to, Robot: robot1, Mission: m1, Segment: s2, End: 1787854587.1763082
[INFO] [1787854587.180835657] [robot1.fragment_exec_node]: EventType: Task, Activity: vacuum, Robot: robot1, Mission: m1, Segment: s2, Start: 1787854587.1789522
[INFO] [1787854587.183197302] [robot1.fragment_exec_node]: Simulating vacuum skill (10.5s to complete)...
[INFO] [1787854597.685135129] [robot1.fragment_exec_node]: Vacuum completed!
[INFO] [1787854597.686152051] [robot1.fragment_exec_node]: EventType: Task, Activity: vacuum, Robot: robot1, Mission: m1, Segment: s2, End: 1787854597.6856594
[INFO] [1787854597.687400141] [robot1.fragment_exec_node]: Execution of fragment fm1-7 completed!
[INFO] [1787854622.541711241] [robot1.fragment_exec_node]: Received fragment assignment: {'robot': 'robot1', 'fragment': {'id': 'fm1-9', 'mission': 'm1', 'state': 'assigned', 'wait': ['mop(r2)'], 'tasks': [{'name': 'disinfect', 'label': 'disinfect(r2)', 'params': {'x': 6, 'y': 5, 'size': 3}}], 'arrive_timestamp': 1787854534, 'priority': 1, 'segment': 's2'}}
[INFO] [1787854622.543292440] [robot1.fragment_exec_node]: Starting execution of fragment fm1-9...
[INFO] [1787854622.544930248] [robot1.fragment_exec_node]: Waiting for coordination messages before executing fragment fm1-9: ['mop(r2)']
[INFO] [1787854624.550924328] [robot1.fragment_exec_node]: Executing task disinfect(r2). Params: {'x': 6, 'y': 5, 'size': 3}, Virtual state: {'position': {'x': 6, 'y': 5, 'z': 0.0}, 'docked': False}
[INFO] [1787854624.553434140] [robot1.fragment_exec_node]: EventType: Task, Activity: disinfect, Robot: robot1, Mission: m1, Segment: s2, Start: 1787854624.5519636
[INFO] [1787854624.555715848] [robot1.fragment_exec_node]: Simulating disinfect skill (6s to complete)...
[INFO] [1787854630.559467957] [robot1.fragment_exec_node]: Disinfect completed!
[INFO] [1787854630.561133809] [robot1.fragment_exec_node]: EventType: Task, Activity: disinfect, Robot: robot1, Mission: m1, Segment: s2, End: 1787854630.5602112
[INFO] [1787854630.563824033] [robot1.fragment_exec_node]: Execution of fragment fm1-9 completed!
[INFO] [1787854639.533324374] [robot1.fragment_exec_node]: Received fragment assignment: {'robot': 'robot1', 'fragment': {'id': 'fm1-19', 'mission': 'm1', 'state': 'assigned', 'wait': ['mop(r4)'], 'tasks': [{'name': 'disinfect', 'label': 'disinfect(r4)', 'params': {'x': 5, 'y': 4, 'size': 4}}], 'arrive_timestamp': 1787854534, 'priority': 1, 'segment': 's4'}}
[INFO] [1787854639.533883951] [robot1.fragment_exec_node]: Starting execution of fragment fm1-19...
[INFO] [1787854639.534499455] [robot1.fragment_exec_node]: Waiting for coordination messages before executing fragment fm1-19: ['mop(r4)']
[INFO] [1787854641.539754532] [robot1.fragment_exec_node]: Executing task disinfect(r4). Params: {'x': 5, 'y': 4, 'size': 4}, Virtual state: {'position': {'x': 6, 'y': 5, 'z': 0.0}, 'docked': False}
[INFO] [1787854641.542437431] [robot1.fragment_exec_node]: EventType: Control (Task: disinfect), Activity: move_to, Robot: robot1, Mission: m1, Segment: s4, Start: 1787854641.5405483
[INFO] [1787854641.544932241] [robot1.fragment_exec_node]: Simulating navigate skill from position (6, 5) to (5, 4) (4.47213595499958 seconds)...
[INFO] [1787854646.021171411] [robot1.fragment_exec_node]: Navigation completed!
[INFO] [1787854646.023943814] [robot1.fragment_exec_node]: EventType: Control (Task: disinfect), Activity: move_to, Robot: robot1, Mission: m1, Segment: s4, End: 1787854646.0219975
[INFO] [1787854646.026328924] [robot1.fragment_exec_node]: EventType: Task, Activity: disinfect, Robot: robot1, Mission: m1, Segment: s4, Start: 1787854646.0245886
[INFO] [1787854646.028819422] [robot1.fragment_exec_node]: Simulating disinfect skill (8s to complete)...
[INFO] [1787854654.032994057] [robot1.fragment_exec_node]: Disinfect completed!
[INFO] [1787854654.035573564] [robot1.fragment_exec_node]: EventType: Task, Activity: disinfect, Robot: robot1, Mission: m1, Segment: s4, End: 1787854654.033797
[INFO] [1787854654.039355748] [robot1.fragment_exec_node]: Execution of fragment fm1-19 completed!
[INFO] [1787854654.531946173] [robot1.fragment_exec_node]: Received fragment assignment: {'robot': 'robot1', 'fragment': {'id': 'fm1-20', 'mission': 'm1', 'state': 'assigned', 'wait': ['disinfect(r4)'], 'tasks': [{'name': 'final_room_check', 'label': 'final_room_check(r4)', 'params': {'x': 5, 'y': 4, 'size': 4}}], 'arrive_timestamp': 1787854534, 'priority': 1, 'segment': 's4'}}
[INFO] [1787854654.533290993] [robot1.fragment_exec_node]: Starting execution of fragment fm1-20...
[INFO] [1787854654.534960679] [robot1.fragment_exec_node]: Waiting for coordination messages before executing fragment fm1-20: ['disinfect(r4)']
[ERROR] [1787854656.540860559] [robot1.fragment_exec_node]: Robot robot1 was assigned a fragment without required capabilities!
[INFO] [1787854656.544226559] [robot1.fragment_exec_node]: Executing task final_room_check(r4). Params: {'x': 5, 'y': 4, 'size': 4}, Virtual state: {'position': {'x': 5, 'y': 4, 'z': 0.0}, 'docked': False}
[INFO] [1787854656.546768465] [robot1.fragment_exec_node]: EventType: Task, Activity: final_room_check, Robot: robot1, Mission: m1, Segment: s4, Start: 1787854656.5452049
[INFO] [1787854656.548506610] [robot1.fragment_exec_node]: Simulating check_room skill (6.0s to complete)...
[INFO] [1787854662.550168199] [robot1.fragment_exec_node]: Check room completed!
[INFO] [1787854662.550991922] [robot1.fragment_exec_node]: EventType: Task, Activity: final_room_check, Robot: robot1, Mission: m1, Segment: s4, End: 1787854662.5505295
[INFO] [1787854662.552207225] [robot1.fragment_exec_node]: Execution of fragment fm1-20 completed!
Traceback (most recent call last):
  File "/root/ros2_ws/install/multi3_executor/lib/multi3_executor/executor", line 33, in <module>
    sys.exit(load_entry_point('multi3-executor==0.0.0', 'console_scripts', 'executor')())
  File "/root/ros2_ws/install/multi3_executor/lib/python3.10/site-packages/multi3_executor/nodes/executor.py", line 313, in main
    rclpy.shutdown()
  File "/opt/ros/humble/local/lib/python3.10/dist-packages/rclpy/__init__.py", line 130, in shutdown
    _shutdown(context=context)
  File "/opt/ros/humble/local/lib/python3.10/dist-packages/rclpy/utilities.py", line 58, in shutdown
    return context.shutdown()
  File "/opt/ros/humble/local/lib/python3.10/dist-packages/rclpy/context.py", line 102, in shutdown
    self.__context.shutdown()
rclpy._rclpy_pybind11.RCLError: failed to shutdown: rcl_shutdown already called on the given context, at ./src/rcl/init.c:241

--- executor_robot2.log ---
[INFO] [1787854518.203594743] [robot2.fragment_exec_node]: Setting up skill: UndockSkill
[INFO] [1787854518.204655829] [robot2.fragment_exec_node]: Setting up skill: NavigateSkill
[INFO] [1787854518.205376626] [robot2.fragment_exec_node]: Setting up skill: CheckRoomSkill
[INFO] [1787854518.206253753] [robot2.fragment_exec_node]: Setting up skill: VacuumSkill
[INFO] [1787854518.207133584] [robot2.fragment_exec_node]: Setting up skill: DisinfectSkill
[INFO] [1787854518.208025975] [robot2.fragment_exec_node]: Setting up skill: CheckRoomSkill
[INFO] [1787854518.217358570] [robot2.fragment_exec_node]: Published robot registration: {'name': 'robot2', 'operational_state': 'idle', 'capabilities': ['undock', 'check_room', 'move_to', 'vacuum', 'disinfect'], 'state': {'position': {'x': 0.0, 'y': 0.0, 'z': 0.0}, 'docked': True}}
[INFO] [1787854565.535194407] [robot2.fragment_exec_node]: Received fragment assignment: {'robot': 'robot2', 'fragment': {'id': 'fm1-17', 'mission': 'm1', 'state': 'assigned', 'wait': ['check_room(r4)'], 'tasks': [{'name': 'vacuum', 'label': 'vacuum(r4)', 'params': {'x': 5, 'y': 4, 'size': 4}}], 'arrive_timestamp': 1787854534, 'priority': 1, 'segment': 's4'}}
[INFO] [1787854565.536160801] [robot2.fragment_exec_node]: Starting execution of fragment fm1-17...
[INFO] [1787854565.537389580] [robot2.fragment_exec_node]: Waiting for coordination messages before executing fragment fm1-17: ['check_room(r4)']
[INFO] [1787854567.541763462] [robot2.fragment_exec_node]: Executing task vacuum(r4). Params: {'x': 5, 'y': 4, 'size': 4}, Virtual state: {'position': {'x': 0.0, 'y': 0.0, 'z': 0.0}, 'docked': True}
[INFO] [1787854567.542836445] [robot2.fragment_exec_node]: EventType: Control (Task: vacuum), Activity: undock, Robot: robot2, Mission: m1, Segment: s4, Start: 1787854567.5422325
[INFO] [1787854567.543865253] [robot2.fragment_exec_node]: Simulating undock skill...
[INFO] [1787854571.546921739] [robot2.fragment_exec_node]: Undock completed!
[INFO] [1787854571.549209402] [robot2.fragment_exec_node]: EventType: Control (Task: vacuum), Activity: undock, Robot: robot2, Mission: m1, Segment: s4, End: 1787854571.5477364
[INFO] [1787854571.550833168] [robot2.fragment_exec_node]: EventType: Control (Task: vacuum), Activity: move_to, Robot: robot2, Mission: m1, Segment: s4, Start: 1787854571.5497267
[INFO] [1787854571.552631399] [robot2.fragment_exec_node]: Simulating navigate skill from position (0.0, 0.0) to (5, 4) (12.806248474865697 seconds)...
[INFO] [1787854584.361867415] [robot2.fragment_exec_node]: Navigation completed!
[INFO] [1787854584.364994680] [robot2.fragment_exec_node]: EventType: Control (Task: vacuum), Activity: move_to, Robot: robot2, Mission: m1, Segment: s4, End: 1787854584.3631947
[INFO] [1787854584.366758110] [robot2.fragment_exec_node]: EventType: Task, Activity: vacuum, Robot: robot2, Mission: m1, Segment: s4, Start: 1787854584.365611
[INFO] [1787854584.368585953] [robot2.fragment_exec_node]: Simulating vacuum skill (14.0s to complete)...
[INFO] [1787854598.373170487] [robot2.fragment_exec_node]: Vacuum completed!
[INFO] [1787854598.375247955] [robot2.fragment_exec_node]: EventType: Task, Activity: vacuum, Robot: robot2, Mission: m1, Segment: s4, End: 1787854598.3741367
[INFO] [1787854598.378117649] [robot2.fragment_exec_node]: Execution of fragment fm1-17 completed!
[INFO] [1787854598.530775034] [robot2.fragment_exec_node]: Received fragment assignment: {'robot': 'robot2', 'fragment': {'id': 'fm1-12', 'mission': 'm1', 'state': 'assigned', 'wait': ['check_room(r3)'], 'tasks': [{'name': 'vacuum', 'label': 'vacuum(r3)', 'params': {'x': 3, 'y': 6, 'size': 7}}], 'arrive_timestamp': 1787854534, 'priority': 1, 'segment': 's3'}}
[INFO] [1787854598.535010127] [robot2.fragment_exec_node]: Starting execution of fragment fm1-12...
[INFO] [1787854598.542073737] [robot2.fragment_exec_node]: Executing task vacuum(r3). Params: {'x': 3, 'y': 6, 'size': 7}, Virtual state: {'position': {'x': 5, 'y': 4, 'z': 0.0}, 'docked': False}
[INFO] [1787854598.543649338] [robot2.fragment_exec_node]: EventType: Control (Task: vacuum), Activity: move_to, Robot: robot2, Mission: m1, Segment: s3, Start: 1787854598.542579
[INFO] [1787854598.545318809] [robot2.fragment_exec_node]: Simulating navigate skill from position (5, 4) to (3, 6) (4.47213595499958 seconds)...
[INFO] [1787854603.021039503] [robot2.fragment_exec_node]: Navigation completed!
[INFO] [1787854603.024246586] [robot2.fragment_exec_node]: EventType: Control (Task: vacuum), Activity: move_to, Robot: robot2, Mission: m1, Segment: s3, End: 1787854603.0221646
[INFO] [1787854603.026028941] [robot2.fragment_exec_node]: EventType: Task, Activity: vacuum, Robot: robot2, Mission: m1, Segment: s3, Start: 1787854603.0248969
[INFO] [1787854603.027753032] [robot2.fragment_exec_node]: Simulating vacuum skill (24.5s to complete)...
[INFO] [1787854627.531492731] [robot2.fragment_exec_node]: Vacuum completed!
[INFO] [1787854627.533727331] [robot2.fragment_exec_node]: EventType: Task, Activity: vacuum, Robot: robot2, Mission: m1, Segment: s3, End: 1787854627.532562
[INFO] [1787854627.536239233] [robot2.fragment_exec_node]: Execution of fragment fm1-12 completed!
[INFO] [1787854686.554018813] [robot2.fragment_exec_node]: Received fragment assignment: {'robot': 'robot2', 'fragment': {'id': 'fm1-14', 'mission': 'm1', 'state': 'assigned', 'wait': ['mop(r3)'], 'tasks': [{'name': 'disinfect', 'label': 'disinfect(r3)', 'params': {'x': 3, 'y': 6, 'size': 7}}], 'arrive_timestamp': 1787854534, 'priority': 1, 'segment': 's3'}}
[INFO] [1787854686.555103288] [robot2.fragment_exec_node]: Starting execution of fragment fm1-14...
[INFO] [1787854686.555981141] [robot2.fragment_exec_node]: Waiting for coordination messages before executing fragment fm1-14: ['mop(r3)']
[INFO] [1787854688.561449883] [robot2.fragment_exec_node]: Executing task disinfect(r3). Params: {'x': 3, 'y': 6, 'size': 7}, Virtual state: {'position': {'x': 3, 'y': 6, 'z': 0.0}, 'docked': False}
[INFO] [1787854688.564183176] [robot2.fragment_exec_node]: EventType: Task, Activity: disinfect, Robot: robot2, Mission: m1, Segment: s3, Start: 1787854688.5625358
[INFO] [1787854688.565720120] [robot2.fragment_exec_node]: Simulating disinfect skill (14s to complete)...
[INFO] [1787854702.568204900] [robot2.fragment_exec_node]: Disinfect completed!
[INFO] [1787854702.569259875] [robot2.fragment_exec_node]: EventType: Task, Activity: disinfect, Robot: robot2, Mission: m1, Segment: s3, End: 1787854702.568709
[INFO] [1787854702.570782184] [robot2.fragment_exec_node]: Execution of fragment fm1-14 completed!
Traceback (most recent call last):
  File "/root/ros2_ws/install/multi3_executor/lib/multi3_executor/executor", line 33, in <module>
    sys.exit(load_entry_point('multi3-executor==0.0.0', 'console_scripts', 'executor')())
  File "/root/ros2_ws/install/multi3_executor/lib/python3.10/site-packages/multi3_executor/nodes/executor.py", line 313, in main
    rclpy.shutdown()
  File "/opt/ros/humble/local/lib/python3.10/dist-packages/rclpy/__init__.py", line 130, in shutdown
    _shutdown(context=context)
  File "/opt/ros/humble/local/lib/python3.10/dist-packages/rclpy/utilities.py", line 58, in shutdown
    return context.shutdown()
  File "/opt/ros/humble/local/lib/python3.10/dist-packages/rclpy/context.py", line 102, in shutdown
    self.__context.shutdown()
rclpy._rclpy_pybind11.RCLError: failed to shutdown: rcl_shutdown already called on the given context, at ./src/rcl/init.c:241

--- executor_robot3.log ---
[INFO] [1787854520.195895849] [robot3.fragment_exec_node]: Setting up skill: UndockSkill
[INFO] [1787854520.197279321] [robot3.fragment_exec_node]: Setting up skill: NavigateSkill
[INFO] [1787854520.198134544] [robot3.fragment_exec_node]: Setting up skill: CheckRoomSkill
[INFO] [1787854520.199107303] [robot3.fragment_exec_node]: Setting up skill: VacuumSkill
[INFO] [1787854520.200144148] [robot3.fragment_exec_node]: Setting up skill: DisinfectSkill
[INFO] [1787854520.200836848] [robot3.fragment_exec_node]: Setting up skill: CheckRoomSkill
[INFO] [1787854520.208881243] [robot3.fragment_exec_node]: Published robot registration: {'name': 'robot3', 'operational_state': 'idle', 'capabilities': ['undock', 'check_room', 'move_to', 'vacuum', 'disinfect'], 'state': {'position': {'x': 0.0, 'y': 0.0, 'z': 0.0}, 'docked': True}}
[INFO] [1787854565.525869930] [robot3.fragment_exec_node]: Received fragment assignment: {'robot': 'robot3', 'fragment': {'id': 'fm1-2', 'mission': 'm1', 'state': 'assigned', 'wait': ['check_room(r1)'], 'tasks': [{'name': 'vacuum', 'label': 'vacuum(r1)', 'params': {'x': 4, 'y': 2, 'size': 6}}], 'arrive_timestamp': 1787854534, 'priority': 1, 'segment': 's1'}}
[INFO] [1787854565.529011995] [robot3.fragment_exec_node]: Starting execution of fragment fm1-2...
[INFO] [1787854565.533116560] [robot3.fragment_exec_node]: Executing task vacuum(r1). Params: {'x': 4, 'y': 2, 'size': 6}, Virtual state: {'position': {'x': 0.0, 'y': 0.0, 'z': 0.0}, 'docked': True}
[INFO] [1787854565.534395028] [robot3.fragment_exec_node]: EventType: Control (Task: vacuum), Activity: undock, Robot: robot3, Mission: m1, Segment: s1, Start: 1787854565.5335732
[INFO] [1787854565.535417145] [robot3.fragment_exec_node]: Simulating undock skill...
[INFO] [1787854569.539419999] [robot3.fragment_exec_node]: Undock completed!
[INFO] [1787854569.542490860] [robot3.fragment_exec_node]: EventType: Control (Task: vacuum), Activity: undock, Robot: robot3, Mission: m1, Segment: s1, End: 1787854569.540523
[INFO] [1787854569.544706917] [robot3.fragment_exec_node]: EventType: Control (Task: vacuum), Activity: move_to, Robot: robot3, Mission: m1, Segment: s1, Start: 1787854569.5434391
[INFO] [1787854569.546494952] [robot3.fragment_exec_node]: Simulating navigate skill from position (0.0, 0.0) to (4, 2) (8.94427190999916 seconds)...
[INFO] [1787854578.494418922] [robot3.fragment_exec_node]: Navigation completed!
[INFO] [1787854578.496880251] [robot3.fragment_exec_node]: EventType: Control (Task: vacuum), Activity: move_to, Robot: robot3, Mission: m1, Segment: s1, End: 1787854578.495148
[INFO] [1787854578.499198966] [robot3.fragment_exec_node]: EventType: Task, Activity: vacuum, Robot: robot3, Mission: m1, Segment: s1, Start: 1787854578.4976187
[INFO] [1787854578.500996281] [robot3.fragment_exec_node]: Simulating vacuum skill (21.0s to complete)...
[INFO] [1787854599.504051270] [robot3.fragment_exec_node]: Vacuum completed!
[INFO] [1787854599.506302707] [robot3.fragment_exec_node]: EventType: Task, Activity: vacuum, Robot: robot3, Mission: m1, Segment: s1, End: 1787854599.5051756
[INFO] [1787854599.508731097] [robot3.fragment_exec_node]: Execution of fragment fm1-2 completed!
Traceback (most recent call last):
  File "/root/ros2_ws/install/multi3_executor/lib/multi3_executor/executor", line 33, in <module>
    sys.exit(load_entry_point('multi3-executor==0.0.0', 'console_scripts', 'executor')())
  File "/root/ros2_ws/install/multi3_executor/lib/python3.10/site-packages/multi3_executor/nodes/executor.py", line 313, in main
    rclpy.shutdown()
  File "/opt/ros/humble/local/lib/python3.10/dist-packages/rclpy/__init__.py", line 130, in shutdown
    _shutdown(context=context)
  File "/opt/ros/humble/local/lib/python3.10/dist-packages/rclpy/utilities.py", line 58, in shutdown
    return context.shutdown()
  File "/opt/ros/humble/local/lib/python3.10/dist-packages/rclpy/context.py", line 102, in shutdown
    self.__context.shutdown()
rclpy._rclpy_pybind11.RCLError: failed to shutdown: rcl_shutdown already called on the given context, at ./src/rcl/init.c:241

--- executor_robot4.log ---
[INFO] [1787854522.578900133] [robot4.fragment_exec_node]: Setting up skill: UndockSkill
[INFO] [1787854522.579859659] [robot4.fragment_exec_node]: Setting up skill: NavigateSkill
[INFO] [1787854522.580478351] [robot4.fragment_exec_node]: Setting up skill: CheckRoomSkill
[INFO] [1787854522.581040689] [robot4.fragment_exec_node]: Setting up skill: MopSkill
[INFO] [1787854522.581832395] [robot4.fragment_exec_node]: Setting up skill: DisinfectSkill
[INFO] [1787854522.582598461] [robot4.fragment_exec_node]: Setting up skill: CheckRoomSkill
[INFO] [1787854522.591832126] [robot4.fragment_exec_node]: Published robot registration: {'name': 'robot4', 'operational_state': 'idle', 'capabilities': ['undock', 'check_room', 'move_to', 'mop', 'disinfect'], 'state': {'position': {'x': 0.0, 'y': 0.0, 'z': 0.0}, 'docked': True}}
[INFO] [1787854628.527964069] [robot4.fragment_exec_node]: Received fragment assignment: {'robot': 'robot4', 'fragment': {'id': 'fm1-13', 'mission': 'm1', 'state': 'assigned', 'wait': ['vacuum(r3)'], 'tasks': [{'name': 'mop', 'label': 'mop(r3)', 'params': {'x': 3, 'y': 6, 'size': 7}}], 'arrive_timestamp': 1787854534, 'priority': 1, 'segment': 's3'}}
[INFO] [1787854628.542989775] [robot4.fragment_exec_node]: Starting execution of fragment fm1-13...
[INFO] [1787854628.544446391] [robot4.fragment_exec_node]: Waiting for coordination messages before executing fragment fm1-13: ['vacuum(r3)']
[INFO] [1787854630.549673170] [robot4.fragment_exec_node]: Executing task mop(r3). Params: {'x': 3, 'y': 6, 'size': 7}, Virtual state: {'position': {'x': 0.0, 'y': 0.0, 'z': 0.0}, 'docked': True}
[INFO] [1787854630.552344172] [robot4.fragment_exec_node]: EventType: Control (Task: mop), Activity: undock, Robot: robot4, Mission: m1, Segment: s3, Start: 1787854630.55078
[INFO] [1787854630.554060572] [robot4.fragment_exec_node]: Simulating undock skill...
[INFO] [1787854634.557516671] [robot4.fragment_exec_node]: Undock completed!
[INFO] [1787854634.560013955] [robot4.fragment_exec_node]: EventType: Control (Task: mop), Activity: undock, Robot: robot4, Mission: m1, Segment: s3, End: 1787854634.5585594
[INFO] [1787854634.561788131] [robot4.fragment_exec_node]: EventType: Control (Task: mop), Activity: move_to, Robot: robot4, Mission: m1, Segment: s3, Start: 1787854634.5606658
[INFO] [1787854634.563537538] [robot4.fragment_exec_node]: Simulating navigate skill from position (0.0, 0.0) to (3, 6) (13.416407864998739 seconds)...
[INFO] [1787854647.983083153] [robot4.fragment_exec_node]: Navigation completed!
[INFO] [1787854647.985121496] [robot4.fragment_exec_node]: EventType: Control (Task: mop), Activity: move_to, Robot: robot4, Mission: m1, Segment: s3, End: 1787854647.9838612
[INFO] [1787854647.986354197] [robot4.fragment_exec_node]: EventType: Task, Activity: mop, Robot: robot4, Mission: m1, Segment: s3, Start: 1787854647.9856257
[INFO] [1787854647.987740885] [robot4.fragment_exec_node]: Simulating mop skill (38.5s to complete)...
[INFO] [1787854686.490149106] [robot4.fragment_exec_node]: Mop completed!
[INFO] [1787854686.493249420] [robot4.fragment_exec_node]: EventType: Task, Activity: mop, Robot: robot4, Mission: m1, Segment: s3, End: 1787854686.4914446
[INFO] [1787854686.495631599] [robot4.fragment_exec_node]: Execution of fragment fm1-13 completed!
Traceback (most recent call last):
  File "/root/ros2_ws/install/multi3_executor/lib/multi3_executor/executor", line 33, in <module>
    sys.exit(load_entry_point('multi3-executor==0.0.0', 'console_scripts', 'executor')())
  File "/root/ros2_ws/install/multi3_executor/lib/python3.10/site-packages/multi3_executor/nodes/executor.py", line 313, in main
    rclpy.shutdown()
  File "/opt/ros/humble/local/lib/python3.10/dist-packages/rclpy/__init__.py", line 130, in shutdown
    _shutdown(context=context)
  File "/opt/ros/humble/local/lib/python3.10/dist-packages/rclpy/utilities.py", line 58, in shutdown
    return context.shutdown()
  File "/opt/ros/humble/local/lib/python3.10/dist-packages/rclpy/context.py", line 102, in shutdown
    self.__context.shutdown()
rclpy._rclpy_pybind11.RCLError: failed to shutdown: rcl_shutdown already called on the given context, at ./src/rcl/init.c:241

--- executor_robot5.log ---
[INFO] [1787854524.935378917] [robot5.fragment_exec_node]: Setting up skill: UndockSkill
[INFO] [1787854524.936234772] [robot5.fragment_exec_node]: Setting up skill: NavigateSkill
[INFO] [1787854524.936875472] [robot5.fragment_exec_node]: Setting up skill: CheckRoomSkill
[INFO] [1787854524.937392534] [robot5.fragment_exec_node]: Setting up skill: MopSkill
[INFO] [1787854524.938039315] [robot5.fragment_exec_node]: Setting up skill: DisinfectSkill
[INFO] [1787854524.938499429] [robot5.fragment_exec_node]: Setting up skill: CheckRoomSkill
[INFO] [1787854524.949969712] [robot5.fragment_exec_node]: Published robot registration: {'name': 'robot5', 'operational_state': 'idle', 'capabilities': ['undock', 'check_room', 'move_to', 'mop', 'disinfect'], 'state': {'position': {'x': 0.0, 'y': 0.0, 'z': 0.0}, 'docked': True}}
[INFO] [1787854542.543944084] [robot5.fragment_exec_node]: Received fragment assignment: {'robot': 'robot5', 'fragment': {'id': 'fm1-11', 'mission': 'm1', 'state': 'assigned', 'wait': [], 'tasks': [{'name': 'check_room', 'label': 'check_room(r3)', 'params': {'x': 3, 'y': 6, 'size': 7}}], 'arrive_timestamp': 1787854534, 'priority': 1, 'segment': 's3'}}
[INFO] [1787854542.547887447] [robot5.fragment_exec_node]: Starting execution of fragment fm1-11...
[INFO] [1787854542.549309154] [robot5.fragment_exec_node]: Executing task check_room(r3). Params: {'x': 3, 'y': 6, 'size': 7}, Virtual state: {'position': {'x': 0.0, 'y': 0.0, 'z': 0.0}, 'docked': True}
[INFO] [1787854542.550321515] [robot5.fragment_exec_node]: EventType: Control (Task: check_room), Activity: undock, Robot: robot5, Mission: m1, Segment: s3, Start: 1787854542.5496018
[INFO] [1787854542.551340205] [robot5.fragment_exec_node]: Simulating undock skill...
[INFO] [1787854546.556264040] [robot5.fragment_exec_node]: Undock completed!
[INFO] [1787854546.558414861] [robot5.fragment_exec_node]: EventType: Control (Task: check_room), Activity: undock, Robot: robot5, Mission: m1, Segment: s3, End: 1787854546.5571642
[INFO] [1787854546.560207307] [robot5.fragment_exec_node]: EventType: Control (Task: check_room), Activity: move_to, Robot: robot5, Mission: m1, Segment: s3, Start: 1787854546.559052
[INFO] [1787854546.561559136] [robot5.fragment_exec_node]: Simulating navigate skill from position (0.0, 0.0) to (3, 6) (13.416407864998739 seconds)...
[INFO] [1787854559.980464637] [robot5.fragment_exec_node]: Navigation completed!
[INFO] [1787854559.983396255] [robot5.fragment_exec_node]: EventType: Control (Task: check_room), Activity: move_to, Robot: robot5, Mission: m1, Segment: s3, End: 1787854559.9816902
[INFO] [1787854559.985116325] [robot5.fragment_exec_node]: EventType: Task, Activity: check_room, Robot: robot5, Mission: m1, Segment: s3, Start: 1787854559.9839947
[INFO] [1787854559.986846779] [robot5.fragment_exec_node]: Simulating check_room skill (10.5s to complete)...
[INFO] [1787854570.490382246] [robot5.fragment_exec_node]: Check room completed!
[INFO] [1787854570.493560737] [robot5.fragment_exec_node]: EventType: Task, Activity: check_room, Robot: robot5, Mission: m1, Segment: s3, End: 1787854570.491597
[INFO] [1787854570.496380020] [robot5.fragment_exec_node]: Execution of fragment fm1-11 completed!
[INFO] [1787854631.528596200] [robot5.fragment_exec_node]: Received fragment assignment: {'robot': 'robot5', 'fragment': {'id': 'fm1-10', 'mission': 'm1', 'state': 'assigned', 'wait': ['disinfect(r2)'], 'tasks': [{'name': 'final_room_check', 'label': 'final_room_check(r2)', 'params': {'x': 6, 'y': 5, 'size': 3}}], 'arrive_timestamp': 1787854534, 'priority': 1, 'segment': 's2'}}
[INFO] [1787854631.530511417] [robot5.fragment_exec_node]: Starting execution of fragment fm1-10...
[ERROR] [1787854631.532099412] [robot5.fragment_exec_node]: Robot robot5 was assigned a fragment without required capabilities!
[INFO] [1787854631.533789940] [robot5.fragment_exec_node]: Executing task final_room_check(r2). Params: {'x': 6, 'y': 5, 'size': 3}, Virtual state: {'position': {'x': 3, 'y': 6, 'z': 0.0}, 'docked': False}
[INFO] [1787854631.535093592] [robot5.fragment_exec_node]: EventType: Control (Task: final_room_check), Activity: move_to, Robot: robot5, Mission: m1, Segment: s2, Start: 1787854631.5343754
[INFO] [1787854631.536591333] [robot5.fragment_exec_node]: Simulating navigate skill from position (3, 6) to (6, 5) (7.211102550927978 seconds)...
[INFO] [1787854638.751734105] [robot5.fragment_exec_node]: Navigation completed!
[INFO] [1787854638.754659114] [robot5.fragment_exec_node]: EventType: Control (Task: final_room_check), Activity: move_to, Robot: robot5, Mission: m1, Segment: s2, End: 1787854638.7528276
[INFO] [1787854638.756162186] [robot5.fragment_exec_node]: EventType: Task, Activity: final_room_check, Robot: robot5, Mission: m1, Segment: s2, Start: 1787854638.7552712
[INFO] [1787854638.757919211] [robot5.fragment_exec_node]: Simulating check_room skill (4.5s to complete)...
[INFO] [1787854643.262107638] [robot5.fragment_exec_node]: Check room completed!
[INFO] [1787854643.265132065] [robot5.fragment_exec_node]: EventType: Task, Activity: final_room_check, Robot: robot5, Mission: m1, Segment: s2, End: 1787854643.2632012
[INFO] [1787854643.268255051] [robot5.fragment_exec_node]: Execution of fragment fm1-10 completed!
[INFO] [1787854644.537343065] [robot5.fragment_exec_node]: Received fragment assignment: {'robot': 'robot5', 'fragment': {'id': 'fm1-4', 'mission': 'm1', 'state': 'assigned', 'wait': ['mop(r1)'], 'tasks': [{'name': 'disinfect', 'label': 'disinfect(r1)', 'params': {'x': 4, 'y': 2, 'size': 6}}], 'arrive_timestamp': 1787854534, 'priority': 1, 'segment': 's1'}}
[INFO] [1787854644.538750076] [robot5.fragment_exec_node]: Starting execution of fragment fm1-4...
[INFO] [1787854644.540167739] [robot5.fragment_exec_node]: Waiting for coordination messages before executing fragment fm1-4: ['mop(r1)']
[INFO] [1787854646.546265152] [robot5.fragment_exec_node]: Executing task disinfect(r1). Params: {'x': 4, 'y': 2, 'size': 6}, Virtual state: {'position': {'x': 6, 'y': 5, 'z': 0.0}, 'docked': False}
[INFO] [1787854646.549263688] [robot5.fragment_exec_node]: EventType: Control (Task: disinfect), Activity: move_to, Robot: robot5, Mission: m1, Segment: s1, Start: 1787854646.5473652
[INFO] [1787854646.551894842] [robot5.fragment_exec_node]: Simulating navigate skill from position (6, 5) to (4, 2) (8.94427190999916 seconds)...
[INFO] [1787854655.500095099] [robot5.fragment_exec_node]: Navigation completed!
[INFO] [1787854655.502752605] [robot5.fragment_exec_node]: EventType: Control (Task: disinfect), Activity: move_to, Robot: robot5, Mission: m1, Segment: s1, End: 1787854655.5011642
[INFO] [1787854655.504467572] [robot5.fragment_exec_node]: EventType: Task, Activity: disinfect, Robot: robot5, Mission: m1, Segment: s1, Start: 1787854655.5033677
[INFO] [1787854655.506377650] [robot5.fragment_exec_node]: Simulating disinfect skill (12s to complete)...
[INFO] [1787854667.510131047] [robot5.fragment_exec_node]: Disinfect completed!
[INFO] [1787854667.513178411] [robot5.fragment_exec_node]: EventType: Task, Activity: disinfect, Robot: robot5, Mission: m1, Segment: s1, End: 1787854667.5114467
[INFO] [1787854667.515474185] [robot5.fragment_exec_node]: Execution of fragment fm1-4 completed!
[INFO] [1787854703.529911710] [robot5.fragment_exec_node]: Received fragment assignment: {'robot': 'robot5', 'fragment': {'id': 'fm1-15', 'mission': 'm1', 'state': 'assigned', 'wait': ['disinfect(r3)'], 'tasks': [{'name': 'final_room_check', 'label': 'final_room_check(r3)', 'params': {'x': 3, 'y': 6, 'size': 7}}], 'arrive_timestamp': 1787854534, 'priority': 1, 'segment': 's3'}}
[INFO] [1787854703.531625976] [robot5.fragment_exec_node]: Starting execution of fragment fm1-15...
[ERROR] [1787854703.533662311] [robot5.fragment_exec_node]: Robot robot5 was assigned a fragment without required capabilities!
[INFO] [1787854703.535081330] [robot5.fragment_exec_node]: Executing task final_room_check(r3). Params: {'x': 3, 'y': 6, 'size': 7}, Virtual state: {'position': {'x': 4, 'y': 2, 'z': 0.0}, 'docked': False}
[INFO] [1787854703.559954359] [robot5.fragment_exec_node]: EventType: Control (Task: final_room_check), Activity: move_to, Robot: robot5, Mission: m1, Segment: s3, Start: 1787854703.559546
[INFO] [1787854703.560897644] [robot5.fragment_exec_node]: Simulating navigate skill from position (4, 2) to (3, 6) (4.47213595499958 seconds)...
[INFO] [1787854708.034901347] [robot5.fragment_exec_node]: Navigation completed!
[INFO] [1787854708.035676660] [robot5.fragment_exec_node]: EventType: Control (Task: final_room_check), Activity: move_to, Robot: robot5, Mission: m1, Segment: s3, End: 1787854708.0352936
[INFO] [1787854708.036500754] [robot5.fragment_exec_node]: EventType: Task, Activity: final_room_check, Robot: robot5, Mission: m1, Segment: s3, Start: 1787854708.0360014
[INFO] [1787854708.037133411] [robot5.fragment_exec_node]: Simulating check_room skill (10.5s to complete)...
[INFO] [1787854718.540958351] [robot5.fragment_exec_node]: Check room completed!
[INFO] [1787854718.544081960] [robot5.fragment_exec_node]: EventType: Task, Activity: final_room_check, Robot: robot5, Mission: m1, Segment: s3, End: 1787854718.542208
[INFO] [1787854718.547118251] [robot5.fragment_exec_node]: Execution of fragment fm1-15 completed!
Traceback (most recent call last):
  File "/root/ros2_ws/install/multi3_executor/lib/multi3_executor/executor", line 33, in <module>
    sys.exit(load_entry_point('multi3-executor==0.0.0', 'console_scripts', 'executor')())
  File "/root/ros2_ws/install/multi3_executor/lib/python3.10/site-packages/multi3_executor/nodes/executor.py", line 313, in main
    rclpy.shutdown()
  File "/opt/ros/humble/local/lib/python3.10/dist-packages/rclpy/__init__.py", line 130, in shutdown
    _shutdown(context=context)
  File "/opt/ros/humble/local/lib/python3.10/dist-packages/rclpy/utilities.py", line 58, in shutdown
    return context.shutdown()
  File "/opt/ros/humble/local/lib/python3.10/dist-packages/rclpy/context.py", line 102, in shutdown
    self.__context.shutdown()
rclpy._rclpy_pybind11.RCLError: failed to shutdown: rcl_shutdown already called on the given context, at ./src/rcl/init.c:241

--- executor_robot6.log ---
[INFO] [1787854526.592398323] [robot6.fragment_exec_node]: Setting up skill: UndockSkill
[INFO] [1787854526.593172657] [robot6.fragment_exec_node]: Setting up skill: NavigateSkill
[INFO] [1787854526.593881137] [robot6.fragment_exec_node]: Setting up skill: CheckRoomSkill
[INFO] [1787854526.594484107] [robot6.fragment_exec_node]: Setting up skill: MopSkill
[INFO] [1787854526.595025901] [robot6.fragment_exec_node]: Setting up skill: CheckRoomSkill
[INFO] [1787854526.604495717] [robot6.fragment_exec_node]: Published robot registration: {'name': 'robot6', 'operational_state': 'idle', 'capabilities': ['undock', 'check_room', 'move_to', 'mop'], 'state': {'position': {'x': 0.0, 'y': 0.0, 'z': 0.0}, 'docked': True}}
[INFO] [1787854542.536939330] [robot6.fragment_exec_node]: Received fragment assignment: {'robot': 'robot6', 'fragment': {'id': 'fm1-6', 'mission': 'm1', 'state': 'assigned', 'wait': [], 'tasks': [{'name': 'check_room', 'label': 'check_room(r2)', 'params': {'x': 6, 'y': 5, 'size': 3}}], 'arrive_timestamp': 1787854534, 'priority': 1, 'segment': 's2'}}
[INFO] [1787854542.538709656] [robot6.fragment_exec_node]: Starting execution of fragment fm1-6...
[INFO] [1787854542.544051752] [robot6.fragment_exec_node]: Executing task check_room(r2). Params: {'x': 6, 'y': 5, 'size': 3}, Virtual state: {'position': {'x': 0.0, 'y': 0.0, 'z': 0.0}, 'docked': True}
[INFO] [1787854542.548878019] [robot6.fragment_exec_node]: EventType: Control (Task: check_room), Activity: undock, Robot: robot6, Mission: m1, Segment: s2, Start: 1787854542.5448966
[INFO] [1787854542.549952704] [robot6.fragment_exec_node]: Simulating undock skill...
[INFO] [1787854546.554538146] [robot6.fragment_exec_node]: Undock completed!
[INFO] [1787854546.557221743] [robot6.fragment_exec_node]: EventType: Control (Task: check_room), Activity: undock, Robot: robot6, Mission: m1, Segment: s2, End: 1787854546.5552964
[INFO] [1787854546.559170972] [robot6.fragment_exec_node]: EventType: Control (Task: check_room), Activity: move_to, Robot: robot6, Mission: m1, Segment: s2, Start: 1787854546.557974
[INFO] [1787854546.561028794] [robot6.fragment_exec_node]: Simulating navigate skill from position (0.0, 0.0) to (6, 5) (15.620499351813308 seconds)...
[INFO] [1787854562.184423862] [robot6.fragment_exec_node]: Navigation completed!
[INFO] [1787854562.187426718] [robot6.fragment_exec_node]: EventType: Control (Task: check_room), Activity: move_to, Robot: robot6, Mission: m1, Segment: s2, End: 1787854562.1856966
[INFO] [1787854562.189222918] [robot6.fragment_exec_node]: EventType: Task, Activity: check_room, Robot: robot6, Mission: m1, Segment: s2, Start: 1787854562.1880527
[INFO] [1787854562.190729325] [robot6.fragment_exec_node]: Simulating check_room skill (4.5s to complete)...
[INFO] [1787854566.694283721] [robot6.fragment_exec_node]: Check room completed!
[INFO] [1787854566.696703311] [robot6.fragment_exec_node]: EventType: Task, Activity: check_room, Robot: robot6, Mission: m1, Segment: s2, End: 1787854566.6952918
[INFO] [1787854566.700318928] [robot6.fragment_exec_node]: Execution of fragment fm1-6 completed!
[INFO] [1787854599.572543873] [robot6.fragment_exec_node]: Received fragment assignment: {'robot': 'robot6', 'fragment': {'id': 'fm1-3', 'mission': 'm1', 'state': 'assigned', 'wait': ['vacuum(r1)'], 'tasks': [{'name': 'mop', 'label': 'mop(r1)', 'params': {'x': 4, 'y': 2, 'size': 6}}], 'arrive_timestamp': 1787854534, 'priority': 1, 'segment': 's1'}}
[INFO] [1787854599.573075467] [robot6.fragment_exec_node]: Starting execution of fragment fm1-3...
[INFO] [1787854599.573834638] [robot6.fragment_exec_node]: Waiting for coordination messages before executing fragment fm1-3: ['vacuum(r1)']
[INFO] [1787854601.578872844] [robot6.fragment_exec_node]: Executing task mop(r1). Params: {'x': 4, 'y': 2, 'size': 6}, Virtual state: {'position': {'x': 6, 'y': 5, 'z': 0.0}, 'docked': False}
[INFO] [1787854601.580838712] [robot6.fragment_exec_node]: EventType: Control (Task: mop), Activity: move_to, Robot: robot6, Mission: m1, Segment: s1, Start: 1787854601.5797071
[INFO] [1787854601.582418419] [robot6.fragment_exec_node]: Simulating navigate skill from position (6, 5) to (4, 2) (8.94427190999916 seconds)...
[INFO] [1787854610.531015408] [robot6.fragment_exec_node]: Navigation completed!
[INFO] [1787854610.534021538] [robot6.fragment_exec_node]: EventType: Control (Task: mop), Activity: move_to, Robot: robot6, Mission: m1, Segment: s1, End: 1787854610.532091
[INFO] [1787854610.535762322] [robot6.fragment_exec_node]: EventType: Task, Activity: mop, Robot: robot6, Mission: m1, Segment: s1, Start: 1787854610.5346606
[INFO] [1787854610.537422590] [robot6.fragment_exec_node]: Simulating mop skill (33.0s to complete)...
[INFO] [1787854643.541237113] [robot6.fragment_exec_node]: Mop completed!
[INFO] [1787854643.544257001] [robot6.fragment_exec_node]: EventType: Task, Activity: mop, Robot: robot6, Mission: m1, Segment: s1, End: 1787854643.542471
[INFO] [1787854643.546809468] [robot6.fragment_exec_node]: Execution of fragment fm1-3 completed!
Traceback (most recent call last):
  File "/root/ros2_ws/install/multi3_executor/lib/multi3_executor/executor", line 33, in <module>
    sys.exit(load_entry_point('multi3-executor==0.0.0', 'console_scripts', 'executor')())
  File "/root/ros2_ws/install/multi3_executor/lib/python3.10/site-packages/multi3_executor/nodes/executor.py", line 313, in main
    rclpy.shutdown()
  File "/opt/ros/humble/local/lib/python3.10/dist-packages/rclpy/__init__.py", line 130, in shutdown
    _shutdown(context=context)
  File "/opt/ros/humble/local/lib/python3.10/dist-packages/rclpy/utilities.py", line 58, in shutdown
    return context.shutdown()
  File "/opt/ros/humble/local/lib/python3.10/dist-packages/rclpy/context.py", line 102, in shutdown
    self.__context.shutdown()
rclpy._rclpy_pybind11.RCLError: failed to shutdown: rcl_shutdown already called on the given context, at ./src/rcl/init.c:241

--- executor_robot7.log ---
[INFO] [1787854528.644488833] [robot7.fragment_exec_node]: Setting up skill: UndockSkill
[INFO] [1787854528.645280244] [robot7.fragment_exec_node]: Setting up skill: NavigateSkill
[INFO] [1787854528.645942128] [robot7.fragment_exec_node]: Setting up skill: CheckRoomSkill
[INFO] [1787854528.646490330] [robot7.fragment_exec_node]: Setting up skill: MopSkill
[INFO] [1787854528.647084003] [robot7.fragment_exec_node]: Setting up skill: CheckRoomSkill
[INFO] [1787854528.656162451] [robot7.fragment_exec_node]: Published robot registration: {'name': 'robot7', 'operational_state': 'idle', 'capabilities': ['undock', 'check_room', 'move_to', 'mop'], 'state': {'position': {'x': 0.0, 'y': 0.0, 'z': 0.0}, 'docked': True}}
[INFO] [1787854598.544171640] [robot7.fragment_exec_node]: Received fragment assignment: {'robot': 'robot7', 'fragment': {'id': 'fm1-18', 'mission': 'm1', 'state': 'assigned', 'wait': ['vacuum(r4)'], 'tasks': [{'name': 'mop', 'label': 'mop(r4)', 'params': {'x': 5, 'y': 4, 'size': 4}}], 'arrive_timestamp': 1787854534, 'priority': 1, 'segment': 's4'}}
[INFO] [1787854598.545195299] [robot7.fragment_exec_node]: Starting execution of fragment fm1-18...
[INFO] [1787854598.546658357] [robot7.fragment_exec_node]: Waiting for coordination messages before executing fragment fm1-18: ['vacuum(r4)']
[INFO] [1787854600.552184845] [robot7.fragment_exec_node]: Executing task mop(r4). Params: {'x': 5, 'y': 4, 'size': 4}, Virtual state: {'position': {'x': 0.0, 'y': 0.0, 'z': 0.0}, 'docked': True}
[INFO] [1787854600.554889051] [robot7.fragment_exec_node]: EventType: Control (Task: mop), Activity: undock, Robot: robot7, Mission: m1, Segment: s4, Start: 1787854600.5533984
[INFO] [1787854600.556899158] [robot7.fragment_exec_node]: Simulating undock skill...
[INFO] [1787854604.561010126] [robot7.fragment_exec_node]: Undock completed!
[INFO] [1787854604.564095990] [robot7.fragment_exec_node]: EventType: Control (Task: mop), Activity: undock, Robot: robot7, Mission: m1, Segment: s4, End: 1787854604.5620852
[INFO] [1787854604.566845080] [robot7.fragment_exec_node]: EventType: Control (Task: mop), Activity: move_to, Robot: robot7, Mission: m1, Segment: s4, Start: 1787854604.5650012
[INFO] [1787854604.569193308] [robot7.fragment_exec_node]: Simulating navigate skill from position (0.0, 0.0) to (5, 4) (12.806248474865697 seconds)...
[INFO] [1787854617.377254573] [robot7.fragment_exec_node]: Navigation completed!
[INFO] [1787854617.378529659] [robot7.fragment_exec_node]: EventType: Control (Task: mop), Activity: move_to, Robot: robot7, Mission: m1, Segment: s4, End: 1787854617.3778257
[INFO] [1787854617.379552019] [robot7.fragment_exec_node]: EventType: Task, Activity: mop, Robot: robot7, Mission: m1, Segment: s4, Start: 1787854617.378864
[INFO] [1787854617.380399630] [robot7.fragment_exec_node]: Simulating mop skill (22.0s to complete)...
[INFO] [1787854639.381592888] [robot7.fragment_exec_node]: Mop completed!
[INFO] [1787854639.382367221] [robot7.fragment_exec_node]: EventType: Task, Activity: mop, Robot: robot7, Mission: m1, Segment: s4, End: 1787854639.38194
[INFO] [1787854639.383428954] [robot7.fragment_exec_node]: Execution of fragment fm1-18 completed!
Traceback (most recent call last):
  File "/root/ros2_ws/install/multi3_executor/lib/multi3_executor/executor", line 33, in <module>
    sys.exit(load_entry_point('multi3-executor==0.0.0', 'console_scripts', 'executor')())
  File "/root/ros2_ws/install/multi3_executor/lib/python3.10/site-packages/multi3_executor/nodes/executor.py", line 313, in main
    rclpy.shutdown()
  File "/opt/ros/humble/local/lib/python3.10/dist-packages/rclpy/__init__.py", line 130, in shutdown
    _shutdown(context=context)
  File "/opt/ros/humble/local/lib/python3.10/dist-packages/rclpy/utilities.py", line 58, in shutdown
    return context.shutdown()
  File "/opt/ros/humble/local/lib/python3.10/dist-packages/rclpy/context.py", line 102, in shutdown
    self.__context.shutdown()
rclpy._rclpy_pybind11.RCLError: failed to shutdown: rcl_shutdown already called on the given context, at ./src/rcl/init.c:241

--- executor_robot8.log ---
[INFO] [1787854530.587382783] [robot8.fragment_exec_node]: Setting up skill: UndockSkill
[INFO] [1787854530.588114477] [robot8.fragment_exec_node]: Setting up skill: NavigateSkill
[INFO] [1787854530.588914931] [robot8.fragment_exec_node]: Setting up skill: CheckRoomSkill
[INFO] [1787854530.589511648] [robot8.fragment_exec_node]: Setting up skill: MopSkill
[INFO] [1787854530.590047766] [robot8.fragment_exec_node]: Setting up skill: CheckRoomSkill
[INFO] [1787854530.600401086] [robot8.fragment_exec_node]: Published robot registration: {'name': 'robot8', 'operational_state': 'idle', 'capabilities': ['undock', 'check_room', 'move_to', 'mop'], 'state': {'position': {'x': 0.0, 'y': 0.0, 'z': 0.0}, 'docked': True}}
[INFO] [1787854542.563877245] [robot8.fragment_exec_node]: Received fragment assignment: {'robot': 'robot8', 'fragment': {'id': 'fm1-16', 'mission': 'm1', 'state': 'assigned', 'wait': [], 'tasks': [{'name': 'check_room', 'label': 'check_room(r4)', 'params': {'x': 5, 'y': 4, 'size': 4}}], 'arrive_timestamp': 1787854534, 'priority': 1, 'segment': 's4'}}
[INFO] [1787854542.564958871] [robot8.fragment_exec_node]: Starting execution of fragment fm1-16...
[INFO] [1787854542.565984528] [robot8.fragment_exec_node]: Executing task check_room(r4). Params: {'x': 5, 'y': 4, 'size': 4}, Virtual state: {'position': {'x': 0.0, 'y': 0.0, 'z': 0.0}, 'docked': True}
[INFO] [1787854542.566766429] [robot8.fragment_exec_node]: EventType: Control (Task: check_room), Activity: undock, Robot: robot8, Mission: m1, Segment: s4, Start: 1787854542.5663104
[INFO] [1787854542.567356296] [robot8.fragment_exec_node]: Simulating undock skill...
[INFO] [1787854546.570577909] [robot8.fragment_exec_node]: Undock completed!
[INFO] [1787854546.572505136] [robot8.fragment_exec_node]: EventType: Control (Task: check_room), Activity: undock, Robot: robot8, Mission: m1, Segment: s4, End: 1787854546.5713615
[INFO] [1787854546.574264278] [robot8.fragment_exec_node]: EventType: Control (Task: check_room), Activity: move_to, Robot: robot8, Mission: m1, Segment: s4, Start: 1787854546.573154
[INFO] [1787854546.576033191] [robot8.fragment_exec_node]: Simulating navigate skill from position (0.0, 0.0) to (5, 4) (12.806248474865697 seconds)...
[INFO] [1787854559.398309817] [robot8.fragment_exec_node]: Navigation completed!
[INFO] [1787854559.399128291] [robot8.fragment_exec_node]: EventType: Control (Task: check_room), Activity: move_to, Robot: robot8, Mission: m1, Segment: s4, End: 1787854559.3986602
[INFO] [1787854559.399927728] [robot8.fragment_exec_node]: EventType: Task, Activity: check_room, Robot: robot8, Mission: m1, Segment: s4, Start: 1787854559.3995023
[INFO] [1787854559.400720363] [robot8.fragment_exec_node]: Simulating check_room skill (6.0s to complete)...
[INFO] [1787854565.402391257] [robot8.fragment_exec_node]: Check room completed!
[INFO] [1787854565.403115498] [robot8.fragment_exec_node]: EventType: Task, Activity: check_room, Robot: robot8, Mission: m1, Segment: s4, End: 1787854565.402671
[INFO] [1787854565.404058411] [robot8.fragment_exec_node]: Execution of fragment fm1-16 completed!
Traceback (most recent call last):
  File "/root/ros2_ws/install/multi3_executor/lib/multi3_executor/executor", line 33, in <module>
    sys.exit(load_entry_point('multi3-executor==0.0.0', 'console_scripts', 'executor')())
  File "/root/ros2_ws/install/multi3_executor/lib/python3.10/site-packages/multi3_executor/nodes/executor.py", line 313, in main
    rclpy.shutdown()
  File "/opt/ros/humble/local/lib/python3.10/dist-packages/rclpy/__init__.py", line 130, in shutdown
    _shutdown(context=context)
  File "/opt/ros/humble/local/lib/python3.10/dist-packages/rclpy/utilities.py", line 58, in shutdown
    return context.shutdown()
  File "/opt/ros/humble/local/lib/python3.10/dist-packages/rclpy/context.py", line 102, in shutdown
    self.__context.shutdown()
rclpy._rclpy_pybind11.RCLError: failed to shutdown: rcl_shutdown already called on the given context, at ./src/rcl/init.c:241

--- executor_robot9.log ---
[INFO] [1787854532.624261950] [robot9.fragment_exec_node]: Setting up skill: UndockSkill
[INFO] [1787854532.625142239] [robot9.fragment_exec_node]: Setting up skill: NavigateSkill
[INFO] [1787854532.625835216] [robot9.fragment_exec_node]: Setting up skill: CheckRoomSkill
[INFO] [1787854532.626451602] [robot9.fragment_exec_node]: Setting up skill: MopSkill
[INFO] [1787854532.626975947] [robot9.fragment_exec_node]: Setting up skill: CheckRoomSkill
[INFO] [1787854532.637221235] [robot9.fragment_exec_node]: Published robot registration: {'name': 'robot9', 'operational_state': 'idle', 'capabilities': ['undock', 'check_room', 'move_to', 'mop'], 'state': {'position': {'x': 0.0, 'y': 0.0, 'z': 0.0}, 'docked': True}}
[INFO] [1787854542.550871796] [robot9.fragment_exec_node]: Received fragment assignment: {'robot': 'robot9', 'fragment': {'id': 'fm1-1', 'mission': 'm1', 'state': 'assigned', 'wait': [], 'tasks': [{'name': 'check_room', 'label': 'check_room(r1)', 'params': {'x': 4, 'y': 2, 'size': 6}}], 'arrive_timestamp': 1787854534, 'priority': 1, 'segment': 's1'}}
[INFO] [1787854542.552741854] [robot9.fragment_exec_node]: Starting execution of fragment fm1-1...
[INFO] [1787854542.556403155] [robot9.fragment_exec_node]: Executing task check_room(r1). Params: {'x': 4, 'y': 2, 'size': 6}, Virtual state: {'position': {'x': 0.0, 'y': 0.0, 'z': 0.0}, 'docked': True}
[INFO] [1787854542.557278683] [robot9.fragment_exec_node]: EventType: Control (Task: check_room), Activity: undock, Robot: robot9, Mission: m1, Segment: s1, Start: 1787854542.5567102
[INFO] [1787854542.558052216] [robot9.fragment_exec_node]: Simulating undock skill...
[INFO] [1787854546.560246056] [robot9.fragment_exec_node]: Undock completed!
[INFO] [1787854546.561616126] [robot9.fragment_exec_node]: EventType: Control (Task: check_room), Activity: undock, Robot: robot9, Mission: m1, Segment: s1, End: 1787854546.560879
[INFO] [1787854546.563045463] [robot9.fragment_exec_node]: EventType: Control (Task: check_room), Activity: move_to, Robot: robot9, Mission: m1, Segment: s1, Start: 1787854546.5621467
[INFO] [1787854546.564417759] [robot9.fragment_exec_node]: Simulating navigate skill from position (0.0, 0.0) to (4, 2) (8.94427190999916 seconds)...
[INFO] [1787854555.511557925] [robot9.fragment_exec_node]: Navigation completed!
[INFO] [1787854555.514406258] [robot9.fragment_exec_node]: EventType: Control (Task: check_room), Activity: move_to, Robot: robot9, Mission: m1, Segment: s1, End: 1787854555.5126956
[INFO] [1787854555.515925136] [robot9.fragment_exec_node]: EventType: Task, Activity: check_room, Robot: robot9, Mission: m1, Segment: s1, Start: 1787854555.515017
[INFO] [1787854555.517640312] [robot9.fragment_exec_node]: Simulating check_room skill (9.0s to complete)...
[INFO] [1787854564.521338624] [robot9.fragment_exec_node]: Check room completed!
[INFO] [1787854564.523457962] [robot9.fragment_exec_node]: EventType: Task, Activity: check_room, Robot: robot9, Mission: m1, Segment: s1, End: 1787854564.5223427
[INFO] [1787854564.525778881] [robot9.fragment_exec_node]: Execution of fragment fm1-1 completed!
[INFO] [1787854598.539518928] [robot9.fragment_exec_node]: Received fragment assignment: {'robot': 'robot9', 'fragment': {'id': 'fm1-8', 'mission': 'm1', 'state': 'assigned', 'wait': ['vacuum(r2)'], 'tasks': [{'name': 'mop', 'label': 'mop(r2)', 'params': {'x': 6, 'y': 5, 'size': 3}}], 'arrive_timestamp': 1787854534, 'priority': 1, 'segment': 's2'}}
[INFO] [1787854598.541809061] [robot9.fragment_exec_node]: Starting execution of fragment fm1-8...
[INFO] [1787854598.546526997] [robot9.fragment_exec_node]: Waiting for coordination messages before executing fragment fm1-8: ['vacuum(r2)']
[INFO] [1787854600.552135147] [robot9.fragment_exec_node]: Executing task mop(r2). Params: {'x': 6, 'y': 5, 'size': 3}, Virtual state: {'position': {'x': 4, 'y': 2, 'z': 0.0}, 'docked': False}
[INFO] [1787854600.554854488] [robot9.fragment_exec_node]: EventType: Control (Task: mop), Activity: move_to, Robot: robot9, Mission: m1, Segment: s2, Start: 1787854600.5532713
[INFO] [1787854600.556703382] [robot9.fragment_exec_node]: Simulating navigate skill from position (4, 2) to (6, 5) (4.47213595499958 seconds)...
[INFO] [1787854605.033808156] [robot9.fragment_exec_node]: Navigation completed!
[INFO] [1787854605.036363742] [robot9.fragment_exec_node]: EventType: Control (Task: mop), Activity: move_to, Robot: robot9, Mission: m1, Segment: s2, End: 1787854605.034953
[INFO] [1787854605.038048471] [robot9.fragment_exec_node]: EventType: Task, Activity: mop, Robot: robot9, Mission: m1, Segment: s2, Start: 1787854605.0369859
[INFO] [1787854605.039752701] [robot9.fragment_exec_node]: Simulating mop skill (16.5s to complete)...
[INFO] [1787854621.543791475] [robot9.fragment_exec_node]: Mop completed!
[INFO] [1787854621.546478193] [robot9.fragment_exec_node]: EventType: Task, Activity: mop, Robot: robot9, Mission: m1, Segment: s2, End: 1787854621.5450234
[INFO] [1787854621.548735116] [robot9.fragment_exec_node]: Execution of fragment fm1-8 completed!
[INFO] [1787854667.544301900] [robot9.fragment_exec_node]: Received fragment assignment: {'robot': 'robot9', 'fragment': {'id': 'fm1-5', 'mission': 'm1', 'state': 'assigned', 'wait': ['disinfect(r1)'], 'tasks': [{'name': 'final_room_check', 'label': 'final_room_check(r1)', 'params': {'x': 4, 'y': 2, 'size': 6}}], 'arrive_timestamp': 1787854534, 'priority': 1, 'segment': 's1'}}
[INFO] [1787854667.546564646] [robot9.fragment_exec_node]: Starting execution of fragment fm1-5...
[INFO] [1787854667.547875532] [robot9.fragment_exec_node]: Waiting for coordination messages before executing fragment fm1-5: ['disinfect(r1)']
[ERROR] [1787854669.552887586] [robot9.fragment_exec_node]: Robot robot9 was assigned a fragment without required capabilities!
[INFO] [1787854669.555997027] [robot9.fragment_exec_node]: Executing task final_room_check(r1). Params: {'x': 4, 'y': 2, 'size': 6}, Virtual state: {'position': {'x': 6, 'y': 5, 'z': 0.0}, 'docked': False}
[INFO] [1787854669.558794830] [robot9.fragment_exec_node]: EventType: Control (Task: final_room_check), Activity: move_to, Robot: robot9, Mission: m1, Segment: s1, Start: 1787854669.5569372
[INFO] [1787854669.563411537] [robot9.fragment_exec_node]: Simulating navigate skill from position (6, 5) to (4, 2) (8.94427190999916 seconds)...
[INFO] [1787854678.510168972] [robot9.fragment_exec_node]: Navigation completed!
[INFO] [1787854678.513105361] [robot9.fragment_exec_node]: EventType: Control (Task: final_room_check), Activity: move_to, Robot: robot9, Mission: m1, Segment: s1, End: 1787854678.5112813
[INFO] [1787854678.514671379] [robot9.fragment_exec_node]: EventType: Task, Activity: final_room_check, Robot: robot9, Mission: m1, Segment: s1, Start: 1787854678.513731
[INFO] [1787854678.516463136] [robot9.fragment_exec_node]: Simulating check_room skill (9.0s to complete)...
[INFO] [1787854687.520579850] [robot9.fragment_exec_node]: Check room completed!
[INFO] [1787854687.522672339] [robot9.fragment_exec_node]: EventType: Task, Activity: final_room_check, Robot: robot9, Mission: m1, Segment: s1, End: 1787854687.521562
[INFO] [1787854687.525213430] [robot9.fragment_exec_node]: Execution of fragment fm1-5 completed!
Traceback (most recent call last):
  File "/root/ros2_ws/install/multi3_executor/lib/multi3_executor/executor", line 33, in <module>
    sys.exit(load_entry_point('multi3-executor==0.0.0', 'console_scripts', 'executor')())
  File "/root/ros2_ws/install/multi3_executor/lib/python3.10/site-packages/multi3_executor/nodes/executor.py", line 313, in main
    rclpy.shutdown()
  File "/opt/ros/humble/local/lib/python3.10/dist-packages/rclpy/__init__.py", line 130, in shutdown
    _shutdown(context=context)
  File "/opt/ros/humble/local/lib/python3.10/dist-packages/rclpy/utilities.py", line 58, in shutdown
    return context.shutdown()
  File "/opt/ros/humble/local/lib/python3.10/dist-packages/rclpy/context.py", line 102, in shutdown
    self.__context.shutdown()
rclpy._rclpy_pybind11.RCLError: failed to shutdown: rcl_shutdown already called on the given context, at ./src/rcl/init.c:241
