=== Test: spec: robots=1, missions=[1, 2, 4], strategy=baseline


--- coordinator.log ---
[INFO] [1787681479.772842672] [multi3_coordinator_node]: Assignment strategy parameter: baseline
[INFO] [1787681479.773833257] [multi3_coordinator_node]: Using assignment strategy: baseline
[INFO] [1787681479.780913919] [multi3_coordinator_node]: Coordinator node started.
[INFO] [1787681482.056828500] [multi3_coordinator_node]: Received new robot info: {'name': 'robot1', 'operational_state': 'idle', 'capabilities': ['pick', 'scan', 'transport', 'pack'], 'state': {'position': {'x': 0.0, 'y': 0.0, 'z': 0.0}, 'docked': True, 'battery': 100.0, 'conditions': []}, 'last_heartbeat': 1787681482}
[INFO] [1787681483.847076289] [multi3_coordinator_node]: Received mission: {'mission': 'm1', 'priority': 1, 'fragments': [{'id': 'f1-1', 'wait': [], 'tasks': [{'name': 'pick', 'params': {'x': 5, 'y': 8, 'weight': 8}}], 'postconditions': ['picked-o1-1'], 'segment': 's1'}, {'id': 'f1-2', 'wait': ['m1/s1/pick'], 'tasks': [{'name': 'scan', 'params': {'x': 5, 'y': 8}}], 'segment': 's1'}, {'id': 'f1-3', 'wait': ['m1/s1/scan'], 'tasks': [{'name': 'transport', 'params': {'x': 11, 'y': 6}}], 'preconditions': ['picked-o1-1'], 'segment': 's1'}, {'id': 'f1-4', 'wait': ['m1/s1/transport'], 'tasks': [{'name': 'pack', 'params': {'x': 11, 'y': 6, 'items': 1}}], 'segment': ''}]}
[INFO] [1787681483.847786824] [multi3_coordinator_node]: Fragment f1-1 is now executable because all signal messages were received.
[INFO] [1787681484.661465532] [multi3_coordinator_node]: Received mission: {'mission': 'm2', 'priority': 1, 'fragments': [{'id': 'f2-1', 'wait': [], 'tasks': [{'name': 'pick', 'params': {'weight': 5, 'x': 2, 'y': 3}}], 'postconditions': ['picked-o1-2'], 'segment': 's1'}, {'id': 'f2-2', 'wait': ['m2/s1/pick'], 'tasks': [{'name': 'scan', 'params': {'x': 2, 'y': 3}}], 'segment': 's1'}, {'id': 'f2-3', 'wait': ['m2/s1/scan'], 'tasks': [{'name': 'transport', 'params': {'x': 11, 'y': 6}}], 'segment': 's1'}, {'id': 'f2-4', 'wait': [], 'tasks': [{'name': 'pick', 'params': {'weight': 7, 'x': 9, 'y': 5}}], 'postconditions': ['picked-o2-2'], 'segment': 's2'}, {'id': 'f2-5', 'wait': ['m2/s2/pick'], 'tasks': [{'name': 'scan', 'params': {'x': 9, 'y': 5}}], 'segment': 's2'}, {'id': 'f2-6', 'wait': ['m2/s2/scan'], 'tasks': [{'name': 'transport', 'params': {'x': 11, 'y': 6}}], 'preconditions': ['picked-o2-2'], 'segment': 's2'}, {'id': 'f2-7', 'wait': ['m2/s1/transport', 'm2/s2/transport'], 'tasks': [{'name': 'pack', 'params': {'x': 11, 'y': 6, 'items': 2}}], 'segment': ''}]}
[INFO] [1787681484.663576329] [multi3_coordinator_node]: Fragment f2-1 is now executable because all signal messages were received.
[INFO] [1787681484.665333763] [multi3_coordinator_node]: Fragment f2-4 is now executable because all signal messages were received.
[INFO] [1787681485.475987211] [multi3_coordinator_node]: Received mission: {'mission': 'm4', 'priority': 1, 'fragments': [{'id': 'f4-1', 'wait': [], 'tasks': [{'name': 'pick', 'params': {'weight': 5, 'x': 2, 'y': 8}}], 'postconditions': ['picked-o1-4'], 'segment': 's1'}, {'id': 'f4-2', 'wait': ['m4/s1/pick'], 'tasks': [{'name': 'scan', 'params': {'x': 2, 'y': 8}}], 'segment': 's1'}, {'id': 'f4-3', 'wait': ['m4/s1/scan'], 'tasks': [{'name': 'transport', 'params': {'x': 11, 'y': 6}}], 'preconditions': ['picked-o1-4'], 'segment': 's1'}, {'id': 'f4-4', 'wait': [], 'tasks': [{'name': 'pick', 'params': {'weight': 7, 'x': 10, 'y': 4}}], 'postconditions': ['picked-o2-4'], 'segment': 's2'}, {'id': 'f4-5', 'wait': ['m4/s2/pick'], 'tasks': [{'name': 'scan', 'params': {'x': 10, 'y': 4}}], 'segment': 's2'}, {'id': 'f4-6', 'wait': ['m4/s2/scan'], 'tasks': [{'name': 'transport', 'params': {'x': 11, 'y': 6}}], 'preconditions': ['picked-o2-4'], 'segment': 's2'}, {'id': 'f4-7', 'wait': [], 'tasks': [{'name': 'pick', 'params': {'weight': 2, 'x': 9, 'y': 1}}], 'postconditions': ['picked-o3-4'], 'segment': 's3'}, {'id': 'f4-8', 'wait': ['m4/s3/pick'], 'tasks': [{'name': 'scan', 'params': {'x': 9, 'y': 1}}], 'segment': 's3'}, {'id': 'f4-9', 'wait': ['m4/s3/scan'], 'tasks': [{'name': 'transport', 'params': {'x': 11, 'y': 6}}], 'preconditions': ['picked-o3-4'], 'segment': 's3'}, {'id': "f4-10'", 'wait': [], 'tasks': [{'name': 'pick', 'params': {'weight': 1, 'x': 2, 'y': 4}}], 'postconditions': ['picked-o4-4'], 'segment': 's4'}, {'id': 'f4-11', 'wait': ['m4/s4/pick'], 'tasks': [{'name': 'scan', 'params': {'x': 2, 'y': 4}}], 'segment': 's4'}, {'id': 'f4-12', 'wait': ['m4/s4/scan'], 'tasks': [{'name': 'transport', 'params': {'x': 11, 'y': 6}}], 'preconditions': ['picked-o4-4'], 'segment': 's4'}, {'id': 'f4-13', 'wait': ['m4/s1/transport', 'm4/s2/transport', 'm4/s3/transport', 'm4/s4/transport'], 'tasks': [{'name': 'pack', 'params': {'x': 11, 'y': 6, 'items': 4}}], 'segment': ''}]}
[INFO] [1787681485.478684841] [multi3_coordinator_node]: Fragment f4-1 is now executable because all signal messages were received.
[INFO] [1787681485.480464994] [multi3_coordinator_node]: Fragment f4-4 is now executable because all signal messages were received.
[INFO] [1787681485.481905358] [multi3_coordinator_node]: Fragment f4-7 is now executable because all signal messages were received.
[INFO] [1787681485.483074306] [multi3_coordinator_node]: Fragment f4-10' is now executable because all signal messages were received.
[INFO] [1787681485.787424433] [multi3_coordinator_node]: Execution start signal received. Starting fragment assignment.
[INFO] [1787681486.793108471] [multi3_coordinator_node]: Assigned fragment f1-1 to robot robot1.
[INFO] [1787681486.826778827] [multi3_coordinator_node]: Received robot state update: {'operational_state': 'working', 'current_assigned_fragment': 'f1-1', 'conditions': [], 'state': {'position': {'x': 0.0, 'y': 0.0, 'z': 0.0}, 'docked': True, 'battery': 100.0, 'conditions': []}}
[INFO] [1787681517.720035316] [multi3_coordinator_node]: Fragment f1-2 is now executable because all signal messages were received.
[INFO] [1787681517.723282703] [multi3_coordinator_node]: Received coordination message: {'robot_name': 'robot1', 'completed_task': 'm1/s1/pick'}
[INFO] [1787681517.725794447] [multi3_coordinator_node]: Received robot state update: {'operational_state': 'idle', 'current_assigned_fragment': None, 'conditions': ['picked-o1-1'], 'state': {'position': {'x': 5, 'y': 8, 'z': 0.0}, 'docked': False, 'battery': 100.0, 'conditions': ['picked-o1-1']}}
[INFO] [1787681517.727453804] [multi3_coordinator_node]: Received coordination message: {'robot_name': 'robot1', 'completed_fragment': 'f1-1', 'state': {'position': {'x': 5, 'y': 8, 'z': 0.0}, 'docked': False, 'battery': 100.0, 'conditions': ['picked-o1-1']}}
[INFO] [1787681517.790636411] [multi3_coordinator_node]: Assigned fragment f1-2 to robot robot1.
[INFO] [1787681517.802059689] [multi3_coordinator_node]: Received robot state update: {'operational_state': 'working', 'current_assigned_fragment': 'f1-2', 'conditions': ['picked-o1-1'], 'state': {'position': {'x': 5, 'y': 8, 'z': 0.0}, 'docked': False, 'battery': 100.0, 'conditions': ['picked-o1-1']}}
[INFO] [1787681520.806980843] [multi3_coordinator_node]: Fragment f1-3 is now executable because all signal messages were received.
[INFO] [1787681520.807723786] [multi3_coordinator_node]: Received coordination message: {'robot_name': 'robot1', 'completed_task': 'm1/s1/scan'}
[INFO] [1787681520.809010004] [multi3_coordinator_node]: Received robot state update: {'operational_state': 'idle', 'current_assigned_fragment': None, 'conditions': ['picked-o1-1'], 'state': {'position': {'x': 5, 'y': 8, 'z': 0.0}, 'docked': False, 'battery': 100.0, 'conditions': ['picked-o1-1']}}
[INFO] [1787681520.809744501] [multi3_coordinator_node]: Received coordination message: {'robot_name': 'robot1', 'completed_fragment': 'f1-2', 'state': {'position': {'x': 5, 'y': 8, 'z': 0.0}, 'docked': False, 'battery': 100.0, 'conditions': ['picked-o1-1']}}
[INFO] [1787681521.791227568] [multi3_coordinator_node]: Assigned fragment f1-3 to robot robot1.
[INFO] [1787681521.832347886] [multi3_coordinator_node]: Received robot state update: {'operational_state': 'working', 'current_assigned_fragment': 'f1-3', 'conditions': ['picked-o1-1'], 'state': {'position': {'x': 5, 'y': 8, 'z': 0.0}, 'docked': False, 'battery': 100.0, 'conditions': ['picked-o1-1']}}
[INFO] [1787681544.013278592] [multi3_coordinator_node]: Fragment f1-4 is now executable because all signal messages were received.
[INFO] [1787681544.015180687] [multi3_coordinator_node]: Received coordination message: {'robot_name': 'robot1', 'completed_task': 'm1/s1/transport'}
[INFO] [1787681544.017292265] [multi3_coordinator_node]: Received robot state update: {'operational_state': 'idle', 'current_assigned_fragment': None, 'conditions': ['picked-o1-1'], 'state': {'position': {'x': 11, 'y': 6, 'z': 0.0}, 'docked': False, 'battery': 100.0, 'conditions': ['picked-o1-1']}}
[INFO] [1787681544.018865116] [multi3_coordinator_node]: Received coordination message: {'robot_name': 'robot1', 'completed_fragment': 'f1-3', 'state': {'position': {'x': 11, 'y': 6, 'z': 0.0}, 'docked': False, 'battery': 100.0, 'conditions': ['picked-o1-1']}}
[INFO] [1787681544.793117737] [multi3_coordinator_node]: Assigned fragment f1-4 to robot robot1.
[INFO] [1787681544.804511548] [multi3_coordinator_node]: Received robot state update: {'operational_state': 'working', 'current_assigned_fragment': 'f1-4', 'conditions': ['picked-o1-1'], 'state': {'position': {'x': 11, 'y': 6, 'z': 0.0}, 'docked': False, 'battery': 100.0, 'conditions': ['picked-o1-1']}}
[INFO] [1787681552.823937401] [multi3_coordinator_node]: Received coordination message: {'robot_name': 'robot1', 'completed_task': 'm1//pack'}
[INFO] [1787681552.826520926] [multi3_coordinator_node]: Received robot state update: {'operational_state': 'idle', 'current_assigned_fragment': None, 'conditions': ['picked-o1-1'], 'state': {'position': {'x': 11, 'y': 6, 'z': 0.0}, 'docked': False, 'battery': 100.0, 'conditions': ['picked-o1-1']}}
[INFO] [1787681552.828098349] [multi3_coordinator_node]: Received coordination message: {'robot_name': 'robot1', 'completed_fragment': 'f1-4', 'state': {'position': {'x': 11, 'y': 6, 'z': 0.0}, 'docked': False, 'battery': 100.0, 'conditions': ['picked-o1-1']}}
[INFO] [1787681553.791131657] [multi3_coordinator_node]: Assigned fragment f2-1 to robot robot1.
[INFO] [1787681553.803023296] [multi3_coordinator_node]: Received robot state update: {'operational_state': 'working', 'current_assigned_fragment': 'f2-1', 'conditions': ['picked-o1-1'], 'state': {'position': {'x': 11, 'y': 6, 'z': 0.0}, 'docked': False, 'battery': 100.0, 'conditions': ['picked-o1-1']}}
[INFO] [1787681582.910584494] [multi3_coordinator_node]: Fragment f2-2 is now executable because all signal messages were received.
[INFO] [1787681582.912136900] [multi3_coordinator_node]: Received coordination message: {'robot_name': 'robot1', 'completed_task': 'm2/s1/pick'}
[INFO] [1787681582.914020729] [multi3_coordinator_node]: Received robot state update: {'operational_state': 'idle', 'current_assigned_fragment': None, 'conditions': ['picked-o1-1', 'picked-o1-2'], 'state': {'position': {'x': 2, 'y': 3, 'z': 0.0}, 'docked': False, 'battery': 100.0, 'conditions': ['picked-o1-1', 'picked-o1-2']}}
[INFO] [1787681582.915164449] [multi3_coordinator_node]: Received coordination message: {'robot_name': 'robot1', 'completed_fragment': 'f2-1', 'state': {'position': {'x': 2, 'y': 3, 'z': 0.0}, 'docked': False, 'battery': 100.0, 'conditions': ['picked-o1-1', 'picked-o1-2']}}
[INFO] [1787681583.791699171] [multi3_coordinator_node]: Assigned fragment f2-2 to robot robot1.
[INFO] [1787681583.809042728] [multi3_coordinator_node]: Received robot state update: {'operational_state': 'working', 'current_assigned_fragment': 'f2-2', 'conditions': ['picked-o1-1', 'picked-o1-2'], 'state': {'position': {'x': 2, 'y': 3, 'z': 0.0}, 'docked': False, 'battery': 100.0, 'conditions': ['picked-o1-1', 'picked-o1-2']}}
[INFO] [1787681586.819779989] [multi3_coordinator_node]: Fragment f2-3 is now executable because all signal messages were received.
[INFO] [1787681586.821999903] [multi3_coordinator_node]: Received coordination message: {'robot_name': 'robot1', 'completed_task': 'm2/s1/scan'}
[INFO] [1787681586.823988430] [multi3_coordinator_node]: Received robot state update: {'operational_state': 'idle', 'current_assigned_fragment': None, 'conditions': ['picked-o1-1', 'picked-o1-2'], 'state': {'position': {'x': 2, 'y': 3, 'z': 0.0}, 'docked': False, 'battery': 100.0, 'conditions': ['picked-o1-1', 'picked-o1-2']}}
[INFO] [1787681586.826006736] [multi3_coordinator_node]: Received coordination message: {'robot_name': 'robot1', 'completed_fragment': 'f2-2', 'state': {'position': {'x': 2, 'y': 3, 'z': 0.0}, 'docked': False, 'battery': 100.0, 'conditions': ['picked-o1-1', 'picked-o1-2']}}
[INFO] [1787681587.792032918] [multi3_coordinator_node]: Assigned fragment f2-3 to robot robot1.
[INFO] [1787681587.815215805] [multi3_coordinator_node]: Received robot state update: {'operational_state': 'working', 'current_assigned_fragment': 'f2-3', 'conditions': ['picked-o1-1', 'picked-o1-2'], 'state': {'position': {'x': 2, 'y': 3, 'z': 0.0}, 'docked': False, 'battery': 100.0, 'conditions': ['picked-o1-1', 'picked-o1-2']}}
[INFO] [1787681617.531156029] [multi3_coordinator_node]: Received coordination message: {'robot_name': 'robot1', 'completed_task': 'm2/s1/transport'}
[INFO] [1787681617.533150322] [multi3_coordinator_node]: Received robot state update: {'operational_state': 'idle', 'current_assigned_fragment': None, 'conditions': ['picked-o1-1', 'picked-o1-2'], 'state': {'position': {'x': 11, 'y': 6, 'z': 0.0}, 'docked': False, 'battery': 100.0, 'conditions': ['picked-o1-1', 'picked-o1-2']}}
[INFO] [1787681617.534283132] [multi3_coordinator_node]: Received coordination message: {'robot_name': 'robot1', 'completed_fragment': 'f2-3', 'state': {'position': {'x': 11, 'y': 6, 'z': 0.0}, 'docked': False, 'battery': 100.0, 'conditions': ['picked-o1-1', 'picked-o1-2']}}
[INFO] [1787681617.791151465] [multi3_coordinator_node]: Assigned fragment f2-4 to robot robot1.
[INFO] [1787681617.830144615] [multi3_coordinator_node]: Received robot state update: {'operational_state': 'working', 'current_assigned_fragment': 'f2-4', 'conditions': ['picked-o1-1', 'picked-o1-2'], 'state': {'position': {'x': 11, 'y': 6, 'z': 0.0}, 'docked': False, 'battery': 100.0, 'conditions': ['picked-o1-1', 'picked-o1-2']}}
[INFO] [1787681637.499816270] [multi3_coordinator_node]: Fragment f2-5 is now executable because all signal messages were received.
[INFO] [1787681637.502009699] [multi3_coordinator_node]: Received coordination message: {'robot_name': 'robot1', 'completed_task': 'm2/s2/pick'}
[INFO] [1787681637.504122742] [multi3_coordinator_node]: Received robot state update: {'operational_state': 'idle', 'current_assigned_fragment': None, 'conditions': ['picked-o1-1', 'picked-o1-2', 'picked-o2-2'], 'state': {'position': {'x': 9, 'y': 5, 'z': 0.0}, 'docked': False, 'battery': 100.0, 'conditions': ['picked-o1-1', 'picked-o1-2', 'picked-o2-2']}}
[INFO] [1787681637.505668376] [multi3_coordinator_node]: Received coordination message: {'robot_name': 'robot1', 'completed_fragment': 'f2-4', 'state': {'position': {'x': 9, 'y': 5, 'z': 0.0}, 'docked': False, 'battery': 100.0, 'conditions': ['picked-o1-1', 'picked-o1-2', 'picked-o2-2']}}
[INFO] [1787681637.791354264] [multi3_coordinator_node]: Assigned fragment f2-5 to robot robot1.
[INFO] [1787681637.804462680] [multi3_coordinator_node]: Received robot state update: {'operational_state': 'working', 'current_assigned_fragment': 'f2-5', 'conditions': ['picked-o1-1', 'picked-o1-2', 'picked-o2-2'], 'state': {'position': {'x': 9, 'y': 5, 'z': 0.0}, 'docked': False, 'battery': 100.0, 'conditions': ['picked-o1-1', 'picked-o1-2', 'picked-o2-2']}}
[INFO] [1787681640.811822319] [multi3_coordinator_node]: Fragment f2-6 is now executable because all signal messages were received.
[INFO] [1787681640.812701046] [multi3_coordinator_node]: Received coordination message: {'robot_name': 'robot1', 'completed_task': 'm2/s2/scan'}
[INFO] [1787681640.813984967] [multi3_coordinator_node]: Received robot state update: {'operational_state': 'idle', 'current_assigned_fragment': None, 'conditions': ['picked-o1-1', 'picked-o1-2', 'picked-o2-2'], 'state': {'position': {'x': 9, 'y': 5, 'z': 0.0}, 'docked': False, 'battery': 100.0, 'conditions': ['picked-o1-1', 'picked-o1-2', 'picked-o2-2']}}
[INFO] [1787681640.814786438] [multi3_coordinator_node]: Received coordination message: {'robot_name': 'robot1', 'completed_fragment': 'f2-5', 'state': {'position': {'x': 9, 'y': 5, 'z': 0.0}, 'docked': False, 'battery': 100.0, 'conditions': ['picked-o1-1', 'picked-o1-2', 'picked-o2-2']}}
[INFO] [1787681641.791195838] [multi3_coordinator_node]: Assigned fragment f2-6 to robot robot1.
[INFO] [1787681641.808594674] [multi3_coordinator_node]: Received robot state update: {'operational_state': 'working', 'current_assigned_fragment': 'f2-6', 'conditions': ['picked-o1-1', 'picked-o1-2', 'picked-o2-2'], 'state': {'position': {'x': 9, 'y': 5, 'z': 0.0}, 'docked': False, 'battery': 100.0, 'conditions': ['picked-o1-1', 'picked-o1-2', 'picked-o2-2']}}
[INFO] [1787681659.041743605] [multi3_coordinator_node]: Fragment f2-7 is now executable because all signal messages were received.
[INFO] [1787681659.043576512] [multi3_coordinator_node]: Received coordination message: {'robot_name': 'robot1', 'completed_task': 'm2/s2/transport'}
[INFO] [1787681659.046115673] [multi3_coordinator_node]: Received robot state update: {'operational_state': 'idle', 'current_assigned_fragment': None, 'conditions': ['picked-o1-1', 'picked-o1-2', 'picked-o2-2'], 'state': {'position': {'x': 11, 'y': 6, 'z': 0.0}, 'docked': False, 'battery': 100.0, 'conditions': ['picked-o1-1', 'picked-o1-2', 'picked-o2-2']}}
[INFO] [1787681659.047844405] [multi3_coordinator_node]: Received coordination message: {'robot_name': 'robot1', 'completed_fragment': 'f2-6', 'state': {'position': {'x': 11, 'y': 6, 'z': 0.0}, 'docked': False, 'battery': 100.0, 'conditions': ['picked-o1-1', 'picked-o1-2', 'picked-o2-2']}}
[INFO] [1787681659.792707276] [multi3_coordinator_node]: Assigned fragment f2-7 to robot robot1.
[INFO] [1787681659.806559177] [multi3_coordinator_node]: Received robot state update: {'operational_state': 'working', 'current_assigned_fragment': 'f2-7', 'conditions': ['picked-o1-1', 'picked-o1-2', 'picked-o2-2'], 'state': {'position': {'x': 11, 'y': 6, 'z': 0.0}, 'docked': False, 'battery': 100.0, 'conditions': ['picked-o1-1', 'picked-o1-2', 'picked-o2-2']}}
[INFO] [1787681671.818842990] [multi3_coordinator_node]: Received coordination message: {'robot_name': 'robot1', 'completed_task': 'm2//pack'}
[INFO] [1787681671.821364435] [multi3_coordinator_node]: Received robot state update: {'operational_state': 'idle', 'current_assigned_fragment': None, 'conditions': ['picked-o1-1', 'picked-o1-2', 'picked-o2-2'], 'state': {'position': {'x': 11, 'y': 6, 'z': 0.0}, 'docked': False, 'battery': 100.0, 'conditions': ['picked-o1-1', 'picked-o1-2', 'picked-o2-2']}}
[INFO] [1787681671.823026824] [multi3_coordinator_node]: Received coordination message: {'robot_name': 'robot1', 'completed_fragment': 'f2-7', 'state': {'position': {'x': 11, 'y': 6, 'z': 0.0}, 'docked': False, 'battery': 100.0, 'conditions': ['picked-o1-1', 'picked-o1-2', 'picked-o2-2']}}
[INFO] [1787681672.792386304] [multi3_coordinator_node]: Assigned fragment f4-1 to robot robot1.
[INFO] [1787681672.822142788] [multi3_coordinator_node]: Received robot state update: {'operational_state': 'working', 'current_assigned_fragment': 'f4-1', 'conditions': ['picked-o1-1', 'picked-o1-2', 'picked-o2-2'], 'state': {'position': {'x': 11, 'y': 6, 'z': 0.0}, 'docked': False, 'battery': 100.0, 'conditions': ['picked-o1-1', 'picked-o1-2', 'picked-o2-2']}}
[INFO] [1787681696.843289709] [multi3_coordinator_node]: Fragment f4-2 is now executable because all signal messages were received.
[INFO] [1787681696.846755719] [multi3_coordinator_node]: Received coordination message: {'robot_name': 'robot1', 'completed_task': 'm4/s1/pick'}
[INFO] [1787681696.849438503] [multi3_coordinator_node]: Received robot state update: {'operational_state': 'idle', 'current_assigned_fragment': None, 'conditions': ['picked-o1-1', 'picked-o1-2', 'picked-o2-2', 'picked-o1-4'], 'state': {'position': {'x': 2, 'y': 8, 'z': 0.0}, 'docked': False, 'battery': 100.0, 'conditions': ['picked-o1-1', 'picked-o1-2', 'picked-o2-2', 'picked-o1-4']}}
[INFO] [1787681696.851494132] [multi3_coordinator_node]: Received coordination message: {'robot_name': 'robot1', 'completed_fragment': 'f4-1', 'state': {'position': {'x': 2, 'y': 8, 'z': 0.0}, 'docked': False, 'battery': 100.0, 'conditions': ['picked-o1-1', 'picked-o1-2', 'picked-o2-2', 'picked-o1-4']}}
[INFO] [1787681697.790399825] [multi3_coordinator_node]: Assigned fragment f4-2 to robot robot1.
[INFO] [1787681697.806306471] [multi3_coordinator_node]: Received robot state update: {'operational_state': 'working', 'current_assigned_fragment': 'f4-2', 'conditions': ['picked-o1-1', 'picked-o1-2', 'picked-o2-2', 'picked-o1-4'], 'state': {'position': {'x': 2, 'y': 8, 'z': 0.0}, 'docked': False, 'battery': 100.0, 'conditions': ['picked-o1-1', 'picked-o1-2', 'picked-o2-2', 'picked-o1-4']}}
[INFO] [1787681700.819628586] [multi3_coordinator_node]: Fragment f4-3 is now executable because all signal messages were received.
[INFO] [1787681700.821972839] [multi3_coordinator_node]: Received coordination message: {'robot_name': 'robot1', 'completed_task': 'm4/s1/scan'}
[INFO] [1787681700.824538834] [multi3_coordinator_node]: Received robot state update: {'operational_state': 'idle', 'current_assigned_fragment': None, 'conditions': ['picked-o1-1', 'picked-o1-2', 'picked-o2-2', 'picked-o1-4'], 'state': {'position': {'x': 2, 'y': 8, 'z': 0.0}, 'docked': False, 'battery': 100.0, 'conditions': ['picked-o1-1', 'picked-o1-2', 'picked-o2-2', 'picked-o1-4']}}
[INFO] [1787681700.826516918] [multi3_coordinator_node]: Received coordination message: {'robot_name': 'robot1', 'completed_fragment': 'f4-2', 'state': {'position': {'x': 2, 'y': 8, 'z': 0.0}, 'docked': False, 'battery': 100.0, 'conditions': ['picked-o1-1', 'picked-o1-2', 'picked-o2-2', 'picked-o1-4']}}
[INFO] [1787681701.790506460] [multi3_coordinator_node]: Assigned fragment f4-3 to robot robot1.
[INFO] [1787681701.799511941] [multi3_coordinator_node]: Received robot state update: {'operational_state': 'working', 'current_assigned_fragment': 'f4-3', 'conditions': ['picked-o1-1', 'picked-o1-2', 'picked-o2-2', 'picked-o1-4'], 'state': {'position': {'x': 2, 'y': 8, 'z': 0.0}, 'docked': False, 'battery': 100.0, 'conditions': ['picked-o1-1', 'picked-o1-2', 'picked-o2-2', 'picked-o1-4']}}
[INFO] [1787681731.516830849] [multi3_coordinator_node]: Received coordination message: {'robot_name': 'robot1', 'completed_task': 'm4/s1/transport'}
[INFO] [1787681731.519836799] [multi3_coordinator_node]: Received robot state update: {'operational_state': 'idle', 'current_assigned_fragment': None, 'conditions': ['picked-o1-1', 'picked-o1-2', 'picked-o2-2', 'picked-o1-4'], 'state': {'position': {'x': 11, 'y': 6, 'z': 0.0}, 'docked': False, 'battery': 100.0, 'conditions': ['picked-o1-1', 'picked-o1-2', 'picked-o2-2', 'picked-o1-4']}}
[INFO] [1787681731.521181300] [multi3_coordinator_node]: Received coordination message: {'robot_name': 'robot1', 'completed_fragment': 'f4-3', 'state': {'position': {'x': 11, 'y': 6, 'z': 0.0}, 'docked': False, 'battery': 100.0, 'conditions': ['picked-o1-1', 'picked-o1-2', 'picked-o2-2', 'picked-o1-4']}}
[INFO] [1787681731.790854104] [multi3_coordinator_node]: Assigned fragment f4-4 to robot robot1.
[INFO] [1787681731.798004351] [multi3_coordinator_node]: Received robot state update: {'operational_state': 'working', 'current_assigned_fragment': 'f4-4', 'conditions': ['picked-o1-1', 'picked-o1-2', 'picked-o2-2', 'picked-o1-4'], 'state': {'position': {'x': 11, 'y': 6, 'z': 0.0}, 'docked': False, 'battery': 100.0, 'conditions': ['picked-o1-1', 'picked-o1-2', 'picked-o2-2', 'picked-o1-4']}}
[INFO] [1787681752.965176325] [multi3_coordinator_node]: Fragment f4-5 is now executable because all signal messages were received.
[INFO] [1787681752.968082514] [multi3_coordinator_node]: Received coordination message: {'robot_name': 'robot1', 'completed_task': 'm4/s2/pick'}
[INFO] [1787681752.970536941] [multi3_coordinator_node]: Received robot state update: {'operational_state': 'idle', 'current_assigned_fragment': None, 'conditions': ['picked-o1-1', 'picked-o1-2', 'picked-o2-2', 'picked-o1-4', 'picked-o2-4'], 'state': {'position': {'x': 10, 'y': 4, 'z': 0.0}, 'docked': False, 'battery': 100.0, 'conditions': ['picked-o1-1', 'picked-o1-2', 'picked-o2-2', 'picked-o1-4', 'picked-o2-4']}}
[INFO] [1787681752.972914670] [multi3_coordinator_node]: Received coordination message: {'robot_name': 'robot1', 'completed_fragment': 'f4-4', 'state': {'position': {'x': 10, 'y': 4, 'z': 0.0}, 'docked': False, 'battery': 100.0, 'conditions': ['picked-o1-1', 'picked-o1-2', 'picked-o2-2', 'picked-o1-4', 'picked-o2-4']}}
[INFO] [1787681753.789546176] [multi3_coordinator_node]: Assigned fragment f4-5 to robot robot1.
[INFO] [1787681753.796799869] [multi3_coordinator_node]: Received robot state update: {'operational_state': 'working', 'current_assigned_fragment': 'f4-5', 'conditions': ['picked-o1-1', 'picked-o1-2', 'picked-o2-2', 'picked-o1-4', 'picked-o2-4'], 'state': {'position': {'x': 10, 'y': 4, 'z': 0.0}, 'docked': False, 'battery': 100.0, 'conditions': ['picked-o1-1', 'picked-o1-2', 'picked-o2-2', 'picked-o1-4', 'picked-o2-4']}}
[INFO] [1787681756.808054679] [multi3_coordinator_node]: Fragment f4-6 is now executable because all signal messages were received.
[INFO] [1787681756.809871278] [multi3_coordinator_node]: Received coordination message: {'robot_name': 'robot1', 'completed_task': 'm4/s2/scan'}
[INFO] [1787681756.812399309] [multi3_coordinator_node]: Received robot state update: {'operational_state': 'idle', 'current_assigned_fragment': None, 'conditions': ['picked-o1-1', 'picked-o1-2', 'picked-o2-2', 'picked-o1-4', 'picked-o2-4'], 'state': {'position': {'x': 10, 'y': 4, 'z': 0.0}, 'docked': False, 'battery': 100.0, 'conditions': ['picked-o1-1', 'picked-o1-2', 'picked-o2-2', 'picked-o1-4', 'picked-o2-4']}}
[INFO] [1787681756.814290269] [multi3_coordinator_node]: Received coordination message: {'robot_name': 'robot1', 'completed_fragment': 'f4-5', 'state': {'position': {'x': 10, 'y': 4, 'z': 0.0}, 'docked': False, 'battery': 100.0, 'conditions': ['picked-o1-1', 'picked-o1-2', 'picked-o2-2', 'picked-o1-4', 'picked-o2-4']}}
[INFO] [1787681757.791274414] [multi3_coordinator_node]: Assigned fragment f4-6 to robot robot1.
[INFO] [1787681757.803503306] [multi3_coordinator_node]: Received robot state update: {'operational_state': 'working', 'current_assigned_fragment': 'f4-6', 'conditions': ['picked-o1-1', 'picked-o1-2', 'picked-o2-2', 'picked-o1-4', 'picked-o2-4'], 'state': {'position': {'x': 10, 'y': 4, 'z': 0.0}, 'docked': False, 'battery': 100.0, 'conditions': ['picked-o1-1', 'picked-o1-2', 'picked-o2-2', 'picked-o1-4', 'picked-o2-4']}}
[INFO] [1787681776.069938771] [multi3_coordinator_node]: Received coordination message: {'robot_name': 'robot1', 'completed_task': 'm4/s2/transport'}
[INFO] [1787681776.072527667] [multi3_coordinator_node]: Received robot state update: {'operational_state': 'idle', 'current_assigned_fragment': None, 'conditions': ['picked-o1-1', 'picked-o1-2', 'picked-o2-2', 'picked-o1-4', 'picked-o2-4'], 'state': {'position': {'x': 11, 'y': 6, 'z': 0.0}, 'docked': False, 'battery': 100.0, 'conditions': ['picked-o1-1', 'picked-o1-2', 'picked-o2-2', 'picked-o1-4', 'picked-o2-4']}}
[INFO] [1787681776.074210906] [multi3_coordinator_node]: Received coordination message: {'robot_name': 'robot1', 'completed_fragment': 'f4-6', 'state': {'position': {'x': 11, 'y': 6, 'z': 0.0}, 'docked': False, 'battery': 100.0, 'conditions': ['picked-o1-1', 'picked-o1-2', 'picked-o2-2', 'picked-o1-4', 'picked-o2-4']}}
[INFO] [1787681776.792540276] [multi3_coordinator_node]: Assigned fragment f4-7 to robot robot1.
[INFO] [1787681776.801031796] [multi3_coordinator_node]: Received robot state update: {'operational_state': 'working', 'current_assigned_fragment': 'f4-7', 'conditions': ['picked-o1-1', 'picked-o1-2', 'picked-o2-2', 'picked-o1-4', 'picked-o2-4'], 'state': {'position': {'x': 11, 'y': 6, 'z': 0.0}, 'docked': False, 'battery': 100.0, 'conditions': ['picked-o1-1', 'picked-o1-2', 'picked-o2-2', 'picked-o1-4', 'picked-o2-4']}}
[INFO] [1787681799.220960207] [multi3_coordinator_node]: Fragment f4-8 is now executable because all signal messages were received.
[INFO] [1787681799.224025352] [multi3_coordinator_node]: Received coordination message: {'robot_name': 'robot1', 'completed_task': 'm4/s3/pick'}
[INFO] [1787681799.226224501] [multi3_coordinator_node]: Received robot state update: {'operational_state': 'idle', 'current_assigned_fragment': None, 'conditions': ['picked-o1-1', 'picked-o1-2', 'picked-o2-2', 'picked-o1-4', 'picked-o2-4', 'picked-o3-4'], 'state': {'position': {'x': 9, 'y': 1, 'z': 0.0}, 'docked': False, 'battery': 100.0, 'conditions': ['picked-o1-1', 'picked-o1-2', 'picked-o2-2', 'picked-o1-4', 'picked-o2-4', 'picked-o3-4']}}
[INFO] [1787681799.227809232] [multi3_coordinator_node]: Received coordination message: {'robot_name': 'robot1', 'completed_fragment': 'f4-7', 'state': {'position': {'x': 9, 'y': 1, 'z': 0.0}, 'docked': False, 'battery': 100.0, 'conditions': ['picked-o1-1', 'picked-o1-2', 'picked-o2-2', 'picked-o1-4', 'picked-o2-4', 'picked-o3-4']}}
[INFO] [1787681799.790798007] [multi3_coordinator_node]: Assigned fragment f4-8 to robot robot1.
[INFO] [1787681799.810308098] [multi3_coordinator_node]: Received robot state update: {'operational_state': 'working', 'current_assigned_fragment': 'f4-8', 'conditions': ['picked-o1-1', 'picked-o1-2', 'picked-o2-2', 'picked-o1-4', 'picked-o2-4', 'picked-o3-4'], 'state': {'position': {'x': 9, 'y': 1, 'z': 0.0}, 'docked': False, 'battery': 100.0, 'conditions': ['picked-o1-1', 'picked-o1-2', 'picked-o2-2', 'picked-o1-4', 'picked-o2-4', 'picked-o3-4']}}
[INFO] [1787681802.822375651] [multi3_coordinator_node]: Fragment f4-9 is now executable because all signal messages were received.
[INFO] [1787681802.824305614] [multi3_coordinator_node]: Received coordination message: {'robot_name': 'robot1', 'completed_task': 'm4/s3/scan'}
[INFO] [1787681802.826372494] [multi3_coordinator_node]: Received robot state update: {'operational_state': 'idle', 'current_assigned_fragment': None, 'conditions': ['picked-o1-1', 'picked-o1-2', 'picked-o2-2', 'picked-o1-4', 'picked-o2-4', 'picked-o3-4'], 'state': {'position': {'x': 9, 'y': 1, 'z': 0.0}, 'docked': False, 'battery': 100.0, 'conditions': ['picked-o1-1', 'picked-o1-2', 'picked-o2-2', 'picked-o1-4', 'picked-o2-4', 'picked-o3-4']}}
[INFO] [1787681802.828341187] [multi3_coordinator_node]: Received coordination message: {'robot_name': 'robot1', 'completed_fragment': 'f4-8', 'state': {'position': {'x': 9, 'y': 1, 'z': 0.0}, 'docked': False, 'battery': 100.0, 'conditions': ['picked-o1-1', 'picked-o1-2', 'picked-o2-2', 'picked-o1-4', 'picked-o2-4', 'picked-o3-4']}}
[INFO] [1787681803.790390088] [multi3_coordinator_node]: Assigned fragment f4-9 to robot robot1.
[INFO] [1787681803.827225484] [multi3_coordinator_node]: Received robot state update: {'operational_state': 'working', 'current_assigned_fragment': 'f4-9', 'conditions': ['picked-o1-1', 'picked-o1-2', 'picked-o2-2', 'picked-o1-4', 'picked-o2-4', 'picked-o3-4'], 'state': {'position': {'x': 9, 'y': 1, 'z': 0.0}, 'docked': False, 'battery': 100.0, 'conditions': ['picked-o1-1', 'picked-o1-2', 'picked-o2-2', 'picked-o1-4', 'picked-o2-4', 'picked-o3-4']}}
[INFO] [1787681821.064600308] [multi3_coordinator_node]: Received coordination message: {'robot_name': 'robot1', 'completed_task': 'm4/s3/transport'}
[INFO] [1787681821.067577595] [multi3_coordinator_node]: Received coordination message: {'robot_name': 'robot1', 'completed_fragment': 'f4-9', 'state': {'position': {'x': 11, 'y': 6, 'z': 0.0}, 'docked': False, 'battery': 100.0, 'conditions': ['picked-o1-1', 'picked-o1-2', 'picked-o2-2', 'picked-o1-4', 'picked-o2-4', 'picked-o3-4']}}
[INFO] [1787681821.070038924] [multi3_coordinator_node]: Received robot state update: {'operational_state': 'idle', 'current_assigned_fragment': None, 'conditions': ['picked-o1-1', 'picked-o1-2', 'picked-o2-2', 'picked-o1-4', 'picked-o2-4', 'picked-o3-4'], 'state': {'position': {'x': 11, 'y': 6, 'z': 0.0}, 'docked': False, 'battery': 100.0, 'conditions': ['picked-o1-1', 'picked-o1-2', 'picked-o2-2', 'picked-o1-4', 'picked-o2-4', 'picked-o3-4']}}
[INFO] [1787681821.791380693] [multi3_coordinator_node]: Assigned fragment f4-10' to robot robot1.
[INFO] [1787681821.798918794] [multi3_coordinator_node]: Received robot state update: {'operational_state': 'working', 'current_assigned_fragment': "f4-10'", 'conditions': ['picked-o1-1', 'picked-o1-2', 'picked-o2-2', 'picked-o1-4', 'picked-o2-4', 'picked-o3-4'], 'state': {'position': {'x': 11, 'y': 6, 'z': 0.0}, 'docked': False, 'battery': 100.0, 'conditions': ['picked-o1-1', 'picked-o1-2', 'picked-o2-2', 'picked-o1-4', 'picked-o2-4', 'picked-o3-4']}}
[INFO] [1787681845.627240851] [multi3_coordinator_node]: Fragment f4-11 is now executable because all signal messages were received.
[INFO] [1787681845.630095179] [multi3_coordinator_node]: Received coordination message: {'robot_name': 'robot1', 'completed_task': 'm4/s4/pick'}
[INFO] [1787681845.632281499] [multi3_coordinator_node]: Received robot state update: {'operational_state': 'idle', 'current_assigned_fragment': None, 'conditions': ['picked-o1-1', 'picked-o1-2', 'picked-o2-2', 'picked-o1-4', 'picked-o2-4', 'picked-o3-4', 'picked-o4-4'], 'state': {'position': {'x': 2, 'y': 4, 'z': 0.0}, 'docked': False, 'battery': 100.0, 'conditions': ['picked-o1-1', 'picked-o1-2', 'picked-o2-2', 'picked-o1-4', 'picked-o2-4', 'picked-o3-4', 'picked-o4-4']}}
[INFO] [1787681845.633714189] [multi3_coordinator_node]: Received coordination message: {'robot_name': 'robot1', 'completed_fragment': "f4-10'", 'state': {'position': {'x': 2, 'y': 4, 'z': 0.0}, 'docked': False, 'battery': 100.0, 'conditions': ['picked-o1-1', 'picked-o1-2', 'picked-o2-2', 'picked-o1-4', 'picked-o2-4', 'picked-o3-4', 'picked-o4-4']}}
[INFO] [1787681845.790704774] [multi3_coordinator_node]: Assigned fragment f4-11 to robot robot1.
[INFO] [1787681845.839552504] [multi3_coordinator_node]: Received robot state update: {'operational_state': 'working', 'current_assigned_fragment': 'f4-11', 'conditions': ['picked-o1-1', 'picked-o1-2', 'picked-o2-2', 'picked-o1-4', 'picked-o2-4', 'picked-o3-4', 'picked-o4-4'], 'state': {'position': {'x': 2, 'y': 4, 'z': 0.0}, 'docked': False, 'battery': 100.0, 'conditions': ['picked-o1-1', 'picked-o1-2', 'picked-o2-2', 'picked-o1-4', 'picked-o2-4', 'picked-o3-4', 'picked-o4-4']}}
[INFO] [1787681848.849788008] [multi3_coordinator_node]: Fragment f4-12 is now executable because all signal messages were received.
[INFO] [1787681848.851251638] [multi3_coordinator_node]: Received coordination message: {'robot_name': 'robot1', 'completed_task': 'm4/s4/scan'}
[INFO] [1787681848.853340445] [multi3_coordinator_node]: Received robot state update: {'operational_state': 'idle', 'current_assigned_fragment': None, 'conditions': ['picked-o1-1', 'picked-o1-2', 'picked-o2-2', 'picked-o1-4', 'picked-o2-4', 'picked-o3-4', 'picked-o4-4'], 'state': {'position': {'x': 2, 'y': 4, 'z': 0.0}, 'docked': False, 'battery': 100.0, 'conditions': ['picked-o1-1', 'picked-o1-2', 'picked-o2-2', 'picked-o1-4', 'picked-o2-4', 'picked-o3-4', 'picked-o4-4']}}
[INFO] [1787681848.854851940] [multi3_coordinator_node]: Received coordination message: {'robot_name': 'robot1', 'completed_fragment': 'f4-11', 'state': {'position': {'x': 2, 'y': 4, 'z': 0.0}, 'docked': False, 'battery': 100.0, 'conditions': ['picked-o1-1', 'picked-o1-2', 'picked-o2-2', 'picked-o1-4', 'picked-o2-4', 'picked-o3-4', 'picked-o4-4']}}
[INFO] [1787681849.790904179] [multi3_coordinator_node]: Assigned fragment f4-12 to robot robot1.
[INFO] [1787681849.798242458] [multi3_coordinator_node]: Received robot state update: {'operational_state': 'working', 'current_assigned_fragment': 'f4-12', 'conditions': ['picked-o1-1', 'picked-o1-2', 'picked-o2-2', 'picked-o1-4', 'picked-o2-4', 'picked-o3-4', 'picked-o4-4'], 'state': {'position': {'x': 2, 'y': 4, 'z': 0.0}, 'docked': False, 'battery': 100.0, 'conditions': ['picked-o1-1', 'picked-o1-2', 'picked-o2-2', 'picked-o1-4', 'picked-o2-4', 'picked-o3-4', 'picked-o4-4']}}
[INFO] [1787681879.515595087] [multi3_coordinator_node]: Fragment f4-13 is now executable because all signal messages were received.
[INFO] [1787681879.519648090] [multi3_coordinator_node]: Received coordination message: {'robot_name': 'robot1', 'completed_task': 'm4/s4/transport'}
[INFO] [1787681879.522720707] [multi3_coordinator_node]: Received robot state update: {'operational_state': 'idle', 'current_assigned_fragment': None, 'conditions': ['picked-o1-1', 'picked-o1-2', 'picked-o2-2', 'picked-o1-4', 'picked-o2-4', 'picked-o3-4', 'picked-o4-4'], 'state': {'position': {'x': 11, 'y': 6, 'z': 0.0}, 'docked': False, 'battery': 100.0, 'conditions': ['picked-o1-1', 'picked-o1-2', 'picked-o2-2', 'picked-o1-4', 'picked-o2-4', 'picked-o3-4', 'picked-o4-4']}}
[INFO] [1787681879.524600197] [multi3_coordinator_node]: Received coordination message: {'robot_name': 'robot1', 'completed_fragment': 'f4-12', 'state': {'position': {'x': 11, 'y': 6, 'z': 0.0}, 'docked': False, 'battery': 100.0, 'conditions': ['picked-o1-1', 'picked-o1-2', 'picked-o2-2', 'picked-o1-4', 'picked-o2-4', 'picked-o3-4', 'picked-o4-4']}}
[INFO] [1787681879.790727315] [multi3_coordinator_node]: Assigned fragment f4-13 to robot robot1.
[INFO] [1787681879.827637199] [multi3_coordinator_node]: Received robot state update: {'operational_state': 'working', 'current_assigned_fragment': 'f4-13', 'conditions': ['picked-o1-1', 'picked-o1-2', 'picked-o2-2', 'picked-o1-4', 'picked-o2-4', 'picked-o3-4', 'picked-o4-4'], 'state': {'position': {'x': 11, 'y': 6, 'z': 0.0}, 'docked': False, 'battery': 100.0, 'conditions': ['picked-o1-1', 'picked-o1-2', 'picked-o2-2', 'picked-o1-4', 'picked-o2-4', 'picked-o3-4', 'picked-o4-4']}}
[INFO] [1787681903.839620037] [multi3_coordinator_node]: Received coordination message: {'robot_name': 'robot1', 'completed_task': 'm4//pack'}
[INFO] [1787681903.842522673] [multi3_coordinator_node]: Received robot state update: {'operational_state': 'idle', 'current_assigned_fragment': None, 'conditions': ['picked-o1-1', 'picked-o1-2', 'picked-o2-2', 'picked-o1-4', 'picked-o2-4', 'picked-o3-4', 'picked-o4-4'], 'state': {'position': {'x': 11, 'y': 6, 'z': 0.0}, 'docked': False, 'battery': 100.0, 'conditions': ['picked-o1-1', 'picked-o1-2', 'picked-o2-2', 'picked-o1-4', 'picked-o2-4', 'picked-o3-4', 'picked-o4-4']}}
[INFO] [1787681903.844535065] [multi3_coordinator_node]: Received coordination message: {'robot_name': 'robot1', 'completed_fragment': 'f4-13', 'state': {'position': {'x': 11, 'y': 6, 'z': 0.0}, 'docked': False, 'battery': 100.0, 'conditions': ['picked-o1-1', 'picked-o1-2', 'picked-o2-2', 'picked-o1-4', 'picked-o2-4', 'picked-o3-4', 'picked-o4-4']}}
Traceback (most recent call last):
  File "/root/ros2_ws/install/multi3_coordinator/lib/python3.10/site-packages/nodes/coordinator.py", line 294, in main
    rclpy.spin(node)
  File "/opt/ros/humble/local/lib/python3.10/dist-packages/rclpy/__init__.py", line 229, in spin
    executor.spin_once()
  File "/opt/ros/humble/local/lib/python3.10/dist-packages/rclpy/executors.py", line 808, in spin_once
    self._spin_once_impl(timeout_sec)
  File "/opt/ros/humble/local/lib/python3.10/dist-packages/rclpy/executors.py", line 797, in _spin_once_impl
    handler, entity, node = self.wait_for_ready_callbacks(timeout_sec=timeout_sec)
  File "/opt/ros/humble/local/lib/python3.10/dist-packages/rclpy/executors.py", line 780, in wait_for_ready_callbacks
    return next(self._cb_iter)
  File "/opt/ros/humble/local/lib/python3.10/dist-packages/rclpy/executors.py", line 681, in _wait_for_ready_callbacks
    raise ExternalShutdownException()
rclpy.executors.ExternalShutdownException

During handling of the above exception, another exception occurred:

Traceback (most recent call last):
  File "/root/ros2_ws/install/multi3_coordinator/lib/multi3_coordinator/coordinator", line 33, in <module>
    sys.exit(load_entry_point('multi3-coordinator==0.0.0', 'console_scripts', 'coordinator')())
  File "/root/ros2_ws/install/multi3_coordinator/lib/python3.10/site-packages/nodes/coordinator.py", line 299, in main
    rclpy.shutdown()
  File "/opt/ros/humble/local/lib/python3.10/dist-packages/rclpy/__init__.py", line 130, in shutdown
    _shutdown(context=context)
  File "/opt/ros/humble/local/lib/python3.10/dist-packages/rclpy/utilities.py", line 58, in shutdown
    return context.shutdown()
  File "/opt/ros/humble/local/lib/python3.10/dist-packages/rclpy/context.py", line 102, in shutdown
    self.__context.shutdown()
rclpy._rclpy_pybind11.RCLError: failed to shutdown: rcl_shutdown already called on the given context, at ./src/rcl/init.c:241

--- executor_robot1.log ---
[INFO] [1787681482.045307856] [robot1.fragment_exec_node]: Setting up skill: PickSkill
[INFO] [1787681482.046196612] [robot1.fragment_exec_node]: Setting up skill: ScanSkill
[INFO] [1787681482.047288064] [robot1.fragment_exec_node]: Setting up skill: NavigateSkill
[INFO] [1787681482.047977461] [robot1.fragment_exec_node]: Setting up skill: NavigateSkill
[INFO] [1787681482.049059402] [robot1.fragment_exec_node]: Setting up skill: DockSkill
[INFO] [1787681482.049957987] [robot1.fragment_exec_node]: Setting up skill: UndockSkill
[INFO] [1787681482.050884325] [robot1.fragment_exec_node]: Setting up skill: PackSkill
[INFO] [1787681482.056675755] [robot1.fragment_exec_node]: Published robot registration: {'name': 'robot1', 'operational_state': 'idle', 'capabilities': ['pick', 'scan', 'transport', 'pack'], 'state': {'position': {'x': 0.0, 'y': 0.0, 'z': 0.0}, 'docked': True, 'battery': 100.0, 'conditions': []}}
[INFO] [1787681486.824571271] [robot1.fragment_exec_node]: Received fragment: {'robot': 'robot1', 'fragment': {'id': 'f1-1', 'mission': 'm1', 'state': 'assigned', 'wait': [], 'tasks': [{'name': 'pick', 'params': {'x': 5, 'y': 8, 'weight': 8}}], 'arrive_timestamp': 1787681483, 'priority': 1, 'segment': 's1', 'preconditions': [], 'postconditions': ['picked-o1-1']}}
[INFO] [1787681486.825336644] [robot1.fragment_exec_node]: Received fragment assignment: f1-1. Starting execution.
[INFO] [1787681486.826203930] [robot1.fragment_exec_node]: Executing task pick. Params: {'x': 5, 'y': 8, 'weight': 8}, Virtual state: {'position': {'x': 0.0, 'y': 0.0, 'z': 0.0}, 'docked': True, 'battery': 100.0, 'conditions': []}
[INFO] [1787681486.826893487] [robot1.fragment_exec_node]: EventType: Control (Task: pick), Activity: undock, Robot: robot1, Mission: m1, Segment: s1, Start: 7503.563236363
[INFO] [1787681486.827635565] [robot1.fragment_exec_node]: Simulating undock skill...
[INFO] [1787681490.829270423] [robot1.fragment_exec_node]: Undock completed!
[INFO] [1787681490.830469435] [robot1.fragment_exec_node]: EventType: Control (Task: pick), Activity: undock, Robot: robot1, Mission: m1, Segment: s1, End: 7507.566632224
[INFO] [1787681490.831863403] [robot1.fragment_exec_node]: EventType: Control (Task: pick), Activity: navigate, Robot: robot1, Mission: m1, Segment: s1, Start: 7507.567789602
[INFO] [1787681490.833020222] [robot1.fragment_exec_node]: Simulating navigate skill from position (0.0, 0.0) to (5, 8) (18.867962264113206 seconds)...
[INFO] [1787681509.704780362] [robot1.fragment_exec_node]: Navigation completed!
[INFO] [1787681509.707431520] [robot1.fragment_exec_node]: EventType: Control (Task: pick), Activity: navigate, Robot: robot1, Mission: m1, Segment: s1, End: 7526.442935961
[INFO] [1787681509.709159206] [robot1.fragment_exec_node]: EventType: Task, Activity: pick, Robot: robot1, Mission: m1, Segment: s1, Start: 7526.444924243
[INFO] [1787681509.710875928] [robot1.fragment_exec_node]: Simulating pick skill...
[INFO] [1787681517.714919657] [robot1.fragment_exec_node]: Pick completed!
[INFO] [1787681517.716779974] [robot1.fragment_exec_node]: EventType: Task, Activity: pick, Robot: robot1, Mission: m1, Segment: s1, End: 7534.452397102
[INFO] [1787681517.719161011] [robot1.fragment_exec_node]: Execution of fragment f1-1 completed!
[INFO] [1787681517.799712211] [robot1.fragment_exec_node]: Received fragment: {'robot': 'robot1', 'fragment': {'id': 'f1-2', 'mission': 'm1', 'state': 'assigned', 'wait': ['m1/s1/pick'], 'tasks': [{'name': 'scan', 'params': {'x': 5, 'y': 8}}], 'arrive_timestamp': 1787681483, 'priority': 1, 'segment': 's1', 'preconditions': [], 'postconditions': []}}
[INFO] [1787681517.800518312] [robot1.fragment_exec_node]: Received fragment assignment: f1-2. Starting execution.
[INFO] [1787681517.801530458] [robot1.fragment_exec_node]: Executing task scan. Params: {'x': 5, 'y': 8}, Virtual state: {'position': {'x': 5, 'y': 8, 'z': 0.0}, 'docked': False, 'battery': 100.0, 'conditions': ['picked-o1-1']}
[INFO] [1787681517.802453602] [robot1.fragment_exec_node]: EventType: Task, Activity: scan, Robot: robot1, Mission: m1, Segment: s1, Start: 7534.538742066
[INFO] [1787681517.803167353] [robot1.fragment_exec_node]: Simulating scan skill...
[INFO] [1787681520.804850455] [robot1.fragment_exec_node]: Scan completed!
[INFO] [1787681520.805773650] [robot1.fragment_exec_node]: EventType: Task, Activity: scan, Robot: robot1, Mission: m1, Segment: s1, End: 7537.54215035
[INFO] [1787681520.806901480] [robot1.fragment_exec_node]: Execution of fragment f1-2 completed!
[INFO] [1787681521.830458078] [robot1.fragment_exec_node]: Received fragment: {'robot': 'robot1', 'fragment': {'id': 'f1-3', 'mission': 'm1', 'state': 'assigned', 'wait': ['m1/s1/scan'], 'tasks': [{'name': 'transport', 'params': {'x': 11, 'y': 6}}], 'arrive_timestamp': 1787681483, 'priority': 1, 'segment': 's1', 'preconditions': ['picked-o1-1'], 'postconditions': []}}
[INFO] [1787681521.831139963] [robot1.fragment_exec_node]: Received fragment assignment: f1-3. Starting execution.
[INFO] [1787681521.831902790] [robot1.fragment_exec_node]: Executing task transport. Params: {'x': 11, 'y': 6}, Virtual state: {'position': {'x': 5, 'y': 8, 'z': 0.0}, 'docked': False, 'battery': 100.0, 'conditions': ['picked-o1-1']}
[INFO] [1787681521.832603037] [robot1.fragment_exec_node]: EventType: Control (Task: transport), Activity: navigate, Robot: robot1, Mission: m1, Segment: s1, Start: 7538.569012573
[INFO] [1787681521.833163209] [robot1.fragment_exec_node]: Simulating navigate skill from position (5, 8) to (11, 6) (12.165525060596439 seconds)...
[INFO] [1787681533.999799315] [robot1.fragment_exec_node]: Navigation completed!
[INFO] [1787681534.001244804] [robot1.fragment_exec_node]: EventType: Control (Task: transport), Activity: navigate, Robot: robot1, Mission: m1, Segment: s1, End: 7550.737514268
[INFO] [1787681534.002056516] [robot1.fragment_exec_node]: EventType: Task, Activity: transport, Robot: robot1, Mission: m1, Segment: s1, Start: 7550.738435114
[INFO] [1787681534.002912223] [robot1.fragment_exec_node]: Simulating navigate skill from position (11, 6) to (11, 6) (10.0 seconds)...
[INFO] [1787681544.006565203] [robot1.fragment_exec_node]: Navigation completed!
[INFO] [1787681544.009239447] [robot1.fragment_exec_node]: EventType: Task, Activity: transport, Robot: robot1, Mission: m1, Segment: s1, End: 7560.744867122
[INFO] [1787681544.013106845] [robot1.fragment_exec_node]: Execution of fragment f1-3 completed!
[INFO] [1787681544.800843427] [robot1.fragment_exec_node]: Received fragment: {'robot': 'robot1', 'fragment': {'id': 'f1-4', 'mission': 'm1', 'state': 'assigned', 'wait': ['m1/s1/transport'], 'tasks': [{'name': 'pack', 'params': {'x': 11, 'y': 6, 'items': 1}}], 'arrive_timestamp': 1787681483, 'priority': 1, 'segment': '', 'preconditions': [], 'postconditions': []}}
[INFO] [1787681544.802118850] [robot1.fragment_exec_node]: Received fragment assignment: f1-4. Starting execution.
[INFO] [1787681544.803807946] [robot1.fragment_exec_node]: Waiting for coordination messages before executing fragment f1-4: ['m1/s1/transport']
[INFO] [1787681546.809966289] [robot1.fragment_exec_node]: Executing task pack. Params: {'x': 11, 'y': 6, 'items': 1}, Virtual state: {'position': {'x': 11, 'y': 6, 'z': 0.0}, 'docked': False, 'battery': 100.0, 'conditions': ['picked-o1-1']}
[INFO] [1787681546.812673205] [robot1.fragment_exec_node]: EventType: Task, Activity: pack, Robot: robot1, Mission: m1, Segment: , Start: 7563.547887096
[INFO] [1787681546.814354333] [robot1.fragment_exec_node]: Simulating pack skill...
[INFO] [1787681552.817810589] [robot1.fragment_exec_node]: Packing completed!
[INFO] [1787681552.820784717] [robot1.fragment_exec_node]: EventType: Task, Activity: pack, Robot: robot1, Mission: m1, Segment: , End: 7569.555848662
[INFO] [1787681552.823075548] [robot1.fragment_exec_node]: Execution of fragment f1-4 completed!
[INFO] [1787681553.798909013] [robot1.fragment_exec_node]: Received fragment: {'robot': 'robot1', 'fragment': {'id': 'f2-1', 'mission': 'm2', 'state': 'assigned', 'wait': [], 'tasks': [{'name': 'pick', 'params': {'weight': 5, 'x': 2, 'y': 3}}], 'arrive_timestamp': 1787681484, 'priority': 1, 'segment': 's1', 'preconditions': [], 'postconditions': ['picked-o1-2']}}
[INFO] [1787681553.800860001] [robot1.fragment_exec_node]: Received fragment assignment: f2-1. Starting execution.
[INFO] [1787681553.802340963] [robot1.fragment_exec_node]: Executing task pick. Params: {'weight': 5, 'x': 2, 'y': 3}, Virtual state: {'position': {'x': 11, 'y': 6, 'z': 0.0}, 'docked': False, 'battery': 100.0, 'conditions': ['picked-o1-1']}
[INFO] [1787681553.803530596] [robot1.fragment_exec_node]: EventType: Control (Task: pick), Activity: navigate, Robot: robot1, Mission: m2, Segment: s1, Start: 7570.539696826
[INFO] [1787681553.804726957] [robot1.fragment_exec_node]: Simulating navigate skill from position (11, 6) to (2, 3) (24.08318915758459 seconds)...
[INFO] [1787681577.891894669] [robot1.fragment_exec_node]: Navigation completed!
[INFO] [1787681577.896699916] [robot1.fragment_exec_node]: EventType: Control (Task: pick), Activity: navigate, Robot: robot1, Mission: m2, Segment: s1, End: 7594.63153227
[INFO] [1787681577.899792515] [robot1.fragment_exec_node]: EventType: Task, Activity: pick, Robot: robot1, Mission: m2, Segment: s1, Start: 7594.63469965
[INFO] [1787681577.901634050] [robot1.fragment_exec_node]: Simulating pick skill...
[INFO] [1787681582.905161998] [robot1.fragment_exec_node]: Pick completed!
[INFO] [1787681582.907551779] [robot1.fragment_exec_node]: EventType: Task, Activity: pick, Robot: robot1, Mission: m2, Segment: s1, End: 7599.642905004
[INFO] [1787681582.909803574] [robot1.fragment_exec_node]: Execution of fragment f2-1 completed!
[INFO] [1787681583.806387490] [robot1.fragment_exec_node]: Received fragment: {'robot': 'robot1', 'fragment': {'id': 'f2-2', 'mission': 'm2', 'state': 'assigned', 'wait': ['m2/s1/pick'], 'tasks': [{'name': 'scan', 'params': {'x': 2, 'y': 3}}], 'arrive_timestamp': 1787681484, 'priority': 1, 'segment': 's1', 'preconditions': [], 'postconditions': []}}
[INFO] [1787681583.807401101] [robot1.fragment_exec_node]: Received fragment assignment: f2-2. Starting execution.
[INFO] [1787681583.808548983] [robot1.fragment_exec_node]: Executing task scan. Params: {'x': 2, 'y': 3}, Virtual state: {'position': {'x': 2, 'y': 3, 'z': 0.0}, 'docked': False, 'battery': 100.0, 'conditions': ['picked-o1-1', 'picked-o1-2']}
[INFO] [1787681583.809605448] [robot1.fragment_exec_node]: EventType: Task, Activity: scan, Robot: robot1, Mission: m2, Segment: s1, Start: 7600.545785117
[INFO] [1787681583.810651960] [robot1.fragment_exec_node]: Simulating scan skill...
[INFO] [1787681586.813788325] [robot1.fragment_exec_node]: Scan completed!
[INFO] [1787681586.816438507] [robot1.fragment_exec_node]: EventType: Task, Activity: scan, Robot: robot1, Mission: m2, Segment: s1, End: 7603.551772156
[INFO] [1787681586.818852902] [robot1.fragment_exec_node]: Execution of fragment f2-2 completed!
[INFO] [1787681587.812921455] [robot1.fragment_exec_node]: Received fragment: {'robot': 'robot1', 'fragment': {'id': 'f2-3', 'mission': 'm2', 'state': 'assigned', 'wait': ['m2/s1/scan'], 'tasks': [{'name': 'transport', 'params': {'x': 11, 'y': 6}}], 'arrive_timestamp': 1787681484, 'priority': 1, 'segment': 's1', 'preconditions': [], 'postconditions': []}}
[INFO] [1787681587.813691276] [robot1.fragment_exec_node]: Received fragment assignment: f2-3. Starting execution.
[INFO] [1787681587.814779037] [robot1.fragment_exec_node]: Executing task transport. Params: {'x': 11, 'y': 6}, Virtual state: {'position': {'x': 2, 'y': 3, 'z': 0.0}, 'docked': False, 'battery': 100.0, 'conditions': ['picked-o1-1', 'picked-o1-2']}
[INFO] [1787681587.815567992] [robot1.fragment_exec_node]: EventType: Control (Task: transport), Activity: navigate, Robot: robot1, Mission: m2, Segment: s1, Start: 7604.551938614
[INFO] [1787681587.816149831] [robot1.fragment_exec_node]: Simulating navigate skill from position (2, 3) to (11, 6) (19.697715603592208 seconds)...
[INFO] [1787681607.517084854] [robot1.fragment_exec_node]: Navigation completed!
[INFO] [1787681607.521371388] [robot1.fragment_exec_node]: EventType: Control (Task: transport), Activity: navigate, Robot: robot1, Mission: m2, Segment: s1, End: 7624.257683245
[INFO] [1787681607.523924459] [robot1.fragment_exec_node]: EventType: Task, Activity: transport, Robot: robot1, Mission: m2, Segment: s1, Start: 7624.261256014
[INFO] [1787681607.525596508] [robot1.fragment_exec_node]: Simulating navigate skill from position (11, 6) to (11, 6) (10.0 seconds)...
[INFO] [1787681617.527915793] [robot1.fragment_exec_node]: Navigation completed!
[INFO] [1787681617.529262446] [robot1.fragment_exec_node]: EventType: Task, Activity: transport, Robot: robot1, Mission: m2, Segment: s1, End: 7634.266783077
[INFO] [1787681617.530698740] [robot1.fragment_exec_node]: Execution of fragment f2-3 completed!
[INFO] [1787681617.828176234] [robot1.fragment_exec_node]: Received fragment: {'robot': 'robot1', 'fragment': {'id': 'f2-4', 'mission': 'm2', 'state': 'assigned', 'wait': [], 'tasks': [{'name': 'pick', 'params': {'weight': 7, 'x': 9, 'y': 5}}], 'arrive_timestamp': 1787681484, 'priority': 1, 'segment': 's2', 'preconditions': [], 'postconditions': ['picked-o2-2']}}
[INFO] [1787681617.828884716] [robot1.fragment_exec_node]: Received fragment assignment: f2-4. Starting execution.
[INFO] [1787681617.829607708] [robot1.fragment_exec_node]: Executing task pick. Params: {'weight': 7, 'x': 9, 'y': 5}, Virtual state: {'position': {'x': 11, 'y': 6, 'z': 0.0}, 'docked': False, 'battery': 100.0, 'conditions': ['picked-o1-1', 'picked-o1-2']}
[INFO] [1787681617.830185070] [robot1.fragment_exec_node]: EventType: Control (Task: pick), Activity: navigate, Robot: robot1, Mission: m2, Segment: s2, Start: 7634.568086258
[INFO] [1787681617.830763969] [robot1.fragment_exec_node]: Simulating navigate skill from position (11, 6) to (9, 5) (12.649110640673518 seconds)...
[INFO] [1787681630.483621017] [robot1.fragment_exec_node]: Navigation completed!
[INFO] [1787681630.486726751] [robot1.fragment_exec_node]: EventType: Control (Task: pick), Activity: navigate, Robot: robot1, Mission: m2, Segment: s2, End: 7647.223121793
[INFO] [1787681630.489374141] [robot1.fragment_exec_node]: EventType: Task, Activity: pick, Robot: robot1, Mission: m2, Segment: s2, Start: 7647.225915011
[INFO] [1787681630.490819015] [robot1.fragment_exec_node]: Simulating pick skill...
[INFO] [1787681637.493621916] [robot1.fragment_exec_node]: Pick completed!
[INFO] [1787681637.496531767] [robot1.fragment_exec_node]: EventType: Task, Activity: pick, Robot: robot1, Mission: m2, Segment: s2, End: 7654.233761606
[INFO] [1787681637.498858480] [robot1.fragment_exec_node]: Execution of fragment f2-4 completed!
[INFO] [1787681637.801462425] [robot1.fragment_exec_node]: Received fragment: {'robot': 'robot1', 'fragment': {'id': 'f2-5', 'mission': 'm2', 'state': 'assigned', 'wait': ['m2/s2/pick'], 'tasks': [{'name': 'scan', 'params': {'x': 9, 'y': 5}}], 'arrive_timestamp': 1787681484, 'priority': 1, 'segment': 's2', 'preconditions': [], 'postconditions': []}}
[INFO] [1787681637.802612069] [robot1.fragment_exec_node]: Received fragment assignment: f2-5. Starting execution.
[INFO] [1787681637.803932312] [robot1.fragment_exec_node]: Executing task scan. Params: {'x': 9, 'y': 5}, Virtual state: {'position': {'x': 9, 'y': 5, 'z': 0.0}, 'docked': False, 'battery': 100.0, 'conditions': ['picked-o1-1', 'picked-o1-2', 'picked-o2-2']}
[INFO] [1787681637.804927448] [robot1.fragment_exec_node]: EventType: Task, Activity: scan, Robot: robot1, Mission: m2, Segment: s2, Start: 7654.543378645
[INFO] [1787681637.805938231] [robot1.fragment_exec_node]: Simulating scan skill...
[INFO] [1787681640.808402459] [robot1.fragment_exec_node]: Scan completed!
[INFO] [1787681640.809500614] [robot1.fragment_exec_node]: EventType: Task, Activity: scan, Robot: robot1, Mission: m2, Segment: s2, End: 7657.547818093
[INFO] [1787681640.811263107] [robot1.fragment_exec_node]: Execution of fragment f2-5 completed!
[INFO] [1787681641.805555180] [robot1.fragment_exec_node]: Received fragment: {'robot': 'robot1', 'fragment': {'id': 'f2-6', 'mission': 'm2', 'state': 'assigned', 'wait': ['m2/s2/scan'], 'tasks': [{'name': 'transport', 'params': {'x': 11, 'y': 6}}], 'arrive_timestamp': 1787681484, 'priority': 1, 'segment': 's2', 'preconditions': ['picked-o2-2'], 'postconditions': []}}
[INFO] [1787681641.806855590] [robot1.fragment_exec_node]: Received fragment assignment: f2-6. Starting execution.
[INFO] [1787681641.807920655] [robot1.fragment_exec_node]: Executing task transport. Params: {'x': 11, 'y': 6}, Virtual state: {'position': {'x': 9, 'y': 5, 'z': 0.0}, 'docked': False, 'battery': 100.0, 'conditions': ['picked-o1-1', 'picked-o1-2', 'picked-o2-2']}
[INFO] [1787681641.808915655] [robot1.fragment_exec_node]: EventType: Control (Task: transport), Activity: navigate, Robot: robot1, Mission: m2, Segment: s2, Start: 7658.547318717
[INFO] [1787681641.809810374] [robot1.fragment_exec_node]: Simulating navigate skill from position (9, 5) to (11, 6) (7.211102550927978 seconds)...
[INFO] [1787681649.024809213] [robot1.fragment_exec_node]: Navigation completed!
[INFO] [1787681649.027830188] [robot1.fragment_exec_node]: EventType: Control (Task: transport), Activity: navigate, Robot: robot1, Mission: m2, Segment: s2, End: 7665.764961638
[INFO] [1787681649.029982758] [robot1.fragment_exec_node]: EventType: Task, Activity: transport, Robot: robot1, Mission: m2, Segment: s2, Start: 7665.76778626
[INFO] [1787681649.031800647] [robot1.fragment_exec_node]: Simulating navigate skill from position (11, 6) to (11, 6) (10.0 seconds)...
[INFO] [1787681659.035787872] [robot1.fragment_exec_node]: Navigation completed!
[INFO] [1787681659.038810587] [robot1.fragment_exec_node]: EventType: Task, Activity: transport, Robot: robot1, Mission: m2, Segment: s2, End: 7675.77606113
[INFO] [1787681659.041415072] [robot1.fragment_exec_node]: Execution of fragment f2-6 completed!
[INFO] [1787681659.803294286] [robot1.fragment_exec_node]: Received fragment: {'robot': 'robot1', 'fragment': {'id': 'f2-7', 'mission': 'm2', 'state': 'assigned', 'wait': ['m2/s1/transport', 'm2/s2/transport'], 'tasks': [{'name': 'pack', 'params': {'x': 11, 'y': 6, 'items': 2}}], 'arrive_timestamp': 1787681484, 'priority': 1, 'segment': '', 'preconditions': [], 'postconditions': []}}
[INFO] [1787681659.804519910] [robot1.fragment_exec_node]: Received fragment assignment: f2-7. Starting execution.
[INFO] [1787681659.805805226] [robot1.fragment_exec_node]: Executing task pack. Params: {'x': 11, 'y': 6, 'items': 2}, Virtual state: {'position': {'x': 11, 'y': 6, 'z': 0.0}, 'docked': False, 'battery': 100.0, 'conditions': ['picked-o1-1', 'picked-o1-2', 'picked-o2-2']}
[INFO] [1787681659.806702696] [robot1.fragment_exec_node]: EventType: Task, Activity: pack, Robot: robot1, Mission: m2, Segment: , Start: 7676.545219747
[INFO] [1787681659.807614448] [robot1.fragment_exec_node]: Simulating pack skill...
[INFO] [1787681671.813031975] [robot1.fragment_exec_node]: Packing completed!
[INFO] [1787681671.815636698] [robot1.fragment_exec_node]: EventType: Task, Activity: pack, Robot: robot1, Mission: m2, Segment: , End: 7688.551862913
[INFO] [1787681671.818131493] [robot1.fragment_exec_node]: Execution of fragment f2-7 completed!
[INFO] [1787681672.819238633] [robot1.fragment_exec_node]: Received fragment: {'robot': 'robot1', 'fragment': {'id': 'f4-1', 'mission': 'm4', 'state': 'assigned', 'wait': [], 'tasks': [{'name': 'pick', 'params': {'weight': 5, 'x': 2, 'y': 8}}], 'arrive_timestamp': 1787681485, 'priority': 1, 'segment': 's1', 'preconditions': [], 'postconditions': ['picked-o1-4']}}
[INFO] [1787681672.820324365] [robot1.fragment_exec_node]: Received fragment assignment: f4-1. Starting execution.
[INFO] [1787681672.821414667] [robot1.fragment_exec_node]: Executing task pick. Params: {'weight': 5, 'x': 2, 'y': 8}, Virtual state: {'position': {'x': 11, 'y': 6, 'z': 0.0}, 'docked': False, 'battery': 100.0, 'conditions': ['picked-o1-1', 'picked-o1-2', 'picked-o2-2']}
[INFO] [1787681672.822280064] [robot1.fragment_exec_node]: EventType: Control (Task: pick), Activity: navigate, Robot: robot1, Mission: m4, Segment: s1, Start: 7689.559524583
[INFO] [1787681672.823008279] [robot1.fragment_exec_node]: Simulating navigate skill from position (11, 6) to (2, 8) (18.973665961010276 seconds)...
[INFO] [1787681691.830496909] [robot1.fragment_exec_node]: Navigation completed!
[INFO] [1787681691.831958634] [robot1.fragment_exec_node]: EventType: Control (Task: pick), Activity: navigate, Robot: robot1, Mission: m4, Segment: s1, End: 7708.56931355
[INFO] [1787681691.832497179] [robot1.fragment_exec_node]: EventType: Task, Activity: pick, Robot: robot1, Mission: m4, Segment: s1, Start: 7708.569800312
[INFO] [1787681691.832873810] [robot1.fragment_exec_node]: Simulating pick skill...
[INFO] [1787681696.836106351] [robot1.fragment_exec_node]: Pick completed!
[INFO] [1787681696.838856146] [robot1.fragment_exec_node]: EventType: Task, Activity: pick, Robot: robot1, Mission: m4, Segment: s1, End: 7713.574610657
[INFO] [1787681696.842344332] [robot1.fragment_exec_node]: Execution of fragment f4-1 completed!
[INFO] [1787681697.803222497] [robot1.fragment_exec_node]: Received fragment: {'robot': 'robot1', 'fragment': {'id': 'f4-2', 'mission': 'm4', 'state': 'assigned', 'wait': ['m4/s1/pick'], 'tasks': [{'name': 'scan', 'params': {'x': 2, 'y': 8}}], 'arrive_timestamp': 1787681485, 'priority': 1, 'segment': 's1', 'preconditions': [], 'postconditions': []}}
[INFO] [1787681697.804224901] [robot1.fragment_exec_node]: Received fragment assignment: f4-2. Starting execution.
[INFO] [1787681697.805498852] [robot1.fragment_exec_node]: Executing task scan. Params: {'x': 2, 'y': 8}, Virtual state: {'position': {'x': 2, 'y': 8, 'z': 0.0}, 'docked': False, 'battery': 100.0, 'conditions': ['picked-o1-1', 'picked-o1-2', 'picked-o2-2', 'picked-o1-4']}
[INFO] [1787681697.806561776] [robot1.fragment_exec_node]: EventType: Task, Activity: scan, Robot: robot1, Mission: m4, Segment: s1, Start: 7714.544454136
[INFO] [1787681697.807472181] [robot1.fragment_exec_node]: Simulating scan skill...
[INFO] [1787681700.811358672] [robot1.fragment_exec_node]: Scan completed!
[INFO] [1787681700.815502226] [robot1.fragment_exec_node]: EventType: Task, Activity: scan, Robot: robot1, Mission: m4, Segment: s1, End: 7717.552006339
[INFO] [1787681700.818986532] [robot1.fragment_exec_node]: Execution of fragment f4-2 completed!
[INFO] [1787681701.795992424] [robot1.fragment_exec_node]: Received fragment: {'robot': 'robot1', 'fragment': {'id': 'f4-3', 'mission': 'm4', 'state': 'assigned', 'wait': ['m4/s1/scan'], 'tasks': [{'name': 'transport', 'params': {'x': 11, 'y': 6}}], 'arrive_timestamp': 1787681485, 'priority': 1, 'segment': 's1', 'preconditions': ['picked-o1-4'], 'postconditions': []}}
[INFO] [1787681701.797254901] [robot1.fragment_exec_node]: Received fragment assignment: f4-3. Starting execution.
[INFO] [1787681701.798626915] [robot1.fragment_exec_node]: Executing task transport. Params: {'x': 11, 'y': 6}, Virtual state: {'position': {'x': 2, 'y': 8, 'z': 0.0}, 'docked': False, 'battery': 100.0, 'conditions': ['picked-o1-1', 'picked-o1-2', 'picked-o2-2', 'picked-o1-4']}
[INFO] [1787681701.799905756] [robot1.fragment_exec_node]: EventType: Control (Task: transport), Activity: navigate, Robot: robot1, Mission: m4, Segment: s1, Start: 7718.537498061
[INFO] [1787681701.800864169] [robot1.fragment_exec_node]: Simulating navigate skill from position (2, 8) to (11, 6) (19.697715603592208 seconds)...
[INFO] [1787681721.501751875] [robot1.fragment_exec_node]: Navigation completed!
[INFO] [1787681721.503984152] [robot1.fragment_exec_node]: EventType: Control (Task: transport), Activity: navigate, Robot: robot1, Mission: m4, Segment: s1, End: 7738.241419604
[INFO] [1787681721.505466283] [robot1.fragment_exec_node]: EventType: Task, Activity: transport, Robot: robot1, Mission: m4, Segment: s1, Start: 7738.242926573
[INFO] [1787681721.507039618] [robot1.fragment_exec_node]: Simulating navigate skill from position (11, 6) to (11, 6) (10.0 seconds)...
[INFO] [1787681731.510897720] [robot1.fragment_exec_node]: Navigation completed!
[INFO] [1787681731.514263531] [robot1.fragment_exec_node]: EventType: Task, Activity: transport, Robot: robot1, Mission: m4, Segment: s1, End: 7748.250632669
[INFO] [1787681731.516331222] [robot1.fragment_exec_node]: Execution of fragment f4-3 completed!
[INFO] [1787681731.794425698] [robot1.fragment_exec_node]: Received fragment: {'robot': 'robot1', 'fragment': {'id': 'f4-4', 'mission': 'm4', 'state': 'assigned', 'wait': [], 'tasks': [{'name': 'pick', 'params': {'weight': 7, 'x': 10, 'y': 4}}], 'arrive_timestamp': 1787681485, 'priority': 1, 'segment': 's2', 'preconditions': [], 'postconditions': ['picked-o2-4']}}
[INFO] [1787681731.795735496] [robot1.fragment_exec_node]: Received fragment assignment: f4-4. Starting execution.
[INFO] [1787681731.797359424] [robot1.fragment_exec_node]: Executing task pick. Params: {'weight': 7, 'x': 10, 'y': 4}, Virtual state: {'position': {'x': 11, 'y': 6, 'z': 0.0}, 'docked': False, 'battery': 100.0, 'conditions': ['picked-o1-1', 'picked-o1-2', 'picked-o2-2', 'picked-o1-4']}
[INFO] [1787681731.798768959] [robot1.fragment_exec_node]: EventType: Control (Task: pick), Activity: navigate, Robot: robot1, Mission: m4, Segment: s2, Start: 7748.535448457
[INFO] [1787681731.800030839] [robot1.fragment_exec_node]: Simulating navigate skill from position (11, 6) to (10, 4) (14.142135623730951 seconds)...
[INFO] [1787681745.945766836] [robot1.fragment_exec_node]: Navigation completed!
[INFO] [1787681745.950315531] [robot1.fragment_exec_node]: EventType: Control (Task: pick), Activity: navigate, Robot: robot1, Mission: m4, Segment: s2, End: 7762.686135524
[INFO] [1787681745.952254913] [robot1.fragment_exec_node]: EventType: Task, Activity: pick, Robot: robot1, Mission: m4, Segment: s2, Start: 7762.688725658
[INFO] [1787681745.953985768] [robot1.fragment_exec_node]: Simulating pick skill...
[INFO] [1787681752.958244014] [robot1.fragment_exec_node]: Pick completed!
[INFO] [1787681752.961237194] [robot1.fragment_exec_node]: EventType: Task, Activity: pick, Robot: robot1, Mission: m4, Segment: s2, End: 7769.696918494
[INFO] [1787681752.964274645] [robot1.fragment_exec_node]: Execution of fragment f4-4 completed!
[INFO] [1787681753.794753858] [robot1.fragment_exec_node]: Received fragment: {'robot': 'robot1', 'fragment': {'id': 'f4-5', 'mission': 'm4', 'state': 'assigned', 'wait': ['m4/s2/pick'], 'tasks': [{'name': 'scan', 'params': {'x': 10, 'y': 4}}], 'arrive_timestamp': 1787681485, 'priority': 1, 'segment': 's2', 'preconditions': [], 'postconditions': []}}
[INFO] [1787681753.795283368] [robot1.fragment_exec_node]: Received fragment assignment: f4-5. Starting execution.
[INFO] [1787681753.796095010] [robot1.fragment_exec_node]: Executing task scan. Params: {'x': 10, 'y': 4}, Virtual state: {'position': {'x': 10, 'y': 4, 'z': 0.0}, 'docked': False, 'battery': 100.0, 'conditions': ['picked-o1-1', 'picked-o1-2', 'picked-o2-2', 'picked-o1-4', 'picked-o2-4']}
[INFO] [1787681753.796839590] [robot1.fragment_exec_node]: EventType: Task, Activity: scan, Robot: robot1, Mission: m4, Segment: s2, Start: 7770.533926791
[INFO] [1787681753.797265920] [robot1.fragment_exec_node]: Simulating scan skill...
[INFO] [1787681756.801001810] [robot1.fragment_exec_node]: Scan completed!
[INFO] [1787681756.804393113] [robot1.fragment_exec_node]: EventType: Task, Activity: scan, Robot: robot1, Mission: m4, Segment: s2, End: 7773.540081018
[INFO] [1787681756.807376819] [robot1.fragment_exec_node]: Execution of fragment f4-5 completed!
[INFO] [1787681757.801457266] [robot1.fragment_exec_node]: Received fragment: {'robot': 'robot1', 'fragment': {'id': 'f4-6', 'mission': 'm4', 'state': 'assigned', 'wait': ['m4/s2/scan'], 'tasks': [{'name': 'transport', 'params': {'x': 11, 'y': 6}}], 'arrive_timestamp': 1787681485, 'priority': 1, 'segment': 's2', 'preconditions': ['picked-o2-4'], 'postconditions': []}}
[INFO] [1787681757.802169251] [robot1.fragment_exec_node]: Received fragment assignment: f4-6. Starting execution.
[INFO] [1787681757.803023769] [robot1.fragment_exec_node]: Executing task transport. Params: {'x': 11, 'y': 6}, Virtual state: {'position': {'x': 10, 'y': 4, 'z': 0.0}, 'docked': False, 'battery': 100.0, 'conditions': ['picked-o1-1', 'picked-o1-2', 'picked-o2-2', 'picked-o1-4', 'picked-o2-4']}
[INFO] [1787681757.803646828] [robot1.fragment_exec_node]: EventType: Control (Task: transport), Activity: navigate, Robot: robot1, Mission: m4, Segment: s2, Start: 7774.541660831
[INFO] [1787681757.804512237] [robot1.fragment_exec_node]: Simulating navigate skill from position (10, 4) to (11, 6) (8.246211251235321 seconds)...
[INFO] [1787681766.052410077] [robot1.fragment_exec_node]: Navigation completed!
[INFO] [1787681766.054159860] [robot1.fragment_exec_node]: EventType: Control (Task: transport), Activity: navigate, Robot: robot1, Mission: m4, Segment: s2, End: 7782.792136654
[INFO] [1787681766.054903235] [robot1.fragment_exec_node]: EventType: Task, Activity: transport, Robot: robot1, Mission: m4, Segment: s2, Start: 7782.792842075
[INFO] [1787681766.055561823] [robot1.fragment_exec_node]: Simulating navigate skill from position (11, 6) to (11, 6) (10.0 seconds)...
[INFO] [1787681776.063096481] [robot1.fragment_exec_node]: Navigation completed!
[INFO] [1787681776.067117986] [robot1.fragment_exec_node]: EventType: Task, Activity: transport, Robot: robot1, Mission: m4, Segment: s2, End: 7792.802756193
[INFO] [1787681776.069237922] [robot1.fragment_exec_node]: Execution of fragment f4-6 completed!
[INFO] [1787681776.796424596] [robot1.fragment_exec_node]: Received fragment: {'robot': 'robot1', 'fragment': {'id': 'f4-7', 'mission': 'm4', 'state': 'assigned', 'wait': [], 'tasks': [{'name': 'pick', 'params': {'weight': 2, 'x': 9, 'y': 1}}], 'arrive_timestamp': 1787681485, 'priority': 1, 'segment': 's3', 'preconditions': [], 'postconditions': ['picked-o3-4']}}
[INFO] [1787681776.798294325] [robot1.fragment_exec_node]: Received fragment assignment: f4-7. Starting execution.
[INFO] [1787681776.800282522] [robot1.fragment_exec_node]: Executing task pick. Params: {'weight': 2, 'x': 9, 'y': 1}, Virtual state: {'position': {'x': 11, 'y': 6, 'z': 0.0}, 'docked': False, 'battery': 100.0, 'conditions': ['picked-o1-1', 'picked-o1-2', 'picked-o2-2', 'picked-o1-4', 'picked-o2-4']}
[INFO] [1787681776.801522838] [robot1.fragment_exec_node]: EventType: Control (Task: pick), Activity: navigate, Robot: robot1, Mission: m4, Segment: s3, Start: 7793.539188649
[INFO] [1787681776.802796498] [robot1.fragment_exec_node]: Simulating navigate skill from position (11, 6) to (9, 1) (20.396078054371138 seconds)...
[INFO] [1787681797.202832323] [robot1.fragment_exec_node]: Navigation completed!
[INFO] [1787681797.207298899] [robot1.fragment_exec_node]: EventType: Control (Task: pick), Activity: navigate, Robot: robot1, Mission: m4, Segment: s3, End: 7813.942878205
[INFO] [1787681797.209121436] [robot1.fragment_exec_node]: EventType: Task, Activity: pick, Robot: robot1, Mission: m4, Segment: s3, Start: 7813.945672589
[INFO] [1787681797.210827276] [robot1.fragment_exec_node]: Simulating pick skill...
[INFO] [1787681799.214971220] [robot1.fragment_exec_node]: Pick completed!
[INFO] [1787681799.217942996] [robot1.fragment_exec_node]: EventType: Task, Activity: pick, Robot: robot1, Mission: m4, Segment: s3, End: 7815.953796126
[INFO] [1787681799.220947717] [robot1.fragment_exec_node]: Execution of fragment f4-7 completed!
[INFO] [1787681799.807754014] [robot1.fragment_exec_node]: Received fragment: {'robot': 'robot1', 'fragment': {'id': 'f4-8', 'mission': 'm4', 'state': 'assigned', 'wait': ['m4/s3/pick'], 'tasks': [{'name': 'scan', 'params': {'x': 9, 'y': 1}}], 'arrive_timestamp': 1787681485, 'priority': 1, 'segment': 's3', 'preconditions': [], 'postconditions': []}}
[INFO] [1787681799.808763084] [robot1.fragment_exec_node]: Received fragment assignment: f4-8. Starting execution.
[INFO] [1787681799.809932905] [robot1.fragment_exec_node]: Executing task scan. Params: {'x': 9, 'y': 1}, Virtual state: {'position': {'x': 9, 'y': 1, 'z': 0.0}, 'docked': False, 'battery': 100.0, 'conditions': ['picked-o1-1', 'picked-o1-2', 'picked-o2-2', 'picked-o1-4', 'picked-o2-4', 'picked-o3-4']}
[INFO] [1787681799.810935178] [robot1.fragment_exec_node]: EventType: Task, Activity: scan, Robot: robot1, Mission: m4, Segment: s3, Start: 7816.548008427
[INFO] [1787681799.811916606] [robot1.fragment_exec_node]: Simulating scan skill...
[INFO] [1787681802.816031107] [robot1.fragment_exec_node]: Scan completed!
[INFO] [1787681802.819121298] [robot1.fragment_exec_node]: EventType: Task, Activity: scan, Robot: robot1, Mission: m4, Segment: s3, End: 7819.554847165
[INFO] [1787681802.821479333] [robot1.fragment_exec_node]: Execution of fragment f4-8 completed!
[INFO] [1787681803.825700968] [robot1.fragment_exec_node]: Received fragment: {'robot': 'robot1', 'fragment': {'id': 'f4-9', 'mission': 'm4', 'state': 'assigned', 'wait': ['m4/s3/scan'], 'tasks': [{'name': 'transport', 'params': {'x': 11, 'y': 6}}], 'arrive_timestamp': 1787681485, 'priority': 1, 'segment': 's3', 'preconditions': ['picked-o3-4'], 'postconditions': []}}
[INFO] [1787681803.826249633] [robot1.fragment_exec_node]: Received fragment assignment: f4-9. Starting execution.
[INFO] [1787681803.826912755] [robot1.fragment_exec_node]: Executing task transport. Params: {'x': 11, 'y': 6}, Virtual state: {'position': {'x': 9, 'y': 1, 'z': 0.0}, 'docked': False, 'battery': 100.0, 'conditions': ['picked-o1-1', 'picked-o1-2', 'picked-o2-2', 'picked-o1-4', 'picked-o2-4', 'picked-o3-4']}
[INFO] [1787681803.827390425] [robot1.fragment_exec_node]: EventType: Control (Task: transport), Activity: navigate, Robot: robot1, Mission: m4, Segment: s3, Start: 7820.564791646
[INFO] [1787681803.827880894] [robot1.fragment_exec_node]: Simulating navigate skill from position (9, 1) to (11, 6) (7.211102550927978 seconds)...
[INFO] [1787681811.041923756] [robot1.fragment_exec_node]: Navigation completed!
[INFO] [1787681811.044998387] [robot1.fragment_exec_node]: EventType: Control (Task: transport), Activity: navigate, Robot: robot1, Mission: m4, Segment: s3, End: 7827.780818995
[INFO] [1787681811.047381365] [robot1.fragment_exec_node]: EventType: Task, Activity: transport, Robot: robot1, Mission: m4, Segment: s3, Start: 7827.783617421
[INFO] [1787681811.049064139] [robot1.fragment_exec_node]: Simulating navigate skill from position (11, 6) to (11, 6) (10.0 seconds)...
[INFO] [1787681821.053300700] [robot1.fragment_exec_node]: Navigation completed!
[INFO] [1787681821.061289637] [robot1.fragment_exec_node]: EventType: Task, Activity: transport, Robot: robot1, Mission: m4, Segment: s3, End: 7837.793095147
[INFO] [1787681821.065662522] [robot1.fragment_exec_node]: Execution of fragment f4-9 completed!
[INFO] [1787681821.795330268] [robot1.fragment_exec_node]: Received fragment: {'robot': 'robot1', 'fragment': {'id': "f4-10'", 'mission': 'm4', 'state': 'assigned', 'wait': [], 'tasks': [{'name': 'pick', 'params': {'weight': 1, 'x': 2, 'y': 4}}], 'arrive_timestamp': 1787681485, 'priority': 1, 'segment': 's4', 'preconditions': [], 'postconditions': ['picked-o4-4']}}
[INFO] [1787681821.796760561] [robot1.fragment_exec_node]: Received fragment assignment: f4-10'. Starting execution.
[INFO] [1787681821.798229060] [robot1.fragment_exec_node]: Executing task pick. Params: {'weight': 1, 'x': 2, 'y': 4}, Virtual state: {'position': {'x': 11, 'y': 6, 'z': 0.0}, 'docked': False, 'battery': 100.0, 'conditions': ['picked-o1-1', 'picked-o1-2', 'picked-o2-2', 'picked-o1-4', 'picked-o2-4', 'picked-o3-4']}
[INFO] [1787681821.799443131] [robot1.fragment_exec_node]: EventType: Control (Task: pick), Activity: navigate, Robot: robot1, Mission: m4, Segment: s4, Start: 7838.536153702
[INFO] [1787681821.800882559] [robot1.fragment_exec_node]: Simulating navigate skill from position (11, 6) to (2, 4) (22.80350850198276 seconds)...
[INFO] [1787681844.608312838] [robot1.fragment_exec_node]: Navigation completed!
[INFO] [1787681844.613036798] [robot1.fragment_exec_node]: EventType: Control (Task: pick), Activity: navigate, Robot: robot1, Mission: m4, Segment: s4, End: 7861.348503403
[INFO] [1787681844.614599619] [robot1.fragment_exec_node]: EventType: Task, Activity: pick, Robot: robot1, Mission: m4, Segment: s4, Start: 7861.351132933
[INFO] [1787681844.616268675] [robot1.fragment_exec_node]: Simulating pick skill...
[INFO] [1787681845.620388637] [robot1.fragment_exec_node]: Pick completed!
[INFO] [1787681845.623352725] [robot1.fragment_exec_node]: EventType: Task, Activity: pick, Robot: robot1, Mission: m4, Segment: s4, End: 7862.358926413
[INFO] [1787681845.626386578] [robot1.fragment_exec_node]: Execution of fragment f4-10' completed!
[INFO] [1787681845.837908915] [robot1.fragment_exec_node]: Received fragment: {'robot': 'robot1', 'fragment': {'id': 'f4-11', 'mission': 'm4', 'state': 'assigned', 'wait': ['m4/s4/pick'], 'tasks': [{'name': 'scan', 'params': {'x': 2, 'y': 4}}], 'arrive_timestamp': 1787681485, 'priority': 1, 'segment': 's4', 'preconditions': [], 'postconditions': []}}
[INFO] [1787681845.838476012] [robot1.fragment_exec_node]: Received fragment assignment: f4-11. Starting execution.
[INFO] [1787681845.839148919] [robot1.fragment_exec_node]: Executing task scan. Params: {'x': 2, 'y': 4}, Virtual state: {'position': {'x': 2, 'y': 4, 'z': 0.0}, 'docked': False, 'battery': 100.0, 'conditions': ['picked-o1-1', 'picked-o1-2', 'picked-o2-2', 'picked-o1-4', 'picked-o2-4', 'picked-o3-4', 'picked-o4-4']}
[INFO] [1787681845.839618896] [robot1.fragment_exec_node]: EventType: Task, Activity: scan, Robot: robot1, Mission: m4, Segment: s4, Start: 7862.576747009
[INFO] [1787681845.840110789] [robot1.fragment_exec_node]: Simulating scan skill...
[INFO] [1787681848.844632859] [robot1.fragment_exec_node]: Scan completed!
[INFO] [1787681848.846501092] [robot1.fragment_exec_node]: EventType: Task, Activity: scan, Robot: robot1, Mission: m4, Segment: s4, End: 7865.582574772
[INFO] [1787681848.848862328] [robot1.fragment_exec_node]: Execution of fragment f4-11 completed!
[INFO] [1787681849.794751667] [robot1.fragment_exec_node]: Received fragment: {'robot': 'robot1', 'fragment': {'id': 'f4-12', 'mission': 'm4', 'state': 'assigned', 'wait': ['m4/s4/scan'], 'tasks': [{'name': 'transport', 'params': {'x': 11, 'y': 6}}], 'arrive_timestamp': 1787681485, 'priority': 1, 'segment': 's4', 'preconditions': ['picked-o4-4'], 'postconditions': []}}
[INFO] [1787681849.795822609] [robot1.fragment_exec_node]: Received fragment assignment: f4-12. Starting execution.
[INFO] [1787681849.797565957] [robot1.fragment_exec_node]: Executing task transport. Params: {'x': 11, 'y': 6}, Virtual state: {'position': {'x': 2, 'y': 4, 'z': 0.0}, 'docked': False, 'battery': 100.0, 'conditions': ['picked-o1-1', 'picked-o1-2', 'picked-o2-2', 'picked-o1-4', 'picked-o2-4', 'picked-o3-4', 'picked-o4-4']}
[INFO] [1787681849.798723927] [robot1.fragment_exec_node]: EventType: Control (Task: transport), Activity: navigate, Robot: robot1, Mission: m4, Segment: s4, Start: 7866.53513238
[INFO] [1787681849.799681054] [robot1.fragment_exec_node]: Simulating navigate skill from position (2, 4) to (11, 6) (19.697715603592208 seconds)...
[INFO] [1787681869.499368267] [robot1.fragment_exec_node]: Navigation completed!
[INFO] [1787681869.502429079] [robot1.fragment_exec_node]: EventType: Control (Task: transport), Activity: navigate, Robot: robot1, Mission: m4, Segment: s4, End: 7886.238330738
[INFO] [1787681869.503986312] [robot1.fragment_exec_node]: EventType: Task, Activity: transport, Robot: robot1, Mission: m4, Segment: s4, Start: 7886.240237674
[INFO] [1787681869.505632231] [robot1.fragment_exec_node]: Simulating navigate skill from position (11, 6) to (11, 6) (10.0 seconds)...
[INFO] [1787681879.509287367] [robot1.fragment_exec_node]: Navigation completed!
[INFO] [1787681879.512171252] [robot1.fragment_exec_node]: EventType: Task, Activity: transport, Robot: robot1, Mission: m4, Segment: s4, End: 7896.247594223
[INFO] [1787681879.514818696] [robot1.fragment_exec_node]: Execution of fragment f4-12 completed!
[INFO] [1787681879.825107216] [robot1.fragment_exec_node]: Received fragment: {'robot': 'robot1', 'fragment': {'id': 'f4-13', 'mission': 'm4', 'state': 'assigned', 'wait': ['m4/s1/transport', 'm4/s2/transport', 'm4/s3/transport', 'm4/s4/transport'], 'tasks': [{'name': 'pack', 'params': {'x': 11, 'y': 6, 'items': 4}}], 'arrive_timestamp': 1787681485, 'priority': 1, 'segment': '', 'preconditions': [], 'postconditions': []}}
[INFO] [1787681879.825834969] [robot1.fragment_exec_node]: Received fragment assignment: f4-13. Starting execution.
[INFO] [1787681879.827066781] [robot1.fragment_exec_node]: Executing task pack. Params: {'x': 11, 'y': 6, 'items': 4}, Virtual state: {'position': {'x': 11, 'y': 6, 'z': 0.0}, 'docked': False, 'battery': 100.0, 'conditions': ['picked-o1-1', 'picked-o1-2', 'picked-o2-2', 'picked-o1-4', 'picked-o2-4', 'picked-o3-4', 'picked-o4-4']}
[INFO] [1787681879.827927608] [robot1.fragment_exec_node]: EventType: Task, Activity: pack, Robot: robot1, Mission: m4, Segment: , Start: 7896.564791495
[INFO] [1787681879.828424537] [robot1.fragment_exec_node]: Simulating pack skill...
[INFO] [1787681903.832399625] [robot1.fragment_exec_node]: Packing completed!
[INFO] [1787681903.835557923] [robot1.fragment_exec_node]: EventType: Task, Activity: pack, Robot: robot1, Mission: m4, Segment: , End: 7920.571034367
[INFO] [1787681903.839055162] [robot1.fragment_exec_node]: Execution of fragment f4-13 completed!
Traceback (most recent call last):
  File "/root/ros2_ws/install/multi3_executor/lib/multi3_executor/executor", line 33, in <module>
    sys.exit(load_entry_point('multi3-executor==0.0.0', 'console_scripts', 'executor')())
  File "/root/ros2_ws/install/multi3_executor/lib/python3.10/site-packages/multi3_executor/nodes/executor.py", line 236, in main
    rclpy.shutdown()
  File "/opt/ros/humble/local/lib/python3.10/dist-packages/rclpy/__init__.py", line 130, in shutdown
    _shutdown(context=context)
  File "/opt/ros/humble/local/lib/python3.10/dist-packages/rclpy/utilities.py", line 58, in shutdown
    return context.shutdown()
  File "/opt/ros/humble/local/lib/python3.10/dist-packages/rclpy/context.py", line 102, in shutdown
    self.__context.shutdown()
rclpy._rclpy_pybind11.RCLError: failed to shutdown: rcl_shutdown already called on the given context, at ./src/rcl/init.c:241
