[?2004h]0;root@e17d59a2f22d: ~/ros2_wsroot@e17d59a2f22d:~/ros2_ws# ./run_multi3.sh ---[Krobots 1
[?2004lStarting: ros2 run multi3_coordinator coordinator
[INFO] [1786728769.058623011] [multi3_coordinator_node]: Coordinator node started.
Starting: ros2 run multi3_executor executor --ros-args -p robot_name:=robot1
[INFO] [1786728772.008808885] [robot1.fragment_exec_node]: Setting up skill: PickSkill
[INFO] [1786728772.009467082] [robot1.fragment_exec_node]: Setting up skill: ScanSkill
[INFO] [1786728772.009852134] [robot1.fragment_exec_node]: Setting up skill: NavigateSkill
[INFO] [1786728772.010327751] [robot1.fragment_exec_node]: Setting up skill: NavigateSkill
[INFO] [1786728772.010821330] [robot1.fragment_exec_node]: Setting up skill: DockSkill
[INFO] [1786728772.011296629] [robot1.fragment_exec_node]: Setting up skill: UndockSkill
[INFO] [1786728772.011833283] [robot1.fragment_exec_node]: Setting up skill: PackSkill
[INFO] [1786728772.017544533] [robot1.fragment_exec_node]: Published robot registration: {'name': 'robot1', 'state': 'idle', 'capabilities': ['pick', 'scan', 'transport', 'pack']}
[INFO] [1786728772.017743985] [multi3_coordinator_node]: Received new robot info: {'name': 'robot1', 'state': 'idle', 'capabilities': ['pick', 'scan', 'transport', 'pack'], 'last_heartbeat': 1786728772}
[INFO] [1786728791.492428100] [multi3_coordinator_node]: Received mission: {'mission': 'm1', 'priority': 1, 'fragments': [{'id': 'f1-1', 'wait': [], 'tasks': [{'name': 'pick', 'params': {'x': 2, 'y': 3}}], 'segment': 's1'}, {'id': 'f1-2', 'wait': ['m1/s1/pick'], 'tasks': [{'name': 'scan', 'params': {'x': 2, 'y': 3}}], 'segment': 's1'}, {'id': 'f1-3', 'wait': ['m1/s1/scan'], 'tasks': [{'name': 'transport', 'params': {'x': 2, 'y': 3}}], 'segment': 's1'}, {'id': 'f1-4', 'wait': ['m1/s1/transport'], 'tasks': [{'name': 'pack', 'params': {'x': 2, 'y': 3}}], 'segment': ''}]}
[INFO] [1786728791.493309784] [multi3_coordinator_node]: Fragment f1-1 is now executable because all signal messages were received.
[INFO] [1786728795.251494513] [multi3_coordinator_node]: Execution start signal received. Starting fragment assignment.
[INFO] [1786728796.254369630] [multi3_coordinator_node]: Assigned fragment f1-1 to robot robot1.
[INFO] [1786728796.258335680] [robot1.fragment_exec_node]: Received fragment: {'robot': 'robot1', 'fragment': {'id': 'f1-1', 'mission': 'm1', 'state': 'assigned', 'wait': [], 'tasks': [{'name': 'pick', 'params': {'x': 2, 'y': 3}}], 'arrive_timestamp': 1786728791, 'priority': 1, 'segment': 's1'}}
[INFO] [1786728796.259133378] [robot1.fragment_exec_node]: Received fragment assignment: f1-1. Starting execution.
[INFO] [1786728796.260147361] [robot1.fragment_exec_node]: Executing task pick. Params: {'x': 2, 'y': 3}, Virtual state: {'position': {'x': 0.0, 'y': 0.0, 'z': 0.0}, 'docked': True, 'battery': 100.0}
[INFO] [1786728796.260506723] [multi3_coordinator_node]: Received robot state update: {'state': 'working', 'current_assigned_fragment': 'f1-1'}
[INFO] [1786728796.260982907] [robot1.fragment_exec_node]: EventType: Control, Activity: undock, Robot: robot1, Mission: m1, Segment: s1, Start: 1330.181652096
[INFO] [1786728796.261726442] [robot1.fragment_exec_node]: Simulating undock skill...
[INFO] [1786728797.513676685] [robot1.fragment_exec_node]: Undock completed!
[INFO] [1786728797.514653697] [robot1.fragment_exec_node]: EventType: Control, Activity: undock, Robot: robot1, Mission: m1, Segment: s1, End: 1331.435270972
[INFO] [1786728797.516257743] [robot1.fragment_exec_node]: EventType: Control, Activity: navigate, Robot: robot1, Mission: m1, Segment: s1, Start: 1331.436256371
[INFO] [1786728797.517303951] [robot1.fragment_exec_node]: Simulating navigate skill to position 2, 3...
[INFO] [1786728801.345117003] [robot1.fragment_exec_node]: Navigation completed!
[INFO] [1786728801.346296922] [robot1.fragment_exec_node]: EventType: Control, Activity: navigate, Robot: robot1, Mission: m1, Segment: s1, End: 1335.266715185
[INFO] [1786728801.347519152] [robot1.fragment_exec_node]: EventType: Task, Activity: pick, Robot: robot1, Mission: m1, Segment: s1, Start: 1335.267826094
[INFO] [1786728801.350041544] [robot1.fragment_exec_node]: Simulating pick skill...
[INFO] [1786728803.890257013] [robot1.fragment_exec_node]: Pick completed!
[INFO] [1786728803.892563129] [robot1.fragment_exec_node]: EventType: Task, Activity: pick, Robot: robot1, Mission: m1, Segment: s1, End: 1337.811955792
[INFO] [1786728803.895726385] [robot1.fragment_exec_node]: Execution of fragment f1-1 completed!
[INFO] [1786728803.896568846] [multi3_coordinator_node]: Fragment f1-2 is now executable because all signal messages were received.
[INFO] [1786728803.898247857] [multi3_coordinator_node]: Received coordination message: {'robot_name': 'robot1', 'completed_task': 'm1/s1/pick'}
[INFO] [1786728803.900258130] [multi3_coordinator_node]: Received robot state update: {'state': 'idle', 'current_assigned_fragment': None}
[INFO] [1786728803.902587180] [multi3_coordinator_node]: Received coordination message: {'robot_name': 'robot1', 'completed_fragment': 'f1-1'}
[INFO] [1786728804.256399554] [multi3_coordinator_node]: Assigned fragment f1-2 to robot robot1.
[INFO] [1786728804.287300583] [robot1.fragment_exec_node]: Received fragment: {'robot': 'robot1', 'fragment': {'id': 'f1-2', 'mission': 'm1', 'state': 'assigned', 'wait': ['m1/s1/pick'], 'tasks': [{'name': 'scan', 'params': {'x': 2, 'y': 3}}], 'arrive_timestamp': 1786728791, 'priority': 1, 'segment': 's1'}}
[INFO] [1786728804.287714681] [robot1.fragment_exec_node]: Received fragment assignment: f1-2. Starting execution.
[INFO] [1786728804.288658963] [robot1.fragment_exec_node]: Waiting for coordination messages before executing fragment f1-2: ['m1/s1/pick']
[INFO] [1786728804.289093138] [multi3_coordinator_node]: Received robot state update: {'state': 'working', 'current_assigned_fragment': 'f1-2'}
[INFO] [1786728806.293793525] [robot1.fragment_exec_node]: Executing task scan. Params: {'x': 2, 'y': 3}, Virtual state: {'position': {'x': 2, 'y': 3, 'z': 0.0}, 'docked': False, 'battery': 100.0}
[INFO] [1786728806.295745151] [robot1.fragment_exec_node]: EventType: Task, Activity: scan, Robot: robot1, Mission: m1, Segment: s1, Start: 1340.215739059
[INFO] [1786728806.297257785] [robot1.fragment_exec_node]: Simulating scan skill...
[INFO] [1786728807.737117376] [robot1.fragment_exec_node]: Scan completed!
[INFO] [1786728807.738915571] [robot1.fragment_exec_node]: EventType: Task, Activity: scan, Robot: robot1, Mission: m1, Segment: s1, End: 1341.658813551
[INFO] [1786728807.742139263] [robot1.fragment_exec_node]: Execution of fragment f1-2 completed!
[INFO] [1786728807.743255333] [multi3_coordinator_node]: Fragment f1-3 is now executable because all signal messages were received.
[INFO] [1786728807.745444495] [multi3_coordinator_node]: Received coordination message: {'robot_name': 'robot1', 'completed_task': 'm1/s1/scan'}
[INFO] [1786728807.748293790] [multi3_coordinator_node]: Received robot state update: {'state': 'idle', 'current_assigned_fragment': None}
[INFO] [1786728807.751225840] [multi3_coordinator_node]: Received coordination message: {'robot_name': 'robot1', 'completed_fragment': 'f1-2'}
[INFO] [1786728808.255651212] [multi3_coordinator_node]: Assigned fragment f1-3 to robot robot1.
[INFO] [1786728808.276103280] [robot1.fragment_exec_node]: Received fragment: {'robot': 'robot1', 'fragment': {'id': 'f1-3', 'mission': 'm1', 'state': 'assigned', 'wait': ['m1/s1/scan'], 'tasks': [{'name': 'transport', 'params': {'x': 2, 'y': 3}}], 'arrive_timestamp': 1786728791, 'priority': 1, 'segment': 's1'}}
[INFO] [1786728808.276818827] [robot1.fragment_exec_node]: Received fragment assignment: f1-3. Starting execution.
[INFO] [1786728808.278574938] [robot1.fragment_exec_node]: Waiting for coordination messages before executing fragment f1-3: ['m1/s1/scan']
[INFO] [1786728808.279890356] [multi3_coordinator_node]: Received robot state update: {'state': 'working', 'current_assigned_fragment': 'f1-3'}
[INFO] [1786728810.284469105] [robot1.fragment_exec_node]: Executing task transport. Params: {'x': 2, 'y': 3}, Virtual state: {'position': {'x': 2, 'y': 3, 'z': 0.0}, 'docked': False, 'battery': 100.0}
[INFO] [1786728810.287133976] [robot1.fragment_exec_node]: EventType: Task, Activity: transport, Robot: robot1, Mission: m1, Segment: s1, Start: 1344.206191119
[INFO] [1786728810.288650367] [robot1.fragment_exec_node]: Simulating navigate skill to position 2, 3...
[INFO] [1786728815.410373758] [robot1.fragment_exec_node]: Navigation completed!
[INFO] [1786728815.411004446] [robot1.fragment_exec_node]: EventType: Task, Activity: transport, Robot: robot1, Mission: m1, Segment: s1, End: 1349.331882203
[INFO] [1786728815.412143772] [robot1.fragment_exec_node]: Execution of fragment f1-3 completed!
[INFO] [1786728815.412862320] [multi3_coordinator_node]: Fragment f1-4 is now executable because all signal messages were received.
[INFO] [1786728815.413964361] [multi3_coordinator_node]: Received coordination message: {'robot_name': 'robot1', 'completed_task': 'm1/s1/transport'}
[INFO] [1786728815.418657491] [multi3_coordinator_node]: Received robot state update: {'state': 'idle', 'current_assigned_fragment': None}
[INFO] [1786728815.420712142] [multi3_coordinator_node]: Received coordination message: {'robot_name': 'robot1', 'completed_fragment': 'f1-3'}
[INFO] [1786728816.256993830] [multi3_coordinator_node]: Assigned fragment f1-4 to robot robot1.
[INFO] [1786728816.283973576] [robot1.fragment_exec_node]: Received fragment: {'robot': 'robot1', 'fragment': {'id': 'f1-4', 'mission': 'm1', 'state': 'assigned', 'wait': ['m1/s1/transport'], 'tasks': [{'name': 'pack', 'params': {'x': 2, 'y': 3}}], 'arrive_timestamp': 1786728791, 'priority': 1, 'segment': ''}}
[INFO] [1786728816.284620383] [robot1.fragment_exec_node]: Received fragment assignment: f1-4. Starting execution.
[INFO] [1786728816.286505931] [robot1.fragment_exec_node]: Waiting for coordination messages before executing fragment f1-4: ['m1/s1/transport']
[INFO] [1786728816.286528295] [multi3_coordinator_node]: Received robot state update: {'state': 'working', 'current_assigned_fragment': 'f1-4'}
[INFO] [1786728818.291575790] [robot1.fragment_exec_node]: Executing task pack. Params: {'x': 2, 'y': 3}, Virtual state: {'position': {'x': 2, 'y': 3, 'z': 0.0}, 'docked': False, 'battery': 100.0}
[INFO] [1786728818.293390572] [robot1.fragment_exec_node]: EventType: Task, Activity: pack, Robot: robot1, Mission: m1, Segment: , Start: 1352.212931668
[INFO] [1786728818.294902144] [robot1.fragment_exec_node]: Simulating pack skill...
[INFO] [1786728823.549895106] [robot1.fragment_exec_node]: Packing completed!
[INFO] [1786728823.551658194] [robot1.fragment_exec_node]: EventType: Task, Activity: pack, Robot: robot1, Mission: m1, Segment: , End: 1357.471352542
[INFO] [1786728823.555531086] [multi3_coordinator_node]: Received coordination message: {'robot_name': 'robot1', 'completed_task': 'm1//pack'}
[INFO] [1786728823.555721832] [robot1.fragment_exec_node]: Execution of fragment f1-4 completed!
[INFO] [1786728823.557797694] [multi3_coordinator_node]: Received coordination message: {'robot_name': 'robot1', 'completed_fragment': 'f1-4'}
[INFO] [1786728823.561040096] [multi3_coordinator_node]: Received robot state update: {'state': 'idle', 'current_assigned_fragment': None}
