=== Test: spec: robots=3, missions=[1], strategy=baseline


--- coordinator.log ---
[INFO] [1787687102.878689704] [multi3_coordinator_node]: Assignment strategy parameter: baseline
[INFO] [1787687102.879657214] [multi3_coordinator_node]: Using assignment strategy: baseline
[INFO] [1787687102.886721206] [multi3_coordinator_node]: Coordinator node started.
[INFO] [1787687105.911041461] [multi3_coordinator_node]: Received new robot info: {'name': 'robot1', 'operational_state': 'idle', 'capabilities': ['pick', 'scan', 'transport', 'pack'], 'state': {'position': {'x': 0.0, 'y': 0.0, 'z': 0.0}, 'docked': True, 'battery': 100.0, 'conditions': []}, 'last_heartbeat': 1787687105}
[INFO] [1787687108.287483586] [multi3_coordinator_node]: Received new robot info: {'name': 'robot2', 'operational_state': 'idle', 'capabilities': ['pick', 'scan', 'transport', 'pack'], 'state': {'position': {'x': 0.0, 'y': 0.0, 'z': 0.0}, 'docked': True, 'battery': 100.0, 'conditions': []}, 'last_heartbeat': 1787687108}
[INFO] [1787687110.289253619] [multi3_coordinator_node]: Received new robot info: {'name': 'robot3', 'operational_state': 'idle', 'capabilities': ['pick', 'scan', 'transport', 'pack'], 'state': {'position': {'x': 0.0, 'y': 0.0, 'z': 0.0}, 'docked': True, 'battery': 100.0, 'conditions': []}, 'last_heartbeat': 1787687110}
[INFO] [1787687111.797319565] [multi3_coordinator_node]: Received mission: {'mission': 'm1', 'priority': 1, 'fragments': [{'id': 'f1-1', 'wait': [], 'tasks': [{'name': 'pick', 'params': {'x': 5, 'y': 8, 'weight': 8}}], 'postconditions': ['picked-o1-1'], 'segment': 's1'}, {'id': 'f1-2', 'wait': ['m1/s1/pick'], 'tasks': [{'name': 'scan', 'params': {'x': 5, 'y': 8}}], 'segment': 's1'}, {'id': 'f1-3', 'wait': ['m1/s1/scan'], 'tasks': [{'name': 'transport', 'params': {'x': 11, 'y': 6}}], 'preconditions': ['picked-o1-1'], 'segment': 's1'}, {'id': 'f1-4', 'wait': ['m1/s1/transport'], 'tasks': [{'name': 'pack', 'params': {'x': 11, 'y': 6, 'items': 1}}], 'segment': ''}]}
[INFO] [1787687111.800205714] [multi3_coordinator_node]: Fragment f1-1 is now executable because all signal messages were received.
[INFO] [1787687112.102726364] [multi3_coordinator_node]: Execution start signal received. Starting fragment assignment.
[INFO] [1787687113.108564696] [multi3_coordinator_node]: Assigned fragment f1-1 to robot robot1.
[INFO] [1787687113.117268523] [multi3_coordinator_node]: Received robot state update: {'operational_state': 'working', 'current_assigned_fragment': 'f1-1', 'conditions': [], 'state': {'position': {'x': 0.0, 'y': 0.0, 'z': 0.0}, 'docked': True, 'battery': 100.0, 'conditions': []}}
[INFO] [1787687144.015748141] [multi3_coordinator_node]: Fragment f1-2 is now executable because all signal messages were received.
[INFO] [1787687144.017745878] [multi3_coordinator_node]: Received coordination message: {'robot_name': 'robot1', 'completed_task': 'm1/s1/pick'}
[INFO] [1787687144.020596262] [multi3_coordinator_node]: Received robot state update: {'operational_state': 'idle', 'current_assigned_fragment': None, 'conditions': ['picked-o1-1'], 'state': {'position': {'x': 5, 'y': 8, 'z': 0.0}, 'docked': False, 'battery': 100.0, 'conditions': ['picked-o1-1']}}
[INFO] [1787687144.022252408] [multi3_coordinator_node]: Received coordination message: {'robot_name': 'robot1', 'completed_fragment': 'f1-1', 'state': {'position': {'x': 5, 'y': 8, 'z': 0.0}, 'docked': False, 'battery': 100.0, 'conditions': ['picked-o1-1']}}
[INFO] [1787687144.107981548] [multi3_coordinator_node]: Assigned fragment f1-2 to robot robot2.
[INFO] [1787687144.133228600] [multi3_coordinator_node]: Received robot state update: {'operational_state': 'working', 'current_assigned_fragment': 'f1-2', 'conditions': [], 'state': {'position': {'x': 0.0, 'y': 0.0, 'z': 0.0}, 'docked': True, 'battery': 100.0, 'conditions': []}}
[INFO] [1787687172.034753180] [multi3_coordinator_node]: Fragment f1-3 is now executable because all signal messages were received.
[INFO] [1787687172.036376670] [multi3_coordinator_node]: Received coordination message: {'robot_name': 'robot2', 'completed_task': 'm1/s1/scan'}
[INFO] [1787687172.038783117] [multi3_coordinator_node]: Received robot state update: {'operational_state': 'idle', 'current_assigned_fragment': None, 'conditions': [], 'state': {'position': {'x': 5, 'y': 8, 'z': 0.0}, 'docked': False, 'battery': 100.0, 'conditions': []}}
[INFO] [1787687172.041111776] [multi3_coordinator_node]: Received coordination message: {'robot_name': 'robot2', 'completed_fragment': 'f1-2', 'state': {'position': {'x': 5, 'y': 8, 'z': 0.0}, 'docked': False, 'battery': 100.0, 'conditions': []}}
[INFO] [1787687172.109461363] [multi3_coordinator_node]: Assigned fragment f1-3 to robot robot1.
[INFO] [1787687172.119688016] [multi3_coordinator_node]: Received robot state update: {'operational_state': 'working', 'current_assigned_fragment': 'f1-3', 'conditions': ['picked-o1-1'], 'state': {'position': {'x': 5, 'y': 8, 'z': 0.0}, 'docked': False, 'battery': 100.0, 'conditions': ['picked-o1-1']}}
[INFO] [1787687196.306542697] [multi3_coordinator_node]: Fragment f1-4 is now executable because all signal messages were received.
[INFO] [1787687196.308081102] [multi3_coordinator_node]: Received coordination message: {'robot_name': 'robot1', 'completed_task': 'm1/s1/transport'}
[INFO] [1787687196.309934157] [multi3_coordinator_node]: Received robot state update: {'operational_state': 'idle', 'current_assigned_fragment': None, 'conditions': ['picked-o1-1'], 'state': {'position': {'x': 11, 'y': 6, 'z': 0.0}, 'docked': False, 'battery': 100.0, 'conditions': ['picked-o1-1']}}
[INFO] [1787687196.311051140] [multi3_coordinator_node]: Received coordination message: {'robot_name': 'robot1', 'completed_fragment': 'f1-3', 'state': {'position': {'x': 11, 'y': 6, 'z': 0.0}, 'docked': False, 'battery': 100.0, 'conditions': ['picked-o1-1']}}
[INFO] [1787687197.105810943] [multi3_coordinator_node]: Assigned fragment f1-4 to robot robot2.
[INFO] [1787687197.120074140] [multi3_coordinator_node]: Received robot state update: {'operational_state': 'working', 'current_assigned_fragment': 'f1-4', 'conditions': [], 'state': {'position': {'x': 5, 'y': 8, 'z': 0.0}, 'docked': False, 'battery': 100.0, 'conditions': []}}
[INFO] [1787687215.295956721] [multi3_coordinator_node]: Received coordination message: {'robot_name': 'robot2', 'completed_task': 'm1//pack'}
[INFO] [1787687215.298219972] [multi3_coordinator_node]: Received robot state update: {'operational_state': 'idle', 'current_assigned_fragment': None, 'conditions': [], 'state': {'position': {'x': 11, 'y': 6, 'z': 0.0}, 'docked': False, 'battery': 100.0, 'conditions': []}}
[INFO] [1787687215.299662757] [multi3_coordinator_node]: Received coordination message: {'robot_name': 'robot2', 'completed_fragment': 'f1-4', 'state': {'position': {'x': 11, 'y': 6, 'z': 0.0}, 'docked': False, 'battery': 100.0, 'conditions': []}}
Traceback (most recent call last):
  File "/root/ros2_ws/install/multi3_coordinator/lib/python3.10/site-packages/nodes/coordinator.py", line 294, in main
    rclpy.spin(node)
  File "/opt/ros/humble/local/lib/python3.10/dist-packages/rclpy/__init__.py", line 229, in spin
    executor.spin_once()
  File "/opt/ros/humble/local/lib/python3.10/dist-packages/rclpy/executors.py", line 808, in spin_once
    self._spin_once_impl(timeout_sec)
  File "/opt/ros/humble/local/lib/python3.10/dist-packages/rclpy/executors.py", line 797, in _spin_once_impl
    handler, entity, node = self.wait_for_ready_callbacks(timeout_sec=timeout_sec)
  File "/opt/ros/humble/local/lib/python3.10/dist-packages/rclpy/executors.py", line 780, in wait_for_ready_callbacks
    return next(self._cb_iter)
  File "/opt/ros/humble/local/lib/python3.10/dist-packages/rclpy/executors.py", line 681, in _wait_for_ready_callbacks
    raise ExternalShutdownException()
rclpy.executors.ExternalShutdownException

During handling of the above exception, another exception occurred:

Traceback (most recent call last):
  File "/root/ros2_ws/install/multi3_coordinator/lib/multi3_coordinator/coordinator", line 33, in <module>
    sys.exit(load_entry_point('multi3-coordinator==0.0.0', 'console_scripts', 'coordinator')())
  File "/root/ros2_ws/install/multi3_coordinator/lib/python3.10/site-packages/nodes/coordinator.py", line 299, in main
    rclpy.shutdown()
  File "/opt/ros/humble/local/lib/python3.10/dist-packages/rclpy/__init__.py", line 130, in shutdown
    _shutdown(context=context)
  File "/opt/ros/humble/local/lib/python3.10/dist-packages/rclpy/utilities.py", line 58, in shutdown
    return context.shutdown()
  File "/opt/ros/humble/local/lib/python3.10/dist-packages/rclpy/context.py", line 102, in shutdown
    self.__context.shutdown()
rclpy._rclpy_pybind11.RCLError: failed to shutdown: rcl_shutdown already called on the given context, at ./src/rcl/init.c:241

--- executor_robot1.log ---
[INFO] [1787687105.899715846] [robot1.fragment_exec_node]: Setting up skill: PickSkill
[INFO] [1787687105.900869644] [robot1.fragment_exec_node]: Setting up skill: ScanSkill
[INFO] [1787687105.901606457] [robot1.fragment_exec_node]: Setting up skill: NavigateSkill
[INFO] [1787687105.902227076] [robot1.fragment_exec_node]: Setting up skill: NavigateSkill
[INFO] [1787687105.902839360] [robot1.fragment_exec_node]: Setting up skill: DockSkill
[INFO] [1787687105.903485147] [robot1.fragment_exec_node]: Setting up skill: UndockSkill
[INFO] [1787687105.904441895] [robot1.fragment_exec_node]: Setting up skill: PackSkill
[INFO] [1787687105.910684001] [robot1.fragment_exec_node]: Published robot registration: {'name': 'robot1', 'operational_state': 'idle', 'capabilities': ['pick', 'scan', 'transport', 'pack'], 'state': {'position': {'x': 0.0, 'y': 0.0, 'z': 0.0}, 'docked': True, 'battery': 100.0, 'conditions': []}}
[INFO] [1787687113.112315315] [robot1.fragment_exec_node]: Received fragment: {'robot': 'robot1', 'fragment': {'id': 'f1-1', 'mission': 'm1', 'state': 'assigned', 'wait': [], 'tasks': [{'name': 'pick', 'params': {'x': 5, 'y': 8, 'weight': 8}}], 'arrive_timestamp': 1787687111, 'priority': 1, 'segment': 's1', 'preconditions': [], 'postconditions': ['picked-o1-1']}}
[INFO] [1787687113.114356298] [robot1.fragment_exec_node]: Received fragment assignment: f1-1. Starting execution.
[INFO] [1787687113.116148680] [robot1.fragment_exec_node]: Executing task pick. Params: {'x': 5, 'y': 8, 'weight': 8}, Virtual state: {'position': {'x': 0.0, 'y': 0.0, 'z': 0.0}, 'docked': True, 'battery': 100.0, 'conditions': []}
[INFO] [1787687113.117788524] [robot1.fragment_exec_node]: EventType: Control (Task: pick), Activity: undock, Robot: robot1, Mission: m1, Segment: s1, Start: 13129.961612405
[INFO] [1787687113.119144032] [robot1.fragment_exec_node]: Simulating undock skill...
[INFO] [1787687117.122553338] [robot1.fragment_exec_node]: Undock completed!
[INFO] [1787687117.124817249] [robot1.fragment_exec_node]: EventType: Control (Task: pick), Activity: undock, Robot: robot1, Mission: m1, Segment: s1, End: 13133.96845643
[INFO] [1787687117.126587253] [robot1.fragment_exec_node]: EventType: Control (Task: pick), Activity: navigate, Robot: robot1, Mission: m1, Segment: s1, Start: 13133.970272939
[INFO] [1787687117.128291592] [robot1.fragment_exec_node]: Simulating navigate skill from position (0.0, 0.0) to (5, 8) (18.867962264113206 seconds)...
[INFO] [1787687135.999333732] [robot1.fragment_exec_node]: Navigation completed!
[INFO] [1787687136.001471388] [robot1.fragment_exec_node]: EventType: Control (Task: pick), Activity: navigate, Robot: robot1, Mission: m1, Segment: s1, End: 13152.845533991
[INFO] [1787687136.003267849] [robot1.fragment_exec_node]: EventType: Task, Activity: pick, Robot: robot1, Mission: m1, Segment: s1, Start: 13152.847420571
[INFO] [1787687136.004642984] [robot1.fragment_exec_node]: Simulating pick skill...
[INFO] [1787687144.008392197] [robot1.fragment_exec_node]: Pick completed!
[INFO] [1787687144.011447443] [robot1.fragment_exec_node]: EventType: Task, Activity: pick, Robot: robot1, Mission: m1, Segment: s1, End: 13160.854798487
[INFO] [1787687144.015380712] [robot1.fragment_exec_node]: Execution of fragment f1-1 completed!
[INFO] [1787687144.128421146] [robot1.fragment_exec_node]: Received fragment: {'robot': 'robot2', 'fragment': {'id': 'f1-2', 'mission': 'm1', 'state': 'assigned', 'wait': ['m1/s1/pick'], 'tasks': [{'name': 'scan', 'params': {'x': 5, 'y': 8}}], 'arrive_timestamp': 1787687111, 'priority': 1, 'segment': 's1', 'preconditions': [], 'postconditions': []}}
[INFO] [1787687172.113891514] [robot1.fragment_exec_node]: Received fragment: {'robot': 'robot1', 'fragment': {'id': 'f1-3', 'mission': 'm1', 'state': 'assigned', 'wait': ['m1/s1/scan'], 'tasks': [{'name': 'transport', 'params': {'x': 11, 'y': 6}}], 'arrive_timestamp': 1787687111, 'priority': 1, 'segment': 's1', 'preconditions': ['picked-o1-1'], 'postconditions': []}}
[INFO] [1787687172.115684264] [robot1.fragment_exec_node]: Received fragment assignment: f1-3. Starting execution.
[INFO] [1787687172.118317583] [robot1.fragment_exec_node]: Waiting for coordination messages before executing fragment f1-3: ['m1/s1/scan']
[INFO] [1787687174.123456810] [robot1.fragment_exec_node]: Executing task transport. Params: {'x': 11, 'y': 6}, Virtual state: {'position': {'x': 5, 'y': 8, 'z': 0.0}, 'docked': False, 'battery': 100.0, 'conditions': ['picked-o1-1']}
[INFO] [1787687174.125189964] [robot1.fragment_exec_node]: EventType: Control (Task: transport), Activity: navigate, Robot: robot1, Mission: m1, Segment: s1, Start: 13190.969622013
[INFO] [1787687174.126575736] [robot1.fragment_exec_node]: Simulating navigate skill from position (5, 8) to (11, 6) (12.165525060596439 seconds)...
[INFO] [1787687186.294431718] [robot1.fragment_exec_node]: Navigation completed!
[INFO] [1787687186.296444414] [robot1.fragment_exec_node]: EventType: Control (Task: transport), Activity: navigate, Robot: robot1, Mission: m1, Segment: s1, End: 13203.140782148
[INFO] [1787687186.298316158] [robot1.fragment_exec_node]: EventType: Task, Activity: transport, Robot: robot1, Mission: m1, Segment: s1, Start: 13203.142633131
[INFO] [1787687186.300136649] [robot1.fragment_exec_node]: Simulating navigate skill from position (11, 6) to (11, 6) (10.0 seconds)...
[INFO] [1787687196.302536022] [robot1.fragment_exec_node]: Navigation completed!
[INFO] [1787687196.304182389] [robot1.fragment_exec_node]: EventType: Task, Activity: transport, Robot: robot1, Mission: m1, Segment: s1, End: 13213.149257126
[INFO] [1787687196.306004074] [robot1.fragment_exec_node]: Execution of fragment f1-3 completed!
[INFO] [1787687197.109872549] [robot1.fragment_exec_node]: Received fragment: {'robot': 'robot2', 'fragment': {'id': 'f1-4', 'mission': 'm1', 'state': 'assigned', 'wait': ['m1/s1/transport'], 'tasks': [{'name': 'pack', 'params': {'x': 11, 'y': 6, 'items': 1}}], 'arrive_timestamp': 1787687111, 'priority': 1, 'segment': '', 'preconditions': [], 'postconditions': []}}
Traceback (most recent call last):
  File "/root/ros2_ws/install/multi3_executor/lib/multi3_executor/executor", line 33, in <module>
    sys.exit(load_entry_point('multi3-executor==0.0.0', 'console_scripts', 'executor')())
  File "/root/ros2_ws/install/multi3_executor/lib/python3.10/site-packages/multi3_executor/nodes/executor.py", line 236, in main
    rclpy.shutdown()
  File "/opt/ros/humble/local/lib/python3.10/dist-packages/rclpy/__init__.py", line 130, in shutdown
    _shutdown(context=context)
  File "/opt/ros/humble/local/lib/python3.10/dist-packages/rclpy/utilities.py", line 58, in shutdown
    return context.shutdown()
  File "/opt/ros/humble/local/lib/python3.10/dist-packages/rclpy/context.py", line 102, in shutdown
    self.__context.shutdown()
rclpy._rclpy_pybind11.RCLError: failed to shutdown: rcl_shutdown already called on the given context, at ./src/rcl/init.c:241

--- executor_robot2.log ---
[INFO] [1787687108.274914710] [robot2.fragment_exec_node]: Setting up skill: PickSkill
[INFO] [1787687108.276700922] [robot2.fragment_exec_node]: Setting up skill: ScanSkill
[INFO] [1787687108.277535595] [robot2.fragment_exec_node]: Setting up skill: NavigateSkill
[INFO] [1787687108.278150733] [robot2.fragment_exec_node]: Setting up skill: NavigateSkill
[INFO] [1787687108.278964100] [robot2.fragment_exec_node]: Setting up skill: DockSkill
[INFO] [1787687108.279681734] [robot2.fragment_exec_node]: Setting up skill: UndockSkill
[INFO] [1787687108.280573013] [robot2.fragment_exec_node]: Setting up skill: PackSkill
[INFO] [1787687108.287276315] [robot2.fragment_exec_node]: Published robot registration: {'name': 'robot2', 'operational_state': 'idle', 'capabilities': ['pick', 'scan', 'transport', 'pack'], 'state': {'position': {'x': 0.0, 'y': 0.0, 'z': 0.0}, 'docked': True, 'battery': 100.0, 'conditions': []}}
[INFO] [1787687113.115609564] [robot2.fragment_exec_node]: Received fragment: {'robot': 'robot1', 'fragment': {'id': 'f1-1', 'mission': 'm1', 'state': 'assigned', 'wait': [], 'tasks': [{'name': 'pick', 'params': {'x': 5, 'y': 8, 'weight': 8}}], 'arrive_timestamp': 1787687111, 'priority': 1, 'segment': 's1', 'preconditions': [], 'postconditions': ['picked-o1-1']}}
[INFO] [1787687144.130161524] [robot2.fragment_exec_node]: Received fragment: {'robot': 'robot2', 'fragment': {'id': 'f1-2', 'mission': 'm1', 'state': 'assigned', 'wait': ['m1/s1/pick'], 'tasks': [{'name': 'scan', 'params': {'x': 5, 'y': 8}}], 'arrive_timestamp': 1787687111, 'priority': 1, 'segment': 's1', 'preconditions': [], 'postconditions': []}}
[INFO] [1787687144.131356383] [robot2.fragment_exec_node]: Received fragment assignment: f1-2. Starting execution.
[INFO] [1787687144.132716946] [robot2.fragment_exec_node]: Waiting for coordination messages before executing fragment f1-2: ['m1/s1/pick']
[INFO] [1787687146.138469858] [robot2.fragment_exec_node]: Executing task scan. Params: {'x': 5, 'y': 8}, Virtual state: {'position': {'x': 0.0, 'y': 0.0, 'z': 0.0}, 'docked': True, 'battery': 100.0, 'conditions': []}
[INFO] [1787687146.140489497] [robot2.fragment_exec_node]: EventType: Control (Task: scan), Activity: undock, Robot: robot2, Mission: m1, Segment: s1, Start: 13162.984614077
[INFO] [1787687146.142197988] [robot2.fragment_exec_node]: Simulating undock skill...
[INFO] [1787687150.146602391] [robot2.fragment_exec_node]: Undock completed!
[INFO] [1787687150.149412520] [robot2.fragment_exec_node]: EventType: Control (Task: scan), Activity: undock, Robot: robot2, Mission: m1, Segment: s1, End: 13166.993070613
[INFO] [1787687150.151045224] [robot2.fragment_exec_node]: EventType: Control (Task: scan), Activity: navigate, Robot: robot2, Mission: m1, Segment: s1, Start: 13166.995443355
[INFO] [1787687150.152796717] [robot2.fragment_exec_node]: Simulating navigate skill from position (0.0, 0.0) to (5, 8) (18.867962264113206 seconds)...
[INFO] [1787687169.022823996] [robot2.fragment_exec_node]: Navigation completed!
[INFO] [1787687169.024000594] [robot2.fragment_exec_node]: EventType: Control (Task: scan), Activity: navigate, Robot: robot2, Mission: m1, Segment: s1, End: 13185.868930311
[INFO] [1787687169.024904082] [robot2.fragment_exec_node]: EventType: Task, Activity: scan, Robot: robot2, Mission: m1, Segment: s1, Start: 13185.869904472
[INFO] [1787687169.025752904] [robot2.fragment_exec_node]: Simulating scan skill...
[INFO] [1787687172.028411891] [robot2.fragment_exec_node]: Scan completed!
[INFO] [1787687172.030465620] [robot2.fragment_exec_node]: EventType: Task, Activity: scan, Robot: robot2, Mission: m1, Segment: s1, End: 13188.874771359
[INFO] [1787687172.033161502] [robot2.fragment_exec_node]: Execution of fragment f1-2 completed!
[INFO] [1787687172.118224588] [robot2.fragment_exec_node]: Received fragment: {'robot': 'robot1', 'fragment': {'id': 'f1-3', 'mission': 'm1', 'state': 'assigned', 'wait': ['m1/s1/scan'], 'tasks': [{'name': 'transport', 'params': {'x': 11, 'y': 6}}], 'arrive_timestamp': 1787687111, 'priority': 1, 'segment': 's1', 'preconditions': ['picked-o1-1'], 'postconditions': []}}
[INFO] [1787687197.118215607] [robot2.fragment_exec_node]: Received fragment: {'robot': 'robot2', 'fragment': {'id': 'f1-4', 'mission': 'm1', 'state': 'assigned', 'wait': ['m1/s1/transport'], 'tasks': [{'name': 'pack', 'params': {'x': 11, 'y': 6, 'items': 1}}], 'arrive_timestamp': 1787687111, 'priority': 1, 'segment': '', 'preconditions': [], 'postconditions': []}}
[INFO] [1787687197.118901048] [robot2.fragment_exec_node]: Received fragment assignment: f1-4. Starting execution.
[INFO] [1787687197.119591632] [robot2.fragment_exec_node]: Executing task pack. Params: {'x': 11, 'y': 6, 'items': 1}, Virtual state: {'position': {'x': 5, 'y': 8, 'z': 0.0}, 'docked': False, 'battery': 100.0, 'conditions': []}
[INFO] [1787687197.120089247] [robot2.fragment_exec_node]: EventType: Control (Task: pack), Activity: navigate, Robot: robot2, Mission: m1, Segment: , Start: 13213.965710028
[INFO] [1787687197.120592133] [robot2.fragment_exec_node]: Simulating navigate skill from position (5, 8) to (11, 6) (12.165525060596439 seconds)...
[INFO] [1787687209.288338781] [robot2.fragment_exec_node]: Navigation completed!
[INFO] [1787687209.289040296] [robot2.fragment_exec_node]: EventType: Control (Task: pack), Activity: navigate, Robot: robot2, Mission: m1, Segment: , End: 13226.134619724
[INFO] [1787687209.289530773] [robot2.fragment_exec_node]: EventType: Task, Activity: pack, Robot: robot2, Mission: m1, Segment: , Start: 13226.135144624
[INFO] [1787687209.290144339] [robot2.fragment_exec_node]: Simulating pack skill...
[INFO] [1787687215.292212925] [robot2.fragment_exec_node]: Packing completed!
[INFO] [1787687215.293689204] [robot2.fragment_exec_node]: EventType: Task, Activity: pack, Robot: robot2, Mission: m1, Segment: , End: 13232.138656206
[INFO] [1787687215.295609635] [robot2.fragment_exec_node]: Execution of fragment f1-4 completed!
Traceback (most recent call last):
  File "/root/ros2_ws/install/multi3_executor/lib/multi3_executor/executor", line 33, in <module>
    sys.exit(load_entry_point('multi3-executor==0.0.0', 'console_scripts', 'executor')())
  File "/root/ros2_ws/install/multi3_executor/lib/python3.10/site-packages/multi3_executor/nodes/executor.py", line 236, in main
    rclpy.shutdown()
  File "/opt/ros/humble/local/lib/python3.10/dist-packages/rclpy/__init__.py", line 130, in shutdown
    _shutdown(context=context)
  File "/opt/ros/humble/local/lib/python3.10/dist-packages/rclpy/utilities.py", line 58, in shutdown
    return context.shutdown()
  File "/opt/ros/humble/local/lib/python3.10/dist-packages/rclpy/context.py", line 102, in shutdown
    self.__context.shutdown()
rclpy._rclpy_pybind11.RCLError: failed to shutdown: rcl_shutdown already called on the given context, at ./src/rcl/init.c:241

--- executor_robot3.log ---
[INFO] [1787687110.277259693] [robot3.fragment_exec_node]: Setting up skill: PickSkill
[INFO] [1787687110.278168098] [robot3.fragment_exec_node]: Setting up skill: ScanSkill
[INFO] [1787687110.278881060] [robot3.fragment_exec_node]: Setting up skill: NavigateSkill
[INFO] [1787687110.279514397] [robot3.fragment_exec_node]: Setting up skill: NavigateSkill
[INFO] [1787687110.280097031] [robot3.fragment_exec_node]: Setting up skill: DockSkill
[INFO] [1787687110.281049143] [robot3.fragment_exec_node]: Setting up skill: UndockSkill
[INFO] [1787687110.281749005] [robot3.fragment_exec_node]: Setting up skill: PackSkill
[INFO] [1787687110.288956379] [robot3.fragment_exec_node]: Published robot registration: {'name': 'robot3', 'operational_state': 'idle', 'capabilities': ['pick', 'scan', 'transport', 'pack'], 'state': {'position': {'x': 0.0, 'y': 0.0, 'z': 0.0}, 'docked': True, 'battery': 100.0, 'conditions': []}}
[INFO] [1787687113.112966736] [robot3.fragment_exec_node]: Received fragment: {'robot': 'robot1', 'fragment': {'id': 'f1-1', 'mission': 'm1', 'state': 'assigned', 'wait': [], 'tasks': [{'name': 'pick', 'params': {'x': 5, 'y': 8, 'weight': 8}}], 'arrive_timestamp': 1787687111, 'priority': 1, 'segment': 's1', 'preconditions': [], 'postconditions': ['picked-o1-1']}}
[INFO] [1787687144.133203577] [robot3.fragment_exec_node]: Received fragment: {'robot': 'robot2', 'fragment': {'id': 'f1-2', 'mission': 'm1', 'state': 'assigned', 'wait': ['m1/s1/pick'], 'tasks': [{'name': 'scan', 'params': {'x': 5, 'y': 8}}], 'arrive_timestamp': 1787687111, 'priority': 1, 'segment': 's1', 'preconditions': [], 'postconditions': []}}
[INFO] [1787687172.133334832] [robot3.fragment_exec_node]: Received fragment: {'robot': 'robot1', 'fragment': {'id': 'f1-3', 'mission': 'm1', 'state': 'assigned', 'wait': ['m1/s1/scan'], 'tasks': [{'name': 'transport', 'params': {'x': 11, 'y': 6}}], 'arrive_timestamp': 1787687111, 'priority': 1, 'segment': 's1', 'preconditions': ['picked-o1-1'], 'postconditions': []}}
[INFO] [1787687197.107773091] [robot3.fragment_exec_node]: Received fragment: {'robot': 'robot2', 'fragment': {'id': 'f1-4', 'mission': 'm1', 'state': 'assigned', 'wait': ['m1/s1/transport'], 'tasks': [{'name': 'pack', 'params': {'x': 11, 'y': 6, 'items': 1}}], 'arrive_timestamp': 1787687111, 'priority': 1, 'segment': '', 'preconditions': [], 'postconditions': []}}
Traceback (most recent call last):
  File "/root/ros2_ws/install/multi3_executor/lib/multi3_executor/executor", line 33, in <module>
    sys.exit(load_entry_point('multi3-executor==0.0.0', 'console_scripts', 'executor')())
  File "/root/ros2_ws/install/multi3_executor/lib/python3.10/site-packages/multi3_executor/nodes/executor.py", line 236, in main
    rclpy.shutdown()
  File "/opt/ros/humble/local/lib/python3.10/dist-packages/rclpy/__init__.py", line 130, in shutdown
    _shutdown(context=context)
  File "/opt/ros/humble/local/lib/python3.10/dist-packages/rclpy/utilities.py", line 58, in shutdown
    return context.shutdown()
  File "/opt/ros/humble/local/lib/python3.10/dist-packages/rclpy/context.py", line 102, in shutdown
    self.__context.shutdown()
rclpy._rclpy_pybind11.RCLError: failed to shutdown: rcl_shutdown already called on the given context, at ./src/rcl/init.c:241
