[?2004h]0;root@3ae74928ea09: ~/ros2_wsroot@3ae74928ea09:~/ros2_ws# ./run_multi3.sh --robots 3
[?2004lStarting: ros2 run multi3_coordinator coordinator
[INFO] [1786729397.658791610] [multi3_coordinator_node]: Coordinator node started.
Starting: ros2 run multi3_executor executor --ros-args -p robot_name:=robot1
[INFO] [1786729400.583771059] [robot1.fragment_exec_node]: Setting up skill: PickSkill
[INFO] [1786729400.584363519] [robot1.fragment_exec_node]: Setting up skill: ScanSkill
[INFO] [1786729400.584762969] [robot1.fragment_exec_node]: Setting up skill: NavigateSkill
[INFO] [1786729400.585617560] [robot1.fragment_exec_node]: Setting up skill: NavigateSkill
[INFO] [1786729400.586301393] [robot1.fragment_exec_node]: Setting up skill: DockSkill
[INFO] [1786729400.586829454] [robot1.fragment_exec_node]: Setting up skill: UndockSkill
[INFO] [1786729400.587432493] [robot1.fragment_exec_node]: Setting up skill: PackSkill
[INFO] [1786729400.593758658] [robot1.fragment_exec_node]: Published robot registration: {'name': 'robot1', 'state': 'idle', 'capabilities': ['pick', 'scan', 'transport', 'pack']}
[INFO] [1786729400.594045283] [multi3_coordinator_node]: Received new robot info: {'name': 'robot1', 'state': 'idle', 'capabilities': ['pick', 'scan', 'transport', 'pack'], 'last_heartbeat': 1786729400}
Starting: ros2 run multi3_executor executor --ros-args -p robot_name:=robot2
[INFO] [1786729401.952014550] [robot2.fragment_exec_node]: Setting up skill: PickSkill
[INFO] [1786729401.952623185] [robot2.fragment_exec_node]: Setting up skill: ScanSkill
[INFO] [1786729401.953364901] [robot2.fragment_exec_node]: Setting up skill: NavigateSkill
[INFO] [1786729401.954002912] [robot2.fragment_exec_node]: Setting up skill: NavigateSkill
[INFO] [1786729401.954788455] [robot2.fragment_exec_node]: Setting up skill: DockSkill
[INFO] [1786729401.955451827] [robot2.fragment_exec_node]: Setting up skill: UndockSkill
[INFO] [1786729401.956428130] [robot2.fragment_exec_node]: Setting up skill: PackSkill
[INFO] [1786729401.966113365] [robot2.fragment_exec_node]: Published robot registration: {'name': 'robot2', 'state': 'idle', 'capabilities': ['pick', 'scan', 'transport', 'pack']}
[INFO] [1786729401.966206580] [multi3_coordinator_node]: Received new robot info: {'name': 'robot2', 'state': 'idle', 'capabilities': ['pick', 'scan', 'transport', 'pack'], 'last_heartbeat': 1786729401}
Starting: ros2 run multi3_executor executor --ros-args -p robot_name:=robot3
[INFO] [1786729402.943894201] [robot3.fragment_exec_node]: Setting up skill: PickSkill
[INFO] [1786729402.944492810] [robot3.fragment_exec_node]: Setting up skill: ScanSkill
[INFO] [1786729402.944998177] [robot3.fragment_exec_node]: Setting up skill: NavigateSkill
[INFO] [1786729402.945536119] [robot3.fragment_exec_node]: Setting up skill: NavigateSkill
[INFO] [1786729402.946335901] [robot3.fragment_exec_node]: Setting up skill: DockSkill
[INFO] [1786729402.947002857] [robot3.fragment_exec_node]: Setting up skill: UndockSkill
[INFO] [1786729402.947605531] [robot3.fragment_exec_node]: Setting up skill: PackSkill
[INFO] [1786729402.955230735] [robot3.fragment_exec_node]: Published robot registration: {'name': 'robot3', 'state': 'idle', 'capabilities': ['pick', 'scan', 'transport', 'pack']}
[INFO] [1786729402.955313456] [multi3_coordinator_node]: Received new robot info: {'name': 'robot3', 'state': 'idle', 'capabilities': ['pick', 'scan', 'transport', 'pack'], 'last_heartbeat': 1786729402}
[INFO] [1786729420.393724134] [multi3_coordinator_node]: Received mission: {'mission': 'm3', 'priority': 1, 'fragments': [{'id': 'f3-1', 'wait': [], 'tasks': [{'name': 'pick', 'params': {'x': 2, 'y': 3}}], 'segment': 's1'}, {'id': 'f3-2', 'wait': ['m3/s1/pick'], 'tasks': [{'name': 'scan', 'params': {'x': 2, 'y': 3}}], 'segment': 's1'}, {'id': 'f3-3', 'wait': ['m3/s1/scan'], 'tasks': [{'name': 'transport', 'params': {'x': 2, 'y': 3}}], 'segment': 's1'}, {'id': 'f3-4', 'wait': [], 'tasks': [{'name': 'pick', 'params': {'x': 2, 'y': 3}}], 'segment': 's2'}, {'id': 'f3-5', 'wait': ['m3/s2/pick'], 'tasks': [{'name': 'scan', 'params': {'x': 2, 'y': 3}}], 'segment': 's2'}, {'id': 'f3-6', 'wait': ['m3/s2/scan'], 'tasks': [{'name': 'transport', 'params': {'x': 2, 'y': 3}}], 'segment': 's2'}, {'id': 'f3-7', 'wait': [], 'tasks': [{'name': 'pick', 'params': {'x': 2, 'y': 3}}], 'segment': 's3'}, {'id': 'f3-8', 'wait': ['m3/s3/pick'], 'tasks': [{'name': 'scan', 'params': {'x': 2, 'y': 3}}], 'segment': 's3'}, {'id': 'f3-9', 'wait': ['m3/s3/scan'], 'tasks': [{'name': 'transport', 'params': {'x': 2, 'y': 3}}], 'segment': 's3'}, {'id': 'f3-10', 'wait': ['m3/s1/transport', 'm3/s2/transport', 'm3/s3/transport'], 'tasks': [{'name': 'pack', 'params': {'x': 2, 'y': 3}}], 'segment': ''}]}
[INFO] [1786729420.394480855] [multi3_coordinator_node]: Fragment f3-1 is now executable because all signal messages were received.
[INFO] [1786729420.395220460] [multi3_coordinator_node]: Fragment f3-4 is now executable because all signal messages were received.
[INFO] [1786729420.395985813] [multi3_coordinator_node]: Fragment f3-7 is now executable because all signal messages were received.
[INFO] [1786729424.045596567] [multi3_coordinator_node]: Execution start signal received. Starting fragment assignment.
[INFO] [1786729425.050569264] [multi3_coordinator_node]: Assigned fragment f3-1 to robot robot1.
[INFO] [1786729425.053012660] [multi3_coordinator_node]: Assigned fragment f3-4 to robot robot2.
[INFO] [1786729425.055889423] [multi3_coordinator_node]: Assigned fragment f3-7 to robot robot3.
[INFO] [1786729425.073845428] [robot2.fragment_exec_node]: Received fragment: {'robot': 'robot3', 'fragment': {'id': 'f3-7', 'mission': 'm3', 'state': 'assigned', 'wait': [], 'tasks': [{'name': 'pick', 'params': {'x': 2, 'y': 3}}], 'arrive_timestamp': 1786729420, 'priority': 1, 'segment': 's3'}}
[INFO] [1786729425.074176081] [robot1.fragment_exec_node]: Received fragment: {'robot': 'robot3', 'fragment': {'id': 'f3-7', 'mission': 'm3', 'state': 'assigned', 'wait': [], 'tasks': [{'name': 'pick', 'params': {'x': 2, 'y': 3}}], 'arrive_timestamp': 1786729420, 'priority': 1, 'segment': 's3'}}
[INFO] [1786729425.074943428] [robot3.fragment_exec_node]: Received fragment: {'robot': 'robot3', 'fragment': {'id': 'f3-7', 'mission': 'm3', 'state': 'assigned', 'wait': [], 'tasks': [{'name': 'pick', 'params': {'x': 2, 'y': 3}}], 'arrive_timestamp': 1786729420, 'priority': 1, 'segment': 's3'}}
[INFO] [1786729425.075329609] [robot1.fragment_exec_node]: Received fragment: {'robot': 'robot2', 'fragment': {'id': 'f3-4', 'mission': 'm3', 'state': 'assigned', 'wait': [], 'tasks': [{'name': 'pick', 'params': {'x': 2, 'y': 3}}], 'arrive_timestamp': 1786729420, 'priority': 1, 'segment': 's2'}}
[INFO] [1786729425.075834601] [robot1.fragment_exec_node]: Received fragment: {'robot': 'robot1', 'fragment': {'id': 'f3-1', 'mission': 'm3', 'state': 'assigned', 'wait': [], 'tasks': [{'name': 'pick', 'params': {'x': 2, 'y': 3}}], 'arrive_timestamp': 1786729420, 'priority': 1, 'segment': 's1'}}
[INFO] [1786729425.077402506] [robot1.fragment_exec_node]: Received fragment assignment: f3-1. Starting execution.
[INFO] [1786729425.078737217] [robot1.fragment_exec_node]: Executing task pick. Params: {'x': 2, 'y': 3}, Virtual state: {'position': {'x': 0.0, 'y': 0.0, 'z': 0.0}, 'docked': True, 'battery': 100.0}
[INFO] [1786729425.078972351] [robot2.fragment_exec_node]: Received fragment: {'robot': 'robot2', 'fragment': {'id': 'f3-4', 'mission': 'm3', 'state': 'assigned', 'wait': [], 'tasks': [{'name': 'pick', 'params': {'x': 2, 'y': 3}}], 'arrive_timestamp': 1786729420, 'priority': 1, 'segment': 's2'}}
[INFO] [1786729425.079722911] [robot3.fragment_exec_node]: Received fragment assignment: f3-7. Starting execution.
[INFO] [1786729425.079781046] [multi3_coordinator_node]: Received robot state update: {'state': 'working', 'current_assigned_fragment': 'f3-1'}
[INFO] [1786729425.080006695] [robot1.fragment_exec_node]: EventType: Control, Activity: undock, Robot: robot1, Mission: m3, Segment: s1, Start: 1958.998059371
[INFO] [1786729425.080675282] [robot2.fragment_exec_node]: Received fragment assignment: f3-4. Starting execution.
[INFO] [1786729425.081275695] [robot3.fragment_exec_node]: Received fragment: {'robot': 'robot2', 'fragment': {'id': 'f3-4', 'mission': 'm3', 'state': 'assigned', 'wait': [], 'tasks': [{'name': 'pick', 'params': {'x': 2, 'y': 3}}], 'arrive_timestamp': 1786729420, 'priority': 1, 'segment': 's2'}}
[INFO] [1786729425.081300698] [robot1.fragment_exec_node]: Simulating undock skill...
[INFO] [1786729425.081822461] [robot2.fragment_exec_node]: Executing task pick. Params: {'x': 2, 'y': 3}, Virtual state: {'position': {'x': 0.0, 'y': 0.0, 'z': 0.0}, 'docked': True, 'battery': 100.0}
[INFO] [1786729425.082676140] [multi3_coordinator_node]: Received robot state update: {'state': 'working', 'current_assigned_fragment': 'f3-7'}
[INFO] [1786729425.083784686] [robot3.fragment_exec_node]: Received fragment: {'robot': 'robot1', 'fragment': {'id': 'f3-1', 'mission': 'm3', 'state': 'assigned', 'wait': [], 'tasks': [{'name': 'pick', 'params': {'x': 2, 'y': 3}}], 'arrive_timestamp': 1786729420, 'priority': 1, 'segment': 's1'}}
[INFO] [1786729425.084722786] [robot2.fragment_exec_node]: Received fragment: {'robot': 'robot1', 'fragment': {'id': 'f3-1', 'mission': 'm3', 'state': 'assigned', 'wait': [], 'tasks': [{'name': 'pick', 'params': {'x': 2, 'y': 3}}], 'arrive_timestamp': 1786729420, 'priority': 1, 'segment': 's1'}}
[INFO] [1786729425.086021564] [robot2.fragment_exec_node]: EventType: Control, Activity: undock, Robot: robot2, Mission: m3, Segment: s2, Start: 1959.000921606
[INFO] [1786729425.086647183] [robot3.fragment_exec_node]: Executing task pick. Params: {'x': 2, 'y': 3}, Virtual state: {'position': {'x': 0.0, 'y': 0.0, 'z': 0.0}, 'docked': True, 'battery': 100.0}
[INFO] [1786729425.086903375] [multi3_coordinator_node]: Received robot state update: {'state': 'working', 'current_assigned_fragment': 'f3-4'}
[INFO] [1786729425.087790670] [robot3.fragment_exec_node]: EventType: Control, Activity: undock, Robot: robot3, Mission: m3, Segment: s3, Start: 1959.005820501
[INFO] [1786729425.088893956] [robot2.fragment_exec_node]: Simulating undock skill...
[INFO] [1786729425.088914114] [robot3.fragment_exec_node]: Simulating undock skill...
[INFO] [1786729426.711569732] [robot2.fragment_exec_node]: Undock completed!
[INFO] [1786729426.714662381] [robot2.fragment_exec_node]: EventType: Control, Activity: undock, Robot: robot2, Mission: m3, Segment: s2, End: 1960.630861775
[INFO] [1786729426.716951291] [robot2.fragment_exec_node]: EventType: Control, Activity: navigate, Robot: robot2, Mission: m3, Segment: s2, Start: 1960.634055801
[INFO] [1786729426.718199062] [robot2.fragment_exec_node]: Simulating navigate skill to position 2, 3...
[INFO] [1786729427.193660484] [robot1.fragment_exec_node]: Undock completed!
[INFO] [1786729427.195773490] [robot1.fragment_exec_node]: EventType: Control, Activity: undock, Robot: robot1, Mission: m3, Segment: s1, End: 1961.113009641
[INFO] [1786729427.197796726] [robot1.fragment_exec_node]: EventType: Control, Activity: navigate, Robot: robot1, Mission: m3, Segment: s1, Start: 1961.115024164
[INFO] [1786729427.199046343] [robot1.fragment_exec_node]: Simulating navigate skill to position 2, 3...
[INFO] [1786729427.723662848] [robot3.fragment_exec_node]: Undock completed!
[INFO] [1786729427.725057270] [robot3.fragment_exec_node]: EventType: Control, Activity: undock, Robot: robot3, Mission: m3, Segment: s3, End: 1961.642916829
[INFO] [1786729427.726922805] [robot3.fragment_exec_node]: EventType: Control, Activity: navigate, Robot: robot3, Mission: m3, Segment: s3, Start: 1961.644494132
[INFO] [1786729427.729554086] [robot3.fragment_exec_node]: Simulating navigate skill to position 2, 3...
[INFO] [1786729430.260690376] [robot2.fragment_exec_node]: Navigation completed!
[INFO] [1786729430.262534063] [robot2.fragment_exec_node]: EventType: Control, Activity: navigate, Robot: robot2, Mission: m3, Segment: s2, End: 1964.180044059
[INFO] [1786729430.264962136] [robot2.fragment_exec_node]: EventType: Task, Activity: pick, Robot: robot2, Mission: m3, Segment: s2, Start: 1964.181734682
[INFO] [1786729430.266995828] [robot2.fragment_exec_node]: Simulating pick skill...
[INFO] [1786729432.464562450] [robot2.fragment_exec_node]: Pick completed!
[INFO] [1786729432.465821810] [robot2.fragment_exec_node]: EventType: Task, Activity: pick, Robot: robot2, Mission: m3, Segment: s2, End: 1966.38382239
[INFO] [1786729432.469321669] [robot2.fragment_exec_node]: Execution of fragment f3-4 completed!
[INFO] [1786729432.469927150] [multi3_coordinator_node]: Fragment f3-5 is now executable because all signal messages were received.
[INFO] [1786729432.471498115] [multi3_coordinator_node]: Received coordination message: {'robot_name': 'robot2', 'completed_task': 'm3/s2/pick'}
[INFO] [1786729432.473040646] [multi3_coordinator_node]: Received robot state update: {'state': 'idle', 'current_assigned_fragment': None}
[INFO] [1786729432.476939519] [multi3_coordinator_node]: Received coordination message: {'robot_name': 'robot2', 'completed_fragment': 'f3-4'}
[INFO] [1786729432.927651665] [robot3.fragment_exec_node]: Navigation completed!
[INFO] [1786729432.929939879] [robot3.fragment_exec_node]: EventType: Control, Activity: navigate, Robot: robot3, Mission: m3, Segment: s3, End: 1966.847001098
[INFO] [1786729432.931780215] [robot3.fragment_exec_node]: EventType: Task, Activity: pick, Robot: robot3, Mission: m3, Segment: s3, Start: 1966.849463904
[INFO] [1786729432.933711271] [robot3.fragment_exec_node]: Simulating pick skill...
[INFO] [1786729433.050501008] [multi3_coordinator_node]: Assigned fragment f3-5 to robot robot2.
[INFO] [1786729433.055413053] [robot2.fragment_exec_node]: Received fragment: {'robot': 'robot2', 'fragment': {'id': 'f3-5', 'mission': 'm3', 'state': 'assigned', 'wait': ['m3/s2/pick'], 'tasks': [{'name': 'scan', 'params': {'x': 2, 'y': 3}}], 'arrive_timestamp': 1786729420, 'priority': 1, 'segment': 's2'}}
[INFO] [1786729433.056929421] [robot2.fragment_exec_node]: Received fragment assignment: f3-5. Starting execution.
[INFO] [1786729433.059531500] [robot2.fragment_exec_node]: Waiting for coordination messages before executing fragment f3-5: ['m3/s2/pick']
[INFO] [1786729433.060933647] [multi3_coordinator_node]: Received robot state update: {'state': 'working', 'current_assigned_fragment': 'f3-5'}
[INFO] [1786729433.062994359] [robot3.fragment_exec_node]: Received fragment: {'robot': 'robot2', 'fragment': {'id': 'f3-5', 'mission': 'm3', 'state': 'assigned', 'wait': ['m3/s2/pick'], 'tasks': [{'name': 'scan', 'params': {'x': 2, 'y': 3}}], 'arrive_timestamp': 1786729420, 'priority': 1, 'segment': 's2'}}
[INFO] [1786729433.069166209] [robot1.fragment_exec_node]: Received fragment: {'robot': 'robot2', 'fragment': {'id': 'f3-5', 'mission': 'm3', 'state': 'assigned', 'wait': ['m3/s2/pick'], 'tasks': [{'name': 'scan', 'params': {'x': 2, 'y': 3}}], 'arrive_timestamp': 1786729420, 'priority': 1, 'segment': 's2'}}
[INFO] [1786729434.751500955] [robot1.fragment_exec_node]: Navigation completed!
[INFO] [1786729434.752794417] [robot1.fragment_exec_node]: EventType: Control, Activity: navigate, Robot: robot1, Mission: m3, Segment: s1, End: 1968.670840283
[INFO] [1786729434.754818374] [robot1.fragment_exec_node]: EventType: Task, Activity: pick, Robot: robot1, Mission: m3, Segment: s1, Start: 1968.672013732
[INFO] [1786729434.756607475] [robot1.fragment_exec_node]: Simulating pick skill...
[INFO] [1786729435.065801871] [robot2.fragment_exec_node]: Executing task scan. Params: {'x': 2, 'y': 3}, Virtual state: {'position': {'x': 2, 'y': 3, 'z': 0.0}, 'docked': False, 'battery': 100.0}
[INFO] [1786729435.067659529] [robot2.fragment_exec_node]: EventType: Task, Activity: scan, Robot: robot2, Mission: m3, Segment: s2, Start: 1968.985170616
[INFO] [1786729435.068958024] [robot2.fragment_exec_node]: Simulating scan skill...
[INFO] [1786729436.344456989] [robot3.fragment_exec_node]: Pick completed!
[INFO] [1786729436.346720585] [robot3.fragment_exec_node]: EventType: Task, Activity: pick, Robot: robot3, Mission: m3, Segment: s3, End: 1970.263806981
[INFO] [1786729436.350589972] [robot3.fragment_exec_node]: Execution of fragment f3-7 completed!
[INFO] [1786729436.351273139] [multi3_coordinator_node]: Fragment f3-8 is now executable because all signal messages were received.
[INFO] [1786729436.352826056] [multi3_coordinator_node]: Received coordination message: {'robot_name': 'robot3', 'completed_task': 'm3/s3/pick'}
[INFO] [1786729436.355457944] [multi3_coordinator_node]: Received robot state update: {'state': 'idle', 'current_assigned_fragment': None}
[INFO] [1786729436.357030950] [multi3_coordinator_node]: Received coordination message: {'robot_name': 'robot3', 'completed_fragment': 'f3-7'}
[INFO] [1786729436.661580415] [robot2.fragment_exec_node]: Scan completed!
[INFO] [1786729436.663589009] [robot2.fragment_exec_node]: EventType: Task, Activity: scan, Robot: robot2, Mission: m3, Segment: s2, End: 1970.580927355
[INFO] [1786729436.666636353] [robot2.fragment_exec_node]: Execution of fragment f3-5 completed!
[INFO] [1786729436.667638561] [multi3_coordinator_node]: Fragment f3-6 is now executable because all signal messages were received.
[INFO] [1786729436.669997583] [multi3_coordinator_node]: Received coordination message: {'robot_name': 'robot2', 'completed_task': 'm3/s2/scan'}
[INFO] [1786729436.674609771] [multi3_coordinator_node]: Received robot state update: {'state': 'idle', 'current_assigned_fragment': None}
[INFO] [1786729436.676643192] [multi3_coordinator_node]: Received coordination message: {'robot_name': 'robot2', 'completed_fragment': 'f3-5'}
[INFO] [1786729437.050722591] [multi3_coordinator_node]: Assigned fragment f3-6 to robot robot2.
[INFO] [1786729437.053611307] [multi3_coordinator_node]: Assigned fragment f3-8 to robot robot3.
[INFO] [1786729437.061516001] [robot3.fragment_exec_node]: Received fragment: {'robot': 'robot2', 'fragment': {'id': 'f3-6', 'mission': 'm3', 'state': 'assigned', 'wait': ['m3/s2/scan'], 'tasks': [{'name': 'transport', 'params': {'x': 2, 'y': 3}}], 'arrive_timestamp': 1786729420, 'priority': 1, 'segment': 's2'}}
[INFO] [1786729437.063754239] [robot2.fragment_exec_node]: Received fragment: {'robot': 'robot2', 'fragment': {'id': 'f3-6', 'mission': 'm3', 'state': 'assigned', 'wait': ['m3/s2/scan'], 'tasks': [{'name': 'transport', 'params': {'x': 2, 'y': 3}}], 'arrive_timestamp': 1786729420, 'priority': 1, 'segment': 's2'}}
[INFO] [1786729437.064397224] [robot3.fragment_exec_node]: Received fragment: {'robot': 'robot3', 'fragment': {'id': 'f3-8', 'mission': 'm3', 'state': 'assigned', 'wait': ['m3/s3/pick'], 'tasks': [{'name': 'scan', 'params': {'x': 2, 'y': 3}}], 'arrive_timestamp': 1786729420, 'priority': 1, 'segment': 's3'}}
[INFO] [1786729437.065903553] [robot3.fragment_exec_node]: Received fragment assignment: f3-8. Starting execution.
[INFO] [1786729437.066052923] [robot2.fragment_exec_node]: Received fragment: {'robot': 'robot3', 'fragment': {'id': 'f3-8', 'mission': 'm3', 'state': 'assigned', 'wait': ['m3/s3/pick'], 'tasks': [{'name': 'scan', 'params': {'x': 2, 'y': 3}}], 'arrive_timestamp': 1786729420, 'priority': 1, 'segment': 's3'}}
[INFO] [1786729437.068277742] [robot3.fragment_exec_node]: Waiting for coordination messages before executing fragment f3-8: ['m3/s3/pick']
[INFO] [1786729437.068370742] [robot2.fragment_exec_node]: Received fragment assignment: f3-6. Starting execution.
[INFO] [1786729437.068743920] [multi3_coordinator_node]: Received robot state update: {'state': 'working', 'current_assigned_fragment': 'f3-8'}
[INFO] [1786729437.070290570] [robot2.fragment_exec_node]: Waiting for coordination messages before executing fragment f3-6: ['m3/s2/scan']
[INFO] [1786729437.071849769] [multi3_coordinator_node]: Received robot state update: {'state': 'working', 'current_assigned_fragment': 'f3-6'}
[INFO] [1786729437.072750723] [robot1.fragment_exec_node]: Received fragment: {'robot': 'robot2', 'fragment': {'id': 'f3-6', 'mission': 'm3', 'state': 'assigned', 'wait': ['m3/s2/scan'], 'tasks': [{'name': 'transport', 'params': {'x': 2, 'y': 3}}], 'arrive_timestamp': 1786729420, 'priority': 1, 'segment': 's2'}}
[INFO] [1786729437.074265082] [robot1.fragment_exec_node]: Received fragment: {'robot': 'robot3', 'fragment': {'id': 'f3-8', 'mission': 'm3', 'state': 'assigned', 'wait': ['m3/s3/pick'], 'tasks': [{'name': 'scan', 'params': {'x': 2, 'y': 3}}], 'arrive_timestamp': 1786729420, 'priority': 1, 'segment': 's3'}}
[INFO] [1786729438.305834452] [robot1.fragment_exec_node]: Pick completed!
[INFO] [1786729438.307983591] [robot1.fragment_exec_node]: EventType: Task, Activity: pick, Robot: robot1, Mission: m3, Segment: s1, End: 1972.225181184
[INFO] [1786729438.311527980] [robot1.fragment_exec_node]: Execution of fragment f3-1 completed!
[INFO] [1786729438.311839764] [multi3_coordinator_node]: Fragment f3-2 is now executable because all signal messages were received.
[INFO] [1786729438.313606042] [multi3_coordinator_node]: Received coordination message: {'robot_name': 'robot1', 'completed_task': 'm3/s1/pick'}
[INFO] [1786729438.317318839] [multi3_coordinator_node]: Received robot state update: {'state': 'idle', 'current_assigned_fragment': None}
[INFO] [1786729438.320322927] [multi3_coordinator_node]: Received coordination message: {'robot_name': 'robot1', 'completed_fragment': 'f3-1'}
[INFO] [1786729439.050999793] [multi3_coordinator_node]: Assigned fragment f3-2 to robot robot1.
[INFO] [1786729439.056749354] [robot2.fragment_exec_node]: Received fragment: {'robot': 'robot1', 'fragment': {'id': 'f3-2', 'mission': 'm3', 'state': 'assigned', 'wait': ['m3/s1/pick'], 'tasks': [{'name': 'scan', 'params': {'x': 2, 'y': 3}}], 'arrive_timestamp': 1786729420, 'priority': 1, 'segment': 's1'}}
[INFO] [1786729439.068385949] [robot1.fragment_exec_node]: Received fragment: {'robot': 'robot1', 'fragment': {'id': 'f3-2', 'mission': 'm3', 'state': 'assigned', 'wait': ['m3/s1/pick'], 'tasks': [{'name': 'scan', 'params': {'x': 2, 'y': 3}}], 'arrive_timestamp': 1786729420, 'priority': 1, 'segment': 's1'}}
[INFO] [1786729439.069194792] [robot1.fragment_exec_node]: Received fragment assignment: f3-2. Starting execution.
[INFO] [1786729439.070729817] [robot1.fragment_exec_node]: Waiting for coordination messages before executing fragment f3-2: ['m3/s1/pick']
[INFO] [1786729439.071039216] [multi3_coordinator_node]: Received robot state update: {'state': 'working', 'current_assigned_fragment': 'f3-2'}
[INFO] [1786729439.073678203] [robot3.fragment_exec_node]: Received fragment: {'robot': 'robot1', 'fragment': {'id': 'f3-2', 'mission': 'm3', 'state': 'assigned', 'wait': ['m3/s1/pick'], 'tasks': [{'name': 'scan', 'params': {'x': 2, 'y': 3}}], 'arrive_timestamp': 1786729420, 'priority': 1, 'segment': 's1'}}
[INFO] [1786729439.073943605] [robot2.fragment_exec_node]: Executing task transport. Params: {'x': 2, 'y': 3}, Virtual state: {'position': {'x': 2, 'y': 3, 'z': 0.0}, 'docked': False, 'battery': 100.0}
[INFO] [1786729439.074458418] [robot3.fragment_exec_node]: Executing task scan. Params: {'x': 2, 'y': 3}, Virtual state: {'position': {'x': 2, 'y': 3, 'z': 0.0}, 'docked': False, 'battery': 100.0}
[INFO] [1786729439.075410225] [robot2.fragment_exec_node]: EventType: Task, Activity: transport, Robot: robot2, Mission: m3, Segment: s2, Start: 1972.993280458
[INFO] [1786729439.077392751] [robot2.fragment_exec_node]: Simulating navigate skill to position 2, 3...
[INFO] [1786729439.077642612] [robot3.fragment_exec_node]: EventType: Task, Activity: scan, Robot: robot3, Mission: m3, Segment: s3, Start: 1972.993638469
[INFO] [1786729439.078915342] [robot3.fragment_exec_node]: Simulating scan skill...
[INFO] [1786729440.907554019] [robot3.fragment_exec_node]: Scan completed!
[INFO] [1786729440.909587060] [robot3.fragment_exec_node]: EventType: Task, Activity: scan, Robot: robot3, Mission: m3, Segment: s3, End: 1974.826899436
[INFO] [1786729440.912445608] [robot3.fragment_exec_node]: Execution of fragment f3-8 completed!
[INFO] [1786729440.913050819] [multi3_coordinator_node]: Fragment f3-9 is now executable because all signal messages were received.
[INFO] [1786729440.915685329] [multi3_coordinator_node]: Received coordination message: {'robot_name': 'robot3', 'completed_task': 'm3/s3/scan'}
[INFO] [1786729440.918392793] [multi3_coordinator_node]: Received robot state update: {'state': 'idle', 'current_assigned_fragment': None}
[INFO] [1786729440.921822492] [multi3_coordinator_node]: Received coordination message: {'robot_name': 'robot3', 'completed_fragment': 'f3-8'}
[INFO] [1786729441.050673360] [multi3_coordinator_node]: Assigned fragment f3-9 to robot robot3.
[INFO] [1786729441.056287708] [robot1.fragment_exec_node]: Received fragment: {'robot': 'robot3', 'fragment': {'id': 'f3-9', 'mission': 'm3', 'state': 'assigned', 'wait': ['m3/s3/scan'], 'tasks': [{'name': 'transport', 'params': {'x': 2, 'y': 3}}], 'arrive_timestamp': 1786729420, 'priority': 1, 'segment': 's3'}}
[INFO] [1786729441.057648211] [robot3.fragment_exec_node]: Received fragment: {'robot': 'robot3', 'fragment': {'id': 'f3-9', 'mission': 'm3', 'state': 'assigned', 'wait': ['m3/s3/scan'], 'tasks': [{'name': 'transport', 'params': {'x': 2, 'y': 3}}], 'arrive_timestamp': 1786729420, 'priority': 1, 'segment': 's3'}}
[INFO] [1786729441.059096455] [robot3.fragment_exec_node]: Received fragment assignment: f3-9. Starting execution.
[INFO] [1786729441.060751439] [robot2.fragment_exec_node]: Received fragment: {'robot': 'robot3', 'fragment': {'id': 'f3-9', 'mission': 'm3', 'state': 'assigned', 'wait': ['m3/s3/scan'], 'tasks': [{'name': 'transport', 'params': {'x': 2, 'y': 3}}], 'arrive_timestamp': 1786729420, 'priority': 1, 'segment': 's3'}}
[INFO] [1786729441.062077601] [robot3.fragment_exec_node]: Waiting for coordination messages before executing fragment f3-9: ['m3/s3/scan']
[INFO] [1786729441.063219876] [multi3_coordinator_node]: Received robot state update: {'state': 'working', 'current_assigned_fragment': 'f3-9'}
[INFO] [1786729441.072403495] [robot1.fragment_exec_node]: Executing task scan. Params: {'x': 2, 'y': 3}, Virtual state: {'position': {'x': 2, 'y': 3, 'z': 0.0}, 'docked': False, 'battery': 100.0}
[INFO] [1786729441.073587975] [robot1.fragment_exec_node]: EventType: Task, Activity: scan, Robot: robot1, Mission: m3, Segment: s1, Start: 1974.991601812
[INFO] [1786729441.075989930] [robot1.fragment_exec_node]: Simulating scan skill...
[INFO] [1786729442.701596510] [robot1.fragment_exec_node]: Scan completed!
[INFO] [1786729442.703605961] [robot1.fragment_exec_node]: EventType: Task, Activity: scan, Robot: robot1, Mission: m3, Segment: s1, End: 1976.620974278
[INFO] [1786729442.706755769] [multi3_coordinator_node]: Fragment f3-3 is now executable because all signal messages were received.
[INFO] [1786729442.706815789] [robot1.fragment_exec_node]: Execution of fragment f3-2 completed!
[INFO] [1786729442.708723242] [multi3_coordinator_node]: Received coordination message: {'robot_name': 'robot1', 'completed_task': 'm3/s1/scan'}
[INFO] [1786729442.711369161] [multi3_coordinator_node]: Received robot state update: {'state': 'idle', 'current_assigned_fragment': None}
[INFO] [1786729442.713673536] [multi3_coordinator_node]: Received coordination message: {'robot_name': 'robot1', 'completed_fragment': 'f3-2'}
[INFO] [1786729443.050974340] [multi3_coordinator_node]: Assigned fragment f3-3 to robot robot1.
[INFO] [1786729443.055981113] [robot3.fragment_exec_node]: Received fragment: {'robot': 'robot1', 'fragment': {'id': 'f3-3', 'mission': 'm3', 'state': 'assigned', 'wait': ['m3/s1/scan'], 'tasks': [{'name': 'transport', 'params': {'x': 2, 'y': 3}}], 'arrive_timestamp': 1786729420, 'priority': 1, 'segment': 's1'}}
[INFO] [1786729443.058745793] [robot2.fragment_exec_node]: Received fragment: {'robot': 'robot1', 'fragment': {'id': 'f3-3', 'mission': 'm3', 'state': 'assigned', 'wait': ['m3/s1/scan'], 'tasks': [{'name': 'transport', 'params': {'x': 2, 'y': 3}}], 'arrive_timestamp': 1786729420, 'priority': 1, 'segment': 's1'}}
[INFO] [1786729443.062869596] [robot1.fragment_exec_node]: Received fragment: {'robot': 'robot1', 'fragment': {'id': 'f3-3', 'mission': 'm3', 'state': 'assigned', 'wait': ['m3/s1/scan'], 'tasks': [{'name': 'transport', 'params': {'x': 2, 'y': 3}}], 'arrive_timestamp': 1786729420, 'priority': 1, 'segment': 's1'}}
[INFO] [1786729443.064894274] [robot1.fragment_exec_node]: Received fragment assignment: f3-3. Starting execution.
[INFO] [1786729443.067351079] [robot3.fragment_exec_node]: Executing task transport. Params: {'x': 2, 'y': 3}, Virtual state: {'position': {'x': 2, 'y': 3, 'z': 0.0}, 'docked': False, 'battery': 100.0}
[INFO] [1786729443.067940253] [robot1.fragment_exec_node]: Waiting for coordination messages before executing fragment f3-3: ['m3/s1/scan']
[INFO] [1786729443.069840283] [multi3_coordinator_node]: Received robot state update: {'state': 'working', 'current_assigned_fragment': 'f3-3'}
[INFO] [1786729443.125489831] [robot3.fragment_exec_node]: EventType: Task, Activity: transport, Robot: robot3, Mission: m3, Segment: s3, Start: 1976.986581372
[INFO] [1786729443.126410646] [robot3.fragment_exec_node]: Simulating navigate skill to position 2, 3...
[INFO] [1786729445.073611896] [robot1.fragment_exec_node]: Executing task transport. Params: {'x': 2, 'y': 3}, Virtual state: {'position': {'x': 2, 'y': 3, 'z': 0.0}, 'docked': False, 'battery': 100.0}
[INFO] [1786729445.075565254] [robot1.fragment_exec_node]: EventType: Task, Activity: transport, Robot: robot1, Mission: m3, Segment: s1, Start: 1978.992968112
[INFO] [1786729445.077675955] [robot1.fragment_exec_node]: Simulating navigate skill to position 2, 3...
[INFO] [1786729446.755892457] [robot2.fragment_exec_node]: Navigation completed!
[INFO] [1786729446.757933882] [robot2.fragment_exec_node]: EventType: Task, Activity: transport, Robot: robot2, Mission: m3, Segment: s2, End: 1980.675374774
[INFO] [1786729446.761209120] [robot2.fragment_exec_node]: Execution of fragment f3-6 completed!
[INFO] [1786729446.761929689] [multi3_coordinator_node]: Received coordination message: {'robot_name': 'robot2', 'completed_task': 'm3/s2/transport'}
[INFO] [1786729446.764805585] [multi3_coordinator_node]: Received robot state update: {'state': 'idle', 'current_assigned_fragment': None}
[INFO] [1786729446.766219685] [multi3_coordinator_node]: Received coordination message: {'robot_name': 'robot2', 'completed_fragment': 'f3-6'}
[INFO] [1786729447.570917832] [robot3.fragment_exec_node]: Navigation completed!
[INFO] [1786729447.573027034] [robot3.fragment_exec_node]: EventType: Task, Activity: transport, Robot: robot3, Mission: m3, Segment: s3, End: 1981.489948822
[INFO] [1786729447.575807077] [robot3.fragment_exec_node]: Execution of fragment f3-9 completed!
[INFO] [1786729447.576147083] [multi3_coordinator_node]: Received coordination message: {'robot_name': 'robot3', 'completed_task': 'm3/s3/transport'}
[INFO] [1786729447.578933616] [multi3_coordinator_node]: Received robot state update: {'state': 'idle', 'current_assigned_fragment': None}
[INFO] [1786729447.580082943] [multi3_coordinator_node]: Received coordination message: {'robot_name': 'robot3', 'completed_fragment': 'f3-9'}
[INFO] [1786729450.233417267] [robot1.fragment_exec_node]: Navigation completed!
[INFO] [1786729450.234734903] [robot1.fragment_exec_node]: EventType: Task, Activity: transport, Robot: robot1, Mission: m3, Segment: s1, End: 1984.152446689
[INFO] [1786729450.237756301] [robot1.fragment_exec_node]: Execution of fragment f3-3 completed!
[INFO] [1786729450.238819092] [multi3_coordinator_node]: Fragment f3-10 is now executable because all signal messages were received.
[INFO] [1786729450.239768002] [multi3_coordinator_node]: Received coordination message: {'robot_name': 'robot1', 'completed_task': 'm3/s1/transport'}
[INFO] [1786729450.242827742] [multi3_coordinator_node]: Received robot state update: {'state': 'idle', 'current_assigned_fragment': None}
[INFO] [1786729450.246240683] [multi3_coordinator_node]: Received coordination message: {'robot_name': 'robot1', 'completed_fragment': 'f3-3'}
[INFO] [1786729451.050818650] [multi3_coordinator_node]: Assigned fragment f3-10 to robot robot1.
[INFO] [1786729451.059071930] [robot3.fragment_exec_node]: Received fragment: {'robot': 'robot1', 'fragment': {'id': 'f3-10', 'mission': 'm3', 'state': 'assigned', 'wait': ['m3/s1/transport', 'm3/s2/transport', 'm3/s3/transport'], 'tasks': [{'name': 'pack', 'params': {'x': 2, 'y': 3}}], 'arrive_timestamp': 1786729420, 'priority': 1, 'segment': ''}}
[INFO] [1786729451.059566124] [robot1.fragment_exec_node]: Received fragment: {'robot': 'robot1', 'fragment': {'id': 'f3-10', 'mission': 'm3', 'state': 'assigned', 'wait': ['m3/s1/transport', 'm3/s2/transport', 'm3/s3/transport'], 'tasks': [{'name': 'pack', 'params': {'x': 2, 'y': 3}}], 'arrive_timestamp': 1786729420, 'priority': 1, 'segment': ''}}
[INFO] [1786729451.061627061] [robot1.fragment_exec_node]: Received fragment assignment: f3-10. Starting execution.
[INFO] [1786729451.064341376] [robot1.fragment_exec_node]: Waiting for coordination messages before executing fragment f3-10: ['m3/s1/transport', 'm3/s2/transport', 'm3/s3/transport']
[INFO] [1786729451.065254920] [multi3_coordinator_node]: Received robot state update: {'state': 'working', 'current_assigned_fragment': 'f3-10'}
[INFO] [1786729451.069804947] [robot2.fragment_exec_node]: Received fragment: {'robot': 'robot1', 'fragment': {'id': 'f3-10', 'mission': 'm3', 'state': 'assigned', 'wait': ['m3/s1/transport', 'm3/s2/transport', 'm3/s3/transport'], 'tasks': [{'name': 'pack', 'params': {'x': 2, 'y': 3}}], 'arrive_timestamp': 1786729420, 'priority': 1, 'segment': ''}}
[INFO] [1786729453.070188198] [robot1.fragment_exec_node]: Executing task pack. Params: {'x': 2, 'y': 3}, Virtual state: {'position': {'x': 2, 'y': 3, 'z': 0.0}, 'docked': False, 'battery': 100.0}
[INFO] [1786729453.071971673] [robot1.fragment_exec_node]: EventType: Task, Activity: pack, Robot: robot1, Mission: m3, Segment: , Start: 1986.989223147
[INFO] [1786729453.074140996] [robot1.fragment_exec_node]: Simulating pack skill...
[INFO] [1786729458.518986083] [robot1.fragment_exec_node]: Packing completed!
[INFO] [1786729458.520862675] [robot1.fragment_exec_node]: EventType: Task, Activity: pack, Robot: robot1, Mission: m3, Segment: , End: 1992.438016519
[INFO] [1786729458.523858294] [robot1.fragment_exec_node]: Execution of fragment f3-10 completed!
[INFO] [1786729458.523996603] [multi3_coordinator_node]: Received coordination message: {'robot_name': 'robot1', 'completed_task': 'm3//pack'}
[INFO] [1786729458.527093557] [multi3_coordinator_node]: Received robot state update: {'state': 'idle', 'current_assigned_fragment': None}
[INFO] [1786729458.528664235] [multi3_coordinator_node]: Received coordination message: {'robot_name': 'robot1', 'completed_fragment': 'f3-10'}
