[?2004h]0;root@dce752550509: ~/ros2_wsroot@dce752550509:~/ros2_ws# ./run_multi3.sh --robots 2
[?2004lStarting: ros2 run multi3_coordinator coordinator
[INFO] [1786729603.028250655] [multi3_coordinator_node]: Coordinator node started.
Starting: ros2 run multi3_executor executor --ros-args -p robot_name:=robot1
[INFO] [1786729605.916750395] [robot1.fragment_exec_node]: Setting up skill: PickSkill
[INFO] [1786729605.917405132] [robot1.fragment_exec_node]: Setting up skill: ScanSkill
[INFO] [1786729605.918072452] [robot1.fragment_exec_node]: Setting up skill: NavigateSkill
[INFO] [1786729605.918468284] [robot1.fragment_exec_node]: Setting up skill: NavigateSkill
[INFO] [1786729605.919168808] [robot1.fragment_exec_node]: Setting up skill: DockSkill
[INFO] [1786729605.919699608] [robot1.fragment_exec_node]: Setting up skill: UndockSkill
[INFO] [1786729605.920594203] [robot1.fragment_exec_node]: Setting up skill: PackSkill
[INFO] [1786729605.925697535] [robot1.fragment_exec_node]: Published robot registration: {'name': 'robot1', 'state': 'idle', 'capabilities': ['pick', 'scan', 'transport', 'pack']}
[INFO] [1786729605.926133204] [multi3_coordinator_node]: Received new robot info: {'name': 'robot1', 'state': 'idle', 'capabilities': ['pick', 'scan', 'transport', 'pack'], 'last_heartbeat': 1786729605}
Starting: ros2 run multi3_executor executor --ros-args -p robot_name:=robot2
[INFO] [1786729606.927578683] [robot2.fragment_exec_node]: Setting up skill: PickSkill
[INFO] [1786729606.928662744] [robot2.fragment_exec_node]: Setting up skill: ScanSkill
[INFO] [1786729606.930122426] [robot2.fragment_exec_node]: Setting up skill: NavigateSkill
[INFO] [1786729606.930791350] [robot2.fragment_exec_node]: Setting up skill: NavigateSkill
[INFO] [1786729606.931525979] [robot2.fragment_exec_node]: Setting up skill: DockSkill
[INFO] [1786729606.932257723] [robot2.fragment_exec_node]: Setting up skill: UndockSkill
[INFO] [1786729606.932962765] [robot2.fragment_exec_node]: Setting up skill: PackSkill
[INFO] [1786729606.943803099] [robot2.fragment_exec_node]: Published robot registration: {'name': 'robot2', 'state': 'idle', 'capabilities': ['pick', 'scan', 'transport', 'pack']}
[INFO] [1786729606.944298071] [multi3_coordinator_node]: Received new robot info: {'name': 'robot2', 'state': 'idle', 'capabilities': ['pick', 'scan', 'transport', 'pack'], 'last_heartbeat': 1786729606}
[INFO] [1786729622.910686979] [multi3_coordinator_node]: Received mission: {'mission': 'm4', 'priority': 1, 'fragments': [{'id': 'f4-1', 'wait': [], 'tasks': [{'name': 'pick', 'params': {'x': 2, 'y': 3}}], 'segment': 's1'}, {'id': 'f4-2', 'wait': ['m4/s1/pick'], 'tasks': [{'name': 'scan', 'params': {'x': 2, 'y': 3}}], 'segment': 's1'}, {'id': 'f4-3', 'wait': ['m4/s1/scan'], 'tasks': [{'name': 'transport', 'params': {'x': 2, 'y': 3}}], 'segment': 's1'}, {'id': 'f4-4', 'wait': [], 'tasks': [{'name': 'pick', 'params': {'x': 2, 'y': 3}}], 'segment': 's2'}, {'id': 'f4-5', 'wait': ['m4/s2/pick'], 'tasks': [{'name': 'scan', 'params': {'x': 2, 'y': 3}}], 'segment': 's2'}, {'id': 'f4-6', 'wait': ['m4/s2/scan'], 'tasks': [{'name': 'transport', 'params': {'x': 2, 'y': 3}}], 'segment': 's2'}, {'id': 'f4-7', 'wait': [], 'tasks': [{'name': 'pick', 'params': {'x': 2, 'y': 3}}], 'segment': 's3'}, {'id': 'f4-8', 'wait': ['m4/s3/pick'], 'tasks': [{'name': 'scan', 'params': {'x': 2, 'y': 3}}], 'segment': 's3'}, {'id': 'f4-9', 'wait': ['m4/s3/scan'], 'tasks': [{'name': 'transport', 'params': {'x': 2, 'y': 3}}], 'segment': 's3'}, {'id': "f4-10'", 'wait': [], 'tasks': [{'name': 'pick', 'params': {'x': 2, 'y': 3}}], 'segment': 's4'}, {'id': 'f4-11', 'wait': ['m4/s4/pick'], 'tasks': [{'name': 'scan', 'params': {'x': 2, 'y': 3}}], 'segment': 's4'}, {'id': 'f4-12', 'wait': ['m4/s4/scan'], 'tasks': [{'name': 'transport', 'params': {'x': 2, 'y': 3}}], 'segment': 's4'}, {'id': 'f4-13', 'wait': ['m4/s1/transport', 'm4/s2/transport', 'm4/s3/transport', 'm4/s4/transport'], 'tasks': [{'name': 'pack', 'params': {'x': 2, 'y': 3}}], 'segment': ''}]}
[INFO] [1786729622.911526208] [multi3_coordinator_node]: Fragment f4-1 is now executable because all signal messages were received.
[INFO] [1786729622.912576321] [multi3_coordinator_node]: Fragment f4-4 is now executable because all signal messages were received.
[INFO] [1786729622.913247759] [multi3_coordinator_node]: Fragment f4-7 is now executable because all signal messages were received.
[INFO] [1786729622.913664560] [multi3_coordinator_node]: Fragment f4-10' is now executable because all signal messages were received.
[INFO] [1786729629.793973154] [multi3_coordinator_node]: Execution start signal received. Starting fragment assignment.
[INFO] [1786729630.798947575] [multi3_coordinator_node]: Assigned fragment f4-1 to robot robot1.
[INFO] [1786729630.801896963] [multi3_coordinator_node]: Assigned fragment f4-4 to robot robot2.
[INFO] [1786729630.811992421] [robot1.fragment_exec_node]: Received fragment: {'robot': 'robot1', 'fragment': {'id': 'f4-1', 'mission': 'm4', 'state': 'assigned', 'wait': [], 'tasks': [{'name': 'pick', 'params': {'x': 2, 'y': 3}}], 'arrive_timestamp': 1786729622, 'priority': 1, 'segment': 's1'}}
[INFO] [1786729630.815972446] [robot1.fragment_exec_node]: Received fragment: {'robot': 'robot2', 'fragment': {'id': 'f4-4', 'mission': 'm4', 'state': 'assigned', 'wait': [], 'tasks': [{'name': 'pick', 'params': {'x': 2, 'y': 3}}], 'arrive_timestamp': 1786729622, 'priority': 1, 'segment': 's2'}}
[INFO] [1786729630.816910580] [robot1.fragment_exec_node]: Received fragment assignment: f4-1. Starting execution.
[INFO] [1786729630.818659283] [robot2.fragment_exec_node]: Received fragment: {'robot': 'robot1', 'fragment': {'id': 'f4-1', 'mission': 'm4', 'state': 'assigned', 'wait': [], 'tasks': [{'name': 'pick', 'params': {'x': 2, 'y': 3}}], 'arrive_timestamp': 1786729622, 'priority': 1, 'segment': 's1'}}
[INFO] [1786729630.818817395] [robot1.fragment_exec_node]: Executing task pick. Params: {'x': 2, 'y': 3}, Virtual state: {'position': {'x': 0.0, 'y': 0.0, 'z': 0.0}, 'docked': True, 'battery': 100.0}
[INFO] [1786729630.818985223] [multi3_coordinator_node]: Received robot state update: {'state': 'working', 'current_assigned_fragment': 'f4-1'}
[INFO] [1786729630.819709475] [robot1.fragment_exec_node]: EventType: Control, Activity: undock, Robot: robot1, Mission: m4, Segment: s1, Start: 2164.737590861
[INFO] [1786729630.820811500] [robot2.fragment_exec_node]: Received fragment: {'robot': 'robot2', 'fragment': {'id': 'f4-4', 'mission': 'm4', 'state': 'assigned', 'wait': [], 'tasks': [{'name': 'pick', 'params': {'x': 2, 'y': 3}}], 'arrive_timestamp': 1786729622, 'priority': 1, 'segment': 's2'}}
[INFO] [1786729630.820980911] [robot1.fragment_exec_node]: Simulating undock skill...
[INFO] [1786729630.822271466] [robot2.fragment_exec_node]: Received fragment assignment: f4-4. Starting execution.
[INFO] [1786729630.823967037] [robot2.fragment_exec_node]: Executing task pick. Params: {'x': 2, 'y': 3}, Virtual state: {'position': {'x': 0.0, 'y': 0.0, 'z': 0.0}, 'docked': True, 'battery': 100.0}
[INFO] [1786729630.824765094] [multi3_coordinator_node]: Received robot state update: {'state': 'working', 'current_assigned_fragment': 'f4-4'}
[INFO] [1786729630.824919850] [robot2.fragment_exec_node]: EventType: Control, Activity: undock, Robot: robot2, Mission: m4, Segment: s2, Start: 2164.742755077
[INFO] [1786729630.826116966] [robot2.fragment_exec_node]: Simulating undock skill...
[INFO] [1786729633.522875628] [robot2.fragment_exec_node]: Undock completed!
[INFO] [1786729633.524905542] [robot2.fragment_exec_node]: EventType: Control, Activity: undock, Robot: robot2, Mission: m4, Segment: s2, End: 2167.44182933
[INFO] [1786729633.526410667] [robot2.fragment_exec_node]: EventType: Control, Activity: navigate, Robot: robot2, Mission: m4, Segment: s2, Start: 2167.443774982
[INFO] [1786729633.528131846] [robot2.fragment_exec_node]: Simulating navigate skill to position 2, 3...
[INFO] [1786729634.521027941] [robot1.fragment_exec_node]: Undock completed!
[INFO] [1786729634.522918839] [robot1.fragment_exec_node]: EventType: Control, Activity: undock, Robot: robot1, Mission: m4, Segment: s1, End: 2168.439994584
[INFO] [1786729634.524309267] [robot1.fragment_exec_node]: EventType: Control, Activity: navigate, Robot: robot1, Mission: m4, Segment: s1, Start: 2168.441724604
[INFO] [1786729634.525868124] [robot1.fragment_exec_node]: Simulating navigate skill to position 2, 3...
[INFO] [1786729638.935437993] [robot2.fragment_exec_node]: Navigation completed!
[INFO] [1786729638.936497457] [robot2.fragment_exec_node]: EventType: Control, Activity: navigate, Robot: robot2, Mission: m4, Segment: s2, End: 2172.854317302
[INFO] [1786729638.938187063] [robot2.fragment_exec_node]: EventType: Task, Activity: pick, Robot: robot2, Mission: m4, Segment: s2, Start: 2172.855391148
[INFO] [1786729638.939004106] [robot2.fragment_exec_node]: Simulating pick skill...
[INFO] [1786729639.428076702] [robot1.fragment_exec_node]: Navigation completed!
[INFO] [1786729639.429427638] [robot1.fragment_exec_node]: EventType: Control, Activity: navigate, Robot: robot1, Mission: m4, Segment: s1, End: 2173.346938441
[INFO] [1786729639.430941926] [robot1.fragment_exec_node]: EventType: Task, Activity: pick, Robot: robot1, Mission: m4, Segment: s1, Start: 2173.348235168
[INFO] [1786729639.432315182] [robot1.fragment_exec_node]: Simulating pick skill...
[INFO] [1786729641.614957463] [robot2.fragment_exec_node]: Pick completed!
[INFO] [1786729641.616898399] [robot2.fragment_exec_node]: EventType: Task, Activity: pick, Robot: robot2, Mission: m4, Segment: s2, End: 2175.533912131
[INFO] [1786729641.620230627] [robot2.fragment_exec_node]: Execution of fragment f4-4 completed!
[INFO] [1786729641.620557468] [multi3_coordinator_node]: Fragment f4-5 is now executable because all signal messages were received.
[INFO] [1786729641.622659432] [multi3_coordinator_node]: Received coordination message: {'robot_name': 'robot2', 'completed_task': 'm4/s2/pick'}
[INFO] [1786729641.624215844] [multi3_coordinator_node]: Received robot state update: {'state': 'idle', 'current_assigned_fragment': None}
[INFO] [1786729641.626854326] [multi3_coordinator_node]: Received coordination message: {'robot_name': 'robot2', 'completed_fragment': 'f4-4'}
[INFO] [1786729641.798941336] [multi3_coordinator_node]: Assigned fragment f4-5 to robot robot2.
[INFO] [1786729641.805081150] [robot2.fragment_exec_node]: Received fragment: {'robot': 'robot2', 'fragment': {'id': 'f4-5', 'mission': 'm4', 'state': 'assigned', 'wait': ['m4/s2/pick'], 'tasks': [{'name': 'scan', 'params': {'x': 2, 'y': 3}}], 'arrive_timestamp': 1786729622, 'priority': 1, 'segment': 's2'}}
[INFO] [1786729641.805101942] [robot1.fragment_exec_node]: Received fragment: {'robot': 'robot2', 'fragment': {'id': 'f4-5', 'mission': 'm4', 'state': 'assigned', 'wait': ['m4/s2/pick'], 'tasks': [{'name': 'scan', 'params': {'x': 2, 'y': 3}}], 'arrive_timestamp': 1786729622, 'priority': 1, 'segment': 's2'}}
[INFO] [1786729641.806108802] [robot2.fragment_exec_node]: Received fragment assignment: f4-5. Starting execution.
[INFO] [1786729641.807907129] [robot2.fragment_exec_node]: Waiting for coordination messages before executing fragment f4-5: ['m4/s2/pick']
[INFO] [1786729641.809122500] [multi3_coordinator_node]: Received robot state update: {'state': 'working', 'current_assigned_fragment': 'f4-5'}
[INFO] [1786729642.348355380] [robot1.fragment_exec_node]: Pick completed!
[INFO] [1786729642.350411390] [robot1.fragment_exec_node]: EventType: Task, Activity: pick, Robot: robot1, Mission: m4, Segment: s1, End: 2176.267222327
[INFO] [1786729642.352468873] [robot1.fragment_exec_node]: Execution of fragment f4-1 completed!
[INFO] [1786729642.353441274] [multi3_coordinator_node]: Fragment f4-2 is now executable because all signal messages were received.
[INFO] [1786729642.354800601] [multi3_coordinator_node]: Received coordination message: {'robot_name': 'robot1', 'completed_task': 'm4/s1/pick'}
[INFO] [1786729642.357385084] [multi3_coordinator_node]: Received robot state update: {'state': 'idle', 'current_assigned_fragment': None}
[INFO] [1786729642.359999943] [multi3_coordinator_node]: Received coordination message: {'robot_name': 'robot1', 'completed_fragment': 'f4-1'}
[INFO] [1786729642.795948426] [multi3_coordinator_node]: Assigned fragment f4-2 to robot robot1.
[INFO] [1786729642.798986502] [robot2.fragment_exec_node]: Received fragment: {'robot': 'robot1', 'fragment': {'id': 'f4-2', 'mission': 'm4', 'state': 'assigned', 'wait': ['m4/s1/pick'], 'tasks': [{'name': 'scan', 'params': {'x': 2, 'y': 3}}], 'arrive_timestamp': 1786729622, 'priority': 1, 'segment': 's1'}}
[INFO] [1786729642.804110831] [robot1.fragment_exec_node]: Received fragment: {'robot': 'robot1', 'fragment': {'id': 'f4-2', 'mission': 'm4', 'state': 'assigned', 'wait': ['m4/s1/pick'], 'tasks': [{'name': 'scan', 'params': {'x': 2, 'y': 3}}], 'arrive_timestamp': 1786729622, 'priority': 1, 'segment': 's1'}}
[INFO] [1786729642.805610175] [robot1.fragment_exec_node]: Received fragment assignment: f4-2. Starting execution.
[INFO] [1786729642.807073755] [robot1.fragment_exec_node]: Waiting for coordination messages before executing fragment f4-2: ['m4/s1/pick']
[INFO] [1786729642.807647939] [multi3_coordinator_node]: Received robot state update: {'state': 'working', 'current_assigned_fragment': 'f4-2'}
[INFO] [1786729643.813066633] [robot2.fragment_exec_node]: Executing task scan. Params: {'x': 2, 'y': 3}, Virtual state: {'position': {'x': 2, 'y': 3, 'z': 0.0}, 'docked': False, 'battery': 100.0}
[INFO] [1786729643.814982651] [robot2.fragment_exec_node]: EventType: Task, Activity: scan, Robot: robot2, Mission: m4, Segment: s2, Start: 2177.732072522
[INFO] [1786729643.816394414] [robot2.fragment_exec_node]: Simulating scan skill...
[INFO] [1786729644.811941336] [robot1.fragment_exec_node]: Executing task scan. Params: {'x': 2, 'y': 3}, Virtual state: {'position': {'x': 2, 'y': 3, 'z': 0.0}, 'docked': False, 'battery': 100.0}
[INFO] [1786729644.814195487] [robot1.fragment_exec_node]: EventType: Task, Activity: scan, Robot: robot1, Mission: m4, Segment: s1, Start: 2178.730918186
[INFO] [1786729644.816240485] [robot1.fragment_exec_node]: Simulating scan skill...
[INFO] [1786729645.600002702] [robot2.fragment_exec_node]: Scan completed!
[INFO] [1786729645.601997320] [robot2.fragment_exec_node]: EventType: Task, Activity: scan, Robot: robot2, Mission: m4, Segment: s2, End: 2179.518959432
[INFO] [1786729645.604947683] [robot2.fragment_exec_node]: Execution of fragment f4-5 completed!
[INFO] [1786729645.605442974] [multi3_coordinator_node]: Fragment f4-6 is now executable because all signal messages were received.
[INFO] [1786729645.608041570] [multi3_coordinator_node]: Received coordination message: {'robot_name': 'robot2', 'completed_task': 'm4/s2/scan'}
[INFO] [1786729645.610366150] [multi3_coordinator_node]: Received robot state update: {'state': 'idle', 'current_assigned_fragment': None}
[INFO] [1786729645.612383750] [multi3_coordinator_node]: Received coordination message: {'robot_name': 'robot2', 'completed_fragment': 'f4-5'}
[INFO] [1786729645.798972514] [multi3_coordinator_node]: Assigned fragment f4-6 to robot robot2.
[INFO] [1786729645.805363078] [robot1.fragment_exec_node]: Received fragment: {'robot': 'robot2', 'fragment': {'id': 'f4-6', 'mission': 'm4', 'state': 'assigned', 'wait': ['m4/s2/scan'], 'tasks': [{'name': 'transport', 'params': {'x': 2, 'y': 3}}], 'arrive_timestamp': 1786729622, 'priority': 1, 'segment': 's2'}}
[INFO] [1786729645.812932973] [robot2.fragment_exec_node]: Received fragment: {'robot': 'robot2', 'fragment': {'id': 'f4-6', 'mission': 'm4', 'state': 'assigned', 'wait': ['m4/s2/scan'], 'tasks': [{'name': 'transport', 'params': {'x': 2, 'y': 3}}], 'arrive_timestamp': 1786729622, 'priority': 1, 'segment': 's2'}}
[INFO] [1786729645.814720038] [robot2.fragment_exec_node]: Received fragment assignment: f4-6. Starting execution.
[INFO] [1786729645.816768537] [robot2.fragment_exec_node]: Waiting for coordination messages before executing fragment f4-6: ['m4/s2/scan']
[INFO] [1786729645.817056647] [multi3_coordinator_node]: Received robot state update: {'state': 'working', 'current_assigned_fragment': 'f4-6'}
[INFO] [1786729646.816866773] [robot1.fragment_exec_node]: Scan completed!
[INFO] [1786729646.819353266] [robot1.fragment_exec_node]: EventType: Task, Activity: scan, Robot: robot1, Mission: m4, Segment: s1, End: 2180.735827661
[INFO] [1786729646.823004332] [robot1.fragment_exec_node]: Execution of fragment f4-2 completed!
[INFO] [1786729646.823307009] [multi3_coordinator_node]: Fragment f4-3 is now executable because all signal messages were received.
[INFO] [1786729646.824975081] [multi3_coordinator_node]: Received coordination message: {'robot_name': 'robot1', 'completed_task': 'm4/s1/scan'}
[INFO] [1786729646.828039125] [multi3_coordinator_node]: Received robot state update: {'state': 'idle', 'current_assigned_fragment': None}
[INFO] [1786729646.829996872] [multi3_coordinator_node]: Received coordination message: {'robot_name': 'robot1', 'completed_fragment': 'f4-2'}
[INFO] [1786729647.798938308] [multi3_coordinator_node]: Assigned fragment f4-3 to robot robot1.
[INFO] [1786729647.808617347] [robot1.fragment_exec_node]: Received fragment: {'robot': 'robot1', 'fragment': {'id': 'f4-3', 'mission': 'm4', 'state': 'assigned', 'wait': ['m4/s1/scan'], 'tasks': [{'name': 'transport', 'params': {'x': 2, 'y': 3}}], 'arrive_timestamp': 1786729622, 'priority': 1, 'segment': 's1'}}
[INFO] [1786729647.810377677] [robot1.fragment_exec_node]: Received fragment assignment: f4-3. Starting execution.
[INFO] [1786729647.813418721] [robot1.fragment_exec_node]: Executing task transport. Params: {'x': 2, 'y': 3}, Virtual state: {'position': {'x': 2, 'y': 3, 'z': 0.0}, 'docked': False, 'battery': 100.0}
[INFO] [1786729647.814019727] [multi3_coordinator_node]: Received robot state update: {'state': 'working', 'current_assigned_fragment': 'f4-3'}
[INFO] [1786729647.814989805] [robot1.fragment_exec_node]: EventType: Task, Activity: transport, Robot: robot1, Mission: m4, Segment: s1, Start: 2181.732377023
[INFO] [1786729647.816213777] [robot1.fragment_exec_node]: Simulating navigate skill to position 2, 3...
[INFO] [1786729647.818191380] [robot2.fragment_exec_node]: Received fragment: {'robot': 'robot1', 'fragment': {'id': 'f4-3', 'mission': 'm4', 'state': 'assigned', 'wait': ['m4/s1/scan'], 'tasks': [{'name': 'transport', 'params': {'x': 2, 'y': 3}}], 'arrive_timestamp': 1786729622, 'priority': 1, 'segment': 's1'}}
[INFO] [1786729647.820273452] [robot2.fragment_exec_node]: Executing task transport. Params: {'x': 2, 'y': 3}, Virtual state: {'position': {'x': 2, 'y': 3, 'z': 0.0}, 'docked': False, 'battery': 100.0}
[INFO] [1786729647.822083568] [robot2.fragment_exec_node]: EventType: Task, Activity: transport, Robot: robot2, Mission: m4, Segment: s2, Start: 2181.739057592
[INFO] [1786729647.823396266] [robot2.fragment_exec_node]: Simulating navigate skill to position 2, 3...
[INFO] [1786729653.206162626] [robot2.fragment_exec_node]: Navigation completed!
[INFO] [1786729653.208008635] [robot2.fragment_exec_node]: EventType: Task, Activity: transport, Robot: robot2, Mission: m4, Segment: s2, End: 2187.125126366
[INFO] [1786729653.210403982] [robot2.fragment_exec_node]: Execution of fragment f4-6 completed!
[INFO] [1786729653.211928006] [multi3_coordinator_node]: Received coordination message: {'robot_name': 'robot2', 'completed_task': 'm4/s2/transport'}
[INFO] [1786729653.214450252] [multi3_coordinator_node]: Received robot state update: {'state': 'idle', 'current_assigned_fragment': None}
[INFO] [1786729653.216026099] [multi3_coordinator_node]: Received coordination message: {'robot_name': 'robot2', 'completed_fragment': 'f4-6'}
[INFO] [1786729653.798765148] [multi3_coordinator_node]: Assigned fragment f4-7 to robot robot2.
[INFO] [1786729653.802515421] [robot1.fragment_exec_node]: Received fragment: {'robot': 'robot2', 'fragment': {'id': 'f4-7', 'mission': 'm4', 'state': 'assigned', 'wait': [], 'tasks': [{'name': 'pick', 'params': {'x': 2, 'y': 3}}], 'arrive_timestamp': 1786729622, 'priority': 1, 'segment': 's3'}}
[INFO] [1786729653.808408897] [robot2.fragment_exec_node]: Received fragment: {'robot': 'robot2', 'fragment': {'id': 'f4-7', 'mission': 'm4', 'state': 'assigned', 'wait': [], 'tasks': [{'name': 'pick', 'params': {'x': 2, 'y': 3}}], 'arrive_timestamp': 1786729622, 'priority': 1, 'segment': 's3'}}
[INFO] [1786729653.809660896] [robot2.fragment_exec_node]: Received fragment assignment: f4-7. Starting execution.
[INFO] [1786729653.813196121] [robot2.fragment_exec_node]: Executing task pick. Params: {'x': 2, 'y': 3}, Virtual state: {'position': {'x': 2, 'y': 3, 'z': 0.0}, 'docked': False, 'battery': 100.0}
[INFO] [1786729653.813804758] [multi3_coordinator_node]: Received robot state update: {'state': 'working', 'current_assigned_fragment': 'f4-7'}
[INFO] [1786729653.814307468] [robot2.fragment_exec_node]: EventType: Task, Activity: pick, Robot: robot2, Mission: m4, Segment: s3, Start: 2187.732270287
[INFO] [1786729653.815836637] [robot2.fragment_exec_node]: Simulating pick skill...
[INFO] [1786729655.142974561] [robot1.fragment_exec_node]: Navigation completed!
[INFO] [1786729655.144949542] [robot1.fragment_exec_node]: EventType: Task, Activity: transport, Robot: robot1, Mission: m4, Segment: s1, End: 2189.061934833
[INFO] [1786729655.148192534] [robot1.fragment_exec_node]: Execution of fragment f4-3 completed!
[INFO] [1786729655.149318960] [multi3_coordinator_node]: Received coordination message: {'robot_name': 'robot1', 'completed_task': 'm4/s1/transport'}
[INFO] [1786729655.152371908] [multi3_coordinator_node]: Received robot state update: {'state': 'idle', 'current_assigned_fragment': None}
[INFO] [1786729655.154729048] [multi3_coordinator_node]: Received coordination message: {'robot_name': 'robot1', 'completed_fragment': 'f4-3'}
[INFO] [1786729655.795746131] [multi3_coordinator_node]: Assigned fragment f4-10' to robot robot1.
[INFO] [1786729655.801788999] [robot1.fragment_exec_node]: Received fragment: {'robot': 'robot1', 'fragment': {'id': "f4-10'", 'mission': 'm4', 'state': 'assigned', 'wait': [], 'tasks': [{'name': 'pick', 'params': {'x': 2, 'y': 3}}], 'arrive_timestamp': 1786729622, 'priority': 1, 'segment': 's4'}}
[INFO] [1786729655.802326780] [robot1.fragment_exec_node]: Received fragment assignment: f4-10'. Starting execution.
[INFO] [1786729655.803669226] [robot1.fragment_exec_node]: Executing task pick. Params: {'x': 2, 'y': 3}, Virtual state: {'position': {'x': 2, 'y': 3, 'z': 0.0}, 'docked': False, 'battery': 100.0}
[INFO] [1786729655.804546146] [robot1.fragment_exec_node]: EventType: Task, Activity: pick, Robot: robot1, Mission: m4, Segment: s4, Start: 2189.722471434
[INFO] [1786729655.804614286] [multi3_coordinator_node]: Received robot state update: {'state': 'working', 'current_assigned_fragment': "f4-10'"}
[INFO] [1786729655.805279141] [robot1.fragment_exec_node]: Simulating pick skill...
[INFO] [1786729655.806978065] [robot2.fragment_exec_node]: Received fragment: {'robot': 'robot1', 'fragment': {'id': "f4-10'", 'mission': 'm4', 'state': 'assigned', 'wait': [], 'tasks': [{'name': 'pick', 'params': {'x': 2, 'y': 3}}], 'arrive_timestamp': 1786729622, 'priority': 1, 'segment': 's4'}}
[INFO] [1786729656.485135690] [robot2.fragment_exec_node]: Pick completed!
[INFO] [1786729656.486808114] [robot2.fragment_exec_node]: EventType: Task, Activity: pick, Robot: robot2, Mission: m4, Segment: s3, End: 2190.404095293
[INFO] [1786729656.489118680] [robot2.fragment_exec_node]: Execution of fragment f4-7 completed!
[INFO] [1786729656.490179999] [multi3_coordinator_node]: Fragment f4-8 is now executable because all signal messages were received.
[INFO] [1786729656.492450756] [multi3_coordinator_node]: Received coordination message: {'robot_name': 'robot2', 'completed_task': 'm4/s3/pick'}
[INFO] [1786729656.494796010] [multi3_coordinator_node]: Received robot state update: {'state': 'idle', 'current_assigned_fragment': None}
[INFO] [1786729656.497354286] [multi3_coordinator_node]: Received coordination message: {'robot_name': 'robot2', 'completed_fragment': 'f4-7'}
[INFO] [1786729656.798930672] [multi3_coordinator_node]: Assigned fragment f4-8 to robot robot2.
[INFO] [1786729656.806164151] [robot2.fragment_exec_node]: Received fragment: {'robot': 'robot2', 'fragment': {'id': 'f4-8', 'mission': 'm4', 'state': 'assigned', 'wait': ['m4/s3/pick'], 'tasks': [{'name': 'scan', 'params': {'x': 2, 'y': 3}}], 'arrive_timestamp': 1786729622, 'priority': 1, 'segment': 's3'}}
[INFO] [1786729656.808338254] [robot2.fragment_exec_node]: Received fragment assignment: f4-8. Starting execution.
[INFO] [1786729656.812130317] [multi3_coordinator_node]: Received robot state update: {'state': 'working', 'current_assigned_fragment': 'f4-8'}
[INFO] [1786729656.812175651] [robot2.fragment_exec_node]: Waiting for coordination messages before executing fragment f4-8: ['m4/s3/pick']
[INFO] [1786729656.815156260] [robot1.fragment_exec_node]: Received fragment: {'robot': 'robot2', 'fragment': {'id': 'f4-8', 'mission': 'm4', 'state': 'assigned', 'wait': ['m4/s3/pick'], 'tasks': [{'name': 'scan', 'params': {'x': 2, 'y': 3}}], 'arrive_timestamp': 1786729622, 'priority': 1, 'segment': 's3'}}
[INFO] [1786729657.887363021] [robot1.fragment_exec_node]: Pick completed!
[INFO] [1786729657.889542590] [robot1.fragment_exec_node]: EventType: Task, Activity: pick, Robot: robot1, Mission: m4, Segment: s4, End: 2191.816017179
[INFO] [1786729657.892256400] [robot1.fragment_exec_node]: Execution of fragment f4-10' completed!
[INFO] [1786729657.893351776] [multi3_coordinator_node]: Fragment f4-11 is now executable because all signal messages were received.
[INFO] [1786729657.895352080] [multi3_coordinator_node]: Received coordination message: {'robot_name': 'robot1', 'completed_task': 'm4/s4/pick'}
[INFO] [1786729657.897390573] [multi3_coordinator_node]: Received robot state update: {'state': 'idle', 'current_assigned_fragment': None}
[INFO] [1786729657.899385837] [multi3_coordinator_node]: Received coordination message: {'robot_name': 'robot1', 'completed_fragment': "f4-10'"}
[INFO] [1786729658.798841480] [multi3_coordinator_node]: Assigned fragment f4-11 to robot robot1.
[INFO] [1786729658.804229808] [robot1.fragment_exec_node]: Received fragment: {'robot': 'robot1', 'fragment': {'id': 'f4-11', 'mission': 'm4', 'state': 'assigned', 'wait': ['m4/s4/pick'], 'tasks': [{'name': 'scan', 'params': {'x': 2, 'y': 3}}], 'arrive_timestamp': 1786729622, 'priority': 1, 'segment': 's4'}}
[INFO] [1786729658.805277753] [robot1.fragment_exec_node]: Received fragment assignment: f4-11. Starting execution.
[INFO] [1786729658.807543402] [robot1.fragment_exec_node]: Waiting for coordination messages before executing fragment f4-11: ['m4/s4/pick']
[INFO] [1786729658.809154156] [multi3_coordinator_node]: Received robot state update: {'state': 'working', 'current_assigned_fragment': 'f4-11'}
[INFO] [1786729658.829943962] [robot2.fragment_exec_node]: Received fragment: {'robot': 'robot1', 'fragment': {'id': 'f4-11', 'mission': 'm4', 'state': 'assigned', 'wait': ['m4/s4/pick'], 'tasks': [{'name': 'scan', 'params': {'x': 2, 'y': 3}}], 'arrive_timestamp': 1786729622, 'priority': 1, 'segment': 's4'}}
[INFO] [1786729658.831266181] [robot2.fragment_exec_node]: Executing task scan. Params: {'x': 2, 'y': 3}, Virtual state: {'position': {'x': 2, 'y': 3, 'z': 0.0}, 'docked': False, 'battery': 100.0}
[INFO] [1786729658.832538654] [robot2.fragment_exec_node]: EventType: Task, Activity: scan, Robot: robot2, Mission: m4, Segment: s3, Start: 2192.759772326
[INFO] [1786729658.833352814] [robot2.fragment_exec_node]: Simulating scan skill...
[INFO] [1786729660.324347041] [robot2.fragment_exec_node]: Scan completed!
[INFO] [1786729660.326432430] [robot2.fragment_exec_node]: EventType: Task, Activity: scan, Robot: robot2, Mission: m4, Segment: s3, End: 2194.25299681
[INFO] [1786729660.329579394] [robot2.fragment_exec_node]: Execution of fragment f4-8 completed!
[INFO] [1786729660.330553041] [multi3_coordinator_node]: Fragment f4-9 is now executable because all signal messages were received.
[INFO] [1786729660.332134791] [multi3_coordinator_node]: Received coordination message: {'robot_name': 'robot2', 'completed_task': 'm4/s3/scan'}
[INFO] [1786729660.338937345] [multi3_coordinator_node]: Received robot state update: {'state': 'idle', 'current_assigned_fragment': None}
[INFO] [1786729660.341150239] [multi3_coordinator_node]: Received coordination message: {'robot_name': 'robot2', 'completed_fragment': 'f4-8'}
[INFO] [1786729660.798630490] [multi3_coordinator_node]: Assigned fragment f4-9 to robot robot2.
[INFO] [1786729660.803750757] [robot1.fragment_exec_node]: Received fragment: {'robot': 'robot2', 'fragment': {'id': 'f4-9', 'mission': 'm4', 'state': 'assigned', 'wait': ['m4/s3/scan'], 'tasks': [{'name': 'transport', 'params': {'x': 2, 'y': 3}}], 'arrive_timestamp': 1786729622, 'priority': 1, 'segment': 's3'}}
[INFO] [1786729660.812643270] [robot1.fragment_exec_node]: Executing task scan. Params: {'x': 2, 'y': 3}, Virtual state: {'position': {'x': 2, 'y': 3, 'z': 0.0}, 'docked': False, 'battery': 100.0}
[INFO] [1786729660.814202431] [robot1.fragment_exec_node]: EventType: Task, Activity: scan, Robot: robot1, Mission: m4, Segment: s4, Start: 2194.74144615
[INFO] [1786729660.815988745] [robot1.fragment_exec_node]: Simulating scan skill...
[INFO] [1786729660.816273919] [robot2.fragment_exec_node]: Received fragment: {'robot': 'robot2', 'fragment': {'id': 'f4-9', 'mission': 'm4', 'state': 'assigned', 'wait': ['m4/s3/scan'], 'tasks': [{'name': 'transport', 'params': {'x': 2, 'y': 3}}], 'arrive_timestamp': 1786729622, 'priority': 1, 'segment': 's3'}}
[INFO] [1786729660.817350149] [robot2.fragment_exec_node]: Received fragment assignment: f4-9. Starting execution.
[INFO] [1786729660.819214575] [robot2.fragment_exec_node]: Waiting for coordination messages before executing fragment f4-9: ['m4/s3/scan']
[INFO] [1786729660.820322323] [multi3_coordinator_node]: Received robot state update: {'state': 'working', 'current_assigned_fragment': 'f4-9'}
[INFO] [1786729662.191203157] [robot1.fragment_exec_node]: Scan completed!
[INFO] [1786729662.193191965] [robot1.fragment_exec_node]: EventType: Task, Activity: scan, Robot: robot1, Mission: m4, Segment: s4, End: 2196.119857109
[INFO] [1786729662.195520255] [robot1.fragment_exec_node]: Execution of fragment f4-11 completed!
[INFO] [1786729662.196334543] [multi3_coordinator_node]: Fragment f4-12 is now executable because all signal messages were received.
[INFO] [1786729662.198781869] [multi3_coordinator_node]: Received coordination message: {'robot_name': 'robot1', 'completed_task': 'm4/s4/scan'}
[INFO] [1786729662.202222054] [multi3_coordinator_node]: Received robot state update: {'state': 'idle', 'current_assigned_fragment': None}
[INFO] [1786729662.205985987] [multi3_coordinator_node]: Received coordination message: {'robot_name': 'robot1', 'completed_fragment': 'f4-11'}
[INFO] [1786729662.799071235] [multi3_coordinator_node]: Assigned fragment f4-12 to robot robot1.
[INFO] [1786729662.806420145] [robot2.fragment_exec_node]: Received fragment: {'robot': 'robot1', 'fragment': {'id': 'f4-12', 'mission': 'm4', 'state': 'assigned', 'wait': ['m4/s4/scan'], 'tasks': [{'name': 'transport', 'params': {'x': 2, 'y': 3}}], 'arrive_timestamp': 1786729622, 'priority': 1, 'segment': 's4'}}
[INFO] [1786729662.819614169] [robot1.fragment_exec_node]: Received fragment: {'robot': 'robot1', 'fragment': {'id': 'f4-12', 'mission': 'm4', 'state': 'assigned', 'wait': ['m4/s4/scan'], 'tasks': [{'name': 'transport', 'params': {'x': 2, 'y': 3}}], 'arrive_timestamp': 1786729622, 'priority': 1, 'segment': 's4'}}
[INFO] [1786729662.820493126] [robot1.fragment_exec_node]: Received fragment assignment: f4-12. Starting execution.
[INFO] [1786729662.821059259] [robot2.fragment_exec_node]: Executing task transport. Params: {'x': 2, 'y': 3}, Virtual state: {'position': {'x': 2, 'y': 3, 'z': 0.0}, 'docked': False, 'battery': 100.0}
[INFO] [1786729662.822302335] [robot1.fragment_exec_node]: Waiting for coordination messages before executing fragment f4-12: ['m4/s4/scan']
[INFO] [1786729662.822416985] [robot2.fragment_exec_node]: EventType: Task, Activity: transport, Robot: robot2, Mission: m4, Segment: s3, Start: 2196.749487891
[INFO] [1786729662.823127285] [multi3_coordinator_node]: Received robot state update: {'state': 'working', 'current_assigned_fragment': 'f4-12'}
[INFO] [1786729662.823172417] [robot2.fragment_exec_node]: Simulating navigate skill to position 2, 3...
[INFO] [1786729664.826424849] [robot1.fragment_exec_node]: Executing task transport. Params: {'x': 2, 'y': 3}, Virtual state: {'position': {'x': 2, 'y': 3, 'z': 0.0}, 'docked': False, 'battery': 100.0}
[INFO] [1786729664.828209062] [robot1.fragment_exec_node]: EventType: Task, Activity: transport, Robot: robot1, Mission: m4, Segment: s4, Start: 2198.755095881
[INFO] [1786729664.830072570] [robot1.fragment_exec_node]: Simulating navigate skill to position 2, 3...
[INFO] [1786729669.312782499] [robot2.fragment_exec_node]: Navigation completed!
[INFO] [1786729669.313335478] [robot2.fragment_exec_node]: EventType: Task, Activity: transport, Robot: robot2, Mission: m4, Segment: s3, End: 2203.241286105
[INFO] [1786729669.314222398] [robot2.fragment_exec_node]: Execution of fragment f4-9 completed!
[INFO] [1786729669.314933635] [multi3_coordinator_node]: Received coordination message: {'robot_name': 'robot2', 'completed_task': 'm4/s3/transport'}
[INFO] [1786729669.316158050] [multi3_coordinator_node]: Received robot state update: {'state': 'idle', 'current_assigned_fragment': None}
[INFO] [1786729669.316893052] [multi3_coordinator_node]: Received coordination message: {'robot_name': 'robot2', 'completed_fragment': 'f4-9'}
[INFO] [1786729670.986195984] [robot1.fragment_exec_node]: Navigation completed!
[INFO] [1786729670.987242179] [robot1.fragment_exec_node]: EventType: Task, Activity: transport, Robot: robot1, Mission: m4, Segment: s4, End: 2204.914724983
[INFO] [1786729670.989330559] [robot1.fragment_exec_node]: Execution of fragment f4-12 completed!
[INFO] [1786729670.990346359] [multi3_coordinator_node]: Fragment f4-13 is now executable because all signal messages were received.
[INFO] [1786729670.991297280] [multi3_coordinator_node]: Received coordination message: {'robot_name': 'robot1', 'completed_task': 'm4/s4/transport'}
[INFO] [1786729670.993323725] [multi3_coordinator_node]: Received robot state update: {'state': 'idle', 'current_assigned_fragment': None}
[INFO] [1786729670.995532927] [multi3_coordinator_node]: Received coordination message: {'robot_name': 'robot1', 'completed_fragment': 'f4-12'}
[INFO] [1786729671.799171412] [multi3_coordinator_node]: Assigned fragment f4-13 to robot robot1.
[INFO] [1786729671.803596985] [robot1.fragment_exec_node]: Received fragment: {'robot': 'robot1', 'fragment': {'id': 'f4-13', 'mission': 'm4', 'state': 'assigned', 'wait': ['m4/s1/transport', 'm4/s2/transport', 'm4/s3/transport', 'm4/s4/transport'], 'tasks': [{'name': 'pack', 'params': {'x': 2, 'y': 3}}], 'arrive_timestamp': 1786729622, 'priority': 1, 'segment': ''}}
[INFO] [1786729671.803680023] [robot2.fragment_exec_node]: Received fragment: {'robot': 'robot1', 'fragment': {'id': 'f4-13', 'mission': 'm4', 'state': 'assigned', 'wait': ['m4/s1/transport', 'm4/s2/transport', 'm4/s3/transport', 'm4/s4/transport'], 'tasks': [{'name': 'pack', 'params': {'x': 2, 'y': 3}}], 'arrive_timestamp': 1786729622, 'priority': 1, 'segment': ''}}
[INFO] [1786729671.804751206] [robot1.fragment_exec_node]: Received fragment assignment: f4-13. Starting execution.
[INFO] [1786729671.807082509] [robot1.fragment_exec_node]: Executing task pack. Params: {'x': 2, 'y': 3}, Virtual state: {'position': {'x': 2, 'y': 3, 'z': 0.0}, 'docked': False, 'battery': 100.0}
[INFO] [1786729671.807138350] [multi3_coordinator_node]: Received robot state update: {'state': 'working', 'current_assigned_fragment': 'f4-13'}
[INFO] [1786729671.808299452] [robot1.fragment_exec_node]: EventType: Task, Activity: pack, Robot: robot1, Mission: m4, Segment: , Start: 2205.735574584
[INFO] [1786729671.810990611] [robot1.fragment_exec_node]: Simulating pack skill...
[INFO] [1786729677.050385345] [robot1.fragment_exec_node]: Packing completed!
[INFO] [1786729677.051698138] [robot1.fragment_exec_node]: EventType: Task, Activity: pack, Robot: robot1, Mission: m4, Segment: , End: 2210.978974365
[INFO] [1786729677.054983046] [robot1.fragment_exec_node]: Execution of fragment f4-13 completed!
[INFO] [1786729677.055306893] [multi3_coordinator_node]: Received coordination message: {'robot_name': 'robot1', 'completed_task': 'm4//pack'}
[INFO] [1786729677.058129529] [multi3_coordinator_node]: Received robot state update: {'state': 'idle', 'current_assigned_fragment': None}
[INFO] [1786729677.060410749] [multi3_coordinator_node]: Received coordination message: {'robot_name': 'robot1', 'completed_fragment': 'f4-13'}
