[?2004h]0;root@1d25ea9c5053: ~/ros2_wsroot@1d25ea9c5053:~/ros2_ws# ./run_multi3.sh --robots 2
[?2004lStarting: ros2 run multi3_coordinator coordinator
[INFO] [1786730938.946725534] [multi3_coordinator_node]: Coordinator node started.
Starting: ros2 run multi3_executor executor --ros-args -p robot_name:=robot1
[INFO] [1786730941.848366564] [robot1.fragment_exec_node]: Setting up skill: PickSkill
[INFO] [1786730941.849161893] [robot1.fragment_exec_node]: Setting up skill: ScanSkill
[INFO] [1786730941.849909458] [robot1.fragment_exec_node]: Setting up skill: NavigateSkill
[INFO] [1786730941.850495969] [robot1.fragment_exec_node]: Setting up skill: NavigateSkill
[INFO] [1786730941.851035685] [robot1.fragment_exec_node]: Setting up skill: DockSkill
[INFO] [1786730941.851660350] [robot1.fragment_exec_node]: Setting up skill: UndockSkill
[INFO] [1786730941.852104488] [robot1.fragment_exec_node]: Setting up skill: PackSkill
[INFO] [1786730941.857589295] [robot1.fragment_exec_node]: Published robot registration: {'name': 'robot1', 'state': 'idle', 'capabilities': ['pick', 'scan', 'transport', 'pack']}
[INFO] [1786730941.857807217] [multi3_coordinator_node]: Received new robot info: {'name': 'robot1', 'state': 'idle', 'capabilities': ['pick', 'scan', 'transport', 'pack'], 'last_heartbeat': 1786730941}
Starting: ros2 run multi3_executor executor --ros-args -p robot_name:=robot2
[INFO] [1786730942.806847788] [robot2.fragment_exec_node]: Setting up skill: PickSkill
[INFO] [1786730942.807467273] [robot2.fragment_exec_node]: Setting up skill: ScanSkill
[INFO] [1786730942.808017456] [robot2.fragment_exec_node]: Setting up skill: NavigateSkill
[INFO] [1786730942.808463747] [robot2.fragment_exec_node]: Setting up skill: NavigateSkill
[INFO] [1786730942.809113152] [robot2.fragment_exec_node]: Setting up skill: DockSkill
[INFO] [1786730942.809560793] [robot2.fragment_exec_node]: Setting up skill: UndockSkill
[INFO] [1786730942.810070241] [robot2.fragment_exec_node]: Setting up skill: PackSkill
[INFO] [1786730942.815873034] [robot2.fragment_exec_node]: Published robot registration: {'name': 'robot2', 'state': 'idle', 'capabilities': ['pick', 'scan', 'transport', 'pack']}
[INFO] [1786730942.816297135] [multi3_coordinator_node]: Received new robot info: {'name': 'robot2', 'state': 'idle', 'capabilities': ['pick', 'scan', 'transport', 'pack'], 'last_heartbeat': 1786730942}
[INFO] [1786730955.640162252] [multi3_coordinator_node]: Received mission: {'mission': 'm2', 'priority': 1, 'fragments': [{'id': 'f2-1', 'wait': [], 'tasks': [{'name': 'pick', 'params': {'x': 2, 'y': 3}}], 'segment': 's1'}, {'id': 'f2-2', 'wait': ['m2/s1/pick'], 'tasks': [{'name': 'scan', 'params': {'x': 2, 'y': 3}}], 'segment': 's1'}, {'id': 'f2-3', 'wait': ['m2/s1/scan'], 'tasks': [{'name': 'transport', 'params': {'x': 2, 'y': 3}}], 'segment': 's1'}, {'id': 'f2-4', 'wait': [], 'tasks': [{'name': 'pick', 'params': {'x': 2, 'y': 3}}], 'segment': 's2'}, {'id': 'f2-5', 'wait': ['m2/s2/pick'], 'tasks': [{'name': 'scan', 'params': {'x': 2, 'y': 3}}], 'segment': 's2'}, {'id': 'f2-6', 'wait': ['m2/s2/scan'], 'tasks': [{'name': 'transport', 'params': {'x': 2, 'y': 3}}], 'segment': 's2'}, {'id': 'f2-7', 'wait': ['m2/s1/transport', 'm2/s2/transport'], 'tasks': [{'name': 'pack', 'params': {'x': 2, 'y': 3}}], 'segment': ''}]}
[INFO] [1786730955.640950343] [multi3_coordinator_node]: Fragment f2-1 is now executable because all signal messages were received.
[INFO] [1786730955.641873283] [multi3_coordinator_node]: Fragment f2-4 is now executable because all signal messages were received.
[INFO] [1786730959.562181718] [multi3_coordinator_node]: Received mission: {'mission': 'm4', 'priority': 1, 'fragments': [{'id': 'f4-1', 'wait': [], 'tasks': [{'name': 'pick', 'params': {'x': 2, 'y': 3}}], 'segment': 's1'}, {'id': 'f4-2', 'wait': ['m4/s1/pick'], 'tasks': [{'name': 'scan', 'params': {'x': 2, 'y': 3}}], 'segment': 's1'}, {'id': 'f4-3', 'wait': ['m4/s1/scan'], 'tasks': [{'name': 'transport', 'params': {'x': 2, 'y': 3}}], 'segment': 's1'}, {'id': 'f4-4', 'wait': [], 'tasks': [{'name': 'pick', 'params': {'x': 2, 'y': 3}}], 'segment': 's2'}, {'id': 'f4-5', 'wait': ['m4/s2/pick'], 'tasks': [{'name': 'scan', 'params': {'x': 2, 'y': 3}}], 'segment': 's2'}, {'id': 'f4-6', 'wait': ['m4/s2/scan'], 'tasks': [{'name': 'transport', 'params': {'x': 2, 'y': 3}}], 'segment': 's2'}, {'id': 'f4-7', 'wait': [], 'tasks': [{'name': 'pick', 'params': {'x': 2, 'y': 3}}], 'segment': 's3'}, {'id': 'f4-8', 'wait': ['m4/s3/pick'], 'tasks': [{'name': 'scan', 'params': {'x': 2, 'y': 3}}], 'segment': 's3'}, {'id': 'f4-9', 'wait': ['m4/s3/scan'], 'tasks': [{'name': 'transport', 'params': {'x': 2, 'y': 3}}], 'segment': 's3'}, {'id': "f4-10'", 'wait': [], 'tasks': [{'name': 'pick', 'params': {'x': 2, 'y': 3}}], 'segment': 's4'}, {'id': 'f4-11', 'wait': ['m4/s4/pick'], 'tasks': [{'name': 'scan', 'params': {'x': 2, 'y': 3}}], 'segment': 's4'}, {'id': 'f4-12', 'wait': ['m4/s4/scan'], 'tasks': [{'name': 'transport', 'params': {'x': 2, 'y': 3}}], 'segment': 's4'}, {'id': 'f4-13', 'wait': ['m4/s1/transport', 'm4/s2/transport', 'm4/s3/transport', 'm4/s4/transport'], 'tasks': [{'name': 'pack', 'params': {'x': 2, 'y': 3}}], 'segment': ''}]}
[INFO] [1786730959.562883571] [multi3_coordinator_node]: Fragment f4-1 is now executable because all signal messages were received.
[INFO] [1786730959.563553779] [multi3_coordinator_node]: Fragment f4-4 is now executable because all signal messages were received.
[INFO] [1786730959.564327675] [multi3_coordinator_node]: Fragment f4-7 is now executable because all signal messages were received.
[INFO] [1786730959.565213365] [multi3_coordinator_node]: Fragment f4-10' is now executable because all signal messages were received.
[INFO] [1786730964.820212122] [multi3_coordinator_node]: Execution start signal received. Starting fragment assignment.
[INFO] [1786730965.825470515] [multi3_coordinator_node]: Assigned fragment f2-1 to robot robot1.
[INFO] [1786730965.827436092] [multi3_coordinator_node]: Assigned fragment f2-4 to robot robot2.
[INFO] [1786730965.836036661] [robot1.fragment_exec_node]: Received fragment: {'robot': 'robot1', 'fragment': {'id': 'f2-1', 'mission': 'm2', 'state': 'assigned', 'wait': [], 'tasks': [{'name': 'pick', 'params': {'x': 2, 'y': 3}}], 'arrive_timestamp': 1786730955, 'priority': 1, 'segment': 's1'}}
[INFO] [1786730965.838759442] [robot1.fragment_exec_node]: Received fragment: {'robot': 'robot2', 'fragment': {'id': 'f2-4', 'mission': 'm2', 'state': 'assigned', 'wait': [], 'tasks': [{'name': 'pick', 'params': {'x': 2, 'y': 3}}], 'arrive_timestamp': 1786730955, 'priority': 1, 'segment': 's2'}}
[INFO] [1786730965.841112733] [robot1.fragment_exec_node]: Received fragment assignment: f2-1. Starting execution.
[INFO] [1786730965.843317318] [robot1.fragment_exec_node]: Executing task pick. Params: {'x': 2, 'y': 3}, Virtual state: {'position': {'x': 0.0, 'y': 0.0, 'z': 0.0}, 'docked': True, 'battery': 100.0}
[INFO] [1786730965.843525693] [multi3_coordinator_node]: Received robot state update: {'state': 'working', 'current_assigned_fragment': 'f2-1'}
[INFO] [1786730965.844367401] [robot1.fragment_exec_node]: EventType: Control, Activity: undock, Robot: robot1, Mission: m2, Segment: s1, Start: 3499.763964261
[INFO] [1786730965.845837448] [robot1.fragment_exec_node]: Simulating undock skill...
[INFO] [1786730965.857151681] [robot2.fragment_exec_node]: Received fragment: {'robot': 'robot1', 'fragment': {'id': 'f2-1', 'mission': 'm2', 'state': 'assigned', 'wait': [], 'tasks': [{'name': 'pick', 'params': {'x': 2, 'y': 3}}], 'arrive_timestamp': 1786730955, 'priority': 1, 'segment': 's1'}}
[INFO] [1786730965.858489734] [robot2.fragment_exec_node]: Received fragment: {'robot': 'robot2', 'fragment': {'id': 'f2-4', 'mission': 'm2', 'state': 'assigned', 'wait': [], 'tasks': [{'name': 'pick', 'params': {'x': 2, 'y': 3}}], 'arrive_timestamp': 1786730955, 'priority': 1, 'segment': 's2'}}
[INFO] [1786730965.859423857] [robot2.fragment_exec_node]: Received fragment assignment: f2-4. Starting execution.
[INFO] [1786730965.860984663] [robot2.fragment_exec_node]: Executing task pick. Params: {'x': 2, 'y': 3}, Virtual state: {'position': {'x': 0.0, 'y': 0.0, 'z': 0.0}, 'docked': True, 'battery': 100.0}
[INFO] [1786730965.861184207] [multi3_coordinator_node]: Received robot state update: {'state': 'working', 'current_assigned_fragment': 'f2-4'}
[INFO] [1786730965.861609774] [robot2.fragment_exec_node]: EventType: Control, Activity: undock, Robot: robot2, Mission: m2, Segment: s2, Start: 3499.781603339
[INFO] [1786730965.862091891] [robot2.fragment_exec_node]: Simulating undock skill...
[INFO] [1786730967.970276014] [robot1.fragment_exec_node]: Undock completed!
[INFO] [1786730967.972346737] [robot1.fragment_exec_node]: EventType: Control, Activity: undock, Robot: robot1, Mission: m2, Segment: s1, End: 3501.89111464
[INFO] [1786730967.974266828] [robot1.fragment_exec_node]: EventType: Control, Activity: navigate, Robot: robot1, Mission: m2, Segment: s1, Start: 3501.893034725
[INFO] [1786730967.975997066] [robot1.fragment_exec_node]: Simulating navigate skill to position 2, 3...
[INFO] [1786730969.481190242] [robot2.fragment_exec_node]: Undock completed!
[INFO] [1786730969.483108462] [robot2.fragment_exec_node]: EventType: Control, Activity: undock, Robot: robot2, Mission: m2, Segment: s2, End: 3503.402021738
[INFO] [1786730969.485139149] [robot2.fragment_exec_node]: EventType: Control, Activity: navigate, Robot: robot2, Mission: m2, Segment: s2, Start: 3503.403832937
[INFO] [1786730969.487127261] [robot2.fragment_exec_node]: Simulating navigate skill to position 2, 3...
[INFO] [1786730972.106116058] [robot1.fragment_exec_node]: Navigation completed!
[INFO] [1786730972.108544247] [robot1.fragment_exec_node]: EventType: Control, Activity: navigate, Robot: robot1, Mission: m2, Segment: s1, End: 3506.026951288
[INFO] [1786730972.110511324] [robot1.fragment_exec_node]: EventType: Task, Activity: pick, Robot: robot1, Mission: m2, Segment: s1, Start: 3506.02939149
[INFO] [1786730972.112429411] [robot1.fragment_exec_node]: Simulating pick skill...
[INFO] [1786730973.772129886] [robot1.fragment_exec_node]: Pick completed!
[INFO] [1786730973.773997407] [robot1.fragment_exec_node]: EventType: Task, Activity: pick, Robot: robot1, Mission: m2, Segment: s1, End: 3507.692966797
[INFO] [1786730973.776504869] [robot1.fragment_exec_node]: Execution of fragment f2-1 completed!
[INFO] [1786730973.777500283] [multi3_coordinator_node]: Fragment f2-2 is now executable because all signal messages were received.
[INFO] [1786730973.779366394] [multi3_coordinator_node]: Received coordination message: {'robot_name': 'robot1', 'completed_task': 'm2/s1/pick'}
[INFO] [1786730973.781407886] [multi3_coordinator_node]: Received robot state update: {'state': 'idle', 'current_assigned_fragment': None}
[INFO] [1786730973.784093572] [multi3_coordinator_node]: Received coordination message: {'robot_name': 'robot1', 'completed_fragment': 'f2-1'}
[INFO] [1786730973.823308368] [multi3_coordinator_node]: Assigned fragment f2-2 to robot robot1.
[INFO] [1786730973.827317381] [robot2.fragment_exec_node]: Received fragment: {'robot': 'robot1', 'fragment': {'id': 'f2-2', 'mission': 'm2', 'state': 'assigned', 'wait': ['m2/s1/pick'], 'tasks': [{'name': 'scan', 'params': {'x': 2, 'y': 3}}], 'arrive_timestamp': 1786730955, 'priority': 1, 'segment': 's1'}}
[INFO] [1786730973.847405232] [robot1.fragment_exec_node]: Received fragment: {'robot': 'robot1', 'fragment': {'id': 'f2-2', 'mission': 'm2', 'state': 'assigned', 'wait': ['m2/s1/pick'], 'tasks': [{'name': 'scan', 'params': {'x': 2, 'y': 3}}], 'arrive_timestamp': 1786730955, 'priority': 1, 'segment': 's1'}}
[INFO] [1786730973.847959329] [robot1.fragment_exec_node]: Received fragment assignment: f2-2. Starting execution.
[INFO] [1786730973.848765331] [robot1.fragment_exec_node]: Waiting for coordination messages before executing fragment f2-2: ['m2/s1/pick']
[INFO] [1786730973.849290928] [multi3_coordinator_node]: Received robot state update: {'state': 'working', 'current_assigned_fragment': 'f2-2'}
[INFO] [1786730975.824383184] [robot2.fragment_exec_node]: Navigation completed!
[INFO] [1786730975.826145736] [robot2.fragment_exec_node]: EventType: Control, Activity: navigate, Robot: robot2, Mission: m2, Segment: s2, End: 3509.745384842
[INFO] [1786730975.827586235] [robot2.fragment_exec_node]: EventType: Task, Activity: pick, Robot: robot2, Mission: m2, Segment: s2, Start: 3509.746805387
[INFO] [1786730975.829321132] [robot2.fragment_exec_node]: Simulating pick skill...
[INFO] [1786730975.852445328] [robot1.fragment_exec_node]: Executing task scan. Params: {'x': 2, 'y': 3}, Virtual state: {'position': {'x': 2, 'y': 3, 'z': 0.0}, 'docked': False, 'battery': 100.0}
[INFO] [1786730975.853279843] [robot1.fragment_exec_node]: EventType: Task, Activity: scan, Robot: robot1, Mission: m2, Segment: s1, Start: 3509.773091188
[INFO] [1786730975.854351658] [robot1.fragment_exec_node]: Simulating scan skill...
[INFO] [1786730977.546433787] [robot1.fragment_exec_node]: Scan completed!
[INFO] [1786730977.548247624] [robot1.fragment_exec_node]: EventType: Task, Activity: scan, Robot: robot1, Mission: m2, Segment: s1, End: 3511.46741042
[INFO] [1786730977.551226959] [robot1.fragment_exec_node]: Execution of fragment f2-2 completed!
[INFO] [1786730977.551542052] [multi3_coordinator_node]: Fragment f2-3 is now executable because all signal messages were received.
[INFO] [1786730977.554040201] [multi3_coordinator_node]: Received coordination message: {'robot_name': 'robot1', 'completed_task': 'm2/s1/scan'}
[INFO] [1786730977.557464819] [multi3_coordinator_node]: Received robot state update: {'state': 'idle', 'current_assigned_fragment': None}
[INFO] [1786730977.559295716] [multi3_coordinator_node]: Received coordination message: {'robot_name': 'robot1', 'completed_fragment': 'f2-2'}
[INFO] [1786730977.824598158] [multi3_coordinator_node]: Assigned fragment f2-3 to robot robot1.
[INFO] [1786730977.831320806] [robot1.fragment_exec_node]: Received fragment: {'robot': 'robot1', 'fragment': {'id': 'f2-3', 'mission': 'm2', 'state': 'assigned', 'wait': ['m2/s1/scan'], 'tasks': [{'name': 'transport', 'params': {'x': 2, 'y': 3}}], 'arrive_timestamp': 1786730955, 'priority': 1, 'segment': 's1'}}
[INFO] [1786730977.832063506] [robot1.fragment_exec_node]: Received fragment assignment: f2-3. Starting execution.
[INFO] [1786730977.834145558] [robot1.fragment_exec_node]: Waiting for coordination messages before executing fragment f2-3: ['m2/s1/scan']
[INFO] [1786730977.835804498] [multi3_coordinator_node]: Received robot state update: {'state': 'working', 'current_assigned_fragment': 'f2-3'}
[INFO] [1786730977.867065208] [robot2.fragment_exec_node]: Received fragment: {'robot': 'robot1', 'fragment': {'id': 'f2-3', 'mission': 'm2', 'state': 'assigned', 'wait': ['m2/s1/scan'], 'tasks': [{'name': 'transport', 'params': {'x': 2, 'y': 3}}], 'arrive_timestamp': 1786730955, 'priority': 1, 'segment': 's1'}}
[INFO] [1786730978.997399797] [robot2.fragment_exec_node]: Pick completed!
[INFO] [1786730978.997952470] [robot2.fragment_exec_node]: EventType: Task, Activity: pick, Robot: robot2, Mission: m2, Segment: s2, End: 3512.91837618
[INFO] [1786730978.998778117] [robot2.fragment_exec_node]: Execution of fragment f2-4 completed!
[INFO] [1786730978.999054909] [multi3_coordinator_node]: Fragment f2-5 is now executable because all signal messages were received.
[INFO] [1786730978.999719677] [multi3_coordinator_node]: Received coordination message: {'robot_name': 'robot2', 'completed_task': 'm2/s2/pick'}
[INFO] [1786730979.000678199] [multi3_coordinator_node]: Received robot state update: {'state': 'idle', 'current_assigned_fragment': None}
[INFO] [1786730979.001121920] [multi3_coordinator_node]: Received coordination message: {'robot_name': 'robot2', 'completed_fragment': 'f2-4'}
[INFO] [1786730979.826126761] [multi3_coordinator_node]: Assigned fragment f2-5 to robot robot2.
[INFO] [1786730979.833793916] [robot1.fragment_exec_node]: Received fragment: {'robot': 'robot2', 'fragment': {'id': 'f2-5', 'mission': 'm2', 'state': 'assigned', 'wait': ['m2/s2/pick'], 'tasks': [{'name': 'scan', 'params': {'x': 2, 'y': 3}}], 'arrive_timestamp': 1786730955, 'priority': 1, 'segment': 's2'}}
[INFO] [1786730979.835366364] [robot2.fragment_exec_node]: Received fragment: {'robot': 'robot2', 'fragment': {'id': 'f2-5', 'mission': 'm2', 'state': 'assigned', 'wait': ['m2/s2/pick'], 'tasks': [{'name': 'scan', 'params': {'x': 2, 'y': 3}}], 'arrive_timestamp': 1786730955, 'priority': 1, 'segment': 's2'}}
[INFO] [1786730979.837125020] [robot2.fragment_exec_node]: Received fragment assignment: f2-5. Starting execution.
[INFO] [1786730979.838994787] [robot1.fragment_exec_node]: Executing task transport. Params: {'x': 2, 'y': 3}, Virtual state: {'position': {'x': 2, 'y': 3, 'z': 0.0}, 'docked': False, 'battery': 100.0}
[INFO] [1786730979.840951488] [robot2.fragment_exec_node]: Waiting for coordination messages before executing fragment f2-5: ['m2/s2/pick']
[INFO] [1786730979.841372639] [robot1.fragment_exec_node]: EventType: Task, Activity: transport, Robot: robot1, Mission: m2, Segment: s1, Start: 3513.760288202
[INFO] [1786730979.842183938] [multi3_coordinator_node]: Received robot state update: {'state': 'working', 'current_assigned_fragment': 'f2-5'}
[INFO] [1786730979.842868211] [robot1.fragment_exec_node]: Simulating navigate skill to position 2, 3...
[INFO] [1786730981.846219815] [robot2.fragment_exec_node]: Executing task scan. Params: {'x': 2, 'y': 3}, Virtual state: {'position': {'x': 2, 'y': 3, 'z': 0.0}, 'docked': False, 'battery': 100.0}
[INFO] [1786730981.847820751] [robot2.fragment_exec_node]: EventType: Task, Activity: scan, Robot: robot2, Mission: m2, Segment: s2, Start: 3515.767532993
[INFO] [1786730981.849772163] [robot2.fragment_exec_node]: Simulating scan skill...
[INFO] [1786730983.488925665] [robot2.fragment_exec_node]: Scan completed!
[INFO] [1786730983.490762452] [robot2.fragment_exec_node]: EventType: Task, Activity: scan, Robot: robot2, Mission: m2, Segment: s2, End: 3517.41010011
[INFO] [1786730983.494224474] [robot2.fragment_exec_node]: Execution of fragment f2-5 completed!
[INFO] [1786730983.494237184] [multi3_coordinator_node]: Fragment f2-6 is now executable because all signal messages were received.
[INFO] [1786730983.495980256] [multi3_coordinator_node]: Received coordination message: {'robot_name': 'robot2', 'completed_task': 'm2/s2/scan'}
[INFO] [1786730983.498064189] [multi3_coordinator_node]: Received robot state update: {'state': 'idle', 'current_assigned_fragment': None}
[INFO] [1786730983.500204576] [multi3_coordinator_node]: Received coordination message: {'robot_name': 'robot2', 'completed_fragment': 'f2-5'}
[INFO] [1786730983.825811978] [multi3_coordinator_node]: Assigned fragment f2-6 to robot robot2.
[INFO] [1786730983.838064058] [robot1.fragment_exec_node]: Received fragment: {'robot': 'robot2', 'fragment': {'id': 'f2-6', 'mission': 'm2', 'state': 'assigned', 'wait': ['m2/s2/scan'], 'tasks': [{'name': 'transport', 'params': {'x': 2, 'y': 3}}], 'arrive_timestamp': 1786730955, 'priority': 1, 'segment': 's2'}}
[INFO] [1786730983.908866108] [robot2.fragment_exec_node]: Received fragment: {'robot': 'robot2', 'fragment': {'id': 'f2-6', 'mission': 'm2', 'state': 'assigned', 'wait': ['m2/s2/scan'], 'tasks': [{'name': 'transport', 'params': {'x': 2, 'y': 3}}], 'arrive_timestamp': 1786730955, 'priority': 1, 'segment': 's2'}}
[INFO] [1786730983.909423015] [robot2.fragment_exec_node]: Received fragment assignment: f2-6. Starting execution.
[INFO] [1786730983.910184888] [robot2.fragment_exec_node]: Waiting for coordination messages before executing fragment f2-6: ['m2/s2/scan']
[INFO] [1786730983.910912653] [multi3_coordinator_node]: Received robot state update: {'state': 'working', 'current_assigned_fragment': 'f2-6'}
[INFO] [1786730985.915850329] [robot2.fragment_exec_node]: Executing task transport. Params: {'x': 2, 'y': 3}, Virtual state: {'position': {'x': 2, 'y': 3, 'z': 0.0}, 'docked': False, 'battery': 100.0}
[INFO] [1786730985.918031123] [robot2.fragment_exec_node]: EventType: Task, Activity: transport, Robot: robot2, Mission: m2, Segment: s2, Start: 3519.837038958
[INFO] [1786730985.920224451] [robot2.fragment_exec_node]: Simulating navigate skill to position 2, 3...
[INFO] [1786730986.214777385] [robot1.fragment_exec_node]: Navigation completed!
[INFO] [1786730986.216753402] [robot1.fragment_exec_node]: EventType: Task, Activity: transport, Robot: robot1, Mission: m2, Segment: s1, End: 3520.135955514
[INFO] [1786730986.219844886] [robot1.fragment_exec_node]: Execution of fragment f2-3 completed!
[INFO] [1786730986.220129992] [multi3_coordinator_node]: Received coordination message: {'robot_name': 'robot1', 'completed_task': 'm2/s1/transport'}
[INFO] [1786730986.223107572] [multi3_coordinator_node]: Received robot state update: {'state': 'idle', 'current_assigned_fragment': None}
[INFO] [1786730986.226036509] [multi3_coordinator_node]: Received coordination message: {'robot_name': 'robot1', 'completed_fragment': 'f2-3'}
[INFO] [1786730986.826099267] [multi3_coordinator_node]: Assigned fragment f4-1 to robot robot1.
[INFO] [1786730986.839825186] [robot1.fragment_exec_node]: Received fragment: {'robot': 'robot1', 'fragment': {'id': 'f4-1', 'mission': 'm4', 'state': 'assigned', 'wait': [], 'tasks': [{'name': 'pick', 'params': {'x': 2, 'y': 3}}], 'arrive_timestamp': 1786730959, 'priority': 1, 'segment': 's1'}}
[INFO] [1786730986.840975545] [robot2.fragment_exec_node]: Received fragment: {'robot': 'robot1', 'fragment': {'id': 'f4-1', 'mission': 'm4', 'state': 'assigned', 'wait': [], 'tasks': [{'name': 'pick', 'params': {'x': 2, 'y': 3}}], 'arrive_timestamp': 1786730959, 'priority': 1, 'segment': 's1'}}
[INFO] [1786730986.841079048] [robot1.fragment_exec_node]: Received fragment assignment: f4-1. Starting execution.
[INFO] [1786730986.843178790] [robot1.fragment_exec_node]: Executing task pick. Params: {'x': 2, 'y': 3}, Virtual state: {'position': {'x': 2, 'y': 3, 'z': 0.0}, 'docked': False, 'battery': 100.0}
[INFO] [1786730986.843610830] [multi3_coordinator_node]: Received robot state update: {'state': 'working', 'current_assigned_fragment': 'f4-1'}
[INFO] [1786730986.844109295] [robot1.fragment_exec_node]: EventType: Task, Activity: pick, Robot: robot1, Mission: m4, Segment: s1, Start: 3520.764181994
[INFO] [1786730986.845543890] [robot1.fragment_exec_node]: Simulating pick skill...
[INFO] [1786730989.075940682] [robot1.fragment_exec_node]: Pick completed!
[INFO] [1786730989.077915580] [robot1.fragment_exec_node]: EventType: Task, Activity: pick, Robot: robot1, Mission: m4, Segment: s1, End: 3522.99711683
[INFO] [1786730989.081058645] [multi3_coordinator_node]: Fragment f4-2 is now executable because all signal messages were received.
[INFO] [1786730989.081176681] [robot1.fragment_exec_node]: Execution of fragment f4-1 completed!
[INFO] [1786730989.082160960] [multi3_coordinator_node]: Received coordination message: {'robot_name': 'robot1', 'completed_task': 'm4/s1/pick'}
[INFO] [1786730989.085086448] [multi3_coordinator_node]: Received robot state update: {'state': 'idle', 'current_assigned_fragment': None}
[INFO] [1786730989.086818174] [multi3_coordinator_node]: Received coordination message: {'robot_name': 'robot1', 'completed_fragment': 'f4-1'}
[INFO] [1786730989.826692497] [multi3_coordinator_node]: Assigned fragment f4-2 to robot robot1.
[INFO] [1786730989.841077004] [robot2.fragment_exec_node]: Received fragment: {'robot': 'robot1', 'fragment': {'id': 'f4-2', 'mission': 'm4', 'state': 'assigned', 'wait': ['m4/s1/pick'], 'tasks': [{'name': 'scan', 'params': {'x': 2, 'y': 3}}], 'arrive_timestamp': 1786730959, 'priority': 1, 'segment': 's1'}}
[INFO] [1786730989.843090709] [robot1.fragment_exec_node]: Received fragment: {'robot': 'robot1', 'fragment': {'id': 'f4-2', 'mission': 'm4', 'state': 'assigned', 'wait': ['m4/s1/pick'], 'tasks': [{'name': 'scan', 'params': {'x': 2, 'y': 3}}], 'arrive_timestamp': 1786730959, 'priority': 1, 'segment': 's1'}}
[INFO] [1786730989.844077523] [robot1.fragment_exec_node]: Received fragment assignment: f4-2. Starting execution.
[INFO] [1786730989.845553517] [robot1.fragment_exec_node]: Waiting for coordination messages before executing fragment f4-2: ['m4/s1/pick']
[INFO] [1786730989.845978247] [multi3_coordinator_node]: Received robot state update: {'state': 'working', 'current_assigned_fragment': 'f4-2'}
[INFO] [1786730991.851032536] [robot1.fragment_exec_node]: Executing task scan. Params: {'x': 2, 'y': 3}, Virtual state: {'position': {'x': 2, 'y': 3, 'z': 0.0}, 'docked': False, 'battery': 100.0}
[INFO] [1786730991.852824383] [robot1.fragment_exec_node]: EventType: Task, Activity: scan, Robot: robot1, Mission: m4, Segment: s1, Start: 3525.772215542
[INFO] [1786730991.854698107] [robot1.fragment_exec_node]: Simulating scan skill...
[INFO] [1786730992.486876222] [robot2.fragment_exec_node]: Navigation completed!
[INFO] [1786730992.488679559] [robot2.fragment_exec_node]: EventType: Task, Activity: transport, Robot: robot2, Mission: m2, Segment: s2, End: 3526.408047625
[INFO] [1786730992.491932237] [robot2.fragment_exec_node]: Execution of fragment f2-6 completed!
[INFO] [1786730992.492088140] [multi3_coordinator_node]: Fragment f2-7 is now executable because all signal messages were received.
[INFO] [1786730992.493688084] [multi3_coordinator_node]: Received coordination message: {'robot_name': 'robot2', 'completed_task': 'm2/s2/transport'}
[INFO] [1786730992.498238048] [multi3_coordinator_node]: Received robot state update: {'state': 'idle', 'current_assigned_fragment': None}
[INFO] [1786730992.501645044] [multi3_coordinator_node]: Received coordination message: {'robot_name': 'robot2', 'completed_fragment': 'f2-6'}
[INFO] [1786730992.824961818] [multi3_coordinator_node]: Assigned fragment f2-7 to robot robot2.
[INFO] [1786730992.829597799] [robot2.fragment_exec_node]: Received fragment: {'robot': 'robot2', 'fragment': {'id': 'f2-7', 'mission': 'm2', 'state': 'assigned', 'wait': ['m2/s1/transport', 'm2/s2/transport'], 'tasks': [{'name': 'pack', 'params': {'x': 2, 'y': 3}}], 'arrive_timestamp': 1786730955, 'priority': 1, 'segment': ''}}
[INFO] [1786730992.830687149] [robot2.fragment_exec_node]: Received fragment assignment: f2-7. Starting execution.
[INFO] [1786730992.833250751] [robot2.fragment_exec_node]: Waiting for coordination messages before executing fragment f2-7: ['m2/s1/transport', 'm2/s2/transport']
[INFO] [1786730992.834556383] [multi3_coordinator_node]: Received robot state update: {'state': 'working', 'current_assigned_fragment': 'f2-7'}
[INFO] [1786730992.847111276] [robot1.fragment_exec_node]: Received fragment: {'robot': 'robot2', 'fragment': {'id': 'f2-7', 'mission': 'm2', 'state': 'assigned', 'wait': ['m2/s1/transport', 'm2/s2/transport'], 'tasks': [{'name': 'pack', 'params': {'x': 2, 'y': 3}}], 'arrive_timestamp': 1786730955, 'priority': 1, 'segment': ''}}
[INFO] [1786730993.310932509] [robot1.fragment_exec_node]: Scan completed!
[INFO] [1786730993.313999420] [robot1.fragment_exec_node]: EventType: Task, Activity: scan, Robot: robot1, Mission: m4, Segment: s1, End: 3527.232135201
[INFO] [1786730993.317323787] [robot1.fragment_exec_node]: Execution of fragment f4-2 completed!
[INFO] [1786730993.317927049] [multi3_coordinator_node]: Fragment f4-3 is now executable because all signal messages were received.
[INFO] [1786730993.320018227] [multi3_coordinator_node]: Received coordination message: {'robot_name': 'robot1', 'completed_task': 'm4/s1/scan'}
[INFO] [1786730993.324221158] [multi3_coordinator_node]: Received robot state update: {'state': 'idle', 'current_assigned_fragment': None}
[INFO] [1786730993.326352231] [multi3_coordinator_node]: Received coordination message: {'robot_name': 'robot1', 'completed_fragment': 'f4-2'}
[INFO] [1786730993.824974296] [multi3_coordinator_node]: Assigned fragment f4-3 to robot robot1.
[INFO] [1786730993.828869367] [robot2.fragment_exec_node]: Received fragment: {'robot': 'robot1', 'fragment': {'id': 'f4-3', 'mission': 'm4', 'state': 'assigned', 'wait': ['m4/s1/scan'], 'tasks': [{'name': 'transport', 'params': {'x': 2, 'y': 3}}], 'arrive_timestamp': 1786730959, 'priority': 1, 'segment': 's1'}}
[INFO] [1786730993.830144316] [robot1.fragment_exec_node]: Received fragment: {'robot': 'robot1', 'fragment': {'id': 'f4-3', 'mission': 'm4', 'state': 'assigned', 'wait': ['m4/s1/scan'], 'tasks': [{'name': 'transport', 'params': {'x': 2, 'y': 3}}], 'arrive_timestamp': 1786730959, 'priority': 1, 'segment': 's1'}}
[INFO] [1786730993.831112779] [robot1.fragment_exec_node]: Received fragment assignment: f4-3. Starting execution.
[INFO] [1786730993.833546847] [robot1.fragment_exec_node]: Waiting for coordination messages before executing fragment f4-3: ['m4/s1/scan']
[INFO] [1786730993.834787159] [multi3_coordinator_node]: Received robot state update: {'state': 'working', 'current_assigned_fragment': 'f4-3'}
[INFO] [1786730994.837239669] [robot2.fragment_exec_node]: Executing task pack. Params: {'x': 2, 'y': 3}, Virtual state: {'position': {'x': 2, 'y': 3, 'z': 0.0}, 'docked': False, 'battery': 100.0}
[INFO] [1786730994.838021274] [robot2.fragment_exec_node]: EventType: Task, Activity: pack, Robot: robot2, Mission: m2, Segment: , Start: 3528.758306375
[INFO] [1786730994.838955675] [robot2.fragment_exec_node]: Simulating pack skill...
[INFO] [1786730995.836759300] [robot1.fragment_exec_node]: Executing task transport. Params: {'x': 2, 'y': 3}, Virtual state: {'position': {'x': 2, 'y': 3, 'z': 0.0}, 'docked': False, 'battery': 100.0}
[INFO] [1786730995.837209857] [robot1.fragment_exec_node]: EventType: Task, Activity: transport, Robot: robot1, Mission: m4, Segment: s1, Start: 3529.757753283
[INFO] [1786730995.837800529] [robot1.fragment_exec_node]: Simulating navigate skill to position 2, 3...
[INFO] [1786731002.880879838] [robot1.fragment_exec_node]: Navigation completed!
[INFO] [1786731002.882726772] [robot1.fragment_exec_node]: EventType: Task, Activity: transport, Robot: robot1, Mission: m4, Segment: s1, End: 3536.802060649
[INFO] [1786731002.885592296] [robot1.fragment_exec_node]: Execution of fragment f4-3 completed!
[INFO] [1786731002.886338033] [multi3_coordinator_node]: Received coordination message: {'robot_name': 'robot1', 'completed_task': 'm4/s1/transport'}
[INFO] [1786731002.888743664] [multi3_coordinator_node]: Received robot state update: {'state': 'idle', 'current_assigned_fragment': None}
[INFO] [1786731002.890049089] [multi3_coordinator_node]: Received coordination message: {'robot_name': 'robot1', 'completed_fragment': 'f4-3'}
[INFO] [1786731002.942970825] [robot2.fragment_exec_node]: Packing completed!
[INFO] [1786731002.944188771] [robot2.fragment_exec_node]: EventType: Task, Activity: pack, Robot: robot2, Mission: m2, Segment: , End: 3536.863995793
[INFO] [1786731002.946394822] [robot2.fragment_exec_node]: Execution of fragment f2-7 completed!
[INFO] [1786731002.946922322] [multi3_coordinator_node]: Received coordination message: {'robot_name': 'robot2', 'completed_task': 'm2//pack'}
[INFO] [1786731002.949698271] [multi3_coordinator_node]: Received robot state update: {'state': 'idle', 'current_assigned_fragment': None}
[INFO] [1786731002.950750300] [multi3_coordinator_node]: Received coordination message: {'robot_name': 'robot2', 'completed_fragment': 'f2-7'}
[INFO] [1786731003.826662245] [multi3_coordinator_node]: Assigned fragment f4-4 to robot robot1.
[INFO] [1786731003.828373501] [multi3_coordinator_node]: Assigned fragment f4-7 to robot robot2.
[INFO] [1786731003.841212196] [robot2.fragment_exec_node]: Received fragment: {'robot': 'robot2', 'fragment': {'id': 'f4-7', 'mission': 'm4', 'state': 'assigned', 'wait': [], 'tasks': [{'name': 'pick', 'params': {'x': 2, 'y': 3}}], 'arrive_timestamp': 1786730959, 'priority': 1, 'segment': 's3'}}
[INFO] [1786731003.842467959] [robot2.fragment_exec_node]: Received fragment: {'robot': 'robot1', 'fragment': {'id': 'f4-4', 'mission': 'm4', 'state': 'assigned', 'wait': [], 'tasks': [{'name': 'pick', 'params': {'x': 2, 'y': 3}}], 'arrive_timestamp': 1786730959, 'priority': 1, 'segment': 's2'}}
[INFO] [1786731003.844909994] [robot2.fragment_exec_node]: Received fragment assignment: f4-7. Starting execution.
[INFO] [1786731003.846719740] [robot2.fragment_exec_node]: Executing task pick. Params: {'x': 2, 'y': 3}, Virtual state: {'position': {'x': 2, 'y': 3, 'z': 0.0}, 'docked': False, 'battery': 100.0}
[INFO] [1786731003.847045339] [robot1.fragment_exec_node]: Received fragment: {'robot': 'robot1', 'fragment': {'id': 'f4-4', 'mission': 'm4', 'state': 'assigned', 'wait': [], 'tasks': [{'name': 'pick', 'params': {'x': 2, 'y': 3}}], 'arrive_timestamp': 1786730959, 'priority': 1, 'segment': 's2'}}
[INFO] [1786731003.847075566] [multi3_coordinator_node]: Received robot state update: {'state': 'working', 'current_assigned_fragment': 'f4-7'}
[INFO] [1786731003.848118265] [robot2.fragment_exec_node]: EventType: Task, Activity: pick, Robot: robot2, Mission: m4, Segment: s3, Start: 3537.767739421
[INFO] [1786731003.848720516] [robot1.fragment_exec_node]: Received fragment: {'robot': 'robot2', 'fragment': {'id': 'f4-7', 'mission': 'm4', 'state': 'assigned', 'wait': [], 'tasks': [{'name': 'pick', 'params': {'x': 2, 'y': 3}}], 'arrive_timestamp': 1786730959, 'priority': 1, 'segment': 's3'}}
[INFO] [1786731003.849545025] [robot2.fragment_exec_node]: Simulating pick skill...
[INFO] [1786731003.850620173] [robot1.fragment_exec_node]: Received fragment assignment: f4-4. Starting execution.
[INFO] [1786731003.851821576] [robot1.fragment_exec_node]: Executing task pick. Params: {'x': 2, 'y': 3}, Virtual state: {'position': {'x': 2, 'y': 3, 'z': 0.0}, 'docked': False, 'battery': 100.0}
[INFO] [1786731003.852194165] [multi3_coordinator_node]: Received robot state update: {'state': 'working', 'current_assigned_fragment': 'f4-4'}
[INFO] [1786731003.852648611] [robot1.fragment_exec_node]: EventType: Task, Activity: pick, Robot: robot1, Mission: m4, Segment: s2, Start: 3537.772784502
[INFO] [1786731003.853771354] [robot1.fragment_exec_node]: Simulating pick skill...
[INFO] [1786731005.846776652] [robot2.fragment_exec_node]: Pick completed!
[INFO] [1786731005.848669931] [robot2.fragment_exec_node]: EventType: Task, Activity: pick, Robot: robot2, Mission: m4, Segment: s3, End: 3539.767951821
[INFO] [1786731005.852465461] [robot2.fragment_exec_node]: Execution of fragment f4-7 completed!
[INFO] [1786731005.852965693] [multi3_coordinator_node]: Fragment f4-8 is now executable because all signal messages were received.
[INFO] [1786731005.855022498] [multi3_coordinator_node]: Received coordination message: {'robot_name': 'robot2', 'completed_task': 'm4/s3/pick'}
[INFO] [1786731005.857972850] [multi3_coordinator_node]: Received robot state update: {'state': 'idle', 'current_assigned_fragment': None}
[INFO] [1786731005.859292563] [multi3_coordinator_node]: Received coordination message: {'robot_name': 'robot2', 'completed_fragment': 'f4-7'}
[INFO] [1786731006.824731355] [robot1.fragment_exec_node]: Pick completed!
[INFO] [1786731006.826767465] [multi3_coordinator_node]: Assigned fragment f4-8 to robot robot2.
[INFO] [1786731006.837982644] [robot2.fragment_exec_node]: Received fragment: {'robot': 'robot2', 'fragment': {'id': 'f4-8', 'mission': 'm4', 'state': 'assigned', 'wait': ['m4/s3/pick'], 'tasks': [{'name': 'scan', 'params': {'x': 2, 'y': 3}}], 'arrive_timestamp': 1786730959, 'priority': 1, 'segment': 's3'}}
[INFO] [1786731006.840431871] [robot2.fragment_exec_node]: Received fragment assignment: f4-8. Starting execution.
[INFO] [1786731006.842722379] [robot2.fragment_exec_node]: Waiting for coordination messages before executing fragment f4-8: ['m4/s3/pick']
[INFO] [1786731006.843526253] [multi3_coordinator_node]: Received robot state update: {'state': 'working', 'current_assigned_fragment': 'f4-8'}
[INFO] [1786731006.844935458] [robot1.fragment_exec_node]: Received fragment: {'robot': 'robot2', 'fragment': {'id': 'f4-8', 'mission': 'm4', 'state': 'assigned', 'wait': ['m4/s3/pick'], 'tasks': [{'name': 'scan', 'params': {'x': 2, 'y': 3}}], 'arrive_timestamp': 1786730959, 'priority': 1, 'segment': 's3'}}
[INFO] [1786731006.845597458] [robot1.fragment_exec_node]: EventType: Task, Activity: pick, Robot: robot1, Mission: m4, Segment: s2, End: 3540.745760238
[INFO] [1786731006.847649432] [multi3_coordinator_node]: Fragment f4-5 is now executable because all signal messages were received.
[INFO] [1786731006.847817926] [robot1.fragment_exec_node]: Execution of fragment f4-4 completed!
[INFO] [1786731006.848436018] [multi3_coordinator_node]: Received coordination message: {'robot_name': 'robot1', 'completed_task': 'm4/s2/pick'}
[INFO] [1786731006.850201647] [multi3_coordinator_node]: Received robot state update: {'state': 'idle', 'current_assigned_fragment': None}
[INFO] [1786731006.850969239] [multi3_coordinator_node]: Received coordination message: {'robot_name': 'robot1', 'completed_fragment': 'f4-4'}
[INFO] [1786731007.826059839] [multi3_coordinator_node]: Assigned fragment f4-5 to robot robot1.
[INFO] [1786731007.839220656] [robot2.fragment_exec_node]: Received fragment: {'robot': 'robot1', 'fragment': {'id': 'f4-5', 'mission': 'm4', 'state': 'assigned', 'wait': ['m4/s2/pick'], 'tasks': [{'name': 'scan', 'params': {'x': 2, 'y': 3}}], 'arrive_timestamp': 1786730959, 'priority': 1, 'segment': 's2'}}
[INFO] [1786731007.859859884] [robot1.fragment_exec_node]: Received fragment: {'robot': 'robot1', 'fragment': {'id': 'f4-5', 'mission': 'm4', 'state': 'assigned', 'wait': ['m4/s2/pick'], 'tasks': [{'name': 'scan', 'params': {'x': 2, 'y': 3}}], 'arrive_timestamp': 1786730959, 'priority': 1, 'segment': 's2'}}
[INFO] [1786731007.860552748] [robot1.fragment_exec_node]: Received fragment assignment: f4-5. Starting execution.
[INFO] [1786731007.861447623] [robot1.fragment_exec_node]: Executing task scan. Params: {'x': 2, 'y': 3}, Virtual state: {'position': {'x': 2, 'y': 3, 'z': 0.0}, 'docked': False, 'battery': 100.0}
[INFO] [1786731007.861829426] [multi3_coordinator_node]: Received robot state update: {'state': 'working', 'current_assigned_fragment': 'f4-5'}
[INFO] [1786731007.861953549] [robot1.fragment_exec_node]: EventType: Task, Activity: scan, Robot: robot1, Mission: m4, Segment: s2, Start: 3541.781504193
[INFO] [1786731007.862659171] [robot1.fragment_exec_node]: Simulating scan skill...
[INFO] [1786731008.848668973] [robot2.fragment_exec_node]: Executing task scan. Params: {'x': 2, 'y': 3}, Virtual state: {'position': {'x': 2, 'y': 3, 'z': 0.0}, 'docked': False, 'battery': 100.0}
[INFO] [1786731008.850739991] [robot2.fragment_exec_node]: EventType: Task, Activity: scan, Robot: robot2, Mission: m4, Segment: s3, Start: 3542.768998152
[INFO] [1786731008.853026694] [robot2.fragment_exec_node]: Simulating scan skill...
[INFO] [1786731009.388089370] [robot1.fragment_exec_node]: Scan completed!
[INFO] [1786731009.390029304] [robot1.fragment_exec_node]: EventType: Task, Activity: scan, Robot: robot1, Mission: m4, Segment: s2, End: 3543.308498099
[INFO] [1786731009.393706491] [robot1.fragment_exec_node]: Execution of fragment f4-5 completed!
[INFO] [1786731009.393770844] [multi3_coordinator_node]: Fragment f4-6 is now executable because all signal messages were received.
[INFO] [1786731009.395143003] [multi3_coordinator_node]: Received coordination message: {'robot_name': 'robot1', 'completed_task': 'm4/s2/scan'}
[INFO] [1786731009.397731033] [multi3_coordinator_node]: Received robot state update: {'state': 'idle', 'current_assigned_fragment': None}
[INFO] [1786731009.401134360] [multi3_coordinator_node]: Received coordination message: {'robot_name': 'robot1', 'completed_fragment': 'f4-5'}
[INFO] [1786731009.825364145] [multi3_coordinator_node]: Assigned fragment f4-6 to robot robot1.
[INFO] [1786731009.829946032] [robot1.fragment_exec_node]: Received fragment: {'robot': 'robot1', 'fragment': {'id': 'f4-6', 'mission': 'm4', 'state': 'assigned', 'wait': ['m4/s2/scan'], 'tasks': [{'name': 'transport', 'params': {'x': 2, 'y': 3}}], 'arrive_timestamp': 1786730959, 'priority': 1, 'segment': 's2'}}
[INFO] [1786731009.831267375] [robot1.fragment_exec_node]: Received fragment assignment: f4-6. Starting execution.
[INFO] [1786731009.833672995] [robot1.fragment_exec_node]: Waiting for coordination messages before executing fragment f4-6: ['m4/s2/scan']
[INFO] [1786731009.834166300] [multi3_coordinator_node]: Received robot state update: {'state': 'working', 'current_assigned_fragment': 'f4-6'}
[INFO] [1786731009.846781449] [robot2.fragment_exec_node]: Received fragment: {'robot': 'robot1', 'fragment': {'id': 'f4-6', 'mission': 'm4', 'state': 'assigned', 'wait': ['m4/s2/scan'], 'tasks': [{'name': 'transport', 'params': {'x': 2, 'y': 3}}], 'arrive_timestamp': 1786730959, 'priority': 1, 'segment': 's2'}}
[INFO] [1786731010.843794504] [robot2.fragment_exec_node]: Scan completed!
[INFO] [1786731010.845663029] [robot2.fragment_exec_node]: EventType: Task, Activity: scan, Robot: robot2, Mission: m4, Segment: s3, End: 3544.764092282
[INFO] [1786731010.848179111] [robot2.fragment_exec_node]: Execution of fragment f4-8 completed!
[INFO] [1786731010.848763614] [multi3_coordinator_node]: Fragment f4-9 is now executable because all signal messages were received.
[INFO] [1786731010.850816914] [multi3_coordinator_node]: Received coordination message: {'robot_name': 'robot2', 'completed_task': 'm4/s3/scan'}
[INFO] [1786731010.852941984] [multi3_coordinator_node]: Received robot state update: {'state': 'idle', 'current_assigned_fragment': None}
[INFO] [1786731010.854901371] [multi3_coordinator_node]: Received coordination message: {'robot_name': 'robot2', 'completed_fragment': 'f4-8'}
[INFO] [1786731011.823460963] [multi3_coordinator_node]: Assigned fragment f4-9 to robot robot2.
[INFO] [1786731011.829767554] [robot2.fragment_exec_node]: Received fragment: {'robot': 'robot2', 'fragment': {'id': 'f4-9', 'mission': 'm4', 'state': 'assigned', 'wait': ['m4/s3/scan'], 'tasks': [{'name': 'transport', 'params': {'x': 2, 'y': 3}}], 'arrive_timestamp': 1786730959, 'priority': 1, 'segment': 's3'}}
[INFO] [1786731011.830933813] [robot2.fragment_exec_node]: Received fragment assignment: f4-9. Starting execution.
[INFO] [1786731011.832944688] [robot2.fragment_exec_node]: Executing task transport. Params: {'x': 2, 'y': 3}, Virtual state: {'position': {'x': 2, 'y': 3, 'z': 0.0}, 'docked': False, 'battery': 100.0}
[INFO] [1786731011.834876688] [robot2.fragment_exec_node]: EventType: Task, Activity: transport, Robot: robot2, Mission: m4, Segment: s3, Start: 3545.75311987
[INFO] [1786731011.834929810] [multi3_coordinator_node]: Received robot state update: {'state': 'working', 'current_assigned_fragment': 'f4-9'}
[INFO] [1786731011.837251766] [robot2.fragment_exec_node]: Simulating navigate skill to position 2, 3...
[INFO] [1786731011.856589319] [robot1.fragment_exec_node]: Executing task transport. Params: {'x': 2, 'y': 3}, Virtual state: {'position': {'x': 2, 'y': 3, 'z': 0.0}, 'docked': False, 'battery': 100.0}
[INFO] [1786731011.858623557] [robot1.fragment_exec_node]: EventType: Task, Activity: transport, Robot: robot1, Mission: m4, Segment: s2, Start: 3545.776665778
[INFO] [1786731011.859555096] [robot1.fragment_exec_node]: Received fragment: {'robot': 'robot2', 'fragment': {'id': 'f4-9', 'mission': 'm4', 'state': 'assigned', 'wait': ['m4/s3/scan'], 'tasks': [{'name': 'transport', 'params': {'x': 2, 'y': 3}}], 'arrive_timestamp': 1786730959, 'priority': 1, 'segment': 's3'}}
[INFO] [1786731011.860349192] [robot1.fragment_exec_node]: Simulating navigate skill to position 2, 3...
[INFO] [1786731015.654908404] [robot1.fragment_exec_node]: Navigation completed!
[INFO] [1786731015.656823596] [robot1.fragment_exec_node]: EventType: Task, Activity: transport, Robot: robot1, Mission: m4, Segment: s2, End: 3549.575307434
[INFO] [1786731015.659779067] [robot1.fragment_exec_node]: Execution of fragment f4-6 completed!
[INFO] [1786731015.660627417] [multi3_coordinator_node]: Received coordination message: {'robot_name': 'robot1', 'completed_task': 'm4/s2/transport'}
[INFO] [1786731015.663183849] [multi3_coordinator_node]: Received robot state update: {'state': 'idle', 'current_assigned_fragment': None}
[INFO] [1786731015.664549214] [multi3_coordinator_node]: Received coordination message: {'robot_name': 'robot1', 'completed_fragment': 'f4-6'}
[INFO] [1786731015.825039842] [multi3_coordinator_node]: Assigned fragment f4-10' to robot robot1.
[INFO] [1786731015.832420289] [robot1.fragment_exec_node]: Received fragment: {'robot': 'robot1', 'fragment': {'id': "f4-10'", 'mission': 'm4', 'state': 'assigned', 'wait': [], 'tasks': [{'name': 'pick', 'params': {'x': 2, 'y': 3}}], 'arrive_timestamp': 1786730959, 'priority': 1, 'segment': 's4'}}
[INFO] [1786731015.833609489] [robot1.fragment_exec_node]: Received fragment assignment: f4-10'. Starting execution.
[INFO] [1786731015.836836382] [robot1.fragment_exec_node]: Executing task pick. Params: {'x': 2, 'y': 3}, Virtual state: {'position': {'x': 2, 'y': 3, 'z': 0.0}, 'docked': False, 'battery': 100.0}
[INFO] [1786731015.838092314] [multi3_coordinator_node]: Received robot state update: {'state': 'working', 'current_assigned_fragment': "f4-10'"}
[INFO] [1786731015.838959330] [robot1.fragment_exec_node]: EventType: Task, Activity: pick, Robot: robot1, Mission: m4, Segment: s4, Start: 3549.757013542
[INFO] [1786731015.840942696] [robot1.fragment_exec_node]: Simulating pick skill...
[INFO] [1786731015.844319836] [robot2.fragment_exec_node]: Received fragment: {'robot': 'robot1', 'fragment': {'id': "f4-10'", 'mission': 'm4', 'state': 'assigned', 'wait': [], 'tasks': [{'name': 'pick', 'params': {'x': 2, 'y': 3}}], 'arrive_timestamp': 1786730959, 'priority': 1, 'segment': 's4'}}
[INFO] [1786731017.303030802] [robot1.fragment_exec_node]: Pick completed!
[INFO] [1786731017.303865084] [robot1.fragment_exec_node]: EventType: Task, Activity: pick, Robot: robot1, Mission: m4, Segment: s4, End: 3551.223148074
[INFO] [1786731017.305750636] [robot1.fragment_exec_node]: Execution of fragment f4-10' completed!
[INFO] [1786731017.306317383] [multi3_coordinator_node]: Fragment f4-11 is now executable because all signal messages were received.
[INFO] [1786731017.307318257] [multi3_coordinator_node]: Received coordination message: {'robot_name': 'robot1', 'completed_task': 'm4/s4/pick'}
[INFO] [1786731017.309092493] [multi3_coordinator_node]: Received robot state update: {'state': 'idle', 'current_assigned_fragment': None}
[INFO] [1786731017.310263610] [multi3_coordinator_node]: Received coordination message: {'robot_name': 'robot1', 'completed_fragment': "f4-10'"}
[INFO] [1786731017.529388297] [robot2.fragment_exec_node]: Navigation completed!
[INFO] [1786731017.531106720] [robot2.fragment_exec_node]: EventType: Task, Activity: transport, Robot: robot2, Mission: m4, Segment: s3, End: 3551.449687249
[INFO] [1786731017.533757587] [robot2.fragment_exec_node]: Execution of fragment f4-9 completed!
[INFO] [1786731017.535370839] [multi3_coordinator_node]: Received coordination message: {'robot_name': 'robot2', 'completed_task': 'm4/s3/transport'}
[INFO] [1786731017.538015146] [multi3_coordinator_node]: Received robot state update: {'state': 'idle', 'current_assigned_fragment': None}
[INFO] [1786731017.539545113] [multi3_coordinator_node]: Received coordination message: {'robot_name': 'robot2', 'completed_fragment': 'f4-9'}
[INFO] [1786731017.822763312] [multi3_coordinator_node]: Assigned fragment f4-11 to robot robot1.
[INFO] [1786731017.838631619] [robot2.fragment_exec_node]: Received fragment: {'robot': 'robot1', 'fragment': {'id': 'f4-11', 'mission': 'm4', 'state': 'assigned', 'wait': ['m4/s4/pick'], 'tasks': [{'name': 'scan', 'params': {'x': 2, 'y': 3}}], 'arrive_timestamp': 1786730959, 'priority': 1, 'segment': 's4'}}
[INFO] [1786731017.839742822] [robot1.fragment_exec_node]: Received fragment: {'robot': 'robot1', 'fragment': {'id': 'f4-11', 'mission': 'm4', 'state': 'assigned', 'wait': ['m4/s4/pick'], 'tasks': [{'name': 'scan', 'params': {'x': 2, 'y': 3}}], 'arrive_timestamp': 1786730959, 'priority': 1, 'segment': 's4'}}
[INFO] [1786731017.840629758] [robot1.fragment_exec_node]: Received fragment assignment: f4-11. Starting execution.
[INFO] [1786731017.841690869] [robot1.fragment_exec_node]: Waiting for coordination messages before executing fragment f4-11: ['m4/s4/pick']
[INFO] [1786731017.842594627] [multi3_coordinator_node]: Received robot state update: {'state': 'working', 'current_assigned_fragment': 'f4-11'}
[INFO] [1786731019.845998471] [robot1.fragment_exec_node]: Executing task scan. Params: {'x': 2, 'y': 3}, Virtual state: {'position': {'x': 2, 'y': 3, 'z': 0.0}, 'docked': False, 'battery': 100.0}
[INFO] [1786731019.848049431] [robot1.fragment_exec_node]: EventType: Task, Activity: scan, Robot: robot1, Mission: m4, Segment: s4, Start: 3553.766106707
[INFO] [1786731019.850115554] [robot1.fragment_exec_node]: Simulating scan skill...
[INFO] [1786731021.429006044] [robot1.fragment_exec_node]: Scan completed!
[INFO] [1786731021.429932917] [robot1.fragment_exec_node]: EventType: Task, Activity: scan, Robot: robot1, Mission: m4, Segment: s4, End: 3555.349142448
[INFO] [1786731021.431970224] [robot1.fragment_exec_node]: Execution of fragment f4-11 completed!
[INFO] [1786731021.432169744] [multi3_coordinator_node]: Fragment f4-12 is now executable because all signal messages were received.
[INFO] [1786731021.434237937] [multi3_coordinator_node]: Received coordination message: {'robot_name': 'robot1', 'completed_task': 'm4/s4/scan'}
[INFO] [1786731021.436360316] [multi3_coordinator_node]: Received robot state update: {'state': 'idle', 'current_assigned_fragment': None}
[INFO] [1786731021.437518616] [multi3_coordinator_node]: Received coordination message: {'robot_name': 'robot1', 'completed_fragment': 'f4-11'}
[INFO] [1786731021.824997335] [multi3_coordinator_node]: Assigned fragment f4-12 to robot robot1.
[INFO] [1786731021.829857944] [robot1.fragment_exec_node]: Received fragment: {'robot': 'robot1', 'fragment': {'id': 'f4-12', 'mission': 'm4', 'state': 'assigned', 'wait': ['m4/s4/scan'], 'tasks': [{'name': 'transport', 'params': {'x': 2, 'y': 3}}], 'arrive_timestamp': 1786730959, 'priority': 1, 'segment': 's4'}}
[INFO] [1786731021.831000053] [robot1.fragment_exec_node]: Received fragment assignment: f4-12. Starting execution.
[INFO] [1786731021.831049221] [robot2.fragment_exec_node]: Received fragment: {'robot': 'robot1', 'fragment': {'id': 'f4-12', 'mission': 'm4', 'state': 'assigned', 'wait': ['m4/s4/scan'], 'tasks': [{'name': 'transport', 'params': {'x': 2, 'y': 3}}], 'arrive_timestamp': 1786730959, 'priority': 1, 'segment': 's4'}}
[INFO] [1786731021.832940640] [robot1.fragment_exec_node]: Waiting for coordination messages before executing fragment f4-12: ['m4/s4/scan']
[INFO] [1786731021.834856556] [multi3_coordinator_node]: Received robot state update: {'state': 'working', 'current_assigned_fragment': 'f4-12'}
[INFO] [1786731023.838702523] [robot1.fragment_exec_node]: Executing task transport. Params: {'x': 2, 'y': 3}, Virtual state: {'position': {'x': 2, 'y': 3, 'z': 0.0}, 'docked': False, 'battery': 100.0}
[INFO] [1786731023.840765881] [robot1.fragment_exec_node]: EventType: Task, Activity: transport, Robot: robot1, Mission: m4, Segment: s4, Start: 3557.759002598
[INFO] [1786731023.842882381] [robot1.fragment_exec_node]: Simulating navigate skill to position 2, 3...
[INFO] [1786731028.666701666] [robot1.fragment_exec_node]: Navigation completed!
[INFO] [1786731028.668603378] [robot1.fragment_exec_node]: EventType: Task, Activity: transport, Robot: robot1, Mission: m4, Segment: s4, End: 3562.586983894
[INFO] [1786731028.671932756] [robot1.fragment_exec_node]: Execution of fragment f4-12 completed!
[INFO] [1786731028.671931337] [multi3_coordinator_node]: Fragment f4-13 is now executable because all signal messages were received.
[INFO] [1786731028.673325826] [multi3_coordinator_node]: Received coordination message: {'robot_name': 'robot1', 'completed_task': 'm4/s4/transport'}
[INFO] [1786731028.675797366] [multi3_coordinator_node]: Received robot state update: {'state': 'idle', 'current_assigned_fragment': None}
[INFO] [1786731028.677868217] [multi3_coordinator_node]: Received coordination message: {'robot_name': 'robot1', 'completed_fragment': 'f4-12'}
[INFO] [1786731028.825470032] [multi3_coordinator_node]: Assigned fragment f4-13 to robot robot1.
[INFO] [1786731028.830094035] [robot1.fragment_exec_node]: Received fragment: {'robot': 'robot1', 'fragment': {'id': 'f4-13', 'mission': 'm4', 'state': 'assigned', 'wait': ['m4/s1/transport', 'm4/s2/transport', 'm4/s3/transport', 'm4/s4/transport'], 'tasks': [{'name': 'pack', 'params': {'x': 2, 'y': 3}}], 'arrive_timestamp': 1786730959, 'priority': 1, 'segment': ''}}
[INFO] [1786731028.831480268] [robot1.fragment_exec_node]: Received fragment assignment: f4-13. Starting execution.
[INFO] [1786731028.833469330] [robot1.fragment_exec_node]: Waiting for coordination messages before executing fragment f4-13: ['m4/s1/transport', 'm4/s2/transport', 'm4/s3/transport', 'm4/s4/transport']
[INFO] [1786731028.834795982] [multi3_coordinator_node]: Received robot state update: {'state': 'working', 'current_assigned_fragment': 'f4-13'}
[INFO] [1786731028.838691564] [robot2.fragment_exec_node]: Received fragment: {'robot': 'robot1', 'fragment': {'id': 'f4-13', 'mission': 'm4', 'state': 'assigned', 'wait': ['m4/s1/transport', 'm4/s2/transport', 'm4/s3/transport', 'm4/s4/transport'], 'tasks': [{'name': 'pack', 'params': {'x': 2, 'y': 3}}], 'arrive_timestamp': 1786730959, 'priority': 1, 'segment': ''}}
[INFO] [1786731030.838557159] [robot1.fragment_exec_node]: Executing task pack. Params: {'x': 2, 'y': 3}, Virtual state: {'position': {'x': 2, 'y': 3, 'z': 0.0}, 'docked': False, 'battery': 100.0}
[INFO] [1786731030.840558635] [robot1.fragment_exec_node]: EventType: Task, Activity: pack, Robot: robot1, Mission: m4, Segment: , Start: 3564.758855788
[INFO] [1786731030.842731104] [robot1.fragment_exec_node]: Simulating pack skill...
[INFO] [1786731038.788139157] [robot1.fragment_exec_node]: Packing completed!
[INFO] [1786731038.789979556] [robot1.fragment_exec_node]: EventType: Task, Activity: pack, Robot: robot1, Mission: m4, Segment: , End: 3572.709004681
[INFO] [1786731038.792820688] [multi3_coordinator_node]: Received coordination message: {'robot_name': 'robot1', 'completed_task': 'm4//pack'}
[INFO] [1786731038.792951989] [robot1.fragment_exec_node]: Execution of fragment f4-13 completed!
[INFO] [1786731038.795009266] [multi3_coordinator_node]: Received coordination message: {'robot_name': 'robot1', 'completed_fragment': 'f4-13'}
[INFO] [1786731038.796916678] [multi3_coordinator_node]: Received robot state update: {'state': 'idle', 'current_assigned_fragment': None}
