[?2004h]0;root@a50b62605926: ~/ros2_wsroot@a50b62605926:~/ros2_ws# ./run_multi3.sh --robots 2
[?2004lStarting: ros2 run multi3_coordinator coordinator
[INFO] [1786730803.900030031] [multi3_coordinator_node]: Coordinator node started.
Starting: ros2 run multi3_executor executor --ros-args -p robot_name:=robot1
[INFO] [1786730806.838092387] [robot1.fragment_exec_node]: Setting up skill: PickSkill
[INFO] [1786730806.838683212] [robot1.fragment_exec_node]: Setting up skill: ScanSkill
[INFO] [1786730806.839262666] [robot1.fragment_exec_node]: Setting up skill: NavigateSkill
[INFO] [1786730806.840052705] [robot1.fragment_exec_node]: Setting up skill: NavigateSkill
[INFO] [1786730806.841022172] [robot1.fragment_exec_node]: Setting up skill: DockSkill
[INFO] [1786730806.841478071] [robot1.fragment_exec_node]: Setting up skill: UndockSkill
[INFO] [1786730806.842278384] [robot1.fragment_exec_node]: Setting up skill: PackSkill
[INFO] [1786730806.849033736] [robot1.fragment_exec_node]: Published robot registration: {'name': 'robot1', 'state': 'idle', 'capabilities': ['pick', 'scan', 'transport', 'pack']}
[INFO] [1786730806.849318019] [multi3_coordinator_node]: Received new robot info: {'name': 'robot1', 'state': 'idle', 'capabilities': ['pick', 'scan', 'transport', 'pack'], 'last_heartbeat': 1786730806}
Starting: ros2 run multi3_executor executor --ros-args -p robot_name:=robot2
[INFO] [1786730808.198993081] [robot2.fragment_exec_node]: Setting up skill: PickSkill
[INFO] [1786730808.199555189] [robot2.fragment_exec_node]: Setting up skill: ScanSkill
[INFO] [1786730808.200011918] [robot2.fragment_exec_node]: Setting up skill: NavigateSkill
[INFO] [1786730808.200460928] [robot2.fragment_exec_node]: Setting up skill: NavigateSkill
[INFO] [1786730808.201070570] [robot2.fragment_exec_node]: Setting up skill: DockSkill
[INFO] [1786730808.201501108] [robot2.fragment_exec_node]: Setting up skill: UndockSkill
[INFO] [1786730808.202302850] [robot2.fragment_exec_node]: Setting up skill: PackSkill
[INFO] [1786730808.209404574] [robot2.fragment_exec_node]: Published robot registration: {'name': 'robot2', 'state': 'idle', 'capabilities': ['pick', 'scan', 'transport', 'pack']}
[INFO] [1786730808.210083890] [multi3_coordinator_node]: Received new robot info: {'name': 'robot2', 'state': 'idle', 'capabilities': ['pick', 'scan', 'transport', 'pack'], 'last_heartbeat': 1786730808}
[INFO] [1786730818.614049496] [multi3_coordinator_node]: Received mission: {'mission': 'm2', 'priority': 1, 'fragments': [{'id': 'f2-1', 'wait': [], 'tasks': [{'name': 'pick', 'params': {'x': 2, 'y': 3}}], 'segment': 's1'}, {'id': 'f2-2', 'wait': ['m2/s1/pick'], 'tasks': [{'name': 'scan', 'params': {'x': 2, 'y': 3}}], 'segment': 's1'}, {'id': 'f2-3', 'wait': ['m2/s1/scan'], 'tasks': [{'name': 'transport', 'params': {'x': 2, 'y': 3}}], 'segment': 's1'}, {'id': 'f2-4', 'wait': [], 'tasks': [{'name': 'pick', 'params': {'x': 2, 'y': 3}}], 'segment': 's2'}, {'id': 'f2-5', 'wait': ['m2/s2/pick'], 'tasks': [{'name': 'scan', 'params': {'x': 2, 'y': 3}}], 'segment': 's2'}, {'id': 'f2-6', 'wait': ['m2/s2/scan'], 'tasks': [{'name': 'transport', 'params': {'x': 2, 'y': 3}}], 'segment': 's2'}, {'id': 'f2-7', 'wait': ['m2/s1/transport', 'm2/s2/transport'], 'tasks': [{'name': 'pack', 'params': {'x': 2, 'y': 3}}], 'segment': ''}]}
[INFO] [1786730818.614825815] [multi3_coordinator_node]: Fragment f2-1 is now executable because all signal messages were received.
[INFO] [1786730818.615370359] [multi3_coordinator_node]: Fragment f2-4 is now executable because all signal messages were received.
[INFO] [1786730823.695771581] [multi3_coordinator_node]: Received mission: {'mission': 'm3', 'priority': 1, 'fragments': [{'id': 'f3-1', 'wait': [], 'tasks': [{'name': 'pick', 'params': {'x': 2, 'y': 3}}], 'segment': 's1'}, {'id': 'f3-2', 'wait': ['m3/s1/pick'], 'tasks': [{'name': 'scan', 'params': {'x': 2, 'y': 3}}], 'segment': 's1'}, {'id': 'f3-3', 'wait': ['m3/s1/scan'], 'tasks': [{'name': 'transport', 'params': {'x': 2, 'y': 3}}], 'segment': 's1'}, {'id': 'f3-4', 'wait': [], 'tasks': [{'name': 'pick', 'params': {'x': 2, 'y': 3}}], 'segment': 's2'}, {'id': 'f3-5', 'wait': ['m3/s2/pick'], 'tasks': [{'name': 'scan', 'params': {'x': 2, 'y': 3}}], 'segment': 's2'}, {'id': 'f3-6', 'wait': ['m3/s2/scan'], 'tasks': [{'name': 'transport', 'params': {'x': 2, 'y': 3}}], 'segment': 's2'}, {'id': 'f3-7', 'wait': [], 'tasks': [{'name': 'pick', 'params': {'x': 2, 'y': 3}}], 'segment': 's3'}, {'id': 'f3-8', 'wait': ['m3/s3/pick'], 'tasks': [{'name': 'scan', 'params': {'x': 2, 'y': 3}}], 'segment': 's3'}, {'id': 'f3-9', 'wait': ['m3/s3/scan'], 'tasks': [{'name': 'transport', 'params': {'x': 2, 'y': 3}}], 'segment': 's3'}, {'id': 'f3-10', 'wait': ['m3/s1/transport', 'm3/s2/transport', 'm3/s3/transport'], 'tasks': [{'name': 'pack', 'params': {'x': 2, 'y': 3}}], 'segment': ''}]}
[INFO] [1786730823.696375736] [multi3_coordinator_node]: Fragment f3-1 is now executable because all signal messages were received.
[INFO] [1786730823.697137527] [multi3_coordinator_node]: Fragment f3-4 is now executable because all signal messages were received.
[INFO] [1786730823.697863160] [multi3_coordinator_node]: Fragment f3-7 is now executable because all signal messages were received.
[INFO] [1786730826.242220950] [multi3_coordinator_node]: Execution start signal received. Starting fragment assignment.
[INFO] [1786730827.243835673] [multi3_coordinator_node]: Assigned fragment f2-1 to robot robot1.
[INFO] [1786730827.244652791] [multi3_coordinator_node]: Assigned fragment f2-4 to robot robot2.
[INFO] [1786730827.249412511] [robot1.fragment_exec_node]: Received fragment: {'robot': 'robot1', 'fragment': {'id': 'f2-1', 'mission': 'm2', 'state': 'assigned', 'wait': [], 'tasks': [{'name': 'pick', 'params': {'x': 2, 'y': 3}}], 'arrive_timestamp': 1786730818, 'priority': 1, 'segment': 's1'}}
[INFO] [1786730827.250791668] [robot1.fragment_exec_node]: Received fragment: {'robot': 'robot2', 'fragment': {'id': 'f2-4', 'mission': 'm2', 'state': 'assigned', 'wait': [], 'tasks': [{'name': 'pick', 'params': {'x': 2, 'y': 3}}], 'arrive_timestamp': 1786730818, 'priority': 1, 'segment': 's2'}}
[INFO] [1786730827.251963519] [robot1.fragment_exec_node]: Received fragment assignment: f2-1. Starting execution.
[INFO] [1786730827.253460295] [robot1.fragment_exec_node]: Executing task pick. Params: {'x': 2, 'y': 3}, Virtual state: {'position': {'x': 0.0, 'y': 0.0, 'z': 0.0}, 'docked': True, 'battery': 100.0}
[INFO] [1786730827.253501831] [multi3_coordinator_node]: Received robot state update: {'state': 'working', 'current_assigned_fragment': 'f2-1'}
[INFO] [1786730827.253969380] [robot1.fragment_exec_node]: EventType: Control, Activity: undock, Robot: robot1, Mission: m2, Segment: s1, Start: 3361.175091425
[INFO] [1786730827.254314704] [robot1.fragment_exec_node]: Simulating undock skill...
[INFO] [1786730827.255000102] [robot2.fragment_exec_node]: Received fragment: {'robot': 'robot2', 'fragment': {'id': 'f2-4', 'mission': 'm2', 'state': 'assigned', 'wait': [], 'tasks': [{'name': 'pick', 'params': {'x': 2, 'y': 3}}], 'arrive_timestamp': 1786730818, 'priority': 1, 'segment': 's2'}}
[INFO] [1786730827.255510767] [robot2.fragment_exec_node]: Received fragment: {'robot': 'robot1', 'fragment': {'id': 'f2-1', 'mission': 'm2', 'state': 'assigned', 'wait': [], 'tasks': [{'name': 'pick', 'params': {'x': 2, 'y': 3}}], 'arrive_timestamp': 1786730818, 'priority': 1, 'segment': 's1'}}
[INFO] [1786730827.257011496] [robot2.fragment_exec_node]: Received fragment assignment: f2-4. Starting execution.
[INFO] [1786730827.257877863] [robot2.fragment_exec_node]: Executing task pick. Params: {'x': 2, 'y': 3}, Virtual state: {'position': {'x': 0.0, 'y': 0.0, 'z': 0.0}, 'docked': True, 'battery': 100.0}
[INFO] [1786730827.258273942] [multi3_coordinator_node]: Received robot state update: {'state': 'working', 'current_assigned_fragment': 'f2-4'}
[INFO] [1786730827.258446388] [robot2.fragment_exec_node]: EventType: Control, Activity: undock, Robot: robot2, Mission: m2, Segment: s2, Start: 3361.179465906
[INFO] [1786730827.259231931] [robot2.fragment_exec_node]: Simulating undock skill...
[INFO] [1786730828.827806446] [robot1.fragment_exec_node]: Undock completed!
[INFO] [1786730828.828922212] [robot1.fragment_exec_node]: EventType: Control, Activity: undock, Robot: robot1, Mission: m2, Segment: s1, End: 3362.749546056
[INFO] [1786730828.830448734] [robot1.fragment_exec_node]: EventType: Control, Activity: navigate, Robot: robot1, Mission: m2, Segment: s1, Start: 3362.750513594
[INFO] [1786730828.832137822] [robot1.fragment_exec_node]: Simulating navigate skill to position 2, 3...
[INFO] [1786730830.708428087] [robot2.fragment_exec_node]: Undock completed!
[INFO] [1786730830.710831709] [robot2.fragment_exec_node]: EventType: Control, Activity: undock, Robot: robot2, Mission: m2, Segment: s2, End: 3364.630195568
[INFO] [1786730830.714431200] [robot2.fragment_exec_node]: EventType: Control, Activity: navigate, Robot: robot2, Mission: m2, Segment: s2, Start: 3364.632572909
[INFO] [1786730830.716135640] [robot2.fragment_exec_node]: Simulating navigate skill to position 2, 3...
[INFO] [1786730836.253335789] [robot1.fragment_exec_node]: Navigation completed!
[INFO] [1786730836.254764796] [robot1.fragment_exec_node]: EventType: Control, Activity: navigate, Robot: robot1, Mission: m2, Segment: s1, End: 3370.175006678
[INFO] [1786730836.256126930] [robot1.fragment_exec_node]: EventType: Task, Activity: pick, Robot: robot1, Mission: m2, Segment: s1, Start: 3370.176429504
[INFO] [1786730836.257982421] [robot1.fragment_exec_node]: Simulating pick skill...
[INFO] [1786730838.607344345] [robot2.fragment_exec_node]: Navigation completed!
[INFO] [1786730838.609288746] [robot2.fragment_exec_node]: EventType: Control, Activity: navigate, Robot: robot2, Mission: m2, Segment: s2, End: 3372.529110422
[INFO] [1786730838.610704323] [robot2.fragment_exec_node]: EventType: Task, Activity: pick, Robot: robot2, Mission: m2, Segment: s2, Start: 3372.530906845
[INFO] [1786730838.613083830] [robot2.fragment_exec_node]: Simulating pick skill...
[INFO] [1786730840.225387270] [robot1.fragment_exec_node]: Pick completed!
[INFO] [1786730840.227322147] [robot1.fragment_exec_node]: EventType: Task, Activity: pick, Robot: robot1, Mission: m2, Segment: s1, End: 3374.147273827
[INFO] [1786730840.230656038] [robot1.fragment_exec_node]: Execution of fragment f2-1 completed!
[INFO] [1786730840.230934331] [multi3_coordinator_node]: Fragment f2-2 is now executable because all signal messages were received.
[INFO] [1786730840.232069461] [multi3_coordinator_node]: Received coordination message: {'robot_name': 'robot1', 'completed_task': 'm2/s1/pick'}
[INFO] [1786730840.234194039] [multi3_coordinator_node]: Received robot state update: {'state': 'idle', 'current_assigned_fragment': None}
[INFO] [1786730840.235762568] [multi3_coordinator_node]: Received coordination message: {'robot_name': 'robot1', 'completed_fragment': 'f2-1'}
[INFO] [1786730840.244642697] [multi3_coordinator_node]: Assigned fragment f2-2 to robot robot1.
[INFO] [1786730840.249756618] [robot2.fragment_exec_node]: Received fragment: {'robot': 'robot1', 'fragment': {'id': 'f2-2', 'mission': 'm2', 'state': 'assigned', 'wait': ['m2/s1/pick'], 'tasks': [{'name': 'scan', 'params': {'x': 2, 'y': 3}}], 'arrive_timestamp': 1786730818, 'priority': 1, 'segment': 's1'}}
[INFO] [1786730840.255437854] [robot1.fragment_exec_node]: Received fragment: {'robot': 'robot1', 'fragment': {'id': 'f2-2', 'mission': 'm2', 'state': 'assigned', 'wait': ['m2/s1/pick'], 'tasks': [{'name': 'scan', 'params': {'x': 2, 'y': 3}}], 'arrive_timestamp': 1786730818, 'priority': 1, 'segment': 's1'}}
[INFO] [1786730840.256061542] [robot1.fragment_exec_node]: Received fragment assignment: f2-2. Starting execution.
[INFO] [1786730840.256833986] [robot1.fragment_exec_node]: Waiting for coordination messages before executing fragment f2-2: ['m2/s1/pick']
[INFO] [1786730840.258224054] [multi3_coordinator_node]: Received robot state update: {'state': 'working', 'current_assigned_fragment': 'f2-2'}
[INFO] [1786730841.423194000] [robot2.fragment_exec_node]: Pick completed!
[INFO] [1786730841.425819505] [robot2.fragment_exec_node]: EventType: Task, Activity: pick, Robot: robot2, Mission: m2, Segment: s2, End: 3375.34494285
[INFO] [1786730841.429634672] [multi3_coordinator_node]: Fragment f2-5 is now executable because all signal messages were received.
[INFO] [1786730841.429728746] [robot2.fragment_exec_node]: Execution of fragment f2-4 completed!
[INFO] [1786730841.430575658] [multi3_coordinator_node]: Received coordination message: {'robot_name': 'robot2', 'completed_task': 'm2/s2/pick'}
[INFO] [1786730841.432600377] [multi3_coordinator_node]: Received robot state update: {'state': 'idle', 'current_assigned_fragment': None}
[INFO] [1786730841.434973776] [multi3_coordinator_node]: Received coordination message: {'robot_name': 'robot2', 'completed_fragment': 'f2-4'}
[INFO] [1786730842.245301439] [multi3_coordinator_node]: Assigned fragment f2-5 to robot robot2.
[INFO] [1786730842.262431639] [robot1.fragment_exec_node]: Executing task scan. Params: {'x': 2, 'y': 3}, Virtual state: {'position': {'x': 2, 'y': 3, 'z': 0.0}, 'docked': False, 'battery': 100.0}
[INFO] [1786730842.262904130] [robot1.fragment_exec_node]: Received fragment: {'robot': 'robot2', 'fragment': {'id': 'f2-5', 'mission': 'm2', 'state': 'assigned', 'wait': ['m2/s2/pick'], 'tasks': [{'name': 'scan', 'params': {'x': 2, 'y': 3}}], 'arrive_timestamp': 1786730818, 'priority': 1, 'segment': 's2'}}
[INFO] [1786730842.264148105] [robot1.fragment_exec_node]: EventType: Task, Activity: scan, Robot: robot1, Mission: m2, Segment: s1, Start: 3376.184005026
[INFO] [1786730842.264901655] [robot1.fragment_exec_node]: Simulating scan skill...
[INFO] [1786730842.277248220] [robot2.fragment_exec_node]: Received fragment: {'robot': 'robot2', 'fragment': {'id': 'f2-5', 'mission': 'm2', 'state': 'assigned', 'wait': ['m2/s2/pick'], 'tasks': [{'name': 'scan', 'params': {'x': 2, 'y': 3}}], 'arrive_timestamp': 1786730818, 'priority': 1, 'segment': 's2'}}
[INFO] [1786730842.277987496] [robot2.fragment_exec_node]: Received fragment assignment: f2-5. Starting execution.
[INFO] [1786730842.278897271] [robot2.fragment_exec_node]: Executing task scan. Params: {'x': 2, 'y': 3}, Virtual state: {'position': {'x': 2, 'y': 3, 'z': 0.0}, 'docked': False, 'battery': 100.0}
[INFO] [1786730842.279632289] [multi3_coordinator_node]: Received robot state update: {'state': 'working', 'current_assigned_fragment': 'f2-5'}
[INFO] [1786730842.279771933] [robot2.fragment_exec_node]: EventType: Task, Activity: scan, Robot: robot2, Mission: m2, Segment: s2, Start: 3376.200473301
[INFO] [1786730842.280317222] [robot2.fragment_exec_node]: Simulating scan skill...
[INFO] [1786730843.481443013] [robot2.fragment_exec_node]: Scan completed!
[INFO] [1786730843.483014838] [robot2.fragment_exec_node]: EventType: Task, Activity: scan, Robot: robot2, Mission: m2, Segment: s2, End: 3377.403120937
[INFO] [1786730843.486497812] [robot2.fragment_exec_node]: Execution of fragment f2-5 completed!
[INFO] [1786730843.487923578] [multi3_coordinator_node]: Fragment f2-6 is now executable because all signal messages were received.
[INFO] [1786730843.490497988] [multi3_coordinator_node]: Received coordination message: {'robot_name': 'robot2', 'completed_task': 'm2/s2/scan'}
[INFO] [1786730843.495032190] [multi3_coordinator_node]: Received robot state update: {'state': 'idle', 'current_assigned_fragment': None}
[INFO] [1786730843.497335072] [multi3_coordinator_node]: Received coordination message: {'robot_name': 'robot2', 'completed_fragment': 'f2-5'}
[INFO] [1786730843.880754780] [robot1.fragment_exec_node]: Scan completed!
[INFO] [1786730843.883340095] [robot1.fragment_exec_node]: EventType: Task, Activity: scan, Robot: robot1, Mission: m2, Segment: s1, End: 3377.802727209
[INFO] [1786730843.886319804] [robot1.fragment_exec_node]: Execution of fragment f2-2 completed!
[INFO] [1786730843.887846863] [multi3_coordinator_node]: Fragment f2-3 is now executable because all signal messages were received.
[INFO] [1786730843.889295407] [multi3_coordinator_node]: Received coordination message: {'robot_name': 'robot1', 'completed_task': 'm2/s1/scan'}
[INFO] [1786730843.895666858] [multi3_coordinator_node]: Received robot state update: {'state': 'idle', 'current_assigned_fragment': None}
[INFO] [1786730843.897436853] [multi3_coordinator_node]: Received coordination message: {'robot_name': 'robot1', 'completed_fragment': 'f2-2'}
[INFO] [1786730844.244995556] [multi3_coordinator_node]: Assigned fragment f2-3 to robot robot1.
[INFO] [1786730844.246499624] [multi3_coordinator_node]: Assigned fragment f2-6 to robot robot2.
[INFO] [1786730844.252288683] [robot1.fragment_exec_node]: Received fragment: {'robot': 'robot2', 'fragment': {'id': 'f2-6', 'mission': 'm2', 'state': 'assigned', 'wait': ['m2/s2/scan'], 'tasks': [{'name': 'transport', 'params': {'x': 2, 'y': 3}}], 'arrive_timestamp': 1786730818, 'priority': 1, 'segment': 's2'}}
[INFO] [1786730844.254416090] [robot1.fragment_exec_node]: Received fragment: {'robot': 'robot1', 'fragment': {'id': 'f2-3', 'mission': 'm2', 'state': 'assigned', 'wait': ['m2/s1/scan'], 'tasks': [{'name': 'transport', 'params': {'x': 2, 'y': 3}}], 'arrive_timestamp': 1786730818, 'priority': 1, 'segment': 's1'}}
[INFO] [1786730844.255621621] [robot2.fragment_exec_node]: Received fragment: {'robot': 'robot2', 'fragment': {'id': 'f2-6', 'mission': 'm2', 'state': 'assigned', 'wait': ['m2/s2/scan'], 'tasks': [{'name': 'transport', 'params': {'x': 2, 'y': 3}}], 'arrive_timestamp': 1786730818, 'priority': 1, 'segment': 's2'}}
[INFO] [1786730844.256546766] [robot1.fragment_exec_node]: Received fragment assignment: f2-3. Starting execution.
[INFO] [1786730844.256767296] [robot2.fragment_exec_node]: Received fragment: {'robot': 'robot1', 'fragment': {'id': 'f2-3', 'mission': 'm2', 'state': 'assigned', 'wait': ['m2/s1/scan'], 'tasks': [{'name': 'transport', 'params': {'x': 2, 'y': 3}}], 'arrive_timestamp': 1786730818, 'priority': 1, 'segment': 's1'}}
[INFO] [1786730844.257569566] [robot1.fragment_exec_node]: Executing task transport. Params: {'x': 2, 'y': 3}, Virtual state: {'position': {'x': 2, 'y': 3, 'z': 0.0}, 'docked': False, 'battery': 100.0}
[INFO] [1786730844.258132852] [robot2.fragment_exec_node]: Received fragment assignment: f2-6. Starting execution.
[INFO] [1786730844.259303623] [multi3_coordinator_node]: Received robot state update: {'state': 'working', 'current_assigned_fragment': 'f2-3'}
[INFO] [1786730844.259291568] [robot1.fragment_exec_node]: EventType: Task, Activity: transport, Robot: robot1, Mission: m2, Segment: s1, Start: 3378.179296059
[INFO] [1786730844.259509935] [robot2.fragment_exec_node]: Executing task transport. Params: {'x': 2, 'y': 3}, Virtual state: {'position': {'x': 2, 'y': 3, 'z': 0.0}, 'docked': False, 'battery': 100.0}
[INFO] [1786730844.260141076] [robot1.fragment_exec_node]: Simulating navigate skill to position 2, 3...
[INFO] [1786730844.260371446] [robot2.fragment_exec_node]: EventType: Task, Activity: transport, Robot: robot2, Mission: m2, Segment: s2, Start: 3378.181084848
[INFO] [1786730844.261181774] [multi3_coordinator_node]: Received robot state update: {'state': 'working', 'current_assigned_fragment': 'f2-6'}
[INFO] [1786730844.261285556] [robot2.fragment_exec_node]: Simulating navigate skill to position 2, 3...
[INFO] [1786730848.734288648] [robot2.fragment_exec_node]: Navigation completed!
[INFO] [1786730848.736156969] [robot2.fragment_exec_node]: EventType: Task, Activity: transport, Robot: robot2, Mission: m2, Segment: s2, End: 3382.656058235
[INFO] [1786730848.738856640] [robot1.fragment_exec_node]: Navigation completed!
[INFO] [1786730848.739603030] [robot2.fragment_exec_node]: Execution of fragment f2-6 completed!
[INFO] [1786730848.740572092] [multi3_coordinator_node]: Received coordination message: {'robot_name': 'robot2', 'completed_task': 'm2/s2/transport'}
[INFO] [1786730848.741372834] [robot1.fragment_exec_node]: EventType: Task, Activity: transport, Robot: robot1, Mission: m2, Segment: s1, End: 3382.66045301
[INFO] [1786730848.744345985] [multi3_coordinator_node]: Received robot state update: {'state': 'idle', 'current_assigned_fragment': None}
[INFO] [1786730848.744448046] [robot1.fragment_exec_node]: Execution of fragment f2-3 completed!
[INFO] [1786730848.747631426] [multi3_coordinator_node]: Received coordination message: {'robot_name': 'robot2', 'completed_fragment': 'f2-6'}
[INFO] [1786730848.749336794] [multi3_coordinator_node]: Received robot state update: {'state': 'idle', 'current_assigned_fragment': None}
[INFO] [1786730848.750383300] [multi3_coordinator_node]: Fragment f2-7 is now executable because all signal messages were received.
[INFO] [1786730848.752070726] [multi3_coordinator_node]: Received coordination message: {'robot_name': 'robot1', 'completed_task': 'm2/s1/transport'}
[INFO] [1786730848.753803421] [multi3_coordinator_node]: Received coordination message: {'robot_name': 'robot1', 'completed_fragment': 'f2-3'}
[INFO] [1786730849.245519802] [multi3_coordinator_node]: Assigned fragment f2-7 to robot robot1.
[INFO] [1786730849.248411043] [multi3_coordinator_node]: Assigned fragment f3-1 to robot robot2.
[INFO] [1786730849.263041558] [robot2.fragment_exec_node]: Received fragment: {'robot': 'robot1', 'fragment': {'id': 'f2-7', 'mission': 'm2', 'state': 'assigned', 'wait': ['m2/s1/transport', 'm2/s2/transport'], 'tasks': [{'name': 'pack', 'params': {'x': 2, 'y': 3}}], 'arrive_timestamp': 1786730818, 'priority': 1, 'segment': ''}}
[INFO] [1786730849.264249676] [robot2.fragment_exec_node]: Received fragment: {'robot': 'robot2', 'fragment': {'id': 'f3-1', 'mission': 'm3', 'state': 'assigned', 'wait': [], 'tasks': [{'name': 'pick', 'params': {'x': 2, 'y': 3}}], 'arrive_timestamp': 1786730823, 'priority': 1, 'segment': 's1'}}
[INFO] [1786730849.265034626] [robot1.fragment_exec_node]: Received fragment: {'robot': 'robot1', 'fragment': {'id': 'f2-7', 'mission': 'm2', 'state': 'assigned', 'wait': ['m2/s1/transport', 'm2/s2/transport'], 'tasks': [{'name': 'pack', 'params': {'x': 2, 'y': 3}}], 'arrive_timestamp': 1786730818, 'priority': 1, 'segment': ''}}
[INFO] [1786730849.265675133] [robot2.fragment_exec_node]: Received fragment assignment: f3-1. Starting execution.
[INFO] [1786730849.267634492] [robot2.fragment_exec_node]: Executing task pick. Params: {'x': 2, 'y': 3}, Virtual state: {'position': {'x': 2, 'y': 3, 'z': 0.0}, 'docked': False, 'battery': 100.0}
[INFO] [1786730849.268053800] [robot1.fragment_exec_node]: Received fragment: {'robot': 'robot2', 'fragment': {'id': 'f3-1', 'mission': 'm3', 'state': 'assigned', 'wait': [], 'tasks': [{'name': 'pick', 'params': {'x': 2, 'y': 3}}], 'arrive_timestamp': 1786730823, 'priority': 1, 'segment': 's1'}}
[INFO] [1786730849.268924763] [robot2.fragment_exec_node]: EventType: Task, Activity: pick, Robot: robot2, Mission: m3, Segment: s1, Start: 3383.189280277
[INFO] [1786730849.269233402] [multi3_coordinator_node]: Received robot state update: {'state': 'working', 'current_assigned_fragment': 'f3-1'}
[INFO] [1786730849.269911409] [robot2.fragment_exec_node]: Simulating pick skill...
[INFO] [1786730849.270123507] [robot1.fragment_exec_node]: Received fragment assignment: f2-7. Starting execution.
[INFO] [1786730849.271590465] [robot1.fragment_exec_node]: Waiting for coordination messages before executing fragment f2-7: ['m2/s1/transport', 'm2/s2/transport']
[INFO] [1786730849.272252312] [multi3_coordinator_node]: Received robot state update: {'state': 'working', 'current_assigned_fragment': 'f2-7'}
[INFO] [1786730851.277252826] [robot1.fragment_exec_node]: Executing task pack. Params: {'x': 2, 'y': 3}, Virtual state: {'position': {'x': 2, 'y': 3, 'z': 0.0}, 'docked': False, 'battery': 100.0}
[INFO] [1786730851.279312494] [robot1.fragment_exec_node]: EventType: Task, Activity: pack, Robot: robot1, Mission: m2, Segment: , Start: 3385.199034566
[INFO] [1786730851.281248821] [robot1.fragment_exec_node]: Simulating pack skill...
[INFO] [1786730853.048145796] [robot2.fragment_exec_node]: Pick completed!
[INFO] [1786730853.049647797] [robot2.fragment_exec_node]: EventType: Task, Activity: pick, Robot: robot2, Mission: m3, Segment: s1, End: 3386.969911768
[INFO] [1786730853.052109440] [robot2.fragment_exec_node]: Execution of fragment f3-1 completed!
[INFO] [1786730853.052688382] [multi3_coordinator_node]: Fragment f3-2 is now executable because all signal messages were received.
[INFO] [1786730853.055346659] [multi3_coordinator_node]: Received coordination message: {'robot_name': 'robot2', 'completed_task': 'm3/s1/pick'}
[INFO] [1786730853.057301930] [multi3_coordinator_node]: Received robot state update: {'state': 'idle', 'current_assigned_fragment': None}
[INFO] [1786730853.059151654] [multi3_coordinator_node]: Received coordination message: {'robot_name': 'robot2', 'completed_fragment': 'f3-1'}
[INFO] [1786730853.245551988] [multi3_coordinator_node]: Assigned fragment f3-2 to robot robot2.
[INFO] [1786730853.249303727] [robot1.fragment_exec_node]: Received fragment: {'robot': 'robot2', 'fragment': {'id': 'f3-2', 'mission': 'm3', 'state': 'assigned', 'wait': ['m3/s1/pick'], 'tasks': [{'name': 'scan', 'params': {'x': 2, 'y': 3}}], 'arrive_timestamp': 1786730823, 'priority': 1, 'segment': 's1'}}
[INFO] [1786730853.260169815] [robot2.fragment_exec_node]: Received fragment: {'robot': 'robot2', 'fragment': {'id': 'f3-2', 'mission': 'm3', 'state': 'assigned', 'wait': ['m3/s1/pick'], 'tasks': [{'name': 'scan', 'params': {'x': 2, 'y': 3}}], 'arrive_timestamp': 1786730823, 'priority': 1, 'segment': 's1'}}
[INFO] [1786730853.260920803] [robot2.fragment_exec_node]: Received fragment assignment: f3-2. Starting execution.
[INFO] [1786730853.262358826] [robot2.fragment_exec_node]: Waiting for coordination messages before executing fragment f3-2: ['m3/s1/pick']
[INFO] [1786730853.263429031] [multi3_coordinator_node]: Received robot state update: {'state': 'working', 'current_assigned_fragment': 'f3-2'}
[INFO] [1786730855.267036553] [robot2.fragment_exec_node]: Executing task scan. Params: {'x': 2, 'y': 3}, Virtual state: {'position': {'x': 2, 'y': 3, 'z': 0.0}, 'docked': False, 'battery': 100.0}
[INFO] [1786730855.269291909] [robot2.fragment_exec_node]: EventType: Task, Activity: scan, Robot: robot2, Mission: m3, Segment: s1, Start: 3389.188810833
[INFO] [1786730855.271095549] [robot2.fragment_exec_node]: Simulating scan skill...
[INFO] [1786730855.871292602] [robot1.fragment_exec_node]: Packing completed!
[INFO] [1786730855.871827872] [robot1.fragment_exec_node]: EventType: Task, Activity: pack, Robot: robot1, Mission: m2, Segment: , End: 3389.792848372
[INFO] [1786730855.872930429] [robot1.fragment_exec_node]: Execution of fragment f2-7 completed!
[INFO] [1786730855.873231551] [multi3_coordinator_node]: Received coordination message: {'robot_name': 'robot1', 'completed_task': 'm2//pack'}
[INFO] [1786730855.874274174] [multi3_coordinator_node]: Received robot state update: {'state': 'idle', 'current_assigned_fragment': None}
[INFO] [1786730855.874937722] [multi3_coordinator_node]: Received coordination message: {'robot_name': 'robot1', 'completed_fragment': 'f2-7'}
[INFO] [1786730856.245765258] [multi3_coordinator_node]: Assigned fragment f3-4 to robot robot1.
[INFO] [1786730856.258962883] [robot1.fragment_exec_node]: Received fragment: {'robot': 'robot1', 'fragment': {'id': 'f3-4', 'mission': 'm3', 'state': 'assigned', 'wait': [], 'tasks': [{'name': 'pick', 'params': {'x': 2, 'y': 3}}], 'arrive_timestamp': 1786730823, 'priority': 1, 'segment': 's2'}}
[INFO] [1786730856.260249276] [robot2.fragment_exec_node]: Received fragment: {'robot': 'robot1', 'fragment': {'id': 'f3-4', 'mission': 'm3', 'state': 'assigned', 'wait': [], 'tasks': [{'name': 'pick', 'params': {'x': 2, 'y': 3}}], 'arrive_timestamp': 1786730823, 'priority': 1, 'segment': 's2'}}
[INFO] [1786730856.260368803] [robot1.fragment_exec_node]: Received fragment assignment: f3-4. Starting execution.
[INFO] [1786730856.261833596] [robot1.fragment_exec_node]: Executing task pick. Params: {'x': 2, 'y': 3}, Virtual state: {'position': {'x': 2, 'y': 3, 'z': 0.0}, 'docked': False, 'battery': 100.0}
[INFO] [1786730856.262848186] [robot1.fragment_exec_node]: EventType: Task, Activity: pick, Robot: robot1, Mission: m3, Segment: s2, Start: 3390.183466736
[INFO] [1786730856.263104824] [multi3_coordinator_node]: Received robot state update: {'state': 'working', 'current_assigned_fragment': 'f3-4'}
[INFO] [1786730856.263849696] [robot1.fragment_exec_node]: Simulating pick skill...
[INFO] [1786730856.586421064] [robot2.fragment_exec_node]: Scan completed!
[INFO] [1786730856.588317301] [robot2.fragment_exec_node]: EventType: Task, Activity: scan, Robot: robot2, Mission: m3, Segment: s1, End: 3390.508298274
[INFO] [1786730856.591099755] [robot2.fragment_exec_node]: Execution of fragment f3-2 completed!
[INFO] [1786730856.592536949] [multi3_coordinator_node]: Fragment f3-3 is now executable because all signal messages were received.
[INFO] [1786730856.593672450] [multi3_coordinator_node]: Received coordination message: {'robot_name': 'robot2', 'completed_task': 'm3/s1/scan'}
[INFO] [1786730856.596714900] [multi3_coordinator_node]: Received robot state update: {'state': 'idle', 'current_assigned_fragment': None}
[INFO] [1786730856.599138479] [multi3_coordinator_node]: Received coordination message: {'robot_name': 'robot2', 'completed_fragment': 'f3-2'}
[INFO] [1786730857.246212626] [multi3_coordinator_node]: Assigned fragment f3-3 to robot robot2.
[INFO] [1786730857.251611198] [robot1.fragment_exec_node]: Received fragment: {'robot': 'robot2', 'fragment': {'id': 'f3-3', 'mission': 'm3', 'state': 'assigned', 'wait': ['m3/s1/scan'], 'tasks': [{'name': 'transport', 'params': {'x': 2, 'y': 3}}], 'arrive_timestamp': 1786730823, 'priority': 1, 'segment': 's1'}}
[INFO] [1786730857.258704666] [robot2.fragment_exec_node]: Received fragment: {'robot': 'robot2', 'fragment': {'id': 'f3-3', 'mission': 'm3', 'state': 'assigned', 'wait': ['m3/s1/scan'], 'tasks': [{'name': 'transport', 'params': {'x': 2, 'y': 3}}], 'arrive_timestamp': 1786730823, 'priority': 1, 'segment': 's1'}}
[INFO] [1786730857.260199168] [robot2.fragment_exec_node]: Received fragment assignment: f3-3. Starting execution.
[INFO] [1786730857.261831507] [robot2.fragment_exec_node]: Waiting for coordination messages before executing fragment f3-3: ['m3/s1/scan']
[INFO] [1786730857.262547206] [multi3_coordinator_node]: Received robot state update: {'state': 'working', 'current_assigned_fragment': 'f3-3'}
[INFO] [1786730857.928742118] [robot1.fragment_exec_node]: Pick completed!
[INFO] [1786730857.929330767] [robot1.fragment_exec_node]: EventType: Task, Activity: pick, Robot: robot1, Mission: m3, Segment: s2, End: 3391.850885559
[INFO] [1786730857.930632303] [robot1.fragment_exec_node]: Execution of fragment f3-4 completed!
[INFO] [1786730857.930683168] [multi3_coordinator_node]: Fragment f3-5 is now executable because all signal messages were received.
[INFO] [1786730857.931704150] [multi3_coordinator_node]: Received coordination message: {'robot_name': 'robot1', 'completed_task': 'm3/s2/pick'}
[INFO] [1786730857.933104027] [multi3_coordinator_node]: Received robot state update: {'state': 'idle', 'current_assigned_fragment': None}
[INFO] [1786730857.934430323] [multi3_coordinator_node]: Received coordination message: {'robot_name': 'robot1', 'completed_fragment': 'f3-4'}
[INFO] [1786730858.244970197] [multi3_coordinator_node]: Assigned fragment f3-5 to robot robot1.
[INFO] [1786730858.248518326] [robot2.fragment_exec_node]: Received fragment: {'robot': 'robot1', 'fragment': {'id': 'f3-5', 'mission': 'm3', 'state': 'assigned', 'wait': ['m3/s2/pick'], 'tasks': [{'name': 'scan', 'params': {'x': 2, 'y': 3}}], 'arrive_timestamp': 1786730823, 'priority': 1, 'segment': 's2'}}
[INFO] [1786730858.256576585] [robot1.fragment_exec_node]: Received fragment: {'robot': 'robot1', 'fragment': {'id': 'f3-5', 'mission': 'm3', 'state': 'assigned', 'wait': ['m3/s2/pick'], 'tasks': [{'name': 'scan', 'params': {'x': 2, 'y': 3}}], 'arrive_timestamp': 1786730823, 'priority': 1, 'segment': 's2'}}
[INFO] [1786730858.257109135] [robot1.fragment_exec_node]: Received fragment assignment: f3-5. Starting execution.
[INFO] [1786730858.257955212] [robot1.fragment_exec_node]: Waiting for coordination messages before executing fragment f3-5: ['m3/s2/pick']
[INFO] [1786730858.258767099] [multi3_coordinator_node]: Received robot state update: {'state': 'working', 'current_assigned_fragment': 'f3-5'}
[INFO] [1786730859.266917210] [robot2.fragment_exec_node]: Executing task transport. Params: {'x': 2, 'y': 3}, Virtual state: {'position': {'x': 2, 'y': 3, 'z': 0.0}, 'docked': False, 'battery': 100.0}
[INFO] [1786730859.268830503] [robot2.fragment_exec_node]: EventType: Task, Activity: transport, Robot: robot2, Mission: m3, Segment: s1, Start: 3393.189522159
[INFO] [1786730859.270449323] [robot2.fragment_exec_node]: Simulating navigate skill to position 2, 3...
[INFO] [1786730860.263524882] [robot1.fragment_exec_node]: Executing task scan. Params: {'x': 2, 'y': 3}, Virtual state: {'position': {'x': 2, 'y': 3, 'z': 0.0}, 'docked': False, 'battery': 100.0}
[INFO] [1786730860.265672772] [robot1.fragment_exec_node]: EventType: Task, Activity: scan, Robot: robot1, Mission: m3, Segment: s2, Start: 3394.185885318
[INFO] [1786730860.267979438] [robot1.fragment_exec_node]: Simulating scan skill...
[INFO] [1786730862.046544847] [robot1.fragment_exec_node]: Scan completed!
[INFO] [1786730862.048444942] [robot1.fragment_exec_node]: EventType: Task, Activity: scan, Robot: robot1, Mission: m3, Segment: s2, End: 3395.968894741
[INFO] [1786730862.051265330] [robot1.fragment_exec_node]: Execution of fragment f3-5 completed!
[INFO] [1786730862.051813830] [multi3_coordinator_node]: Fragment f3-6 is now executable because all signal messages were received.
[INFO] [1786730862.053197380] [multi3_coordinator_node]: Received coordination message: {'robot_name': 'robot1', 'completed_task': 'm3/s2/scan'}
[INFO] [1786730862.055038493] [multi3_coordinator_node]: Received robot state update: {'state': 'idle', 'current_assigned_fragment': None}
[INFO] [1786730862.057478478] [multi3_coordinator_node]: Received coordination message: {'robot_name': 'robot1', 'completed_fragment': 'f3-5'}
[INFO] [1786730862.246856398] [multi3_coordinator_node]: Assigned fragment f3-6 to robot robot1.
[INFO] [1786730862.255274527] [robot2.fragment_exec_node]: Received fragment: {'robot': 'robot1', 'fragment': {'id': 'f3-6', 'mission': 'm3', 'state': 'assigned', 'wait': ['m3/s2/scan'], 'tasks': [{'name': 'transport', 'params': {'x': 2, 'y': 3}}], 'arrive_timestamp': 1786730823, 'priority': 1, 'segment': 's2'}}
[INFO] [1786730862.282661514] [robot1.fragment_exec_node]: Received fragment: {'robot': 'robot1', 'fragment': {'id': 'f3-6', 'mission': 'm3', 'state': 'assigned', 'wait': ['m3/s2/scan'], 'tasks': [{'name': 'transport', 'params': {'x': 2, 'y': 3}}], 'arrive_timestamp': 1786730823, 'priority': 1, 'segment': 's2'}}
[INFO] [1786730862.283157484] [robot1.fragment_exec_node]: Received fragment assignment: f3-6. Starting execution.
[INFO] [1786730862.283770242] [robot1.fragment_exec_node]: Waiting for coordination messages before executing fragment f3-6: ['m3/s2/scan']
[INFO] [1786730862.284650438] [multi3_coordinator_node]: Received robot state update: {'state': 'working', 'current_assigned_fragment': 'f3-6'}
[INFO] [1786730864.288630416] [robot1.fragment_exec_node]: Executing task transport. Params: {'x': 2, 'y': 3}, Virtual state: {'position': {'x': 2, 'y': 3, 'z': 0.0}, 'docked': False, 'battery': 100.0}
[INFO] [1786730864.290850350] [robot1.fragment_exec_node]: EventType: Task, Activity: transport, Robot: robot1, Mission: m3, Segment: s2, Start: 3398.210998294
[INFO] [1786730864.292544711] [robot1.fragment_exec_node]: Simulating navigate skill to position 2, 3...
[INFO] [1786730865.325544177] [robot2.fragment_exec_node]: Navigation completed!
[INFO] [1786730865.327509342] [robot2.fragment_exec_node]: EventType: Task, Activity: transport, Robot: robot2, Mission: m3, Segment: s1, End: 3399.247902473
[INFO] [1786730865.330261910] [robot2.fragment_exec_node]: Execution of fragment f3-3 completed!
[INFO] [1786730865.331144108] [multi3_coordinator_node]: Received coordination message: {'robot_name': 'robot2', 'completed_task': 'm3/s1/transport'}
[INFO] [1786730865.333906550] [multi3_coordinator_node]: Received robot state update: {'state': 'idle', 'current_assigned_fragment': None}
[INFO] [1786730865.337436719] [multi3_coordinator_node]: Received coordination message: {'robot_name': 'robot2', 'completed_fragment': 'f3-3'}
[INFO] [1786730866.246074660] [multi3_coordinator_node]: Assigned fragment f3-7 to robot robot2.
[INFO] [1786730866.254639780] [robot1.fragment_exec_node]: Received fragment: {'robot': 'robot2', 'fragment': {'id': 'f3-7', 'mission': 'm3', 'state': 'assigned', 'wait': [], 'tasks': [{'name': 'pick', 'params': {'x': 2, 'y': 3}}], 'arrive_timestamp': 1786730823, 'priority': 1, 'segment': 's3'}}
[INFO] [1786730866.264998736] [robot2.fragment_exec_node]: Received fragment: {'robot': 'robot2', 'fragment': {'id': 'f3-7', 'mission': 'm3', 'state': 'assigned', 'wait': [], 'tasks': [{'name': 'pick', 'params': {'x': 2, 'y': 3}}], 'arrive_timestamp': 1786730823, 'priority': 1, 'segment': 's3'}}
[INFO] [1786730866.265738918] [robot2.fragment_exec_node]: Received fragment assignment: f3-7. Starting execution.
[INFO] [1786730866.266882913] [robot2.fragment_exec_node]: Executing task pick. Params: {'x': 2, 'y': 3}, Virtual state: {'position': {'x': 2, 'y': 3, 'z': 0.0}, 'docked': False, 'battery': 100.0}
[INFO] [1786730866.267914902] [robot2.fragment_exec_node]: EventType: Task, Activity: pick, Robot: robot2, Mission: m3, Segment: s3, Start: 3400.189060944
[INFO] [1786730866.268024071] [multi3_coordinator_node]: Received robot state update: {'state': 'working', 'current_assigned_fragment': 'f3-7'}
[INFO] [1786730866.269343264] [robot2.fragment_exec_node]: Simulating pick skill...
[INFO] [1786730868.827008427] [robot2.fragment_exec_node]: Pick completed!
[INFO] [1786730868.827757296] [robot2.fragment_exec_node]: EventType: Task, Activity: pick, Robot: robot2, Mission: m3, Segment: s3, End: 3402.749244632
[INFO] [1786730868.829621002] [robot2.fragment_exec_node]: Execution of fragment f3-7 completed!
[INFO] [1786730868.829794830] [multi3_coordinator_node]: Fragment f3-8 is now executable because all signal messages were received.
[INFO] [1786730868.830757502] [multi3_coordinator_node]: Received coordination message: {'robot_name': 'robot2', 'completed_task': 'm3/s3/pick'}
[INFO] [1786730868.832638136] [multi3_coordinator_node]: Received robot state update: {'state': 'idle', 'current_assigned_fragment': None}
[INFO] [1786730868.833481305] [multi3_coordinator_node]: Received coordination message: {'robot_name': 'robot2', 'completed_fragment': 'f3-7'}
[INFO] [1786730869.246907644] [multi3_coordinator_node]: Assigned fragment f3-8 to robot robot2.
[INFO] [1786730869.251717526] [robot1.fragment_exec_node]: Received fragment: {'robot': 'robot2', 'fragment': {'id': 'f3-8', 'mission': 'm3', 'state': 'assigned', 'wait': ['m3/s3/pick'], 'tasks': [{'name': 'scan', 'params': {'x': 2, 'y': 3}}], 'arrive_timestamp': 1786730823, 'priority': 1, 'segment': 's3'}}
[INFO] [1786730869.251967138] [robot2.fragment_exec_node]: Received fragment: {'robot': 'robot2', 'fragment': {'id': 'f3-8', 'mission': 'm3', 'state': 'assigned', 'wait': ['m3/s3/pick'], 'tasks': [{'name': 'scan', 'params': {'x': 2, 'y': 3}}], 'arrive_timestamp': 1786730823, 'priority': 1, 'segment': 's3'}}
[INFO] [1786730869.253885487] [robot2.fragment_exec_node]: Received fragment assignment: f3-8. Starting execution.
[INFO] [1786730869.256044582] [robot2.fragment_exec_node]: Waiting for coordination messages before executing fragment f3-8: ['m3/s3/pick']
[INFO] [1786730869.256770569] [multi3_coordinator_node]: Received robot state update: {'state': 'working', 'current_assigned_fragment': 'f3-8'}
[INFO] [1786730870.998583059] [robot1.fragment_exec_node]: Navigation completed!
[INFO] [1786730871.000885064] [robot1.fragment_exec_node]: EventType: Task, Activity: transport, Robot: robot1, Mission: m3, Segment: s2, End: 3404.920940739
[INFO] [1786730871.004271379] [robot1.fragment_exec_node]: Execution of fragment f3-6 completed!
[INFO] [1786730871.004774377] [multi3_coordinator_node]: Received coordination message: {'robot_name': 'robot1', 'completed_task': 'm3/s2/transport'}
[INFO] [1786730871.007750228] [multi3_coordinator_node]: Received robot state update: {'state': 'idle', 'current_assigned_fragment': None}
[INFO] [1786730871.009837082] [multi3_coordinator_node]: Received coordination message: {'robot_name': 'robot1', 'completed_fragment': 'f3-6'}
[INFO] [1786730871.261685102] [robot2.fragment_exec_node]: Executing task scan. Params: {'x': 2, 'y': 3}, Virtual state: {'position': {'x': 2, 'y': 3, 'z': 0.0}, 'docked': False, 'battery': 100.0}
[INFO] [1786730871.263402784] [robot2.fragment_exec_node]: EventType: Task, Activity: scan, Robot: robot2, Mission: m3, Segment: s3, Start: 3405.184058563
[INFO] [1786730871.265704878] [robot2.fragment_exec_node]: Simulating scan skill...
[INFO] [1786730872.667596312] [robot2.fragment_exec_node]: Scan completed!
[INFO] [1786730872.669510346] [robot2.fragment_exec_node]: EventType: Task, Activity: scan, Robot: robot2, Mission: m3, Segment: s3, End: 3406.58995686
[INFO] [1786730872.672725799] [multi3_coordinator_node]: Fragment f3-9 is now executable because all signal messages were received.
[INFO] [1786730872.673932174] [robot2.fragment_exec_node]: Execution of fragment f3-8 completed!
[INFO] [1786730872.674093097] [multi3_coordinator_node]: Received coordination message: {'robot_name': 'robot2', 'completed_task': 'm3/s3/scan'}
[INFO] [1786730872.676555841] [multi3_coordinator_node]: Received coordination message: {'robot_name': 'robot2', 'completed_fragment': 'f3-8'}
[INFO] [1786730872.679568160] [multi3_coordinator_node]: Received robot state update: {'state': 'idle', 'current_assigned_fragment': None}
[INFO] [1786730873.246347805] [multi3_coordinator_node]: Assigned fragment f3-9 to robot robot1.
[INFO] [1786730873.251314745] [robot1.fragment_exec_node]: Received fragment: {'robot': 'robot1', 'fragment': {'id': 'f3-9', 'mission': 'm3', 'state': 'assigned', 'wait': ['m3/s3/scan'], 'tasks': [{'name': 'transport', 'params': {'x': 2, 'y': 3}}], 'arrive_timestamp': 1786730823, 'priority': 1, 'segment': 's3'}}
[INFO] [1786730873.252609864] [robot1.fragment_exec_node]: Received fragment assignment: f3-9. Starting execution.
[INFO] [1786730873.255519966] [robot1.fragment_exec_node]: Waiting for coordination messages before executing fragment f3-9: ['m3/s3/scan']
[INFO] [1786730873.256542768] [multi3_coordinator_node]: Received robot state update: {'state': 'working', 'current_assigned_fragment': 'f3-9'}
[INFO] [1786730873.258039043] [robot2.fragment_exec_node]: Received fragment: {'robot': 'robot1', 'fragment': {'id': 'f3-9', 'mission': 'm3', 'state': 'assigned', 'wait': ['m3/s3/scan'], 'tasks': [{'name': 'transport', 'params': {'x': 2, 'y': 3}}], 'arrive_timestamp': 1786730823, 'priority': 1, 'segment': 's3'}}
[INFO] [1786730875.260774323] [robot1.fragment_exec_node]: Executing task transport. Params: {'x': 2, 'y': 3}, Virtual state: {'position': {'x': 2, 'y': 3, 'z': 0.0}, 'docked': False, 'battery': 100.0}
[INFO] [1786730875.262595953] [robot1.fragment_exec_node]: EventType: Task, Activity: transport, Robot: robot1, Mission: m3, Segment: s3, Start: 3409.183360961
[INFO] [1786730875.264710789] [robot1.fragment_exec_node]: Simulating navigate skill to position 2, 3...
[INFO] [1786730882.059442840] [robot1.fragment_exec_node]: Navigation completed!
[INFO] [1786730882.061554661] [robot1.fragment_exec_node]: EventType: Task, Activity: transport, Robot: robot1, Mission: m3, Segment: s3, End: 3415.981812748
[INFO] [1786730882.064968991] [robot1.fragment_exec_node]: Execution of fragment f3-9 completed!
[INFO] [1786730882.065377101] [multi3_coordinator_node]: Fragment f3-10 is now executable because all signal messages were received.
[INFO] [1786730882.066821118] [multi3_coordinator_node]: Received coordination message: {'robot_name': 'robot1', 'completed_task': 'm3/s3/transport'}
[INFO] [1786730882.069663938] [multi3_coordinator_node]: Received robot state update: {'state': 'idle', 'current_assigned_fragment': None}
[INFO] [1786730882.071697477] [multi3_coordinator_node]: Received coordination message: {'robot_name': 'robot1', 'completed_fragment': 'f3-9'}
[INFO] [1786730882.246779789] [multi3_coordinator_node]: Assigned fragment f3-10 to robot robot1.
[INFO] [1786730882.262640932] [robot2.fragment_exec_node]: Received fragment: {'robot': 'robot1', 'fragment': {'id': 'f3-10', 'mission': 'm3', 'state': 'assigned', 'wait': ['m3/s1/transport', 'm3/s2/transport', 'm3/s3/transport'], 'tasks': [{'name': 'pack', 'params': {'x': 2, 'y': 3}}], 'arrive_timestamp': 1786730823, 'priority': 1, 'segment': ''}}
[INFO] [1786730882.262653426] [robot1.fragment_exec_node]: Received fragment: {'robot': 'robot1', 'fragment': {'id': 'f3-10', 'mission': 'm3', 'state': 'assigned', 'wait': ['m3/s1/transport', 'm3/s2/transport', 'm3/s3/transport'], 'tasks': [{'name': 'pack', 'params': {'x': 2, 'y': 3}}], 'arrive_timestamp': 1786730823, 'priority': 1, 'segment': ''}}
[INFO] [1786730882.264095179] [robot1.fragment_exec_node]: Received fragment assignment: f3-10. Starting execution.
[INFO] [1786730882.265707665] [robot1.fragment_exec_node]: Waiting for coordination messages before executing fragment f3-10: ['m3/s1/transport', 'm3/s2/transport', 'm3/s3/transport']
[INFO] [1786730882.265884910] [multi3_coordinator_node]: Received robot state update: {'state': 'working', 'current_assigned_fragment': 'f3-10'}
[INFO] [1786730884.270758676] [robot1.fragment_exec_node]: Executing task pack. Params: {'x': 2, 'y': 3}, Virtual state: {'position': {'x': 2, 'y': 3, 'z': 0.0}, 'docked': False, 'battery': 100.0}
[INFO] [1786730884.273004968] [robot1.fragment_exec_node]: EventType: Task, Activity: pack, Robot: robot1, Mission: m3, Segment: , Start: 3418.193130946
[INFO] [1786730884.274962055] [robot1.fragment_exec_node]: Simulating pack skill...
[INFO] [1786730893.911486463] [robot1.fragment_exec_node]: Packing completed!
[INFO] [1786730893.912678092] [robot1.fragment_exec_node]: EventType: Task, Activity: pack, Robot: robot1, Mission: m3, Segment: , End: 3427.832707749
[INFO] [1786730893.915725199] [robot1.fragment_exec_node]: Execution of fragment f3-10 completed!
[INFO] [1786730893.916588799] [multi3_coordinator_node]: Received coordination message: {'robot_name': 'robot1', 'completed_task': 'm3//pack'}
[INFO] [1786730893.918905044] [multi3_coordinator_node]: Received robot state update: {'state': 'idle', 'current_assigned_fragment': None}
[INFO] [1786730893.920005156] [multi3_coordinator_node]: Received coordination message: {'robot_name': 'robot1', 'completed_fragment': 'f3-10'}
