[INFO] [1787847949.295645629] [robot4.fragment_exec_node]: Setting up skill: NavigateSkill
[INFO] [1787847949.296562855] [robot4.fragment_exec_node]: Setting up skill: InspectSkill
[INFO] [1787847949.297396960] [robot4.fragment_exec_node]: Setting up skill: IrrigateSkill
[INFO] [1787847949.298261780] [robot4.fragment_exec_node]: Setting up skill: InspectSkill
[INFO] [1787847949.299153644] [robot4.fragment_exec_node]: Setting up skill: AlignCameraSkill
[INFO] [1787847949.307993289] [robot4.fragment_exec_node]: Published robot registration: {'name': 'robot4', 'operational_state': 'idle', 'capabilities': ['irrigate', 'move_to', 'inspect', 'align_camera'], 'state': {'position': {'x': 0.0, 'y': 0.0, 'z': 0.0}, 'docked': True}}
[INFO] [1787847967.286110492] [robot4.fragment_exec_node]: Received fragment assignment: {'robot': 'robot4', 'fragment': {'id': 'fm1-12', 'mission': 'm1', 'state': 'assigned', 'wait': [], 'tasks': [{'name': 'inspect', 'label': 'inspect(f5)', 'params': {'x': 3, 'y': 7.5, 'size': 9}}], 'arrive_timestamp': 1787847958, 'priority': 1, 'segment': 's5'}}
[INFO] [1787847967.287478292] [robot4.fragment_exec_node]: Starting execution of fragment fm1-12...
[INFO] [1787847967.288605346] [robot4.fragment_exec_node]: Executing task inspect(f5). Params: {'x': 3, 'y': 7.5, 'size': 9}, Virtual state: {'position': {'x': 0.0, 'y': 0.0, 'z': 0.0}, 'docked': True}
[INFO] [1787847967.289398338] [robot4.fragment_exec_node]: EventType: Control (Task: inspect), Activity: move_to, Robot: robot4, Mission: m1, Segment: s5, Start: 1787847967.2888596
[INFO] [1787847967.290192185] [robot4.fragment_exec_node]: Simulating navigate skill from position (0.0, 0.0) to (3, 7.5) (16.15549442140351 seconds)...
[INFO] [1787847983.450898384] [robot4.fragment_exec_node]: Navigation completed!
[INFO] [1787847983.453483849] [robot4.fragment_exec_node]: EventType: Control (Task: inspect), Activity: move_to, Robot: robot4, Mission: m1, Segment: s5, End: 1787847983.4522758
[INFO] [1787847983.455585245] [robot4.fragment_exec_node]: EventType: Control (Task: inspect), Activity: align_camera, Robot: robot4, Mission: m1, Segment: s5, Start: 1787847983.4541078
[INFO] [1787847983.458010229] [robot4.fragment_exec_node]: Simulating align_camera skill...
[INFO] [1787847986.461572416] [robot4.fragment_exec_node]: Align camera completed!
[INFO] [1787847986.463663161] [robot4.fragment_exec_node]: EventType: Control (Task: inspect), Activity: align_camera, Robot: robot4, Mission: m1, Segment: s5, End: 1787847986.4625025
[INFO] [1787847986.465069801] [robot4.fragment_exec_node]: EventType: Task, Activity: inspect, Robot: robot4, Mission: m1, Segment: s5, Start: 1787847986.4642253
[INFO] [1787847986.466519612] [robot4.fragment_exec_node]: Simulating inspect skill (18s to complete)...
[INFO] [1787848004.468602607] [robot4.fragment_exec_node]: Inspect completed!
[INFO] [1787848004.471983391] [robot4.fragment_exec_node]: EventType: Task, Activity: inspect, Robot: robot4, Mission: m1, Segment: s5, End: 1787848004.4709823
[INFO] [1787848004.474231531] [robot4.fragment_exec_node]: Execution of fragment fm1-12 completed!
[INFO] [1787848005.251503063] [robot4.fragment_exec_node]: Received fragment assignment: {'robot': 'robot4', 'fragment': {'id': 'fm1-13', 'mission': 'm1', 'state': 'assigned', 'wait': ['inspect(f5)'], 'tasks': [{'name': 'irrigate', 'label': 'irrigate(f5)', 'params': {'x': 3, 'y': 7.5, 'size': 9}}], 'arrive_timestamp': 1787847958, 'priority': 1, 'segment': 's5'}}
[INFO] [1787848005.253435928] [robot4.fragment_exec_node]: Starting execution of fragment fm1-13...
[INFO] [1787848005.255301352] [robot4.fragment_exec_node]: Waiting for coordination messages before executing fragment fm1-13: ['inspect(f5)']
[INFO] [1787848007.260590085] [robot4.fragment_exec_node]: Executing task irrigate(f5). Params: {'x': 3, 'y': 7.5, 'size': 9}, Virtual state: {'position': {'x': 3, 'y': 7.5, 'z': 0.0}, 'docked': True}
[INFO] [1787848007.276718291] [robot4.fragment_exec_node]: EventType: Task, Activity: irrigate, Robot: robot4, Mission: m1, Segment: s5, Start: 1787848007.275989
[INFO] [1787848007.277913972] [robot4.fragment_exec_node]: Simulating irrigate skill (36s to complete)...
[INFO] [1787848043.280787482] [robot4.fragment_exec_node]: Irrigate completed!
[INFO] [1787848043.284437921] [robot4.fragment_exec_node]: EventType: Task, Activity: irrigate, Robot: robot4, Mission: m1, Segment: s5, End: 1787848043.2820632
[INFO] [1787848043.287285043] [robot4.fragment_exec_node]: Execution of fragment fm1-13 completed!
Traceback (most recent call last):
  File "/root/ros2_ws/install/multi3_executor/lib/multi3_executor/executor", line 33, in <module>
    sys.exit(load_entry_point('multi3-executor==0.0.0', 'console_scripts', 'executor')())
  File "/root/ros2_ws/install/multi3_executor/lib/python3.10/site-packages/multi3_executor/nodes/executor.py", line 300, in main
    rclpy.shutdown()
  File "/opt/ros/humble/local/lib/python3.10/dist-packages/rclpy/__init__.py", line 130, in shutdown
    _shutdown(context=context)
  File "/opt/ros/humble/local/lib/python3.10/dist-packages/rclpy/utilities.py", line 58, in shutdown
    return context.shutdown()
  File "/opt/ros/humble/local/lib/python3.10/dist-packages/rclpy/context.py", line 102, in shutdown
    self.__context.shutdown()
rclpy._rclpy_pybind11.RCLError: failed to shutdown: rcl_shutdown already called on the given context, at ./src/rcl/init.c:241
