[INFO] [1787838590.824684899] [robot5.fragment_exec_node]: Setting up skill: DockSkill
[INFO] [1787838590.825539536] [robot5.fragment_exec_node]: Setting up skill: UndockSkill
[INFO] [1787838590.826051397] [robot5.fragment_exec_node]: Setting up skill: PickSkill
[INFO] [1787838590.826632329] [robot5.fragment_exec_node]: Setting up skill: ScanSkill
[INFO] [1787838590.827162676] [robot5.fragment_exec_node]: Setting up skill: NavigateSkill
[INFO] [1787838590.827664005] [robot5.fragment_exec_node]: Setting up skill: PlaceSkill
[INFO] [1787838590.828174043] [robot5.fragment_exec_node]: Setting up skill: PackSkill
[INFO] [1787838590.828692470] [robot5.fragment_exec_node]: Setting up skill: LocalizeSkill
[INFO] [1787838590.829408018] [robot5.fragment_exec_node]: Setting up skill: LoadPackSkill
[INFO] [1787838590.829968045] [robot5.fragment_exec_node]: Setting up skill: UnloadPackSkill
[INFO] [1787838590.838213855] [robot5.fragment_exec_node]: Published robot registration: {'name': 'robot5', 'operational_state': 'idle', 'capabilities': ['scan'], 'state': {'position': {'x': 0.0, 'y': 0.0, 'z': 0.0}, 'docked': True}}
[INFO] [1787838634.355584199] [robot5.fragment_exec_node]: Received fragment assignment: {'robot': 'robot5', 'fragment': {'id': 'fm1-5', 'mission': 'm1', 'state': 'assigned', 'wait': ['place(o2-1,scan_area)'], 'tasks': [{'name': 'scan', 'label': 'scan(o2-1)', 'params': {}}], 'arrive_timestamp': 1787838596, 'priority': 1, 'segment': 's2'}}
[INFO] [1787838634.372226623] [robot5.fragment_exec_node]: Starting execution of fragment fm1-5...
[INFO] [1787838634.373457254] [robot5.fragment_exec_node]: Waiting for coordination messages before executing fragment fm1-5: ['place(o2-1,scan_area)']
[INFO] [1787838636.379017422] [robot5.fragment_exec_node]: Executing task scan(o2-1). Params: {}, Virtual state: {'position': {'x': 0.0, 'y': 0.0, 'z': 0.0}, 'docked': True}
[INFO] [1787838636.380651050] [robot5.fragment_exec_node]: EventType: Control (Task: scan), Activity: localize, Robot: robot5, Mission: m1, Segment: s2, Start: 1787838636.379735
[INFO] [1787838636.382426292] [robot5.fragment_exec_node]: Simulating localize skill...
[INFO] [1787838641.389893621] [robot5.fragment_exec_node]: Localize completed!
[INFO] [1787838641.391788538] [robot5.fragment_exec_node]: EventType: Control (Task: scan), Activity: localize, Robot: robot5, Mission: m1, Segment: s2, End: 1787838641.390668
[INFO] [1787838641.393521334] [robot5.fragment_exec_node]: EventType: Task, Activity: scan, Robot: robot5, Mission: m1, Segment: s2, Start: 1787838641.3924208
[INFO] [1787838641.395232228] [robot5.fragment_exec_node]: Simulating scan skill...
[INFO] [1787838644.398842588] [robot5.fragment_exec_node]: Scan completed!
[INFO] [1787838644.401437463] [robot5.fragment_exec_node]: EventType: Task, Activity: scan, Robot: robot5, Mission: m1, Segment: s2, End: 1787838644.3999836
[INFO] [1787838644.403949627] [robot5.fragment_exec_node]: Execution of fragment fm1-5 completed!
[INFO] [1787838645.357782535] [robot5.fragment_exec_node]: Received fragment assignment: {'robot': 'robot5', 'fragment': {'id': 'fm3-2', 'mission': 'm3', 'state': 'assigned', 'wait': ['place(o1-3,scan_area)'], 'tasks': [{'name': 'scan', 'label': 'scan(o1-3)', 'params': {}}], 'arrive_timestamp': 1787838597, 'priority': 1, 'segment': 's1'}}
[INFO] [1787838645.359875667] [robot5.fragment_exec_node]: Starting execution of fragment fm3-2...
[INFO] [1787838645.362697307] [robot5.fragment_exec_node]: Executing task scan(o1-3). Params: {}, Virtual state: {'position': {'x': 0.0, 'y': 0.0, 'z': 0.0}, 'docked': True}
[INFO] [1787838645.364762253] [robot5.fragment_exec_node]: EventType: Control (Task: scan), Activity: localize, Robot: robot5, Mission: m3, Segment: s1, Start: 1787838645.3634923
[INFO] [1787838645.365833732] [robot5.fragment_exec_node]: Simulating localize skill...
[INFO] [1787838650.368966416] [robot5.fragment_exec_node]: Localize completed!
[INFO] [1787838650.371094030] [robot5.fragment_exec_node]: EventType: Control (Task: scan), Activity: localize, Robot: robot5, Mission: m3, Segment: s1, End: 1787838650.3697398
[INFO] [1787838650.372869090] [robot5.fragment_exec_node]: EventType: Task, Activity: scan, Robot: robot5, Mission: m3, Segment: s1, Start: 1787838650.3721464
[INFO] [1787838650.374107933] [robot5.fragment_exec_node]: Simulating scan skill...
[INFO] [1787838653.377586387] [robot5.fragment_exec_node]: Scan completed!
[INFO] [1787838653.382477842] [robot5.fragment_exec_node]: EventType: Task, Activity: scan, Robot: robot5, Mission: m3, Segment: s1, End: 1787838653.380501
[INFO] [1787838653.385760498] [robot5.fragment_exec_node]: Execution of fragment fm3-2 completed!
[INFO] [1787838654.360944547] [robot5.fragment_exec_node]: Received fragment assignment: {'robot': 'robot5', 'fragment': {'id': 'fm1-2', 'mission': 'm1', 'state': 'assigned', 'wait': ['place(o1-1,scan_area)'], 'tasks': [{'name': 'scan', 'label': 'scan(o1-1)', 'params': {}}], 'arrive_timestamp': 1787838596, 'priority': 1, 'segment': 's1'}}
[INFO] [1787838654.362229426] [robot5.fragment_exec_node]: Starting execution of fragment fm1-2...
[INFO] [1787838654.364385823] [robot5.fragment_exec_node]: Executing task scan(o1-1). Params: {}, Virtual state: {'position': {'x': 0.0, 'y': 0.0, 'z': 0.0}, 'docked': True}
[INFO] [1787838654.366415579] [robot5.fragment_exec_node]: EventType: Control (Task: scan), Activity: localize, Robot: robot5, Mission: m1, Segment: s1, Start: 1787838654.364838
[INFO] [1787838654.367855531] [robot5.fragment_exec_node]: Simulating localize skill...
[INFO] [1787838659.373039608] [robot5.fragment_exec_node]: Localize completed!
[INFO] [1787838659.377278476] [robot5.fragment_exec_node]: EventType: Control (Task: scan), Activity: localize, Robot: robot5, Mission: m1, Segment: s1, End: 1787838659.3751214
[INFO] [1787838659.378847151] [robot5.fragment_exec_node]: EventType: Task, Activity: scan, Robot: robot5, Mission: m1, Segment: s1, Start: 1787838659.3777103
[INFO] [1787838659.380167011] [robot5.fragment_exec_node]: Simulating scan skill...
[INFO] [1787838662.383426386] [robot5.fragment_exec_node]: Scan completed!
[INFO] [1787838662.385106329] [robot5.fragment_exec_node]: EventType: Task, Activity: scan, Robot: robot5, Mission: m1, Segment: s1, End: 1787838662.3839831
[INFO] [1787838662.387777340] [robot5.fragment_exec_node]: Execution of fragment fm1-2 completed!
[INFO] [1787838663.378603556] [robot5.fragment_exec_node]: Received fragment assignment: {'robot': 'robot5', 'fragment': {'id': 'fm3-5', 'mission': 'm3', 'state': 'assigned', 'wait': ['place(o2-3,scan_area)'], 'tasks': [{'name': 'scan', 'label': 'scan(o2-3)', 'params': {}}], 'arrive_timestamp': 1787838597, 'priority': 1, 'segment': 's2'}}
[INFO] [1787838663.386631283] [robot5.fragment_exec_node]: Starting execution of fragment fm3-5...
[INFO] [1787838663.387544657] [robot5.fragment_exec_node]: Executing task scan(o2-3). Params: {}, Virtual state: {'position': {'x': 0.0, 'y': 0.0, 'z': 0.0}, 'docked': True}
[INFO] [1787838663.388130994] [robot5.fragment_exec_node]: EventType: Control (Task: scan), Activity: localize, Robot: robot5, Mission: m3, Segment: s2, Start: 1787838663.3877847
[INFO] [1787838663.388925319] [robot5.fragment_exec_node]: Simulating localize skill...
[INFO] [1787838668.392268007] [robot5.fragment_exec_node]: Localize completed!
[INFO] [1787838668.394476776] [robot5.fragment_exec_node]: EventType: Control (Task: scan), Activity: localize, Robot: robot5, Mission: m3, Segment: s2, End: 1787838668.3933742
[INFO] [1787838668.396196918] [robot5.fragment_exec_node]: EventType: Task, Activity: scan, Robot: robot5, Mission: m3, Segment: s2, Start: 1787838668.3949044
[INFO] [1787838668.397763456] [robot5.fragment_exec_node]: Simulating scan skill...
[INFO] [1787838671.401448528] [robot5.fragment_exec_node]: Scan completed!
[INFO] [1787838671.404505590] [robot5.fragment_exec_node]: EventType: Task, Activity: scan, Robot: robot5, Mission: m3, Segment: s2, End: 1787838671.4024892
[INFO] [1787838671.407161512] [robot5.fragment_exec_node]: Execution of fragment fm3-5 completed!
[INFO] [1787838672.365045913] [robot5.fragment_exec_node]: Received fragment assignment: {'robot': 'robot5', 'fragment': {'id': 'fm3-8', 'mission': 'm3', 'state': 'assigned', 'wait': ['place(o3-3,scan_area)'], 'tasks': [{'name': 'scan', 'label': 'scan(o3-3)', 'params': {}}], 'arrive_timestamp': 1787838597, 'priority': 1, 'segment': 's3'}}
[INFO] [1787838672.368144991] [robot5.fragment_exec_node]: Starting execution of fragment fm3-8...
[INFO] [1787838672.370120773] [robot5.fragment_exec_node]: Executing task scan(o3-3). Params: {}, Virtual state: {'position': {'x': 0.0, 'y': 0.0, 'z': 0.0}, 'docked': True}
[INFO] [1787838672.371853504] [robot5.fragment_exec_node]: EventType: Control (Task: scan), Activity: localize, Robot: robot5, Mission: m3, Segment: s3, Start: 1787838672.3706415
[INFO] [1787838672.373375574] [robot5.fragment_exec_node]: Simulating localize skill...
[INFO] [1787838677.376329706] [robot5.fragment_exec_node]: Localize completed!
[INFO] [1787838677.379020992] [robot5.fragment_exec_node]: EventType: Control (Task: scan), Activity: localize, Robot: robot5, Mission: m3, Segment: s3, End: 1787838677.3777971
[INFO] [1787838677.381168088] [robot5.fragment_exec_node]: EventType: Task, Activity: scan, Robot: robot5, Mission: m3, Segment: s3, Start: 1787838677.3797293
[INFO] [1787838677.382686779] [robot5.fragment_exec_node]: Simulating scan skill...
[INFO] [1787838680.386614601] [robot5.fragment_exec_node]: Scan completed!
[INFO] [1787838680.388997566] [robot5.fragment_exec_node]: EventType: Task, Activity: scan, Robot: robot5, Mission: m3, Segment: s3, End: 1787838680.3879476
[INFO] [1787838680.391485254] [robot5.fragment_exec_node]: Execution of fragment fm3-8 completed!
[INFO] [1787838681.359853966] [robot5.fragment_exec_node]: Received fragment assignment: {'robot': 'robot5', 'fragment': {'id': 'fm5-2', 'mission': 'm5', 'state': 'assigned', 'wait': ['place(o1-5,scan_area)'], 'tasks': [{'name': 'scan', 'label': 'scan(o1-5)', 'params': {}}], 'arrive_timestamp': 1787838598, 'priority': 1, 'segment': 's1'}}
[INFO] [1787838681.363715500] [robot5.fragment_exec_node]: Starting execution of fragment fm5-2...
[INFO] [1787838681.365360894] [robot5.fragment_exec_node]: Executing task scan(o1-5). Params: {}, Virtual state: {'position': {'x': 0.0, 'y': 0.0, 'z': 0.0}, 'docked': True}
[INFO] [1787838681.366485309] [robot5.fragment_exec_node]: EventType: Control (Task: scan), Activity: localize, Robot: robot5, Mission: m5, Segment: s1, Start: 1787838681.3658352
[INFO] [1787838681.367581664] [robot5.fragment_exec_node]: Simulating localize skill...
[INFO] [1787838686.370154438] [robot5.fragment_exec_node]: Localize completed!
[INFO] [1787838686.373044837] [robot5.fragment_exec_node]: EventType: Control (Task: scan), Activity: localize, Robot: robot5, Mission: m5, Segment: s1, End: 1787838686.3716285
[INFO] [1787838686.374889658] [robot5.fragment_exec_node]: EventType: Task, Activity: scan, Robot: robot5, Mission: m5, Segment: s1, Start: 1787838686.3738108
[INFO] [1787838686.376099624] [robot5.fragment_exec_node]: Simulating scan skill...
[INFO] [1787838689.379353320] [robot5.fragment_exec_node]: Scan completed!
[INFO] [1787838689.381182116] [robot5.fragment_exec_node]: EventType: Task, Activity: scan, Robot: robot5, Mission: m5, Segment: s1, End: 1787838689.3801136
[INFO] [1787838689.382607389] [robot5.fragment_exec_node]: Execution of fragment fm5-2 completed!
[INFO] [1787838690.360426142] [robot5.fragment_exec_node]: Received fragment assignment: {'robot': 'robot5', 'fragment': {'id': 'fm5-5', 'mission': 'm5', 'state': 'assigned', 'wait': ['place(o2-5,scan_area)'], 'tasks': [{'name': 'scan', 'label': 'scan(o2-5)', 'params': {}}], 'arrive_timestamp': 1787838598, 'priority': 1, 'segment': 's2'}}
[INFO] [1787838690.362454260] [robot5.fragment_exec_node]: Starting execution of fragment fm5-5...
[INFO] [1787838690.364546724] [robot5.fragment_exec_node]: Executing task scan(o2-5). Params: {}, Virtual state: {'position': {'x': 0.0, 'y': 0.0, 'z': 0.0}, 'docked': True}
[INFO] [1787838690.366147516] [robot5.fragment_exec_node]: EventType: Control (Task: scan), Activity: localize, Robot: robot5, Mission: m5, Segment: s2, Start: 1787838690.3649602
[INFO] [1787838690.368362776] [robot5.fragment_exec_node]: Simulating localize skill...
[INFO] [1787838695.372240118] [robot5.fragment_exec_node]: Localize completed!
[INFO] [1787838695.375565224] [robot5.fragment_exec_node]: EventType: Control (Task: scan), Activity: localize, Robot: robot5, Mission: m5, Segment: s2, End: 1787838695.373995
[INFO] [1787838695.377331414] [robot5.fragment_exec_node]: EventType: Task, Activity: scan, Robot: robot5, Mission: m5, Segment: s2, Start: 1787838695.376224
[INFO] [1787838695.379085866] [robot5.fragment_exec_node]: Simulating scan skill...
[INFO] [1787838698.388284440] [robot5.fragment_exec_node]: Scan completed!
[INFO] [1787838698.390690865] [robot5.fragment_exec_node]: EventType: Task, Activity: scan, Robot: robot5, Mission: m5, Segment: s2, End: 1787838698.3893676
[INFO] [1787838698.393051780] [robot5.fragment_exec_node]: Execution of fragment fm5-5 completed!
[INFO] [1787838712.363677835] [robot5.fragment_exec_node]: Received fragment assignment: {'robot': 'robot5', 'fragment': {'id': 'fm5-8', 'mission': 'm5', 'state': 'assigned', 'wait': ['place(o3-5,scan_area)'], 'tasks': [{'name': 'scan', 'label': 'scan(o3-5)', 'params': {}}], 'arrive_timestamp': 1787838598, 'priority': 1, 'segment': 's3'}}
[INFO] [1787838712.365864923] [robot5.fragment_exec_node]: Starting execution of fragment fm5-8...
[INFO] [1787838712.366951235] [robot5.fragment_exec_node]: Executing task scan(o3-5). Params: {}, Virtual state: {'position': {'x': 0.0, 'y': 0.0, 'z': 0.0}, 'docked': True}
[INFO] [1787838712.367553222] [robot5.fragment_exec_node]: EventType: Control (Task: scan), Activity: localize, Robot: robot5, Mission: m5, Segment: s3, Start: 1787838712.367138
[INFO] [1787838712.368175436] [robot5.fragment_exec_node]: Simulating localize skill...
[INFO] [1787838717.371684529] [robot5.fragment_exec_node]: Localize completed!
[INFO] [1787838717.374377500] [robot5.fragment_exec_node]: EventType: Control (Task: scan), Activity: localize, Robot: robot5, Mission: m5, Segment: s3, End: 1787838717.3727596
[INFO] [1787838717.376459740] [robot5.fragment_exec_node]: EventType: Task, Activity: scan, Robot: robot5, Mission: m5, Segment: s3, Start: 1787838717.3750002
[INFO] [1787838717.377792653] [robot5.fragment_exec_node]: Simulating scan skill...
[INFO] [1787838720.380161868] [robot5.fragment_exec_node]: Scan completed!
[INFO] [1787838720.383092079] [robot5.fragment_exec_node]: EventType: Task, Activity: scan, Robot: robot5, Mission: m5, Segment: s3, End: 1787838720.3815994
[INFO] [1787838720.384908710] [robot5.fragment_exec_node]: Execution of fragment fm5-8 completed!
[INFO] [1787838751.390926086] [robot5.fragment_exec_node]: Received fragment assignment: {'robot': 'robot5', 'fragment': {'id': 'fm5-11', 'mission': 'm5', 'state': 'assigned', 'wait': ['place(o4-5,scan_area)'], 'tasks': [{'name': 'scan', 'label': 'scan(o4-5)', 'params': {}}], 'arrive_timestamp': 1787838598, 'priority': 1, 'segment': 's4'}}
[INFO] [1787838751.392597098] [robot5.fragment_exec_node]: Starting execution of fragment fm5-11...
[INFO] [1787838751.393708088] [robot5.fragment_exec_node]: Waiting for coordination messages before executing fragment fm5-11: ['place(o4-5,scan_area)']
[INFO] [1787838753.396647345] [robot5.fragment_exec_node]: Executing task scan(o4-5). Params: {}, Virtual state: {'position': {'x': 0.0, 'y': 0.0, 'z': 0.0}, 'docked': True}
[INFO] [1787838753.399180390] [robot5.fragment_exec_node]: EventType: Control (Task: scan), Activity: localize, Robot: robot5, Mission: m5, Segment: s4, Start: 1787838753.3977315
[INFO] [1787838753.401956418] [robot5.fragment_exec_node]: Simulating localize skill...
[INFO] [1787838758.402575946] [robot5.fragment_exec_node]: Localize completed!
[INFO] [1787838758.405056472] [robot5.fragment_exec_node]: EventType: Control (Task: scan), Activity: localize, Robot: robot5, Mission: m5, Segment: s4, End: 1787838758.4034715
[INFO] [1787838758.406851030] [robot5.fragment_exec_node]: EventType: Task, Activity: scan, Robot: robot5, Mission: m5, Segment: s4, Start: 1787838758.4057584
[INFO] [1787838758.409116155] [robot5.fragment_exec_node]: Simulating scan skill...
[INFO] [1787838761.412096538] [robot5.fragment_exec_node]: Scan completed!
[INFO] [1787838761.415048017] [robot5.fragment_exec_node]: EventType: Task, Activity: scan, Robot: robot5, Mission: m5, Segment: s4, End: 1787838761.413252
[INFO] [1787838761.417920312] [robot5.fragment_exec_node]: Execution of fragment fm5-11 completed!
[INFO] [1787838771.380706859] [robot5.fragment_exec_node]: Received fragment assignment: {'robot': 'robot5', 'fragment': {'id': 'fm7-2', 'mission': 'm7', 'state': 'assigned', 'wait': ['place(o1-7,scan_area)'], 'tasks': [{'name': 'scan', 'label': 'scan(o1-7)', 'params': {}}], 'arrive_timestamp': 1787838690, 'priority': 1, 'segment': 's1'}}
[INFO] [1787838771.381511441] [robot5.fragment_exec_node]: Starting execution of fragment fm7-2...
[INFO] [1787838771.382420008] [robot5.fragment_exec_node]: Waiting for coordination messages before executing fragment fm7-2: ['place(o1-7,scan_area)']
[INFO] [1787838773.385556488] [robot5.fragment_exec_node]: Executing task scan(o1-7). Params: {}, Virtual state: {'position': {'x': 0.0, 'y': 0.0, 'z': 0.0}, 'docked': True}
[INFO] [1787838773.386477881] [robot5.fragment_exec_node]: EventType: Control (Task: scan), Activity: localize, Robot: robot5, Mission: m7, Segment: s1, Start: 1787838773.386035
[INFO] [1787838773.387440225] [robot5.fragment_exec_node]: Simulating localize skill...
[INFO] [1787838778.389569552] [robot5.fragment_exec_node]: Localize completed!
[INFO] [1787838778.390447320] [robot5.fragment_exec_node]: EventType: Control (Task: scan), Activity: localize, Robot: robot5, Mission: m7, Segment: s1, End: 1787838778.3900068
[INFO] [1787838778.391500048] [robot5.fragment_exec_node]: EventType: Task, Activity: scan, Robot: robot5, Mission: m7, Segment: s1, Start: 1787838778.3908088
[INFO] [1787838778.392219994] [robot5.fragment_exec_node]: Simulating scan skill...
[INFO] [1787838781.394846527] [robot5.fragment_exec_node]: Scan completed!
[INFO] [1787838781.396821414] [robot5.fragment_exec_node]: EventType: Task, Activity: scan, Robot: robot5, Mission: m7, Segment: s1, End: 1787838781.3956757
[INFO] [1787838781.399294423] [robot5.fragment_exec_node]: Execution of fragment fm7-2 completed!
[INFO] [1787838782.357559850] [robot5.fragment_exec_node]: Received fragment assignment: {'robot': 'robot5', 'fragment': {'id': 'fm7-5', 'mission': 'm7', 'state': 'assigned', 'wait': ['place(o2-7,scan_area)'], 'tasks': [{'name': 'scan', 'label': 'scan(o2-7)', 'params': {}}], 'arrive_timestamp': 1787838690, 'priority': 1, 'segment': 's2'}}
[INFO] [1787838782.360307189] [robot5.fragment_exec_node]: Starting execution of fragment fm7-5...
[INFO] [1787838782.363526268] [robot5.fragment_exec_node]: Executing task scan(o2-7). Params: {}, Virtual state: {'position': {'x': 0.0, 'y': 0.0, 'z': 0.0}, 'docked': True}
[INFO] [1787838782.364822257] [robot5.fragment_exec_node]: EventType: Control (Task: scan), Activity: localize, Robot: robot5, Mission: m7, Segment: s2, Start: 1787838782.3640628
[INFO] [1787838782.365937387] [robot5.fragment_exec_node]: Simulating localize skill...
[INFO] [1787838787.368882290] [robot5.fragment_exec_node]: Localize completed!
[INFO] [1787838787.351923807] [robot5.fragment_exec_node]: EventType: Control (Task: scan), Activity: localize, Robot: robot5, Mission: m7, Segment: s2, End: 1787838787.3695474
[INFO] [1787838787.353803792] [robot5.fragment_exec_node]: EventType: Task, Activity: scan, Robot: robot5, Mission: m7, Segment: s2, Start: 1787838787.352585
[INFO] [1787838787.355177315] [robot5.fragment_exec_node]: Simulating scan skill...
[INFO] [1787838790.358622300] [robot5.fragment_exec_node]: Scan completed!
[INFO] [1787838790.361239836] [robot5.fragment_exec_node]: EventType: Task, Activity: scan, Robot: robot5, Mission: m7, Segment: s2, End: 1787838790.3594303
[INFO] [1787838790.363218608] [robot5.fragment_exec_node]: Execution of fragment fm7-5 completed!
[INFO] [1787838791.360457949] [robot5.fragment_exec_node]: Received fragment assignment: {'robot': 'robot5', 'fragment': {'id': 'fm7-8', 'mission': 'm7', 'state': 'assigned', 'wait': ['place(o3-7,scan_area)'], 'tasks': [{'name': 'scan', 'label': 'scan(o3-7)', 'params': {}}], 'arrive_timestamp': 1787838690, 'priority': 1, 'segment': 's3'}}
[INFO] [1787838791.362493338] [robot5.fragment_exec_node]: Starting execution of fragment fm7-8...
[INFO] [1787838791.364516354] [robot5.fragment_exec_node]: Executing task scan(o3-7). Params: {}, Virtual state: {'position': {'x': 0.0, 'y': 0.0, 'z': 0.0}, 'docked': True}
[INFO] [1787838791.365621812] [robot5.fragment_exec_node]: EventType: Control (Task: scan), Activity: localize, Robot: robot5, Mission: m7, Segment: s3, Start: 1787838791.3649073
[INFO] [1787838791.366743323] [robot5.fragment_exec_node]: Simulating localize skill...
[INFO] [1787838796.372518457] [robot5.fragment_exec_node]: Localize completed!
[INFO] [1787838796.374315365] [robot5.fragment_exec_node]: EventType: Control (Task: scan), Activity: localize, Robot: robot5, Mission: m7, Segment: s3, End: 1787838796.3733892
[INFO] [1787838796.376497220] [robot5.fragment_exec_node]: EventType: Task, Activity: scan, Robot: robot5, Mission: m7, Segment: s3, Start: 1787838796.3749852
[INFO] [1787838796.378224124] [robot5.fragment_exec_node]: Simulating scan skill...
[INFO] [1787838799.381699169] [robot5.fragment_exec_node]: Scan completed!
[INFO] [1787838799.384204537] [robot5.fragment_exec_node]: EventType: Task, Activity: scan, Robot: robot5, Mission: m7, Segment: s3, End: 1787838799.3829815
[INFO] [1787838799.386903749] [robot5.fragment_exec_node]: Execution of fragment fm7-8 completed!
[INFO] [1787838804.359052539] [robot5.fragment_exec_node]: Received fragment assignment: {'robot': 'robot5', 'fragment': {'id': 'fm7-11', 'mission': 'm7', 'state': 'assigned', 'wait': ['place(o4-7,scan_area)'], 'tasks': [{'name': 'scan', 'label': 'scan(o4-7)', 'params': {}}], 'arrive_timestamp': 1787838690, 'priority': 1, 'segment': 's4'}}
[INFO] [1787838804.360755727] [robot5.fragment_exec_node]: Starting execution of fragment fm7-11...
[INFO] [1787838804.362766078] [robot5.fragment_exec_node]: Waiting for coordination messages before executing fragment fm7-11: ['place(o4-7,scan_area)']
[INFO] [1787838806.368228186] [robot5.fragment_exec_node]: Executing task scan(o4-7). Params: {}, Virtual state: {'position': {'x': 0.0, 'y': 0.0, 'z': 0.0}, 'docked': True}
[INFO] [1787838806.370077939] [robot5.fragment_exec_node]: EventType: Control (Task: scan), Activity: localize, Robot: robot5, Mission: m7, Segment: s4, Start: 1787838806.3689556
[INFO] [1787838806.371791662] [robot5.fragment_exec_node]: Simulating localize skill...
[INFO] [1787838811.378604538] [robot5.fragment_exec_node]: Localize completed!
[INFO] [1787838811.381426762] [robot5.fragment_exec_node]: EventType: Control (Task: scan), Activity: localize, Robot: robot5, Mission: m7, Segment: s4, End: 1787838811.3801715
[INFO] [1787838811.383073254] [robot5.fragment_exec_node]: EventType: Task, Activity: scan, Robot: robot5, Mission: m7, Segment: s4, Start: 1787838811.3820565
[INFO] [1787838811.384579885] [robot5.fragment_exec_node]: Simulating scan skill...
[INFO] [1787838814.389566110] [robot5.fragment_exec_node]: Scan completed!
[INFO] [1787838814.391789960] [robot5.fragment_exec_node]: EventType: Task, Activity: scan, Robot: robot5, Mission: m7, Segment: s4, End: 1787838814.3902872
[INFO] [1787838814.394384577] [robot5.fragment_exec_node]: Execution of fragment fm7-11 completed!
[INFO] [1787838815.356832434] [robot5.fragment_exec_node]: Received fragment assignment: {'robot': 'robot5', 'fragment': {'id': 'fm7-14', 'mission': 'm7', 'state': 'assigned', 'wait': ['place(o5-7,scan_area)'], 'tasks': [{'name': 'scan', 'label': 'scan(o5-7)', 'params': {}}], 'arrive_timestamp': 1787838690, 'priority': 1, 'segment': 's5'}}
[INFO] [1787838815.359140949] [robot5.fragment_exec_node]: Starting execution of fragment fm7-14...
[INFO] [1787838815.361681997] [robot5.fragment_exec_node]: Executing task scan(o5-7). Params: {}, Virtual state: {'position': {'x': 0.0, 'y': 0.0, 'z': 0.0}, 'docked': True}
[INFO] [1787838815.363622065] [robot5.fragment_exec_node]: EventType: Control (Task: scan), Activity: localize, Robot: robot5, Mission: m7, Segment: s5, Start: 1787838815.3627303
[INFO] [1787838815.365091841] [robot5.fragment_exec_node]: Simulating localize skill...
[INFO] [1787838820.366725452] [robot5.fragment_exec_node]: Localize completed!
[INFO] [1787838820.369862529] [robot5.fragment_exec_node]: EventType: Control (Task: scan), Activity: localize, Robot: robot5, Mission: m7, Segment: s5, End: 1787838820.3686087
[INFO] [1787838820.371143100] [robot5.fragment_exec_node]: EventType: Task, Activity: scan, Robot: robot5, Mission: m7, Segment: s5, Start: 1787838820.370385
[INFO] [1787838820.372316781] [robot5.fragment_exec_node]: Simulating scan skill...
[INFO] [1787838823.375491645] [robot5.fragment_exec_node]: Scan completed!
[INFO] [1787838823.378113890] [robot5.fragment_exec_node]: EventType: Task, Activity: scan, Robot: robot5, Mission: m7, Segment: s5, End: 1787838823.3765383
[INFO] [1787838823.380540275] [robot5.fragment_exec_node]: Execution of fragment fm7-14 completed!
[INFO] [1787838824.376093477] [robot5.fragment_exec_node]: Received fragment assignment: {'robot': 'robot5', 'fragment': {'id': 'fm2-2', 'mission': 'm2', 'state': 'assigned', 'wait': ['place(o1-2,scan_area)'], 'tasks': [{'name': 'scan', 'label': 'scan(o1-2)', 'params': {}}], 'arrive_timestamp': 1787838689, 'priority': 1, 'segment': 's1'}}
[INFO] [1787838824.377158955] [robot5.fragment_exec_node]: Starting execution of fragment fm2-2...
[INFO] [1787838824.378208571] [robot5.fragment_exec_node]: Executing task scan(o1-2). Params: {}, Virtual state: {'position': {'x': 0.0, 'y': 0.0, 'z': 0.0}, 'docked': True}
[INFO] [1787838824.379167586] [robot5.fragment_exec_node]: EventType: Control (Task: scan), Activity: localize, Robot: robot5, Mission: m2, Segment: s1, Start: 1787838824.378529
[INFO] [1787838824.380153880] [robot5.fragment_exec_node]: Simulating localize skill...
[INFO] [1787838829.383546379] [robot5.fragment_exec_node]: Localize completed!
[INFO] [1787838829.386354025] [robot5.fragment_exec_node]: EventType: Control (Task: scan), Activity: localize, Robot: robot5, Mission: m2, Segment: s1, End: 1787838829.3850946
[INFO] [1787838829.387874536] [robot5.fragment_exec_node]: EventType: Task, Activity: scan, Robot: robot5, Mission: m2, Segment: s1, Start: 1787838829.3869836
[INFO] [1787838829.389552039] [robot5.fragment_exec_node]: Simulating scan skill...
[INFO] [1787838832.391540623] [robot5.fragment_exec_node]: Scan completed!
[INFO] [1787838832.392298383] [robot5.fragment_exec_node]: EventType: Task, Activity: scan, Robot: robot5, Mission: m2, Segment: s1, End: 1787838832.3919103
[INFO] [1787838832.393230821] [robot5.fragment_exec_node]: Execution of fragment fm2-2 completed!
[INFO] [1787838879.361925591] [robot5.fragment_exec_node]: Received fragment assignment: {'robot': 'robot5', 'fragment': {'id': 'fm2-5', 'mission': 'm2', 'state': 'assigned', 'wait': ['place(o2-2,scan_area)'], 'tasks': [{'name': 'scan', 'label': 'scan(o2-2)', 'params': {}}], 'arrive_timestamp': 1787838689, 'priority': 1, 'segment': 's2'}}
[INFO] [1787838879.365073710] [robot5.fragment_exec_node]: Starting execution of fragment fm2-5...
[INFO] [1787838879.367466686] [robot5.fragment_exec_node]: Waiting for coordination messages before executing fragment fm2-5: ['place(o2-2,scan_area)']
[INFO] [1787838881.374512456] [robot5.fragment_exec_node]: Executing task scan(o2-2). Params: {}, Virtual state: {'position': {'x': 0.0, 'y': 0.0, 'z': 0.0}, 'docked': True}
[INFO] [1787838881.376266570] [robot5.fragment_exec_node]: EventType: Control (Task: scan), Activity: localize, Robot: robot5, Mission: m2, Segment: s2, Start: 1787838881.375228
[INFO] [1787838881.377609873] [robot5.fragment_exec_node]: Simulating localize skill...
[INFO] [1787838886.381324465] [robot5.fragment_exec_node]: Localize completed!
[INFO] [1787838886.384160031] [robot5.fragment_exec_node]: EventType: Control (Task: scan), Activity: localize, Robot: robot5, Mission: m2, Segment: s2, End: 1787838886.3827004
[INFO] [1787838886.386115490] [robot5.fragment_exec_node]: EventType: Task, Activity: scan, Robot: robot5, Mission: m2, Segment: s2, Start: 1787838886.3847275
[INFO] [1787838886.388137147] [robot5.fragment_exec_node]: Simulating scan skill...
[INFO] [1787838889.390868496] [robot5.fragment_exec_node]: Scan completed!
[INFO] [1787838889.392668046] [robot5.fragment_exec_node]: EventType: Task, Activity: scan, Robot: robot5, Mission: m2, Segment: s2, End: 1787838889.391558
[INFO] [1787838889.395058405] [robot5.fragment_exec_node]: Execution of fragment fm2-5 completed!
[INFO] [1787838890.359511338] [robot5.fragment_exec_node]: Received fragment assignment: {'robot': 'robot5', 'fragment': {'id': 'fm4-2', 'mission': 'm4', 'state': 'assigned', 'wait': ['place(o1-4,scan_area)'], 'tasks': [{'name': 'scan', 'label': 'scan(o1-4)', 'params': {}}], 'arrive_timestamp': 1787838779, 'priority': 1, 'segment': 's1'}}
[INFO] [1787838890.361419730] [robot5.fragment_exec_node]: Starting execution of fragment fm4-2...
[INFO] [1787838890.363570636] [robot5.fragment_exec_node]: Executing task scan(o1-4). Params: {}, Virtual state: {'position': {'x': 0.0, 'y': 0.0, 'z': 0.0}, 'docked': True}
[INFO] [1787838890.365494233] [robot5.fragment_exec_node]: EventType: Control (Task: scan), Activity: localize, Robot: robot5, Mission: m4, Segment: s1, Start: 1787838890.3642504
[INFO] [1787838890.366986566] [robot5.fragment_exec_node]: Simulating localize skill...
[INFO] [1787838895.370561301] [robot5.fragment_exec_node]: Localize completed!
[INFO] [1787838895.372166121] [robot5.fragment_exec_node]: EventType: Control (Task: scan), Activity: localize, Robot: robot5, Mission: m4, Segment: s1, End: 1787838895.3712647
[INFO] [1787838895.374835470] [robot5.fragment_exec_node]: EventType: Task, Activity: scan, Robot: robot5, Mission: m4, Segment: s1, Start: 1787838895.3729544
[INFO] [1787838895.376230012] [robot5.fragment_exec_node]: Simulating scan skill...
[INFO] [1787838898.378616503] [robot5.fragment_exec_node]: Scan completed!
[INFO] [1787838898.380502260] [robot5.fragment_exec_node]: EventType: Task, Activity: scan, Robot: robot5, Mission: m4, Segment: s1, End: 1787838898.3793783
[INFO] [1787838898.382885517] [robot5.fragment_exec_node]: Execution of fragment fm4-2 completed!
[INFO] [1787838903.364889243] [robot5.fragment_exec_node]: Received fragment assignment: {'robot': 'robot5', 'fragment': {'id': 'fm4-5', 'mission': 'm4', 'state': 'assigned', 'wait': ['place(o2-4,scan_area)'], 'tasks': [{'name': 'scan', 'label': 'scan(o2-4)', 'params': {}}], 'arrive_timestamp': 1787838779, 'priority': 1, 'segment': 's2'}}
[INFO] [1787838903.365658450] [robot5.fragment_exec_node]: Starting execution of fragment fm4-5...
[INFO] [1787838903.366776789] [robot5.fragment_exec_node]: Waiting for coordination messages before executing fragment fm4-5: ['place(o2-4,scan_area)']
[INFO] [1787838905.372417079] [robot5.fragment_exec_node]: Executing task scan(o2-4). Params: {}, Virtual state: {'position': {'x': 0.0, 'y': 0.0, 'z': 0.0}, 'docked': True}
[INFO] [1787838905.375703681] [robot5.fragment_exec_node]: EventType: Control (Task: scan), Activity: localize, Robot: robot5, Mission: m4, Segment: s2, Start: 1787838905.373992
[INFO] [1787838905.377431573] [robot5.fragment_exec_node]: Simulating localize skill...
[INFO] [1787838910.380673325] [robot5.fragment_exec_node]: Localize completed!
[INFO] [1787838910.382886974] [robot5.fragment_exec_node]: EventType: Control (Task: scan), Activity: localize, Robot: robot5, Mission: m4, Segment: s2, End: 1787838910.3814135
[INFO] [1787838910.384814514] [robot5.fragment_exec_node]: EventType: Task, Activity: scan, Robot: robot5, Mission: m4, Segment: s2, Start: 1787838910.383478
[INFO] [1787838910.386457363] [robot5.fragment_exec_node]: Simulating scan skill...
[INFO] [1787838913.389576661] [robot5.fragment_exec_node]: Scan completed!
[INFO] [1787838913.392534345] [robot5.fragment_exec_node]: EventType: Task, Activity: scan, Robot: robot5, Mission: m4, Segment: s2, End: 1787838913.390649
[INFO] [1787838913.397679658] [robot5.fragment_exec_node]: Execution of fragment fm4-5 completed!
[INFO] [1787838914.364928883] [robot5.fragment_exec_node]: Received fragment assignment: {'robot': 'robot5', 'fragment': {'id': 'fm4-8', 'mission': 'm4', 'state': 'assigned', 'wait': ['place(o3-4,scan_area)'], 'tasks': [{'name': 'scan', 'label': 'scan(o3-4)', 'params': {}}], 'arrive_timestamp': 1787838779, 'priority': 1, 'segment': 's3'}}
[INFO] [1787838914.366131155] [robot5.fragment_exec_node]: Starting execution of fragment fm4-8...
[INFO] [1787838914.367519261] [robot5.fragment_exec_node]: Waiting for coordination messages before executing fragment fm4-8: ['place(o3-4,scan_area)']
[INFO] [1787838916.372707674] [robot5.fragment_exec_node]: Executing task scan(o3-4). Params: {}, Virtual state: {'position': {'x': 0.0, 'y': 0.0, 'z': 0.0}, 'docked': True}
[INFO] [1787838916.375546627] [robot5.fragment_exec_node]: EventType: Control (Task: scan), Activity: localize, Robot: robot5, Mission: m4, Segment: s3, Start: 1787838916.373515
[INFO] [1787838916.377891561] [robot5.fragment_exec_node]: Simulating localize skill...
[INFO] [1787838921.379927858] [robot5.fragment_exec_node]: Localize completed!
[INFO] [1787838921.380534105] [robot5.fragment_exec_node]: EventType: Control (Task: scan), Activity: localize, Robot: robot5, Mission: m4, Segment: s3, End: 1787838921.380148
[INFO] [1787838921.381025328] [robot5.fragment_exec_node]: EventType: Task, Activity: scan, Robot: robot5, Mission: m4, Segment: s3, Start: 1787838921.3806682
[INFO] [1787838921.381537148] [robot5.fragment_exec_node]: Simulating scan skill...
[INFO] [1787838924.383660540] [robot5.fragment_exec_node]: Scan completed!
[INFO] [1787838924.385161790] [robot5.fragment_exec_node]: EventType: Task, Activity: scan, Robot: robot5, Mission: m4, Segment: s3, End: 1787838924.3841066
[INFO] [1787838924.387280481] [robot5.fragment_exec_node]: Execution of fragment fm4-8 completed!
[INFO] [1787838925.360722955] [robot5.fragment_exec_node]: Received fragment assignment: {'robot': 'robot5', 'fragment': {'id': 'fm6-2', 'mission': 'm6', 'state': 'assigned', 'wait': ['place(o1-6,scan_area)'], 'tasks': [{'name': 'scan', 'label': 'scan(o1-6)', 'params': {}}], 'arrive_timestamp': 1787838780, 'priority': 1, 'segment': 's1'}}
[INFO] [1787838925.363304025] [robot5.fragment_exec_node]: Starting execution of fragment fm6-2...
[INFO] [1787838925.364804299] [robot5.fragment_exec_node]: Executing task scan(o1-6). Params: {}, Virtual state: {'position': {'x': 0.0, 'y': 0.0, 'z': 0.0}, 'docked': True}
[INFO] [1787838925.365879601] [robot5.fragment_exec_node]: EventType: Control (Task: scan), Activity: localize, Robot: robot5, Mission: m6, Segment: s1, Start: 1787838925.3652322
[INFO] [1787838925.366834907] [robot5.fragment_exec_node]: Simulating localize skill...
[INFO] [1787838930.370517377] [robot5.fragment_exec_node]: Localize completed!
[INFO] [1787838930.373099433] [robot5.fragment_exec_node]: EventType: Control (Task: scan), Activity: localize, Robot: robot5, Mission: m6, Segment: s1, End: 1787838930.3715413
[INFO] [1787838930.375666614] [robot5.fragment_exec_node]: EventType: Task, Activity: scan, Robot: robot5, Mission: m6, Segment: s1, Start: 1787838930.373717
[INFO] [1787838930.377962411] [robot5.fragment_exec_node]: Simulating scan skill...
[INFO] [1787838933.381135794] [robot5.fragment_exec_node]: Scan completed!
[INFO] [1787838933.384019695] [robot5.fragment_exec_node]: EventType: Task, Activity: scan, Robot: robot5, Mission: m6, Segment: s1, End: 1787838933.3826098
[INFO] [1787838933.386570489] [robot5.fragment_exec_node]: Execution of fragment fm6-2 completed!
[INFO] [1787838934.358652712] [robot5.fragment_exec_node]: Received fragment assignment: {'robot': 'robot5', 'fragment': {'id': 'fm6-5', 'mission': 'm6', 'state': 'assigned', 'wait': ['place(o2-6,scan_area)'], 'tasks': [{'name': 'scan', 'label': 'scan(o2-6)', 'params': {}}], 'arrive_timestamp': 1787838780, 'priority': 1, 'segment': 's2'}}
[INFO] [1787838934.359995863] [robot5.fragment_exec_node]: Starting execution of fragment fm6-5...
[INFO] [1787838934.361620771] [robot5.fragment_exec_node]: Executing task scan(o2-6). Params: {}, Virtual state: {'position': {'x': 0.0, 'y': 0.0, 'z': 0.0}, 'docked': True}
[INFO] [1787838934.363561761] [robot5.fragment_exec_node]: EventType: Control (Task: scan), Activity: localize, Robot: robot5, Mission: m6, Segment: s2, Start: 1787838934.3626845
[INFO] [1787838934.364984116] [robot5.fragment_exec_node]: Simulating localize skill...
[INFO] [1787838939.368340597] [robot5.fragment_exec_node]: Localize completed!
[INFO] [1787838939.370168196] [robot5.fragment_exec_node]: EventType: Control (Task: scan), Activity: localize, Robot: robot5, Mission: m6, Segment: s2, End: 1787838939.369034
[INFO] [1787838939.371755374] [robot5.fragment_exec_node]: EventType: Task, Activity: scan, Robot: robot5, Mission: m6, Segment: s2, Start: 1787838939.3708746
[INFO] [1787838939.373314826] [robot5.fragment_exec_node]: Simulating scan skill...
[INFO] [1787838942.377256868] [robot5.fragment_exec_node]: Scan completed!
[INFO] [1787838942.379049932] [robot5.fragment_exec_node]: EventType: Task, Activity: scan, Robot: robot5, Mission: m6, Segment: s2, End: 1787838942.3779283
[INFO] [1787838942.381737813] [robot5.fragment_exec_node]: Execution of fragment fm6-5 completed!
[INFO] [1787838958.359477316] [robot5.fragment_exec_node]: Received fragment assignment: {'robot': 'robot5', 'fragment': {'id': 'fm6-8', 'mission': 'm6', 'state': 'assigned', 'wait': ['place(o3-6,scan_area)'], 'tasks': [{'name': 'scan', 'label': 'scan(o3-6)', 'params': {}}], 'arrive_timestamp': 1787838780, 'priority': 1, 'segment': 's3'}}
[INFO] [1787838958.363385360] [robot5.fragment_exec_node]: Starting execution of fragment fm6-8...
[INFO] [1787838958.365091539] [robot5.fragment_exec_node]: Waiting for coordination messages before executing fragment fm6-8: ['place(o3-6,scan_area)']
[INFO] [1787838960.415837243] [robot5.fragment_exec_node]: Executing task scan(o3-6). Params: {}, Virtual state: {'position': {'x': 0.0, 'y': 0.0, 'z': 0.0}, 'docked': True}
[INFO] [1787838960.416575070] [robot5.fragment_exec_node]: EventType: Control (Task: scan), Activity: localize, Robot: robot5, Mission: m6, Segment: s3, Start: 1787838960.4161456
[INFO] [1787838960.417266375] [robot5.fragment_exec_node]: Simulating localize skill...
[INFO] [1787838965.420555667] [robot5.fragment_exec_node]: Localize completed!
[INFO] [1787838965.423286280] [robot5.fragment_exec_node]: EventType: Control (Task: scan), Activity: localize, Robot: robot5, Mission: m6, Segment: s3, End: 1787838965.42139
[INFO] [1787838965.425346689] [robot5.fragment_exec_node]: EventType: Task, Activity: scan, Robot: robot5, Mission: m6, Segment: s3, Start: 1787838965.4238517
[INFO] [1787838965.426795599] [robot5.fragment_exec_node]: Simulating scan skill...
[INFO] [1787838968.431135090] [robot5.fragment_exec_node]: Scan completed!
[INFO] [1787838968.433184602] [robot5.fragment_exec_node]: EventType: Task, Activity: scan, Robot: robot5, Mission: m6, Segment: s3, End: 1787838968.4317243
[INFO] [1787838968.435526411] [robot5.fragment_exec_node]: Execution of fragment fm6-8 completed!
[INFO] [1787838999.361963825] [robot5.fragment_exec_node]: Received fragment assignment: {'robot': 'robot5', 'fragment': {'id': 'fm6-11', 'mission': 'm6', 'state': 'assigned', 'wait': ['place(o4-6,scan_area)'], 'tasks': [{'name': 'scan', 'label': 'scan(o4-6)', 'params': {}}], 'arrive_timestamp': 1787838780, 'priority': 1, 'segment': 's4'}}
[INFO] [1787838999.363470194] [robot5.fragment_exec_node]: Starting execution of fragment fm6-11...
[INFO] [1787838999.365126047] [robot5.fragment_exec_node]: Waiting for coordination messages before executing fragment fm6-11: ['place(o4-6,scan_area)']
[INFO] [1787839001.371077106] [robot5.fragment_exec_node]: Executing task scan(o4-6). Params: {}, Virtual state: {'position': {'x': 0.0, 'y': 0.0, 'z': 0.0}, 'docked': True}
[INFO] [1787839001.374023434] [robot5.fragment_exec_node]: EventType: Control (Task: scan), Activity: localize, Robot: robot5, Mission: m6, Segment: s4, Start: 1787839001.3721585
[INFO] [1787839001.376764078] [robot5.fragment_exec_node]: Simulating localize skill...
[INFO] [1787839006.382161429] [robot5.fragment_exec_node]: Localize completed!
[INFO] [1787839006.385861833] [robot5.fragment_exec_node]: EventType: Control (Task: scan), Activity: localize, Robot: robot5, Mission: m6, Segment: s4, End: 1787839006.3834755
[INFO] [1787839006.388227648] [robot5.fragment_exec_node]: EventType: Task, Activity: scan, Robot: robot5, Mission: m6, Segment: s4, Start: 1787839006.3867455
[INFO] [1787839006.389931556] [robot5.fragment_exec_node]: Simulating scan skill...
[INFO] [1787839009.394003054] [robot5.fragment_exec_node]: Scan completed!
[INFO] [1787839009.396987240] [robot5.fragment_exec_node]: EventType: Task, Activity: scan, Robot: robot5, Mission: m6, Segment: s4, End: 1787839009.3950288
[INFO] [1787839009.400745788] [robot5.fragment_exec_node]: Execution of fragment fm6-11 completed!
Traceback (most recent call last):
  File "/root/ros2_ws/install/multi3_executor/lib/multi3_executor/executor", line 33, in <module>
    sys.exit(load_entry_point('multi3-executor==0.0.0', 'console_scripts', 'executor')())
  File "/root/ros2_ws/install/multi3_executor/lib/python3.10/site-packages/multi3_executor/nodes/executor.py", line 286, in main
    rclpy.shutdown()
  File "/opt/ros/humble/local/lib/python3.10/dist-packages/rclpy/__init__.py", line 130, in shutdown
    _shutdown(context=context)
  File "/opt/ros/humble/local/lib/python3.10/dist-packages/rclpy/utilities.py", line 58, in shutdown
    return context.shutdown()
  File "/opt/ros/humble/local/lib/python3.10/dist-packages/rclpy/context.py", line 102, in shutdown
    self.__context.shutdown()
rclpy._rclpy_pybind11.RCLError: failed to shutdown: rcl_shutdown already called on the given context, at ./src/rcl/init.c:241
