[INFO] [1787679221.552138173] [robot1.fragment_exec_node]: Setting up skill: PickSkill
[INFO] [1787679221.553019486] [robot1.fragment_exec_node]: Setting up skill: ScanSkill
[INFO] [1787679221.553733033] [robot1.fragment_exec_node]: Setting up skill: NavigateSkill
[INFO] [1787679221.554393793] [robot1.fragment_exec_node]: Setting up skill: NavigateSkill
[INFO] [1787679221.554924129] [robot1.fragment_exec_node]: Setting up skill: DockSkill
[INFO] [1787679221.555556715] [robot1.fragment_exec_node]: Setting up skill: UndockSkill
[INFO] [1787679221.556250231] [robot1.fragment_exec_node]: Setting up skill: PackSkill
[INFO] [1787679221.562425511] [robot1.fragment_exec_node]: Published robot registration: {'name': 'robot1', 'operational_state': 'idle', 'capabilities': ['pick', 'scan', 'transport', 'pack'], 'state': {'position': {'x': 0.0, 'y': 0.0, 'z': 0.0}, 'docked': True, 'battery': 100.0, 'conditions': []}}
[INFO] [1787679225.687026258] [robot1.fragment_exec_node]: Received fragment: {'robot': 'robot1', 'fragment': {'id': 'f1-1', 'mission': 'm1', 'state': 'assigned', 'wait': [], 'tasks': [{'name': 'pick', 'params': {'x': 5, 'y': 8, 'weight': 8}}], 'arrive_timestamp': 1787679223, 'priority': 1, 'segment': 's1', 'preconditions': [], 'postconditions': ['picked-o1-1']}}
[INFO] [1787679225.687568135] [robot1.fragment_exec_node]: Received fragment assignment: f1-1. Starting execution.
[INFO] [1787679225.688248253] [robot1.fragment_exec_node]: Executing task pick. Params: {'x': 5, 'y': 8, 'weight': 8}, Virtual state: {'position': {'x': 0.0, 'y': 0.0, 'z': 0.0}, 'docked': True, 'battery': 100.0, 'conditions': []}
[INFO] [1787679225.688679606] [robot1.fragment_exec_node]: EventType: Control (Task: pick), Activity: undock, Robot: robot1, Mission: m1, Segment: s1, Start: 5242.387397938
[INFO] [1787679225.689103254] [robot1.fragment_exec_node]: Simulating undock skill...
[INFO] [1787679229.692779341] [robot1.fragment_exec_node]: Undock completed!
[INFO] [1787679229.695679257] [robot1.fragment_exec_node]: EventType: Control (Task: pick), Activity: undock, Robot: robot1, Mission: m1, Segment: s1, End: 5246.392831808
[INFO] [1787679229.697190848] [robot1.fragment_exec_node]: EventType: Control (Task: pick), Activity: navigate, Robot: robot1, Mission: m1, Segment: s1, Start: 5246.395289347
[INFO] [1787679229.698951420] [robot1.fragment_exec_node]: Simulating navigate skill from position (0.0, 0.0) to (5, 8) (18.867962264113206 seconds)...
[INFO] [1787679248.569630430] [robot1.fragment_exec_node]: Navigation completed!
[INFO] [1787679248.571648117] [robot1.fragment_exec_node]: EventType: Control (Task: pick), Activity: navigate, Robot: robot1, Mission: m1, Segment: s1, End: 5265.269779938
[INFO] [1787679248.573403310] [robot1.fragment_exec_node]: EventType: Task, Activity: pick, Robot: robot1, Mission: m1, Segment: s1, Start: 5265.271660171
[INFO] [1787679248.574913210] [robot1.fragment_exec_node]: Simulating pick skill...
[INFO] [1787679256.579531207] [robot1.fragment_exec_node]: Pick completed!
[INFO] [1787679256.582213465] [robot1.fragment_exec_node]: EventType: Task, Activity: pick, Robot: robot1, Mission: m1, Segment: s1, End: 5273.280013985
[INFO] [1787679256.584547623] [robot1.fragment_exec_node]: Execution of fragment f1-1 completed!
[INFO] [1787679256.633079270] [robot1.fragment_exec_node]: Received fragment: {'robot': 'robot1', 'fragment': {'id': 'f1-2', 'mission': 'm1', 'state': 'assigned', 'wait': ['m1/s1/pick'], 'tasks': [{'name': 'scan', 'params': {'x': 5, 'y': 8}}], 'arrive_timestamp': 1787679223, 'priority': 1, 'segment': 's1', 'preconditions': [], 'postconditions': []}}
[INFO] [1787679256.633781761] [robot1.fragment_exec_node]: Received fragment assignment: f1-2. Starting execution.
[INFO] [1787679256.634709369] [robot1.fragment_exec_node]: Executing task scan. Params: {'x': 5, 'y': 8}, Virtual state: {'position': {'x': 5, 'y': 8, 'z': 0.0}, 'docked': False, 'battery': 100.0, 'conditions': ['picked-o1-1']}
[INFO] [1787679256.635304053] [robot1.fragment_exec_node]: EventType: Task, Activity: scan, Robot: robot1, Mission: m1, Segment: s1, Start: 5273.334348229
[INFO] [1787679256.636026324] [robot1.fragment_exec_node]: Simulating scan skill...
[INFO] [1787679259.639275806] [robot1.fragment_exec_node]: Scan completed!
[INFO] [1787679259.641733781] [robot1.fragment_exec_node]: EventType: Task, Activity: scan, Robot: robot1, Mission: m1, Segment: s1, End: 5276.339714554
[INFO] [1787679259.645631883] [robot1.fragment_exec_node]: Execution of fragment f1-2 completed!
[INFO] [1787679260.631019785] [robot1.fragment_exec_node]: Received fragment: {'robot': 'robot1', 'fragment': {'id': 'f1-3', 'mission': 'm1', 'state': 'assigned', 'wait': ['m1/s1/scan'], 'tasks': [{'name': 'transport', 'params': {'x': 11, 'y': 6}}], 'arrive_timestamp': 1787679223, 'priority': 1, 'segment': 's1', 'preconditions': ['picked-o1-1'], 'postconditions': []}}
[INFO] [1787679260.631777472] [robot1.fragment_exec_node]: Received fragment assignment: f1-3. Starting execution.
[INFO] [1787679260.632652382] [robot1.fragment_exec_node]: Executing task transport. Params: {'x': 11, 'y': 6}, Virtual state: {'position': {'x': 5, 'y': 8, 'z': 0.0}, 'docked': False, 'battery': 100.0, 'conditions': ['picked-o1-1']}
[INFO] [1787679260.633400568] [robot1.fragment_exec_node]: EventType: Control (Task: transport), Activity: navigate, Robot: robot1, Mission: m1, Segment: s1, Start: 5277.332368093
[INFO] [1787679260.634109637] [robot1.fragment_exec_node]: Simulating navigate skill from position (5, 8) to (11, 6) (12.165525060596439 seconds)...
[INFO] [1787679272.803870772] [robot1.fragment_exec_node]: Navigation completed!
[INFO] [1787679272.806876911] [robot1.fragment_exec_node]: EventType: Control (Task: transport), Activity: navigate, Robot: robot1, Mission: m1, Segment: s1, End: 5289.504078325
[INFO] [1787679272.808616406] [robot1.fragment_exec_node]: EventType: Task, Activity: transport, Robot: robot1, Mission: m1, Segment: s1, Start: 5289.506464478
[INFO] [1787679272.810204249] [robot1.fragment_exec_node]: Simulating navigate skill from position (11, 6) to (11, 6) (10.0 seconds)...
[INFO] [1787679282.813830045] [robot1.fragment_exec_node]: Navigation completed!
[INFO] [1787679282.816941462] [robot1.fragment_exec_node]: EventType: Task, Activity: transport, Robot: robot1, Mission: m1, Segment: s1, End: 5299.514088585
[INFO] [1787679282.819234240] [robot1.fragment_exec_node]: Execution of fragment f1-3 completed!
[INFO] [1787679283.673581233] [robot1.fragment_exec_node]: Received fragment: {'robot': 'robot1', 'fragment': {'id': 'f1-4', 'mission': 'm1', 'state': 'assigned', 'wait': ['m1/s1/transport'], 'tasks': [{'name': 'pack', 'params': {'x': 11, 'y': 6, 'items': 1}}], 'arrive_timestamp': 1787679223, 'priority': 1, 'segment': '', 'preconditions': [], 'postconditions': []}}
[INFO] [1787679283.674320147] [robot1.fragment_exec_node]: Received fragment assignment: f1-4. Starting execution.
[INFO] [1787679283.674917050] [robot1.fragment_exec_node]: Waiting for coordination messages before executing fragment f1-4: ['m1/s1/transport']
[INFO] [1787679285.680796526] [robot1.fragment_exec_node]: Executing task pack. Params: {'x': 11, 'y': 6, 'items': 1}, Virtual state: {'position': {'x': 11, 'y': 6, 'z': 0.0}, 'docked': False, 'battery': 100.0, 'conditions': ['picked-o1-1']}
[INFO] [1787679285.683869973] [robot1.fragment_exec_node]: EventType: Task, Activity: pack, Robot: robot1, Mission: m1, Segment: , Start: 5302.380908591
[INFO] [1787679285.686481811] [robot1.fragment_exec_node]: Simulating pack skill...
[INFO] [1787679291.690673439] [robot1.fragment_exec_node]: Packing completed!
[INFO] [1787679291.692694569] [robot1.fragment_exec_node]: EventType: Task, Activity: pack, Robot: robot1, Mission: m1, Segment: , End: 5308.390403504
[INFO] [1787679291.695210271] [robot1.fragment_exec_node]: Execution of fragment f1-4 completed!
[INFO] [1787679292.636271441] [robot1.fragment_exec_node]: Received fragment: {'robot': 'robot1', 'fragment': {'id': 'f3-1', 'mission': 'm3', 'state': 'assigned', 'wait': [], 'tasks': [{'name': 'pick', 'params': {'weight': 3, 'x': 7, 'y': 3}}], 'arrive_timestamp': 1787679224, 'priority': 1, 'segment': 's1', 'preconditions': [], 'postconditions': ['picked-o1-3']}}
[INFO] [1787679292.638647531] [robot1.fragment_exec_node]: Received fragment assignment: f3-1. Starting execution.
[INFO] [1787679292.640168200] [robot1.fragment_exec_node]: Executing task pick. Params: {'weight': 3, 'x': 7, 'y': 3}, Virtual state: {'position': {'x': 11, 'y': 6, 'z': 0.0}, 'docked': False, 'battery': 100.0, 'conditions': ['picked-o1-1']}
[INFO] [1787679292.641640277] [robot1.fragment_exec_node]: EventType: Control (Task: pick), Activity: navigate, Robot: robot1, Mission: m3, Segment: s1, Start: 5309.339718498
[INFO] [1787679292.642877866] [robot1.fragment_exec_node]: Simulating navigate skill from position (11, 6) to (7, 3) (17.88854381999832 seconds)...
[INFO] [1787679310.534327758] [robot1.fragment_exec_node]: Navigation completed!
[INFO] [1787679310.536622020] [robot1.fragment_exec_node]: EventType: Control (Task: pick), Activity: navigate, Robot: robot1, Mission: m3, Segment: s1, End: 5327.23504995
[INFO] [1787679310.538389866] [robot1.fragment_exec_node]: EventType: Task, Activity: pick, Robot: robot1, Mission: m3, Segment: s1, Start: 5327.236956159
[INFO] [1787679310.540140305] [robot1.fragment_exec_node]: Simulating pick skill...
[INFO] [1787679313.544175673] [robot1.fragment_exec_node]: Pick completed!
[INFO] [1787679313.547813378] [robot1.fragment_exec_node]: EventType: Task, Activity: pick, Robot: robot1, Mission: m3, Segment: s1, End: 5330.244951955
[INFO] [1787679313.550364229] [robot1.fragment_exec_node]: Execution of fragment f3-1 completed!
[INFO] [1787679313.632564066] [robot1.fragment_exec_node]: Received fragment: {'robot': 'robot1', 'fragment': {'id': 'f3-2', 'mission': 'm3', 'state': 'assigned', 'wait': ['m3/s1/pick'], 'tasks': [{'name': 'scan', 'params': {'x': 7, 'y': 3}}], 'arrive_timestamp': 1787679224, 'priority': 1, 'segment': 's1', 'preconditions': [], 'postconditions': []}}
[INFO] [1787679313.634384445] [robot1.fragment_exec_node]: Received fragment assignment: f3-2. Starting execution.
[INFO] [1787679313.636543618] [robot1.fragment_exec_node]: Waiting for coordination messages before executing fragment f3-2: ['m3/s1/pick']
[INFO] [1787679315.642333848] [robot1.fragment_exec_node]: Executing task scan. Params: {'x': 7, 'y': 3}, Virtual state: {'position': {'x': 7, 'y': 3, 'z': 0.0}, 'docked': False, 'battery': 100.0, 'conditions': ['picked-o1-1', 'picked-o1-3']}
[INFO] [1787679315.645301024] [robot1.fragment_exec_node]: EventType: Task, Activity: scan, Robot: robot1, Mission: m3, Segment: s1, Start: 5332.343345387
[INFO] [1787679315.647743235] [robot1.fragment_exec_node]: Simulating scan skill...
[INFO] [1787679318.679110179] [robot1.fragment_exec_node]: Scan completed!
[INFO] [1787679318.679839902] [robot1.fragment_exec_node]: EventType: Task, Activity: scan, Robot: robot1, Mission: m3, Segment: s1, End: 5335.379199359
[INFO] [1787679318.680818470] [robot1.fragment_exec_node]: Execution of fragment f3-2 completed!
[INFO] [1787679319.648985237] [robot1.fragment_exec_node]: Received fragment: {'robot': 'robot1', 'fragment': {'id': 'f3-3', 'mission': 'm3', 'state': 'assigned', 'wait': ['m3/s1/scan'], 'tasks': [{'name': 'transport', 'params': {'x': 11, 'y': 6}}], 'arrive_timestamp': 1787679224, 'priority': 1, 'segment': 's1', 'preconditions': ['picked-o1-3'], 'postconditions': []}}
[INFO] [1787679319.650206667] [robot1.fragment_exec_node]: Received fragment assignment: f3-3. Starting execution.
[INFO] [1787679319.651561012] [robot1.fragment_exec_node]: Waiting for coordination messages before executing fragment f3-3: ['m3/s1/scan']
[INFO] [1787679321.657989739] [robot1.fragment_exec_node]: Executing task transport. Params: {'x': 11, 'y': 6}, Virtual state: {'position': {'x': 7, 'y': 3, 'z': 0.0}, 'docked': False, 'battery': 100.0, 'conditions': ['picked-o1-1', 'picked-o1-3']}
[INFO] [1787679321.660397078] [robot1.fragment_exec_node]: EventType: Control (Task: transport), Activity: navigate, Robot: robot1, Mission: m3, Segment: s1, Start: 5338.358661362
[INFO] [1787679321.662289337] [robot1.fragment_exec_node]: Simulating navigate skill from position (7, 3) to (11, 6) (8.246211251235321 seconds)...
[INFO] [1787679329.913738720] [robot1.fragment_exec_node]: Navigation completed!
[INFO] [1787679329.916340246] [robot1.fragment_exec_node]: EventType: Control (Task: transport), Activity: navigate, Robot: robot1, Mission: m3, Segment: s1, End: 5346.614409836
[INFO] [1787679329.917896547] [robot1.fragment_exec_node]: EventType: Task, Activity: transport, Robot: robot1, Mission: m3, Segment: s1, Start: 5346.61631243
[INFO] [1787679329.919684341] [robot1.fragment_exec_node]: Simulating navigate skill from position (11, 6) to (11, 6) (10.0 seconds)...
[INFO] [1787679339.923725620] [robot1.fragment_exec_node]: Navigation completed!
[INFO] [1787679339.926756306] [robot1.fragment_exec_node]: EventType: Task, Activity: transport, Robot: robot1, Mission: m3, Segment: s1, End: 5356.62456646
[INFO] [1787679339.929321730] [robot1.fragment_exec_node]: Execution of fragment f3-3 completed!
[INFO] [1787679340.635980079] [robot1.fragment_exec_node]: Received fragment: {'robot': 'robot1', 'fragment': {'id': 'f3-4', 'mission': 'm3', 'state': 'assigned', 'wait': [], 'tasks': [{'name': 'pick', 'params': {'weight': 5, 'x': 2, 'y': 3}}], 'arrive_timestamp': 1787679224, 'priority': 1, 'segment': 's2', 'preconditions': [], 'postconditions': ['picked-o2-3']}}
[INFO] [1787679340.636718973] [robot1.fragment_exec_node]: Received fragment assignment: f3-4. Starting execution.
[INFO] [1787679340.637613989] [robot1.fragment_exec_node]: Executing task pick. Params: {'weight': 5, 'x': 2, 'y': 3}, Virtual state: {'position': {'x': 11, 'y': 6, 'z': 0.0}, 'docked': False, 'battery': 100.0, 'conditions': ['picked-o1-1', 'picked-o1-3']}
[INFO] [1787679340.638256837] [robot1.fragment_exec_node]: EventType: Control (Task: pick), Activity: navigate, Robot: robot1, Mission: m3, Segment: s2, Start: 5357.337193931
[INFO] [1787679340.638954479] [robot1.fragment_exec_node]: Simulating navigate skill from position (11, 6) to (2, 3) (24.08318915758459 seconds)...
[INFO] [1787679364.724684372] [robot1.fragment_exec_node]: Navigation completed!
[INFO] [1787679364.729409480] [robot1.fragment_exec_node]: EventType: Control (Task: pick), Activity: navigate, Robot: robot1, Mission: m3, Segment: s2, End: 5381.427769435
[INFO] [1787679364.731092351] [robot1.fragment_exec_node]: EventType: Task, Activity: pick, Robot: robot1, Mission: m3, Segment: s2, Start: 5381.430252159
[INFO] [1787679364.732833570] [robot1.fragment_exec_node]: Simulating pick skill...
[INFO] [1787679369.736333829] [robot1.fragment_exec_node]: Pick completed!
[INFO] [1787679369.738094737] [robot1.fragment_exec_node]: EventType: Task, Activity: pick, Robot: robot1, Mission: m3, Segment: s2, End: 5386.437407692
[INFO] [1787679369.740518191] [robot1.fragment_exec_node]: Execution of fragment f3-4 completed!
[INFO] [1787679370.642434288] [robot1.fragment_exec_node]: Received fragment: {'robot': 'robot1', 'fragment': {'id': 'f3-5', 'mission': 'm3', 'state': 'assigned', 'wait': ['m3/s2/pick'], 'tasks': [{'name': 'scan', 'params': {'x': 2, 'y': 3}}], 'arrive_timestamp': 1787679224, 'priority': 1, 'segment': 's2', 'preconditions': [], 'postconditions': []}}
[INFO] [1787679370.643137573] [robot1.fragment_exec_node]: Received fragment assignment: f3-5. Starting execution.
[INFO] [1787679370.643969104] [robot1.fragment_exec_node]: Executing task scan. Params: {'x': 2, 'y': 3}, Virtual state: {'position': {'x': 2, 'y': 3, 'z': 0.0}, 'docked': False, 'battery': 100.0, 'conditions': ['picked-o1-1', 'picked-o1-3', 'picked-o2-3']}
[INFO] [1787679370.644571200] [robot1.fragment_exec_node]: EventType: Task, Activity: scan, Robot: robot1, Mission: m3, Segment: s2, Start: 5387.344477532
[INFO] [1787679370.645169093] [robot1.fragment_exec_node]: Simulating scan skill...
[INFO] [1787679373.694675619] [robot1.fragment_exec_node]: Scan completed!
[INFO] [1787679373.696794894] [robot1.fragment_exec_node]: EventType: Task, Activity: scan, Robot: robot1, Mission: m3, Segment: s2, End: 5390.395303002
[INFO] [1787679373.698118663] [robot1.fragment_exec_node]: Execution of fragment f3-5 completed!
[INFO] [1787679374.632392230] [robot1.fragment_exec_node]: Received fragment: {'robot': 'robot1', 'fragment': {'id': 'f3-6', 'mission': 'm3', 'state': 'assigned', 'wait': ['m3/s2/scan'], 'tasks': [{'name': 'transport', 'params': {'x': 11, 'y': 6}}], 'arrive_timestamp': 1787679224, 'priority': 1, 'segment': 's2', 'preconditions': ['picked-o2-3'], 'postconditions': []}}
[INFO] [1787679374.633261453] [robot1.fragment_exec_node]: Received fragment assignment: f3-6. Starting execution.
[INFO] [1787679374.634122491] [robot1.fragment_exec_node]: Executing task transport. Params: {'x': 11, 'y': 6}, Virtual state: {'position': {'x': 2, 'y': 3, 'z': 0.0}, 'docked': False, 'battery': 100.0, 'conditions': ['picked-o1-1', 'picked-o1-3', 'picked-o2-3']}
[INFO] [1787679374.634753585] [robot1.fragment_exec_node]: EventType: Control (Task: transport), Activity: navigate, Robot: robot1, Mission: m3, Segment: s2, Start: 5391.334611563
[INFO] [1787679374.635467306] [robot1.fragment_exec_node]: Simulating navigate skill from position (2, 3) to (11, 6) (19.697715603592208 seconds)...
[INFO] [1787679394.336047166] [robot1.fragment_exec_node]: Navigation completed!
[INFO] [1787679394.337658303] [robot1.fragment_exec_node]: EventType: Control (Task: transport), Activity: navigate, Robot: robot1, Mission: m3, Segment: s2, End: 5411.035939555
[INFO] [1787679394.338533734] [robot1.fragment_exec_node]: EventType: Task, Activity: transport, Robot: robot1, Mission: m3, Segment: s2, Start: 5411.036869919
[INFO] [1787679394.339411687] [robot1.fragment_exec_node]: Simulating navigate skill from position (11, 6) to (11, 6) (10.0 seconds)...
[INFO] [1787679404.343043735] [robot1.fragment_exec_node]: Navigation completed!
[INFO] [1787679404.346261407] [robot1.fragment_exec_node]: EventType: Task, Activity: transport, Robot: robot1, Mission: m3, Segment: s2, End: 5421.043444796
[INFO] [1787679404.349270198] [robot1.fragment_exec_node]: Execution of fragment f3-6 completed!
[INFO] [1787679404.628557273] [robot1.fragment_exec_node]: Received fragment: {'robot': 'robot1', 'fragment': {'id': 'f3-7', 'mission': 'm3', 'state': 'assigned', 'wait': [], 'tasks': [{'name': 'pick', 'params': {'weight': 2, 'x': 1, 'y': 9}}], 'arrive_timestamp': 1787679224, 'priority': 1, 'segment': 's3', 'preconditions': [], 'postconditions': ['picked-o3-3']}}
[INFO] [1787679404.629393605] [robot1.fragment_exec_node]: Received fragment assignment: f3-7. Starting execution.
[INFO] [1787679404.630420034] [robot1.fragment_exec_node]: Executing task pick. Params: {'weight': 2, 'x': 1, 'y': 9}, Virtual state: {'position': {'x': 11, 'y': 6, 'z': 0.0}, 'docked': False, 'battery': 100.0, 'conditions': ['picked-o1-1', 'picked-o1-3', 'picked-o2-3']}
[INFO] [1787679404.631157293] [robot1.fragment_exec_node]: EventType: Control (Task: pick), Activity: navigate, Robot: robot1, Mission: m3, Segment: s3, Start: 5421.329617435
[INFO] [1787679404.631853624] [robot1.fragment_exec_node]: Simulating navigate skill from position (11, 6) to (1, 9) (20.396078054371138 seconds)...
[INFO] [1787679425.030699593] [robot1.fragment_exec_node]: Navigation completed!
[INFO] [1787679425.035310894] [robot1.fragment_exec_node]: EventType: Control (Task: pick), Activity: navigate, Robot: robot1, Mission: m3, Segment: s3, End: 5441.733146505
[INFO] [1787679425.037166034] [robot1.fragment_exec_node]: EventType: Task, Activity: pick, Robot: robot1, Mission: m3, Segment: s3, Start: 5441.735990037
[INFO] [1787679425.038937090] [robot1.fragment_exec_node]: Simulating pick skill...
[INFO] [1787679427.042840065] [robot1.fragment_exec_node]: Pick completed!
[INFO] [1787679427.045881749] [robot1.fragment_exec_node]: EventType: Task, Activity: pick, Robot: robot1, Mission: m3, Segment: s3, End: 5443.743850315
[INFO] [1787679427.049047398] [robot1.fragment_exec_node]: Execution of fragment f3-7 completed!
[INFO] [1787679427.633226787] [robot1.fragment_exec_node]: Received fragment: {'robot': 'robot1', 'fragment': {'id': 'f3-8', 'mission': 'm3', 'state': 'assigned', 'wait': ['m3/s3/pick'], 'tasks': [{'name': 'scan', 'params': {'x': 1, 'y': 9}}], 'arrive_timestamp': 1787679224, 'priority': 1, 'segment': 's3', 'preconditions': [], 'postconditions': []}}
[INFO] [1787679427.635384810] [robot1.fragment_exec_node]: Received fragment assignment: f3-8. Starting execution.
[INFO] [1787679427.637262772] [robot1.fragment_exec_node]: Waiting for coordination messages before executing fragment f3-8: ['m3/s3/pick']
[INFO] [1787679429.645008831] [robot1.fragment_exec_node]: Executing task scan. Params: {'x': 1, 'y': 9}, Virtual state: {'position': {'x': 1, 'y': 9, 'z': 0.0}, 'docked': False, 'battery': 100.0, 'conditions': ['picked-o1-1', 'picked-o1-3', 'picked-o2-3', 'picked-o3-3']}
[INFO] [1787679429.648099885] [robot1.fragment_exec_node]: EventType: Task, Activity: scan, Robot: robot1, Mission: m3, Segment: s3, Start: 5446.345996753
[INFO] [1787679429.650376196] [robot1.fragment_exec_node]: Simulating scan skill...
[INFO] [1787679432.652903326] [robot1.fragment_exec_node]: Scan completed!
[INFO] [1787679432.653805898] [robot1.fragment_exec_node]: EventType: Task, Activity: scan, Robot: robot1, Mission: m3, Segment: s3, End: 5449.353352654
[INFO] [1787679432.654886732] [robot1.fragment_exec_node]: Execution of fragment f3-8 completed!
[INFO] [1787679433.637778610] [robot1.fragment_exec_node]: Received fragment: {'robot': 'robot1', 'fragment': {'id': 'f3-9', 'mission': 'm3', 'state': 'assigned', 'wait': ['m3/s3/scan'], 'tasks': [{'name': 'transport', 'params': {'x': 11, 'y': 6}}], 'arrive_timestamp': 1787679224, 'priority': 1, 'segment': 's3', 'preconditions': ['picked-o3-3'], 'postconditions': []}}
[INFO] [1787679433.638942738] [robot1.fragment_exec_node]: Received fragment assignment: f3-9. Starting execution.
[INFO] [1787679433.640448935] [robot1.fragment_exec_node]: Waiting for coordination messages before executing fragment f3-9: ['m3/s3/scan']
[INFO] [1787679435.645664384] [robot1.fragment_exec_node]: Executing task transport. Params: {'x': 11, 'y': 6}, Virtual state: {'position': {'x': 1, 'y': 9, 'z': 0.0}, 'docked': False, 'battery': 100.0, 'conditions': ['picked-o1-1', 'picked-o1-3', 'picked-o2-3', 'picked-o3-3']}
[INFO] [1787679435.648261984] [robot1.fragment_exec_node]: EventType: Control (Task: transport), Activity: navigate, Robot: robot1, Mission: m3, Segment: s3, Start: 5452.346667168
[INFO] [1787679435.650069840] [robot1.fragment_exec_node]: Simulating navigate skill from position (1, 9) to (11, 6) (22.360679774997898 seconds)...
[INFO] [1787679458.013391781] [robot1.fragment_exec_node]: Navigation completed!
[INFO] [1787679458.014222546] [robot1.fragment_exec_node]: EventType: Control (Task: transport), Activity: navigate, Robot: robot1, Mission: m3, Segment: s3, End: 5474.713305813
[INFO] [1787679458.015064887] [robot1.fragment_exec_node]: EventType: Task, Activity: transport, Robot: robot1, Mission: m3, Segment: s3, Start: 5474.713988642
[INFO] [1787679458.016123264] [robot1.fragment_exec_node]: Simulating navigate skill from position (11, 6) to (11, 6) (10.0 seconds)...
[INFO] [1787679468.019265954] [robot1.fragment_exec_node]: Navigation completed!
[INFO] [1787679468.022078412] [robot1.fragment_exec_node]: EventType: Task, Activity: transport, Robot: robot1, Mission: m3, Segment: s3, End: 5484.719998176
[INFO] [1787679468.024378114] [robot1.fragment_exec_node]: Execution of fragment f3-9 completed!
[INFO] [1787679468.633543700] [robot1.fragment_exec_node]: Received fragment: {'robot': 'robot1', 'fragment': {'id': 'f3-10', 'mission': 'm3', 'state': 'assigned', 'wait': ['m3/s1/transport', 'm3/s2/transport', 'm3/s3/transport'], 'tasks': [{'name': 'pack', 'params': {'x': 2, 'y': 3, 'items': 3}}], 'arrive_timestamp': 1787679224, 'priority': 1, 'segment': '', 'preconditions': [], 'postconditions': []}}
[INFO] [1787679468.634585177] [robot1.fragment_exec_node]: Received fragment assignment: f3-10. Starting execution.
[INFO] [1787679468.635907905] [robot1.fragment_exec_node]: Executing task pack. Params: {'x': 2, 'y': 3, 'items': 3}, Virtual state: {'position': {'x': 11, 'y': 6, 'z': 0.0}, 'docked': False, 'battery': 100.0, 'conditions': ['picked-o1-1', 'picked-o1-3', 'picked-o2-3', 'picked-o3-3']}
[INFO] [1787679468.637128694] [robot1.fragment_exec_node]: EventType: Control (Task: pack), Activity: navigate, Robot: robot1, Mission: m3, Segment: , Start: 5485.336100903
[INFO] [1787679468.638108061] [robot1.fragment_exec_node]: Simulating navigate skill from position (11, 6) to (2, 3) (24.08318915758459 seconds)...
[INFO] [1787679492.723449879] [robot1.fragment_exec_node]: Navigation completed!
[INFO] [1787679492.725279753] [robot1.fragment_exec_node]: EventType: Control (Task: pack), Activity: navigate, Robot: robot1, Mission: m3, Segment: , End: 5509.424200522
[INFO] [1787679492.726223341] [robot1.fragment_exec_node]: EventType: Task, Activity: pack, Robot: robot1, Mission: m3, Segment: , Start: 5509.425300736
[INFO] [1787679492.727078240] [robot1.fragment_exec_node]: Simulating pack skill...
[INFO] [1787679510.728920921] [robot1.fragment_exec_node]: Packing completed!
[INFO] [1787679510.731572185] [robot1.fragment_exec_node]: EventType: Task, Activity: pack, Robot: robot1, Mission: m3, Segment: , End: 5527.431054092
[INFO] [1787679510.733840672] [robot1.fragment_exec_node]: Execution of fragment f3-10 completed!
Traceback (most recent call last):
  File "/root/ros2_ws/install/multi3_executor/lib/multi3_executor/executor", line 33, in <module>
    sys.exit(load_entry_point('multi3-executor==0.0.0', 'console_scripts', 'executor')())
  File "/root/ros2_ws/install/multi3_executor/lib/python3.10/site-packages/multi3_executor/nodes/executor.py", line 236, in main
    rclpy.shutdown()
  File "/opt/ros/humble/local/lib/python3.10/dist-packages/rclpy/__init__.py", line 130, in shutdown
    _shutdown(context=context)
  File "/opt/ros/humble/local/lib/python3.10/dist-packages/rclpy/utilities.py", line 58, in shutdown
    return context.shutdown()
  File "/opt/ros/humble/local/lib/python3.10/dist-packages/rclpy/context.py", line 102, in shutdown
    self.__context.shutdown()
rclpy._rclpy_pybind11.RCLError: failed to shutdown: rcl_shutdown already called on the given context, at ./src/rcl/init.c:241
