[INFO] [1787855644.134171599] [multi3_coordinator_node]: Assignment strategy parameter: closest
[INFO] [1787855644.134900432] [multi3_coordinator_node]: Using assignment strategy: closest
[INFO] [1787855644.140976968] [multi3_coordinator_node]: Coordinator node started.
[INFO] [1787855647.252184854] [multi3_coordinator_node]: Received new robot info: {'name': 'robot1', 'operational_state': 'idle', 'capabilities': ['undock', 'check_room', 'move_to', 'vacuum', 'disinfect'], 'state': {'position': {'x': 0.0, 'y': 0.0, 'z': 0.0}, 'docked': True}, 'last_heartbeat': 1787855647}
[INFO] [1787855649.566639841] [multi3_coordinator_node]: Received new robot info: {'name': 'robot2', 'operational_state': 'idle', 'capabilities': ['undock', 'check_room', 'move_to', 'vacuum', 'disinfect'], 'state': {'position': {'x': 0.0, 'y': 0.0, 'z': 0.0}, 'docked': True}, 'last_heartbeat': 1787855649}
[INFO] [1787855651.217852595] [multi3_coordinator_node]: Received new robot info: {'name': 'robot3', 'operational_state': 'idle', 'capabilities': ['undock', 'check_room', 'move_to', 'vacuum', 'disinfect'], 'state': {'position': {'x': 0.0, 'y': 0.0, 'z': 0.0}, 'docked': True}, 'last_heartbeat': 1787855651}
[INFO] [1787855653.564713976] [multi3_coordinator_node]: Received new robot info: {'name': 'robot4', 'operational_state': 'idle', 'capabilities': ['undock', 'check_room', 'move_to', 'mop', 'disinfect'], 'state': {'position': {'x': 0.0, 'y': 0.0, 'z': 0.0}, 'docked': True}, 'last_heartbeat': 1787855653}
[INFO] [1787855655.568746610] [multi3_coordinator_node]: Received new robot info: {'name': 'robot5', 'operational_state': 'idle', 'capabilities': ['undock', 'check_room', 'move_to', 'mop', 'disinfect'], 'state': {'position': {'x': 0.0, 'y': 0.0, 'z': 0.0}, 'docked': True}, 'last_heartbeat': 1787855655}
[INFO] [1787855657.666199721] [multi3_coordinator_node]: Received new robot info: {'name': 'robot6', 'operational_state': 'idle', 'capabilities': ['undock', 'check_room', 'move_to', 'mop'], 'state': {'position': {'x': 0.0, 'y': 0.0, 'z': 0.0}, 'docked': True}, 'last_heartbeat': 1787855657}
[INFO] [1787855659.606057786] [multi3_coordinator_node]: Received new robot info: {'name': 'robot7', 'operational_state': 'idle', 'capabilities': ['undock', 'check_room', 'move_to', 'mop'], 'state': {'position': {'x': 0.0, 'y': 0.0, 'z': 0.0}, 'docked': True}, 'last_heartbeat': 1787855659}
[INFO] [1787855661.623767123] [multi3_coordinator_node]: Received new robot info: {'name': 'robot8', 'operational_state': 'idle', 'capabilities': ['undock', 'check_room', 'move_to', 'mop'], 'state': {'position': {'x': 0.0, 'y': 0.0, 'z': 0.0}, 'docked': True}, 'last_heartbeat': 1787855661}
[INFO] [1787855663.598582773] [multi3_coordinator_node]: Received new robot info: {'name': 'robot9', 'operational_state': 'idle', 'capabilities': ['undock', 'check_room', 'move_to', 'mop'], 'state': {'position': {'x': 0.0, 'y': 0.0, 'z': 0.0}, 'docked': True}, 'last_heartbeat': 1787855663}
[INFO] [1787855665.201484277] [multi3_coordinator_node]: Received mission: {'mission': 'm2', 'priority': 1, 'fragments': [{'id': 'fm2-1', 'wait': [], 'tasks': [{'name': 'check_room', 'label': 'check_room(r1)', 'params': {'x': 4, 'y': 2, 'size': 6}}], 'segment': 's1'}, {'id': 'fm2-2', 'wait': ['check_room(r1)'], 'tasks': [{'name': 'vacuum', 'label': 'vacuum(r1)', 'params': {'x': 4, 'y': 2, 'size': 6}}], 'segment': 's1'}, {'id': 'fm2-3', 'wait': ['vacuum(r1)'], 'tasks': [{'name': 'mop', 'label': 'mop(r1)', 'params': {'x': 4, 'y': 2, 'size': 6}}], 'segment': 's1'}, {'id': 'fm2-4', 'wait': ['mop(r1)'], 'tasks': [{'name': 'disinfect', 'label': 'disinfect(r1)', 'params': {'x': 4, 'y': 2, 'size': 6}}], 'segment': 's1'}, {'id': 'fm2-5', 'wait': ['disinfect(r1)'], 'tasks': [{'name': 'final_room_check', 'label': 'final_room_check(r1)', 'params': {'x': 4, 'y': 2, 'size': 6}}], 'segment': 's1'}, {'id': 'fm2-6', 'wait': [], 'tasks': [{'name': 'check_room', 'label': 'check_room(r2)', 'params': {'x': 10, 'y': 5, 'size': 3}}], 'segment': 's2'}, {'id': 'fm2-7', 'wait': ['check_room(r2)'], 'tasks': [{'name': 'vacuum', 'label': 'vacuum(r2)', 'params': {'x': 10, 'y': 5, 'size': 3}}], 'segment': 's2'}, {'id': 'fm2-8', 'wait': ['vacuum(r2)'], 'tasks': [{'name': 'mop', 'label': 'mop(r2)', 'params': {'x': 10, 'y': 5, 'size': 3}}], 'segment': 's2'}, {'id': 'fm2-9', 'wait': ['mop(r2)'], 'tasks': [{'name': 'disinfect', 'label': 'disinfect(r2)', 'params': {'x': 10, 'y': 5, 'size': 3}}], 'segment': 's2'}, {'id': 'fm2-10', 'wait': ['disinfect(r2)'], 'tasks': [{'name': 'final_room_check', 'label': 'final_room_check(r2)', 'params': {'x': 10, 'y': 5, 'size': 3}}], 'segment': 's2'}, {'id': 'fm2-11', 'wait': [], 'tasks': [{'name': 'check_room', 'label': 'check_room(r3)', 'params': {'x': 3, 'y': 11, 'size': 7}}], 'segment': 's3'}, {'id': 'fm2-12', 'wait': ['check_room(r3)'], 'tasks': [{'name': 'vacuum', 'label': 'vacuum(r3)', 'params': {'x': 3, 'y': 11, 'size': 7}}], 'segment': 's3'}, {'id': 'fm2-13', 'wait': ['vacuum(r3)'], 'tasks': [{'name': 'mop', 'label': 'mop(r3)', 'params': {'x': 3, 'y': 11, 'size': 7}}], 'segment': 's3'}, {'id': 'fm2-14', 'wait': ['mop(r3)'], 'tasks': [{'name': 'disinfect', 'label': 'disinfect(r3)', 'params': {'x': 3, 'y': 11, 'size': 7}}], 'segment': 's3'}, {'id': 'fm2-15', 'wait': ['disinfect(r3)'], 'tasks': [{'name': 'final_room_check', 'label': 'final_room_check(r3)', 'params': {'x': 3, 'y': 11, 'size': 7}}], 'segment': 's3'}, {'id': 'fm2-16', 'wait': [], 'tasks': [{'name': 'check_room', 'label': 'check_room(r4)', 'params': {'x': 8, 'y': 9, 'size': 4}}], 'segment': 's4'}, {'id': 'fm2-17', 'wait': ['check_room(r4)'], 'tasks': [{'name': 'vacuum', 'label': 'vacuum(r4)', 'params': {'x': 8, 'y': 9, 'size': 4}}], 'segment': 's4'}, {'id': 'fm2-18', 'wait': ['vacuum(r4)'], 'tasks': [{'name': 'mop', 'label': 'mop(r4)', 'params': {'x': 8, 'y': 9, 'size': 4}}], 'segment': 's4'}, {'id': 'fm2-19', 'wait': ['mop(r4)'], 'tasks': [{'name': 'disinfect', 'label': 'disinfect(r4)', 'params': {'x': 8, 'y': 9, 'size': 4}}], 'segment': 's4'}, {'id': 'fm2-20', 'wait': ['disinfect(r4)'], 'tasks': [{'name': 'final_room_check', 'label': 'final_room_check(r4)', 'params': {'x': 8, 'y': 9, 'size': 4}}], 'segment': 's4'}, {'id': 'fm2-21', 'wait': [], 'tasks': [{'name': 'check_room', 'label': 'check_room(r5)', 'params': {'x': 12, 'y': 3, 'size': 5}}], 'segment': 's5'}, {'id': 'fm2-22', 'wait': ['check_room(r5)'], 'tasks': [{'name': 'vacuum', 'label': 'vacuum(r5)', 'params': {'x': 12, 'y': 3, 'size': 5}}], 'segment': 's5'}, {'id': 'fm2-23', 'wait': ['vacuum(r5)'], 'tasks': [{'name': 'mop', 'label': 'mop(r5)', 'params': {'x': 12, 'y': 3, 'size': 5}}], 'segment': 's5'}, {'id': 'fm2-24', 'wait': ['mop(r5)'], 'tasks': [{'name': 'disinfect', 'label': 'disinfect(r5)', 'params': {'x': 12, 'y': 3, 'size': 5}}], 'segment': 's5'}, {'id': 'fm2-25', 'wait': ['disinfect(r5)'], 'tasks': [{'name': 'final_room_check', 'label': 'final_room_check(r5)', 'params': {'x': 12, 'y': 3, 'size': 5}}], 'segment': 's5'}, {'id': 'fm2-26', 'wait': [], 'tasks': [{'name': 'check_room', 'label': 'check_room(r6)', 'params': {'x': 6, 'y': 12, 'size': 6}}], 'segment': 's6'}, {'id': 'fm2-27', 'wait': ['check_room(r6)'], 'tasks': [{'name': 'vacuum', 'label': 'vacuum(r6)', 'params': {'x': 6, 'y': 12, 'size': 6}}], 'segment': 's6'}, {'id': 'fm2-28', 'wait': ['vacuum(r6)'], 'tasks': [{'name': 'mop', 'label': 'mop(r6)', 'params': {'x': 6, 'y': 12, 'size': 6}}], 'segment': 's6'}, {'id': 'fm2-29', 'wait': ['mop(r6)'], 'tasks': [{'name': 'disinfect', 'label': 'disinfect(r6)', 'params': {'x': 6, 'y': 12, 'size': 6}}], 'segment': 's6'}, {'id': 'fm2-30', 'wait': ['disinfect(r6)'], 'tasks': [{'name': 'final_room_check', 'label': 'final_room_check(r6)', 'params': {'x': 6, 'y': 12, 'size': 6}}], 'segment': 's6'}, {'id': 'fm2-31', 'wait': [], 'tasks': [{'name': 'check_room', 'label': 'check_room(r7)', 'params': {'x': 9, 'y': 7, 'size': 3}}], 'segment': 's7'}, {'id': 'fm2-32', 'wait': ['check_room(r7)'], 'tasks': [{'name': 'vacuum', 'label': 'vacuum(r7)', 'params': {'x': 9, 'y': 7, 'size': 3}}], 'segment': 's7'}, {'id': 'fm2-33', 'wait': ['vacuum(r7)'], 'tasks': [{'name': 'mop', 'label': 'mop(r7)', 'params': {'x': 9, 'y': 7, 'size': 3}}], 'segment': 's7'}, {'id': 'fm2-34', 'wait': ['mop(r7)'], 'tasks': [{'name': 'disinfect', 'label': 'disinfect(r7)', 'params': {'x': 9, 'y': 7, 'size': 3}}], 'segment': 's7'}, {'id': 'fm2-35', 'wait': ['disinfect(r7)'], 'tasks': [{'name': 'final_room_check', 'label': 'final_room_check(r7)', 'params': {'x': 9, 'y': 7, 'size': 3}}], 'segment': 's7'}, {'id': 'fm2-36', 'wait': [], 'tasks': [{'name': 'check_room', 'label': 'check_room(r8)', 'params': {'x': 2, 'y': 8, 'size': 7}}], 'segment': 's8'}, {'id': 'fm2-37', 'wait': ['check_room(r8)'], 'tasks': [{'name': 'vacuum', 'label': 'vacuum(r8)', 'params': {'x': 2, 'y': 8, 'size': 7}}], 'segment': 's8'}, {'id': 'fm2-38', 'wait': ['vacuum(r8)'], 'tasks': [{'name': 'mop', 'label': 'mop(r8)', 'params': {'x': 2, 'y': 8, 'size': 7}}], 'segment': 's8'}, {'id': 'fm2-39', 'wait': ['mop(r8)'], 'tasks': [{'name': 'disinfect', 'label': 'disinfect(r8)', 'params': {'x': 2, 'y': 8, 'size': 7}}], 'segment': 's8'}, {'id': 'fm2-40', 'wait': ['disinfect(r8)'], 'tasks': [{'name': 'final_room_check', 'label': 'final_room_check(r8)', 'params': {'x': 2, 'y': 8, 'size': 7}}], 'segment': 's8'}]}
[INFO] [1787855665.202511473] [multi3_coordinator_node]: Fragment fm2-1 is now executable because all signal messages were received.
[INFO] [1787855665.203164586] [multi3_coordinator_node]: Fragment fm2-6 is now executable because all signal messages were received.
[INFO] [1787855665.203841426] [multi3_coordinator_node]: Fragment fm2-11 is now executable because all signal messages were received.
[INFO] [1787855665.204583477] [multi3_coordinator_node]: Fragment fm2-16 is now executable because all signal messages were received.
[INFO] [1787855665.205227992] [multi3_coordinator_node]: Fragment fm2-21 is now executable because all signal messages were received.
[INFO] [1787855665.205915446] [multi3_coordinator_node]: Fragment fm2-26 is now executable because all signal messages were received.
[INFO] [1787855665.207189530] [multi3_coordinator_node]: Fragment fm2-31 is now executable because all signal messages were received.
[INFO] [1787855665.207984332] [multi3_coordinator_node]: Fragment fm2-36 is now executable because all signal messages were received.
[INFO] [1787855672.514556598] [multi3_coordinator_node]: Execution start signal received. Starting fragment assignment.
[INFO] [1787855673.521247837] [multi3_coordinator_node]: Assigned fragment fm2-1 to robot robot1.
[INFO] [1787855673.525252752] [multi3_coordinator_node]: Assigned fragment fm2-36 to robot robot2.
[INFO] [1787855673.529585325] [multi3_coordinator_node]: Assigned fragment fm2-6 to robot robot3.
[INFO] [1787855673.533979774] [multi3_coordinator_node]: Assigned fragment fm2-11 to robot robot4.
[INFO] [1787855673.563003455] [multi3_coordinator_node]: Assigned fragment fm2-31 to robot robot5.
[INFO] [1787855673.564234668] [multi3_coordinator_node]: Assigned fragment fm2-16 to robot robot6.
[INFO] [1787855673.581250711] [multi3_coordinator_node]: Received robot state update from robot robot1: {'operational_state': 'working', 'current_assigned_fragment': 'fm2-1', 'state': {'position': {'x': 0.0, 'y': 0.0, 'z': 0.0}, 'docked': True}}
[INFO] [1787855673.585332632] [multi3_coordinator_node]: Received robot state update from robot robot4: {'operational_state': 'working', 'current_assigned_fragment': 'fm2-11', 'state': {'position': {'x': 0.0, 'y': 0.0, 'z': 0.0}, 'docked': True}}
[INFO] [1787855673.589782364] [multi3_coordinator_node]: Received robot state update from robot robot2: {'operational_state': 'working', 'current_assigned_fragment': 'fm2-36', 'state': {'position': {'x': 0.0, 'y': 0.0, 'z': 0.0}, 'docked': True}}
[INFO] [1787855673.598231237] [multi3_coordinator_node]: Received robot state update from robot robot3: {'operational_state': 'working', 'current_assigned_fragment': 'fm2-6', 'state': {'position': {'x': 0.0, 'y': 0.0, 'z': 0.0}, 'docked': True}}
[INFO] [1787855673.608939713] [multi3_coordinator_node]: Assigned fragment fm2-21 to robot robot7.
[INFO] [1787855673.610602147] [multi3_coordinator_node]: Received robot state update from robot robot5: {'operational_state': 'working', 'current_assigned_fragment': 'fm2-31', 'state': {'position': {'x': 0.0, 'y': 0.0, 'z': 0.0}, 'docked': True}}
[INFO] [1787855673.620491003] [multi3_coordinator_node]: Received robot state update from robot robot7: {'operational_state': 'working', 'current_assigned_fragment': 'fm2-21', 'state': {'position': {'x': 0.0, 'y': 0.0, 'z': 0.0}, 'docked': True}}
[INFO] [1787855673.621041199] [multi3_coordinator_node]: Received robot state update from robot robot6: {'operational_state': 'working', 'current_assigned_fragment': 'fm2-16', 'state': {'position': {'x': 0.0, 'y': 0.0, 'z': 0.0}, 'docked': True}}
[INFO] [1787855673.624224162] [multi3_coordinator_node]: Assigned fragment fm2-26 to robot robot8.
[INFO] [1787855673.625562712] [multi3_coordinator_node]: Received robot state update from robot robot8: {'operational_state': 'working', 'current_assigned_fragment': 'fm2-26', 'state': {'position': {'x': 0.0, 'y': 0.0, 'z': 0.0}, 'docked': True}}
[INFO] [1787855695.591752542] [multi3_coordinator_node]: Fragment fm2-2 is now executable because all signal messages were received.
[INFO] [1787855695.593096541] [multi3_coordinator_node]: Received robot state update from robot robot1: {'operational_state': 'idle', 'current_assigned_fragment': None, 'state': {'position': {'x': 4, 'y': 2, 'z': 0.0}, 'docked': False}}
[INFO] [1787855695.594201505] [multi3_coordinator_node]: Received coordination message: {'robot_name': 'robot1', 'completed_fragment': 'fm2-1', 'state': {'position': {'x': 4, 'y': 2, 'z': 0.0}, 'docked': False}}
[INFO] [1787855695.594766359] [multi3_coordinator_node]: Received coordination message: {'robot_name': 'robot1', 'completed_task': 'check_room(r1)'}
[INFO] [1787855696.527697981] [multi3_coordinator_node]: Assigned fragment fm2-2 to robot robot1.
[INFO] [1787855696.540669426] [multi3_coordinator_node]: Received robot state update from robot robot1: {'operational_state': 'working', 'current_assigned_fragment': 'fm2-2', 'state': {'position': {'x': 4, 'y': 2, 'z': 0.0}, 'docked': False}}
[INFO] [1787855704.470522556] [multi3_coordinator_node]: Fragment fm2-7 is now executable because all signal messages were received.
[INFO] [1787855704.472582843] [multi3_coordinator_node]: Received robot state update from robot robot3: {'operational_state': 'idle', 'current_assigned_fragment': None, 'state': {'position': {'x': 10, 'y': 5, 'z': 0.0}, 'docked': False}}
[INFO] [1787855704.474258119] [multi3_coordinator_node]: Received coordination message: {'robot_name': 'robot3', 'completed_fragment': 'fm2-6', 'state': {'position': {'x': 10, 'y': 5, 'z': 0.0}, 'docked': False}}
[INFO] [1787855704.475334772] [multi3_coordinator_node]: Received coordination message: {'robot_name': 'robot3', 'completed_task': 'check_room(r2)'}
[INFO] [1787855704.523344138] [multi3_coordinator_node]: Assigned fragment fm2-7 to robot robot3.
[INFO] [1787855704.534193477] [multi3_coordinator_node]: Received robot state update from robot robot3: {'operational_state': 'working', 'current_assigned_fragment': 'fm2-7', 'state': {'position': {'x': 10, 'y': 5, 'z': 0.0}, 'docked': False}}
[INFO] [1787855704.594190756] [multi3_coordinator_node]: Fragment fm2-37 is now executable because all signal messages were received.
[INFO] [1787855704.595979845] [multi3_coordinator_node]: Received robot state update from robot robot2: {'operational_state': 'idle', 'current_assigned_fragment': None, 'state': {'position': {'x': 2, 'y': 8, 'z': 0.0}, 'docked': False}}
[INFO] [1787855704.598203288] [multi3_coordinator_node]: Received coordination message: {'robot_name': 'robot2', 'completed_fragment': 'fm2-36', 'state': {'position': {'x': 2, 'y': 8, 'z': 0.0}, 'docked': False}}
[INFO] [1787855704.609858747] [multi3_coordinator_node]: Received coordination message: {'robot_name': 'robot2', 'completed_task': 'check_room(r8)'}
[INFO] [1787855704.918778039] [multi3_coordinator_node]: Fragment fm2-32 is now executable because all signal messages were received.
[INFO] [1787855704.919742476] [multi3_coordinator_node]: Received robot state update from robot robot5: {'operational_state': 'idle', 'current_assigned_fragment': None, 'state': {'position': {'x': 9, 'y': 7, 'z': 0.0}, 'docked': False}}
[INFO] [1787855704.920433400] [multi3_coordinator_node]: Received coordination message: {'robot_name': 'robot5', 'completed_fragment': 'fm2-31', 'state': {'position': {'x': 9, 'y': 7, 'z': 0.0}, 'docked': False}}
[INFO] [1787855704.921616417] [multi3_coordinator_node]: Received coordination message: {'robot_name': 'robot5', 'completed_task': 'check_room(r7)'}
[INFO] [1787855705.527115053] [multi3_coordinator_node]: Assigned fragment fm2-37 to robot robot2.
[INFO] [1787855705.532228524] [multi3_coordinator_node]: Received robot state update from robot robot2: {'operational_state': 'working', 'current_assigned_fragment': 'fm2-37', 'state': {'position': {'x': 2, 'y': 8, 'z': 0.0}, 'docked': False}}
[INFO] [1787855707.699573700] [multi3_coordinator_node]: Received coordination message: {'robot_name': 'robot6', 'completed_fragment': 'fm2-16', 'state': {'position': {'x': 8, 'y': 9, 'z': 0.0}, 'docked': False}}
[INFO] [1787855707.700242200] [multi3_coordinator_node]: Received robot state update from robot robot6: {'operational_state': 'idle', 'current_assigned_fragment': None, 'state': {'position': {'x': 8, 'y': 9, 'z': 0.0}, 'docked': False}}
[INFO] [1787855707.701682815] [multi3_coordinator_node]: Fragment fm2-17 is now executable because all signal messages were received.
[INFO] [1787855707.702596562] [multi3_coordinator_node]: Received coordination message: {'robot_name': 'robot6', 'completed_task': 'check_room(r4)'}
[INFO] [1787855709.899193996] [multi3_coordinator_node]: Fragment fm2-22 is now executable because all signal messages were received.
[INFO] [1787855709.899931028] [multi3_coordinator_node]: Received robot state update from robot robot7: {'operational_state': 'idle', 'current_assigned_fragment': None, 'state': {'position': {'x': 12, 'y': 3, 'z': 0.0}, 'docked': False}}
[INFO] [1787855709.900342968] [multi3_coordinator_node]: Received coordination message: {'robot_name': 'robot7', 'completed_fragment': 'fm2-21', 'state': {'position': {'x': 12, 'y': 3, 'z': 0.0}, 'docked': False}}
[INFO] [1787855709.901285803] [multi3_coordinator_node]: Received coordination message: {'robot_name': 'robot7', 'completed_task': 'check_room(r5)'}
[INFO] [1787855710.892200251] [multi3_coordinator_node]: Received robot state update from robot robot4: {'operational_state': 'idle', 'current_assigned_fragment': None, 'state': {'position': {'x': 3, 'y': 11, 'z': 0.0}, 'docked': False}}
[INFO] [1787855710.893677699] [multi3_coordinator_node]: Received coordination message: {'robot_name': 'robot4', 'completed_fragment': 'fm2-11', 'state': {'position': {'x': 3, 'y': 11, 'z': 0.0}, 'docked': False}}
[INFO] [1787855710.894374513] [multi3_coordinator_node]: Fragment fm2-12 is now executable because all signal messages were received.
[INFO] [1787855710.895689835] [multi3_coordinator_node]: Received coordination message: {'robot_name': 'robot4', 'completed_task': 'check_room(r3)'}
[INFO] [1787855713.533729778] [multi3_coordinator_node]: Received robot state update from robot robot8: {'operational_state': 'idle', 'current_assigned_fragment': None, 'state': {'position': {'x': 6, 'y': 12, 'z': 0.0}, 'docked': False}}
[INFO] [1787855713.535189439] [multi3_coordinator_node]: Received coordination message: {'robot_name': 'robot8', 'completed_fragment': 'fm2-26', 'state': {'position': {'x': 6, 'y': 12, 'z': 0.0}, 'docked': False}}
[INFO] [1787855713.535834362] [multi3_coordinator_node]: Fragment fm2-27 is now executable because all signal messages were received.
[INFO] [1787855713.536385596] [multi3_coordinator_node]: Received coordination message: {'robot_name': 'robot8', 'completed_task': 'check_room(r6)'}
[INFO] [1787855717.101575794] [multi3_coordinator_node]: Fragment fm2-8 is now executable because all signal messages were received.
[INFO] [1787855717.106312348] [multi3_coordinator_node]: Received robot state update from robot robot3: {'operational_state': 'idle', 'current_assigned_fragment': None, 'state': {'position': {'x': 10, 'y': 5, 'z': 0.0}, 'docked': False}}
[INFO] [1787855717.107992559] [multi3_coordinator_node]: Received coordination message: {'robot_name': 'robot3', 'completed_task': 'vacuum(r2)'}
[INFO] [1787855717.109482632] [multi3_coordinator_node]: Received coordination message: {'robot_name': 'robot3', 'completed_fragment': 'fm2-7', 'state': {'position': {'x': 10, 'y': 5, 'z': 0.0}, 'docked': False}}
[INFO] [1787855717.519878463] [multi3_coordinator_node]: Assigned fragment fm2-32 to robot robot3.
[INFO] [1787855717.522130110] [multi3_coordinator_node]: Assigned fragment fm2-8 to robot robot4.
[INFO] [1787855717.572287698] [multi3_coordinator_node]: Received robot state update from robot robot4: {'operational_state': 'working', 'current_assigned_fragment': 'fm2-8', 'state': {'position': {'x': 3, 'y': 11, 'z': 0.0}, 'docked': False}}
[INFO] [1787855717.577176530] [multi3_coordinator_node]: Received robot state update from robot robot3: {'operational_state': 'working', 'current_assigned_fragment': 'fm2-32', 'state': {'position': {'x': 10, 'y': 5, 'z': 0.0}, 'docked': False}}
[INFO] [1787855717.578364584] [multi3_coordinator_node]: Received robot state update from robot robot1: {'operational_state': 'idle', 'current_assigned_fragment': None, 'state': {'position': {'x': 4, 'y': 2, 'z': 0.0}, 'docked': False}}
[INFO] [1787855717.579311450] [multi3_coordinator_node]: Fragment fm2-3 is now executable because all signal messages were received.
[INFO] [1787855717.580358743] [multi3_coordinator_node]: Received coordination message: {'robot_name': 'robot1', 'completed_task': 'vacuum(r1)'}
[INFO] [1787855717.580864153] [multi3_coordinator_node]: Received coordination message: {'robot_name': 'robot1', 'completed_fragment': 'fm2-2', 'state': {'position': {'x': 4, 'y': 2, 'z': 0.0}, 'docked': False}}
[INFO] [1787855718.522460196] [multi3_coordinator_node]: Assigned fragment fm2-17 to robot robot1.
[INFO] [1787855718.531933332] [multi3_coordinator_node]: Assigned fragment fm2-3 to robot robot5.
[INFO] [1787855718.554756991] [multi3_coordinator_node]: Received robot state update from robot robot1: {'operational_state': 'working', 'current_assigned_fragment': 'fm2-17', 'state': {'position': {'x': 4, 'y': 2, 'z': 0.0}, 'docked': False}}
[INFO] [1787855718.555514284] [multi3_coordinator_node]: Received robot state update from robot robot5: {'operational_state': 'working', 'current_assigned_fragment': 'fm2-3', 'state': {'position': {'x': 9, 'y': 7, 'z': 0.0}, 'docked': False}}
[INFO] [1787855732.067929933] [multi3_coordinator_node]: Received robot state update from robot robot2: {'operational_state': 'idle', 'current_assigned_fragment': None, 'state': {'position': {'x': 2, 'y': 8, 'z': 0.0}, 'docked': False}}
[INFO] [1787855732.069379832] [multi3_coordinator_node]: Fragment fm2-38 is now executable because all signal messages were received.
[INFO] [1787855732.070947196] [multi3_coordinator_node]: Received coordination message: {'robot_name': 'robot2', 'completed_fragment': 'fm2-37', 'state': {'position': {'x': 2, 'y': 8, 'z': 0.0}, 'docked': False}}
[INFO] [1787855732.072016532] [multi3_coordinator_node]: Received coordination message: {'robot_name': 'robot2', 'completed_task': 'vacuum(r8)'}
[INFO] [1787855732.523534776] [multi3_coordinator_node]: Assigned fragment fm2-12 to robot robot2.
[INFO] [1787855732.531145280] [multi3_coordinator_node]: Assigned fragment fm2-38 to robot robot6.
[INFO] [1787855732.539935920] [multi3_coordinator_node]: Received robot state update from robot robot6: {'operational_state': 'working', 'current_assigned_fragment': 'fm2-38', 'state': {'position': {'x': 8, 'y': 9, 'z': 0.0}, 'docked': False}}
[INFO] [1787855732.541621727] [multi3_coordinator_node]: Received robot state update from robot robot2: {'operational_state': 'working', 'current_assigned_fragment': 'fm2-12', 'state': {'position': {'x': 2, 'y': 8, 'z': 0.0}, 'docked': False}}
[INFO] [1787855734.412763610] [multi3_coordinator_node]: Received robot state update from robot robot3: {'operational_state': 'idle', 'current_assigned_fragment': None, 'state': {'position': {'x': 9, 'y': 7, 'z': 0.0}, 'docked': False}}
[INFO] [1787855734.413788193] [multi3_coordinator_node]: Fragment fm2-33 is now executable because all signal messages were received.
[INFO] [1787855734.414257579] [multi3_coordinator_node]: Received coordination message: {'robot_name': 'robot3', 'completed_fragment': 'fm2-32', 'state': {'position': {'x': 9, 'y': 7, 'z': 0.0}, 'docked': False}}
[INFO] [1787855734.414989862] [multi3_coordinator_node]: Received coordination message: {'robot_name': 'robot3', 'completed_task': 'vacuum(r7)'}
[INFO] [1787855734.526579551] [multi3_coordinator_node]: Assigned fragment fm2-22 to robot robot3.
[INFO] [1787855734.573825081] [multi3_coordinator_node]: Assigned fragment fm2-33 to robot robot7.
[INFO] [1787855734.576010356] [multi3_coordinator_node]: Received robot state update from robot robot3: {'operational_state': 'working', 'current_assigned_fragment': 'fm2-22', 'state': {'position': {'x': 9, 'y': 7, 'z': 0.0}, 'docked': False}}
[INFO] [1787855734.618694035] [multi3_coordinator_node]: Received robot state update from robot robot7: {'operational_state': 'working', 'current_assigned_fragment': 'fm2-33', 'state': {'position': {'x': 12, 'y': 3, 'z': 0.0}, 'docked': False}}
[INFO] [1787855745.410638199] [multi3_coordinator_node]: Fragment fm2-18 is now executable because all signal messages were received.
[INFO] [1787855745.411957850] [multi3_coordinator_node]: Received coordination message: {'robot_name': 'robot1', 'completed_fragment': 'fm2-17', 'state': {'position': {'x': 8, 'y': 9, 'z': 0.0}, 'docked': False}}
[INFO] [1787855745.412250759] [multi3_coordinator_node]: Received robot state update from robot robot1: {'operational_state': 'idle', 'current_assigned_fragment': None, 'state': {'position': {'x': 8, 'y': 9, 'z': 0.0}, 'docked': False}}
[INFO] [1787855745.413272712] [multi3_coordinator_node]: Received coordination message: {'robot_name': 'robot1', 'completed_task': 'vacuum(r4)'}
[INFO] [1787855745.526987462] [multi3_coordinator_node]: Assigned fragment fm2-27 to robot robot1.
[INFO] [1787855745.529468368] [multi3_coordinator_node]: Assigned fragment fm2-18 to robot robot8.
[INFO] [1787855745.626163592] [multi3_coordinator_node]: Received robot state update from robot robot8: {'operational_state': 'working', 'current_assigned_fragment': 'fm2-18', 'state': {'position': {'x': 6, 'y': 12, 'z': 0.0}, 'docked': False}}
[INFO] [1787855745.626711779] [multi3_coordinator_node]: Received robot state update from robot robot1: {'operational_state': 'working', 'current_assigned_fragment': 'fm2-27', 'state': {'position': {'x': 8, 'y': 9, 'z': 0.0}, 'docked': False}}
[INFO] [1787855750.656299264] [multi3_coordinator_node]: Fragment fm2-9 is now executable because all signal messages were received.
[INFO] [1787855750.658385794] [multi3_coordinator_node]: Received coordination message: {'robot_name': 'robot4', 'completed_fragment': 'fm2-8', 'state': {'position': {'x': 10, 'y': 5, 'z': 0.0}, 'docked': False}}
[INFO] [1787855750.659113132] [multi3_coordinator_node]: Received coordination message: {'robot_name': 'robot4', 'completed_task': 'mop(r2)'}
[INFO] [1787855750.659482787] [multi3_coordinator_node]: Received robot state update from robot robot4: {'operational_state': 'idle', 'current_assigned_fragment': None, 'state': {'position': {'x': 10, 'y': 5, 'z': 0.0}, 'docked': False}}
[INFO] [1787855751.524691187] [multi3_coordinator_node]: Assigned fragment fm2-9 to robot robot4.
[INFO] [1787855751.614433500] [multi3_coordinator_node]: Received robot state update from robot robot4: {'operational_state': 'working', 'current_assigned_fragment': 'fm2-9', 'state': {'position': {'x': 10, 'y': 5, 'z': 0.0}, 'docked': False}}
[INFO] [1787855759.618517436] [multi3_coordinator_node]: Fragment fm2-10 is now executable because all signal messages were received.
[INFO] [1787855759.621553904] [multi3_coordinator_node]: Received coordination message: {'robot_name': 'robot4', 'completed_fragment': 'fm2-9', 'state': {'position': {'x': 10, 'y': 5, 'z': 0.0}, 'docked': False}}
[INFO] [1787855759.622451524] [multi3_coordinator_node]: Received robot state update from robot robot4: {'operational_state': 'idle', 'current_assigned_fragment': None, 'state': {'position': {'x': 10, 'y': 5, 'z': 0.0}, 'docked': False}}
[INFO] [1787855759.623137141] [multi3_coordinator_node]: Received coordination message: {'robot_name': 'robot4', 'completed_task': 'disinfect(r2)'}
[INFO] [1787855760.528580303] [multi3_coordinator_node]: Assigned fragment fm2-10 to robot robot4.
[INFO] [1787855760.553978081] [multi3_coordinator_node]: Received robot state update from robot robot4: {'operational_state': 'working', 'current_assigned_fragment': 'fm2-10', 'state': {'position': {'x': 10, 'y': 5, 'z': 0.0}, 'docked': False}}
[INFO] [1787855764.832700887] [multi3_coordinator_node]: Received robot state update from robot robot7: {'operational_state': 'idle', 'current_assigned_fragment': None, 'state': {'position': {'x': 9, 'y': 7, 'z': 0.0}, 'docked': False}}
[INFO] [1787855764.833344365] [multi3_coordinator_node]: Fragment fm2-34 is now executable because all signal messages were received.
[INFO] [1787855764.834223768] [multi3_coordinator_node]: Received coordination message: {'robot_name': 'robot7', 'completed_fragment': 'fm2-33', 'state': {'position': {'x': 9, 'y': 7, 'z': 0.0}, 'docked': False}}
[INFO] [1787855764.834969399] [multi3_coordinator_node]: Received coordination message: {'robot_name': 'robot7', 'completed_task': 'mop(r7)'}
[INFO] [1787855765.075288418] [multi3_coordinator_node]: Received coordination message: {'robot_name': 'robot4', 'completed_task': 'final_room_check(r2)'}
[INFO] [1787855765.078431648] [multi3_coordinator_node]: Received robot state update from robot robot4: {'operational_state': 'idle', 'current_assigned_fragment': None, 'state': {'position': {'x': 10, 'y': 5, 'z': 0.0}, 'docked': False}}
[INFO] [1787855765.078894079] [multi3_coordinator_node]: Received coordination message: {'robot_name': 'robot4', 'completed_fragment': 'fm2-10', 'state': {'position': {'x': 10, 'y': 5, 'z': 0.0}, 'docked': False}}
[INFO] [1787855765.508893975] [multi3_coordinator_node]: Received robot state update from robot robot3: {'operational_state': 'idle', 'current_assigned_fragment': None, 'state': {'position': {'x': 12, 'y': 3, 'z': 0.0}, 'docked': False}}
[INFO] [1787855765.511166787] [multi3_coordinator_node]: Received coordination message: {'robot_name': 'robot3', 'completed_fragment': 'fm2-22', 'state': {'position': {'x': 12, 'y': 3, 'z': 0.0}, 'docked': False}}
[INFO] [1787855765.512109503] [multi3_coordinator_node]: Fragment fm2-23 is now executable because all signal messages were received.
[INFO] [1787855765.512807092] [multi3_coordinator_node]: Received coordination message: {'robot_name': 'robot3', 'completed_task': 'vacuum(r5)'}
[INFO] [1787855765.524760296] [multi3_coordinator_node]: Assigned fragment fm2-34 to robot robot3.
[INFO] [1787855765.527532572] [multi3_coordinator_node]: Assigned fragment fm2-23 to robot robot4.
[INFO] [1787855765.546952935] [multi3_coordinator_node]: Received robot state update from robot robot3: {'operational_state': 'working', 'current_assigned_fragment': 'fm2-34', 'state': {'position': {'x': 12, 'y': 3, 'z': 0.0}, 'docked': False}}
[INFO] [1787855765.560723001] [multi3_coordinator_node]: Received robot state update from robot robot4: {'operational_state': 'working', 'current_assigned_fragment': 'fm2-23', 'state': {'position': {'x': 10, 'y': 5, 'z': 0.0}, 'docked': False}}
[INFO] [1787855768.787585758] [multi3_coordinator_node]: Fragment fm2-4 is now executable because all signal messages were received.
[INFO] [1787855768.789584620] [multi3_coordinator_node]: Received robot state update from robot robot5: {'operational_state': 'idle', 'current_assigned_fragment': None, 'state': {'position': {'x': 4, 'y': 2, 'z': 0.0}, 'docked': False}}
[INFO] [1787855768.790113507] [multi3_coordinator_node]: Received coordination message: {'robot_name': 'robot5', 'completed_fragment': 'fm2-3', 'state': {'position': {'x': 4, 'y': 2, 'z': 0.0}, 'docked': False}}
[INFO] [1787855768.791504638] [multi3_coordinator_node]: Received coordination message: {'robot_name': 'robot5', 'completed_task': 'mop(r1)'}
[INFO] [1787855769.526181318] [multi3_coordinator_node]: Assigned fragment fm2-4 to robot robot5.
[INFO] [1787855769.581860245] [multi3_coordinator_node]: Received robot state update from robot robot5: {'operational_state': 'working', 'current_assigned_fragment': 'fm2-4', 'state': {'position': {'x': 4, 'y': 2, 'z': 0.0}, 'docked': False}}
[INFO] [1787855775.199081729] [multi3_coordinator_node]: Received robot state update from robot robot2: {'operational_state': 'idle', 'current_assigned_fragment': None, 'state': {'position': {'x': 3, 'y': 11, 'z': 0.0}, 'docked': False}}
[INFO] [1787855775.200702967] [multi3_coordinator_node]: Received coordination message: {'robot_name': 'robot2', 'completed_fragment': 'fm2-12', 'state': {'position': {'x': 3, 'y': 11, 'z': 0.0}, 'docked': False}}
[INFO] [1787855775.201503023] [multi3_coordinator_node]: Fragment fm2-13 is now executable because all signal messages were received.
[INFO] [1787855775.202158982] [multi3_coordinator_node]: Received coordination message: {'robot_name': 'robot2', 'completed_task': 'vacuum(r3)'}
[INFO] [1787855775.572656955] [multi3_coordinator_node]: Assigned fragment fm2-28 to robot robot7.
[INFO] [1787855775.574958244] [multi3_coordinator_node]: Received robot state update from robot robot1: {'operational_state': 'idle', 'current_assigned_fragment': None, 'state': {'position': {'x': 6, 'y': 12, 'z': 0.0}, 'docked': False}}
[INFO] [1787855775.578120400] [multi3_coordinator_node]: Received robot state update from robot robot7: {'operational_state': 'working', 'current_assigned_fragment': 'fm2-28', 'state': {'position': {'x': 9, 'y': 7, 'z': 0.0}, 'docked': False}}
[INFO] [1787855775.579284187] [multi3_coordinator_node]: Received coordination message: {'robot_name': 'robot1', 'completed_fragment': 'fm2-27', 'state': {'position': {'x': 6, 'y': 12, 'z': 0.0}, 'docked': False}}
[INFO] [1787855775.590175288] [multi3_coordinator_node]: Fragment fm2-28 is now executable because all signal messages were received.
[INFO] [1787855775.592420195] [multi3_coordinator_node]: Assigned fragment fm2-13 to robot robot9.
[INFO] [1787855775.593682896] [multi3_coordinator_node]: Received coordination message: {'robot_name': 'robot1', 'completed_task': 'vacuum(r6)'}
[INFO] [1787855775.594232409] [multi3_coordinator_node]: Received robot state update from robot robot9: {'operational_state': 'working', 'current_assigned_fragment': 'fm2-13', 'state': {'position': {'x': 0.0, 'y': 0.0, 'z': 0.0}, 'docked': True}}
[INFO] [1787855776.831528486] [multi3_coordinator_node]: Received robot state update from robot robot8: {'operational_state': 'idle', 'current_assigned_fragment': None, 'state': {'position': {'x': 8, 'y': 9, 'z': 0.0}, 'docked': False}}
[INFO] [1787855776.832640504] [multi3_coordinator_node]: Fragment fm2-19 is now executable because all signal messages were received.
[INFO] [1787855776.833571594] [multi3_coordinator_node]: Received coordination message: {'robot_name': 'robot8', 'completed_fragment': 'fm2-18', 'state': {'position': {'x': 8, 'y': 9, 'z': 0.0}, 'docked': False}}
[INFO] [1787855776.834043372] [multi3_coordinator_node]: Received coordination message: {'robot_name': 'robot8', 'completed_task': 'mop(r4)'}
[INFO] [1787855777.524312129] [multi3_coordinator_node]: Assigned fragment fm2-19 to robot robot1.
[INFO] [1787855777.538246376] [multi3_coordinator_node]: Received robot state update from robot robot1: {'operational_state': 'working', 'current_assigned_fragment': 'fm2-19', 'state': {'position': {'x': 6, 'y': 12, 'z': 0.0}, 'docked': False}}
[INFO] [1787855783.140943696] [multi3_coordinator_node]: Fragment fm2-39 is now executable because all signal messages were received.
[INFO] [1787855783.143782035] [multi3_coordinator_node]: Received coordination message: {'robot_name': 'robot6', 'completed_fragment': 'fm2-38', 'state': {'position': {'x': 2, 'y': 8, 'z': 0.0}, 'docked': False}}
[INFO] [1787855783.144568841] [multi3_coordinator_node]: Received robot state update from robot robot6: {'operational_state': 'idle', 'current_assigned_fragment': None, 'state': {'position': {'x': 2, 'y': 8, 'z': 0.0}, 'docked': False}}
[INFO] [1787855783.145333667] [multi3_coordinator_node]: Received coordination message: {'robot_name': 'robot6', 'completed_task': 'mop(r8)'}
[INFO] [1787855783.522738531] [multi3_coordinator_node]: Assigned fragment fm2-39 to robot robot2.
[INFO] [1787855783.552770317] [multi3_coordinator_node]: Received robot state update from robot robot2: {'operational_state': 'working', 'current_assigned_fragment': 'fm2-39', 'state': {'position': {'x': 3, 'y': 11, 'z': 0.0}, 'docked': False}}
[INFO] [1787855783.589325325] [multi3_coordinator_node]: Fragment fm2-5 is now executable because all signal messages were received.
[INFO] [1787855783.596054022] [multi3_coordinator_node]: Received robot state update from robot robot5: {'operational_state': 'idle', 'current_assigned_fragment': None, 'state': {'position': {'x': 4, 'y': 2, 'z': 0.0}, 'docked': False}}
[INFO] [1787855783.597704903] [multi3_coordinator_node]: Received coordination message: {'robot_name': 'robot5', 'completed_fragment': 'fm2-4', 'state': {'position': {'x': 4, 'y': 2, 'z': 0.0}, 'docked': False}}
[INFO] [1787855783.598671207] [multi3_coordinator_node]: Received coordination message: {'robot_name': 'robot5', 'completed_task': 'disinfect(r1)'}
[INFO] [1787855784.527872995] [multi3_coordinator_node]: Assigned fragment fm2-5 to robot robot5.
[INFO] [1787855784.537560043] [multi3_coordinator_node]: Received robot state update from robot robot5: {'operational_state': 'working', 'current_assigned_fragment': 'fm2-5', 'state': {'position': {'x': 4, 'y': 2, 'z': 0.0}, 'docked': False}}
[INFO] [1787855785.268832703] [multi3_coordinator_node]: Fragment fm2-35 is now executable because all signal messages were received.
[INFO] [1787855785.270305894] [multi3_coordinator_node]: Received coordination message: {'robot_name': 'robot3', 'completed_fragment': 'fm2-34', 'state': {'position': {'x': 9, 'y': 7, 'z': 0.0}, 'docked': False}}
[INFO] [1787855785.271054888] [multi3_coordinator_node]: Received robot state update from robot robot3: {'operational_state': 'idle', 'current_assigned_fragment': None, 'state': {'position': {'x': 9, 'y': 7, 'z': 0.0}, 'docked': False}}
[INFO] [1787855785.271856517] [multi3_coordinator_node]: Received coordination message: {'robot_name': 'robot3', 'completed_task': 'disinfect(r7)'}
[INFO] [1787855785.518239306] [multi3_coordinator_node]: Assigned fragment fm2-35 to robot robot3.
[INFO] [1787855785.527529097] [multi3_coordinator_node]: Received robot state update from robot robot3: {'operational_state': 'working', 'current_assigned_fragment': 'fm2-35', 'state': {'position': {'x': 9, 'y': 7, 'z': 0.0}, 'docked': False}}
[INFO] [1787855792.070892213] [multi3_coordinator_node]: Received coordination message: {'robot_name': 'robot3', 'completed_task': 'final_room_check(r7)'}
[INFO] [1787855792.071717684] [multi3_coordinator_node]: Received robot state update from robot robot3: {'operational_state': 'idle', 'current_assigned_fragment': None, 'state': {'position': {'x': 9, 'y': 7, 'z': 0.0}, 'docked': False}}
[INFO] [1787855792.072828343] [multi3_coordinator_node]: Received coordination message: {'robot_name': 'robot3', 'completed_fragment': 'fm2-35', 'state': {'position': {'x': 9, 'y': 7, 'z': 0.0}, 'docked': False}}
[INFO] [1787855793.583442196] [multi3_coordinator_node]: Received coordination message: {'robot_name': 'robot5', 'completed_task': 'final_room_check(r1)'}
[INFO] [1787855793.584770070] [multi3_coordinator_node]: Received robot state update from robot robot5: {'operational_state': 'idle', 'current_assigned_fragment': None, 'state': {'position': {'x': 4, 'y': 2, 'z': 0.0}, 'docked': False}}
[INFO] [1787855793.585129298] [multi3_coordinator_node]: Received coordination message: {'robot_name': 'robot5', 'completed_fragment': 'fm2-5', 'state': {'position': {'x': 4, 'y': 2, 'z': 0.0}, 'docked': False}}
[INFO] [1787855794.797996126] [multi3_coordinator_node]: Received coordination message: {'robot_name': 'robot1', 'completed_fragment': 'fm2-19', 'state': {'position': {'x': 8, 'y': 9, 'z': 0.0}, 'docked': False}}
[INFO] [1787855794.799707571] [multi3_coordinator_node]: Fragment fm2-20 is now executable because all signal messages were received.
[INFO] [1787855794.800932695] [multi3_coordinator_node]: Received robot state update from robot robot1: {'operational_state': 'idle', 'current_assigned_fragment': None, 'state': {'position': {'x': 8, 'y': 9, 'z': 0.0}, 'docked': False}}
[INFO] [1787855794.801696343] [multi3_coordinator_node]: Received coordination message: {'robot_name': 'robot1', 'completed_task': 'disinfect(r4)'}
[INFO] [1787855795.524518425] [multi3_coordinator_node]: Assigned fragment fm2-20 to robot robot1.
[INFO] [1787855795.551081081] [multi3_coordinator_node]: Received robot state update from robot robot1: {'operational_state': 'working', 'current_assigned_fragment': 'fm2-20', 'state': {'position': {'x': 8, 'y': 9, 'z': 0.0}, 'docked': False}}
[INFO] [1787855803.586910777] [multi3_coordinator_node]: Received coordination message: {'robot_name': 'robot1', 'completed_task': 'final_room_check(r4)'}
[INFO] [1787855803.588832583] [multi3_coordinator_node]: Received robot state update from robot robot1: {'operational_state': 'idle', 'current_assigned_fragment': None, 'state': {'position': {'x': 8, 'y': 9, 'z': 0.0}, 'docked': False}}
[INFO] [1787855803.589858367] [multi3_coordinator_node]: Received coordination message: {'robot_name': 'robot1', 'completed_fragment': 'fm2-20', 'state': {'position': {'x': 8, 'y': 9, 'z': 0.0}, 'docked': False}}
[INFO] [1787855809.662473091] [multi3_coordinator_node]: Fragment fm2-24 is now executable because all signal messages were received.
[INFO] [1787855809.664622473] [multi3_coordinator_node]: Received coordination message: {'robot_name': 'robot4', 'completed_fragment': 'fm2-23', 'state': {'position': {'x': 12, 'y': 3, 'z': 0.0}, 'docked': False}}
[INFO] [1787855809.665905948] [multi3_coordinator_node]: Received robot state update from robot robot4: {'operational_state': 'idle', 'current_assigned_fragment': None, 'state': {'position': {'x': 12, 'y': 3, 'z': 0.0}, 'docked': False}}
[INFO] [1787855809.666896814] [multi3_coordinator_node]: Received coordination message: {'robot_name': 'robot4', 'completed_task': 'mop(r5)'}
[INFO] [1787855809.775008017] [multi3_coordinator_node]: Fragment fm2-40 is now executable because all signal messages were received.
[INFO] [1787855809.778466665] [multi3_coordinator_node]: Received robot state update from robot robot2: {'operational_state': 'idle', 'current_assigned_fragment': None, 'state': {'position': {'x': 2, 'y': 8, 'z': 0.0}, 'docked': False}}
[INFO] [1787855809.780007950] [multi3_coordinator_node]: Received coordination message: {'robot_name': 'robot2', 'completed_task': 'disinfect(r8)'}
[INFO] [1787855809.781268414] [multi3_coordinator_node]: Received coordination message: {'robot_name': 'robot2', 'completed_fragment': 'fm2-39', 'state': {'position': {'x': 2, 'y': 8, 'z': 0.0}, 'docked': False}}
[INFO] [1787855810.525286985] [multi3_coordinator_node]: Assigned fragment fm2-40 to robot robot1.
[INFO] [1787855810.528590458] [multi3_coordinator_node]: Assigned fragment fm2-24 to robot robot2.
[INFO] [1787855810.558448015] [multi3_coordinator_node]: Received robot state update from robot robot1: {'operational_state': 'working', 'current_assigned_fragment': 'fm2-40', 'state': {'position': {'x': 8, 'y': 9, 'z': 0.0}, 'docked': False}}
[INFO] [1787855810.559446595] [multi3_coordinator_node]: Received robot state update from robot robot2: {'operational_state': 'working', 'current_assigned_fragment': 'fm2-24', 'state': {'position': {'x': 2, 'y': 8, 'z': 0.0}, 'docked': False}}
[INFO] [1787855819.100212240] [multi3_coordinator_node]: Fragment fm2-29 is now executable because all signal messages were received.
[INFO] [1787855819.102735456] [multi3_coordinator_node]: Received coordination message: {'robot_name': 'robot7', 'completed_fragment': 'fm2-28', 'state': {'position': {'x': 6, 'y': 12, 'z': 0.0}, 'docked': False}}
[INFO] [1787855819.103054472] [multi3_coordinator_node]: Received robot state update from robot robot7: {'operational_state': 'idle', 'current_assigned_fragment': None, 'state': {'position': {'x': 6, 'y': 12, 'z': 0.0}, 'docked': False}}
[INFO] [1787855819.104020049] [multi3_coordinator_node]: Received coordination message: {'robot_name': 'robot7', 'completed_task': 'mop(r6)'}
[INFO] [1787855819.523711919] [multi3_coordinator_node]: Assigned fragment fm2-29 to robot robot3.
[INFO] [1787855819.535701575] [multi3_coordinator_node]: Received robot state update from robot robot3: {'operational_state': 'working', 'current_assigned_fragment': 'fm2-29', 'state': {'position': {'x': 9, 'y': 7, 'z': 0.0}, 'docked': False}}
[INFO] [1787855833.082421843] [multi3_coordinator_node]: Received coordination message: {'robot_name': 'robot1', 'completed_fragment': 'fm2-40', 'state': {'position': {'x': 2, 'y': 8, 'z': 0.0}, 'docked': False}}
[INFO] [1787855833.085735465] [multi3_coordinator_node]: Received coordination message: {'robot_name': 'robot1', 'completed_task': 'final_room_check(r8)'}
[INFO] [1787855833.086362217] [multi3_coordinator_node]: Received robot state update from robot robot1: {'operational_state': 'idle', 'current_assigned_fragment': None, 'state': {'position': {'x': 2, 'y': 8, 'z': 0.0}, 'docked': False}}
[INFO] [1787855840.662675990] [multi3_coordinator_node]: Fragment fm2-25 is now executable because all signal messages were received.
[INFO] [1787855840.663700225] [multi3_coordinator_node]: Received coordination message: {'robot_name': 'robot2', 'completed_fragment': 'fm2-24', 'state': {'position': {'x': 12, 'y': 3, 'z': 0.0}, 'docked': False}}
[INFO] [1787855840.664527755] [multi3_coordinator_node]: Received robot state update from robot robot2: {'operational_state': 'idle', 'current_assigned_fragment': None, 'state': {'position': {'x': 12, 'y': 3, 'z': 0.0}, 'docked': False}}
[INFO] [1787855840.666227705] [multi3_coordinator_node]: Received coordination message: {'robot_name': 'robot2', 'completed_task': 'disinfect(r5)'}
[INFO] [1787855841.611343159] [multi3_coordinator_node]: Assigned fragment fm2-25 to robot robot1.
[INFO] [1787855841.677369585] [multi3_coordinator_node]: Received robot state update from robot robot1: {'operational_state': 'working', 'current_assigned_fragment': 'fm2-25', 'state': {'position': {'x': 2, 'y': 8, 'z': 0.0}, 'docked': False}}
[INFO] [1787855842.086803252] [multi3_coordinator_node]: Fragment fm2-30 is now executable because all signal messages were received.
[INFO] [1787855842.087727920] [multi3_coordinator_node]: Received robot state update from robot robot3: {'operational_state': 'idle', 'current_assigned_fragment': None, 'state': {'position': {'x': 6, 'y': 12, 'z': 0.0}, 'docked': False}}
[INFO] [1787855842.089427866] [multi3_coordinator_node]: Received coordination message: {'robot_name': 'robot3', 'completed_fragment': 'fm2-29', 'state': {'position': {'x': 6, 'y': 12, 'z': 0.0}, 'docked': False}}
[INFO] [1787855842.090498361] [multi3_coordinator_node]: Received coordination message: {'robot_name': 'robot3', 'completed_task': 'disinfect(r6)'}
[INFO] [1787855842.517786332] [multi3_coordinator_node]: Assigned fragment fm2-30 to robot robot2.
[INFO] [1787855842.542943012] [multi3_coordinator_node]: Received robot state update from robot robot2: {'operational_state': 'working', 'current_assigned_fragment': 'fm2-30', 'state': {'position': {'x': 12, 'y': 3, 'z': 0.0}, 'docked': False}}
[INFO] [1787855842.956249189] [multi3_coordinator_node]: Received coordination message: {'robot_name': 'robot9', 'completed_fragment': 'fm2-13', 'state': {'position': {'x': 3, 'y': 11, 'z': 0.0}, 'docked': False}}
[INFO] [1787855842.957133135] [multi3_coordinator_node]: Received robot state update from robot robot9: {'operational_state': 'idle', 'current_assigned_fragment': None, 'state': {'position': {'x': 3, 'y': 11, 'z': 0.0}, 'docked': False}}
[INFO] [1787855842.957904116] [multi3_coordinator_node]: Fragment fm2-14 is now executable because all signal messages were received.
[INFO] [1787855842.958550837] [multi3_coordinator_node]: Received coordination message: {'robot_name': 'robot9', 'completed_task': 'mop(r3)'}
[INFO] [1787855843.522734105] [multi3_coordinator_node]: Assigned fragment fm2-14 to robot robot3.
[INFO] [1787855843.553524058] [multi3_coordinator_node]: Received robot state update from robot robot3: {'operational_state': 'working', 'current_assigned_fragment': 'fm2-14', 'state': {'position': {'x': 6, 'y': 12, 'z': 0.0}, 'docked': False}}
[INFO] [1787855863.583828838] [multi3_coordinator_node]: Received robot state update from robot robot2: {'operational_state': 'idle', 'current_assigned_fragment': None, 'state': {'position': {'x': 6, 'y': 12, 'z': 0.0}, 'docked': False}}
[INFO] [1787855863.584540296] [multi3_coordinator_node]: Received coordination message: {'robot_name': 'robot2', 'completed_fragment': 'fm2-30', 'state': {'position': {'x': 6, 'y': 12, 'z': 0.0}, 'docked': False}}
[INFO] [1787855863.585155764] [multi3_coordinator_node]: Received coordination message: {'robot_name': 'robot2', 'completed_task': 'final_room_check(r6)'}
[INFO] [1787855871.229039862] [multi3_coordinator_node]: Received robot state update from robot robot3: {'operational_state': 'idle', 'current_assigned_fragment': None, 'state': {'position': {'x': 3, 'y': 11, 'z': 0.0}, 'docked': False}}
[INFO] [1787855871.232431731] [multi3_coordinator_node]: Received coordination message: {'robot_name': 'robot3', 'completed_fragment': 'fm2-14', 'state': {'position': {'x': 3, 'y': 11, 'z': 0.0}, 'docked': False}}
[INFO] [1787855871.232714269] [multi3_coordinator_node]: Fragment fm2-15 is now executable because all signal messages were received.
[INFO] [1787855871.233974779] [multi3_coordinator_node]: Received coordination message: {'robot_name': 'robot3', 'completed_task': 'disinfect(r3)'}
[INFO] [1787855871.349904023] [multi3_coordinator_node]: Received coordination message: {'robot_name': 'robot1', 'completed_task': 'final_room_check(r5)'}
[INFO] [1787855871.351318057] [multi3_coordinator_node]: Received coordination message: {'robot_name': 'robot1', 'completed_fragment': 'fm2-25', 'state': {'position': {'x': 12, 'y': 3, 'z': 0.0}, 'docked': False}}
[INFO] [1787855871.355017636] [multi3_coordinator_node]: Received robot state update from robot robot1: {'operational_state': 'idle', 'current_assigned_fragment': None, 'state': {'position': {'x': 12, 'y': 3, 'z': 0.0}, 'docked': False}}
[INFO] [1787855871.518618724] [multi3_coordinator_node]: Assigned fragment fm2-15 to robot robot1.
[INFO] [1787855871.543038517] [multi3_coordinator_node]: Received robot state update from robot robot1: {'operational_state': 'working', 'current_assigned_fragment': 'fm2-15', 'state': {'position': {'x': 12, 'y': 3, 'z': 0.0}, 'docked': False}}
[INFO] [1787855902.208292319] [multi3_coordinator_node]: Received coordination message: {'robot_name': 'robot1', 'completed_task': 'final_room_check(r3)'}
[INFO] [1787855902.209393920] [multi3_coordinator_node]: Received coordination message: {'robot_name': 'robot1', 'completed_fragment': 'fm2-15', 'state': {'position': {'x': 3, 'y': 11, 'z': 0.0}, 'docked': False}}
[INFO] [1787855902.209763438] [multi3_coordinator_node]: Received robot state update from robot robot1: {'operational_state': 'idle', 'current_assigned_fragment': None, 'state': {'position': {'x': 3, 'y': 11, 'z': 0.0}, 'docked': False}}
Traceback (most recent call last):
  File "/root/ros2_ws/install/multi3_coordinator/lib/multi3_coordinator/coordinator", line 33, in <module>
    sys.exit(load_entry_point('multi3-coordinator==0.0.0', 'console_scripts', 'coordinator')())
  File "/root/ros2_ws/install/multi3_coordinator/lib/python3.10/site-packages/nodes/coordinator.py", line 371, in main
    rclpy.shutdown()
  File "/opt/ros/humble/local/lib/python3.10/dist-packages/rclpy/__init__.py", line 130, in shutdown
    _shutdown(context=context)
  File "/opt/ros/humble/local/lib/python3.10/dist-packages/rclpy/utilities.py", line 58, in shutdown
    return context.shutdown()
  File "/opt/ros/humble/local/lib/python3.10/dist-packages/rclpy/context.py", line 102, in shutdown
    self.__context.shutdown()
rclpy._rclpy_pybind11.RCLError: failed to shutdown: rcl_shutdown already called on the given context, at ./src/rcl/init.c:241
