[INFO] [1787855649.543430516] [robot2.fragment_exec_node]: Setting up skill: UndockSkill
[INFO] [1787855649.544363118] [robot2.fragment_exec_node]: Setting up skill: NavigateSkill
[INFO] [1787855649.545185527] [robot2.fragment_exec_node]: Setting up skill: CheckRoomSkill
[INFO] [1787855649.545865261] [robot2.fragment_exec_node]: Setting up skill: VacuumSkill
[INFO] [1787855649.546949441] [robot2.fragment_exec_node]: Setting up skill: DisinfectSkill
[INFO] [1787855649.547751663] [robot2.fragment_exec_node]: Setting up skill: CheckRoomSkill
[INFO] [1787855649.556205244] [robot2.fragment_exec_node]: Published robot registration: {'name': 'robot2', 'operational_state': 'idle', 'capabilities': ['undock', 'check_room', 'move_to', 'vacuum', 'disinfect'], 'state': {'position': {'x': 0.0, 'y': 0.0, 'z': 0.0}, 'docked': True}}
[INFO] [1787855673.529617447] [robot2.fragment_exec_node]: Received fragment assignment: {'robot': 'robot2', 'fragment': {'id': 'fm2-36', 'mission': 'm2', 'state': 'assigned', 'wait': [], 'tasks': [{'name': 'check_room', 'label': 'check_room(r8)', 'params': {'x': 2, 'y': 8, 'size': 7}}], 'arrive_timestamp': 1787855665, 'priority': 1, 'segment': 's8'}}
[INFO] [1787855673.539216360] [robot2.fragment_exec_node]: Starting execution of fragment fm2-36...
[INFO] [1787855673.542063616] [robot2.fragment_exec_node]: Executing task check_room(r8). Params: {'x': 2, 'y': 8, 'size': 7}, Virtual state: {'position': {'x': 0.0, 'y': 0.0, 'z': 0.0}, 'docked': True}
[INFO] [1787855673.545600321] [robot2.fragment_exec_node]: EventType: Control (Task: check_room), Activity: undock, Robot: robot2, Mission: m2, Segment: s8, Start: 1787855673.5423825
[INFO] [1787855673.547283837] [robot2.fragment_exec_node]: Simulating undock skill...
[INFO] [1787855677.550942501] [robot2.fragment_exec_node]: Undock completed!
[INFO] [1787855677.552514347] [robot2.fragment_exec_node]: EventType: Control (Task: check_room), Activity: undock, Robot: robot2, Mission: m2, Segment: s8, End: 1787855677.5515366
[INFO] [1787855677.554253238] [robot2.fragment_exec_node]: EventType: Control (Task: check_room), Activity: move_to, Robot: robot2, Mission: m2, Segment: s8, Start: 1787855677.5531368
[INFO] [1787855677.555510228] [robot2.fragment_exec_node]: Simulating navigate skill from position (0.0, 0.0) to (2, 8) (16.492422502470642 seconds)...
[INFO] [1787855694.051645880] [robot2.fragment_exec_node]: Navigation completed!
[INFO] [1787855694.056655346] [robot2.fragment_exec_node]: EventType: Control (Task: check_room), Activity: move_to, Robot: robot2, Mission: m2, Segment: s8, End: 1787855694.054622
[INFO] [1787855694.058485846] [robot2.fragment_exec_node]: EventType: Task, Activity: check_room, Robot: robot2, Mission: m2, Segment: s8, Start: 1787855694.0573747
[INFO] [1787855694.060154813] [robot2.fragment_exec_node]: Simulating check_room skill (10.5s to complete)...
[INFO] [1787855704.562724908] [robot2.fragment_exec_node]: Check room completed!
[INFO] [1787855704.564969680] [robot2.fragment_exec_node]: EventType: Task, Activity: check_room, Robot: robot2, Mission: m2, Segment: s8, End: 1787855704.563513
[INFO] [1787855704.567110820] [robot2.fragment_exec_node]: Execution of fragment fm2-36 completed!
[INFO] [1787855705.526372396] [robot2.fragment_exec_node]: Received fragment assignment: {'robot': 'robot2', 'fragment': {'id': 'fm2-37', 'mission': 'm2', 'state': 'assigned', 'wait': ['check_room(r8)'], 'tasks': [{'name': 'vacuum', 'label': 'vacuum(r8)', 'params': {'x': 2, 'y': 8, 'size': 7}}], 'arrive_timestamp': 1787855665, 'priority': 1, 'segment': 's8'}}
[INFO] [1787855705.528537837] [robot2.fragment_exec_node]: Starting execution of fragment fm2-37...
[INFO] [1787855705.530401578] [robot2.fragment_exec_node]: Waiting for coordination messages before executing fragment fm2-37: ['check_room(r8)']
[INFO] [1787855707.535344000] [robot2.fragment_exec_node]: Executing task vacuum(r8). Params: {'x': 2, 'y': 8, 'size': 7}, Virtual state: {'position': {'x': 2, 'y': 8, 'z': 0.0}, 'docked': False}
[INFO] [1787855707.536512544] [robot2.fragment_exec_node]: EventType: Task, Activity: vacuum, Robot: robot2, Mission: m2, Segment: s8, Start: 1787855707.5358307
[INFO] [1787855707.538341578] [robot2.fragment_exec_node]: Simulating vacuum skill (24.5s to complete)...
[INFO] [1787855732.041184509] [robot2.fragment_exec_node]: Vacuum completed!
[INFO] [1787855732.045561655] [robot2.fragment_exec_node]: EventType: Task, Activity: vacuum, Robot: robot2, Mission: m2, Segment: s8, End: 1787855732.0436437
[INFO] [1787855732.048696778] [robot2.fragment_exec_node]: Execution of fragment fm2-37 completed!
[INFO] [1787855732.533311398] [robot2.fragment_exec_node]: Received fragment assignment: {'robot': 'robot2', 'fragment': {'id': 'fm2-12', 'mission': 'm2', 'state': 'assigned', 'wait': ['check_room(r3)'], 'tasks': [{'name': 'vacuum', 'label': 'vacuum(r3)', 'params': {'x': 3, 'y': 11, 'size': 7}}], 'arrive_timestamp': 1787855665, 'priority': 1, 'segment': 's3'}}
[INFO] [1787855732.535245071] [robot2.fragment_exec_node]: Starting execution of fragment fm2-12...
[INFO] [1787855732.537256821] [robot2.fragment_exec_node]: Executing task vacuum(r3). Params: {'x': 3, 'y': 11, 'size': 7}, Virtual state: {'position': {'x': 2, 'y': 8, 'z': 0.0}, 'docked': False}
[INFO] [1787855732.538569810] [robot2.fragment_exec_node]: EventType: Control (Task: vacuum), Activity: move_to, Robot: robot2, Mission: m2, Segment: s3, Start: 1787855732.537809
[INFO] [1787855732.539612185] [robot2.fragment_exec_node]: Simulating navigate skill from position (2, 8) to (3, 11) (18.110770276274835 seconds)...
[INFO] [1787855750.652046785] [robot2.fragment_exec_node]: Navigation completed!
[INFO] [1787855750.652864479] [robot2.fragment_exec_node]: EventType: Control (Task: vacuum), Activity: move_to, Robot: robot2, Mission: m2, Segment: s3, End: 1787855750.6524963
[INFO] [1787855750.653455794] [robot2.fragment_exec_node]: EventType: Task, Activity: vacuum, Robot: robot2, Mission: m2, Segment: s3, Start: 1787855750.6531408
[INFO] [1787855750.653944648] [robot2.fragment_exec_node]: Simulating vacuum skill (24.5s to complete)...
[INFO] [1787855775.155631107] [robot2.fragment_exec_node]: Vacuum completed!
[INFO] [1787855775.160343093] [robot2.fragment_exec_node]: EventType: Task, Activity: vacuum, Robot: robot2, Mission: m2, Segment: s3, End: 1787855775.1584177
[INFO] [1787855775.164054298] [robot2.fragment_exec_node]: Execution of fragment fm2-12 completed!
[INFO] [1787855783.533911604] [robot2.fragment_exec_node]: Received fragment assignment: {'robot': 'robot2', 'fragment': {'id': 'fm2-39', 'mission': 'm2', 'state': 'assigned', 'wait': ['mop(r8)'], 'tasks': [{'name': 'disinfect', 'label': 'disinfect(r8)', 'params': {'x': 2, 'y': 8, 'size': 7}}], 'arrive_timestamp': 1787855665, 'priority': 1, 'segment': 's8'}}
[INFO] [1787855783.534931282] [robot2.fragment_exec_node]: Starting execution of fragment fm2-39...
[INFO] [1787855783.536219134] [robot2.fragment_exec_node]: Waiting for coordination messages before executing fragment fm2-39: ['mop(r8)']
[INFO] [1787855785.539727196] [robot2.fragment_exec_node]: Executing task disinfect(r8). Params: {'x': 2, 'y': 8, 'size': 7}, Virtual state: {'position': {'x': 3, 'y': 11, 'z': 0.0}, 'docked': False}
[INFO] [1787855785.540527239] [robot2.fragment_exec_node]: EventType: Control (Task: disinfect), Activity: move_to, Robot: robot2, Mission: m2, Segment: s8, Start: 1787855785.540021
[INFO] [1787855785.541111009] [robot2.fragment_exec_node]: Simulating navigate skill from position (3, 11) to (2, 8) (10.198039027185569 seconds)...
[INFO] [1787855795.743006739] [robot2.fragment_exec_node]: Navigation completed!
[INFO] [1787855795.745848269] [robot2.fragment_exec_node]: EventType: Control (Task: disinfect), Activity: move_to, Robot: robot2, Mission: m2, Segment: s8, End: 1787855795.7439392
[INFO] [1787855795.748193953] [robot2.fragment_exec_node]: EventType: Task, Activity: disinfect, Robot: robot2, Mission: m2, Segment: s8, Start: 1787855795.7464836
[INFO] [1787855795.750114448] [robot2.fragment_exec_node]: Simulating disinfect skill (14s to complete)...
[INFO] [1787855809.754037453] [robot2.fragment_exec_node]: Disinfect completed!
[INFO] [1787855809.757309487] [robot2.fragment_exec_node]: EventType: Task, Activity: disinfect, Robot: robot2, Mission: m2, Segment: s8, End: 1787855809.7556822
[INFO] [1787855809.761002875] [robot2.fragment_exec_node]: Execution of fragment fm2-39 completed!
[INFO] [1787855810.536954530] [robot2.fragment_exec_node]: Received fragment assignment: {'robot': 'robot2', 'fragment': {'id': 'fm2-24', 'mission': 'm2', 'state': 'assigned', 'wait': ['mop(r5)'], 'tasks': [{'name': 'disinfect', 'label': 'disinfect(r5)', 'params': {'x': 12, 'y': 3, 'size': 5}}], 'arrive_timestamp': 1787855665, 'priority': 1, 'segment': 's5'}}
[INFO] [1787855810.538036625] [robot2.fragment_exec_node]: Starting execution of fragment fm2-24...
[INFO] [1787855810.539554414] [robot2.fragment_exec_node]: Executing task disinfect(r5). Params: {'x': 12, 'y': 3, 'size': 5}, Virtual state: {'position': {'x': 2, 'y': 8, 'z': 0.0}, 'docked': False}
[INFO] [1787855810.540643730] [robot2.fragment_exec_node]: EventType: Control (Task: disinfect), Activity: move_to, Robot: robot2, Mission: m2, Segment: s5, Start: 1787855810.539944
[INFO] [1787855810.541921727] [robot2.fragment_exec_node]: Simulating navigate skill from position (2, 8) to (12, 3) (20.09975124224178 seconds)...
[INFO] [1787855830.643540680] [robot2.fragment_exec_node]: Navigation completed!
[INFO] [1787855830.648289812] [robot2.fragment_exec_node]: EventType: Control (Task: disinfect), Activity: move_to, Robot: robot2, Mission: m2, Segment: s5, End: 1787855830.6450617
[INFO] [1787855830.649632435] [robot2.fragment_exec_node]: EventType: Task, Activity: disinfect, Robot: robot2, Mission: m2, Segment: s5, Start: 1787855830.648989
[INFO] [1787855830.650210236] [robot2.fragment_exec_node]: Simulating disinfect skill (10s to complete)...
[INFO] [1787855840.651848494] [robot2.fragment_exec_node]: Disinfect completed!
[INFO] [1787855840.652603795] [robot2.fragment_exec_node]: EventType: Task, Activity: disinfect, Robot: robot2, Mission: m2, Segment: s5, End: 1787855840.6521783
[INFO] [1787855840.653479408] [robot2.fragment_exec_node]: Execution of fragment fm2-24 completed!
[INFO] [1787855842.533083153] [robot2.fragment_exec_node]: Received fragment assignment: {'robot': 'robot2', 'fragment': {'id': 'fm2-30', 'mission': 'm2', 'state': 'assigned', 'wait': ['disinfect(r6)'], 'tasks': [{'name': 'final_room_check', 'label': 'final_room_check(r6)', 'params': {'x': 6, 'y': 12, 'size': 6}}], 'arrive_timestamp': 1787855665, 'priority': 1, 'segment': 's6'}}
[INFO] [1787855842.533741083] [robot2.fragment_exec_node]: Starting execution of fragment fm2-30...
[ERROR] [1787855842.534436399] [robot2.fragment_exec_node]: Robot robot2 was assigned a fragment without required capabilities!
[INFO] [1787855842.534981817] [robot2.fragment_exec_node]: Executing task final_room_check(r6). Params: {'x': 6, 'y': 12, 'size': 6}, Virtual state: {'position': {'x': 12, 'y': 3, 'z': 0.0}, 'docked': False}
[INFO] [1787855842.535518935] [robot2.fragment_exec_node]: EventType: Control (Task: final_room_check), Activity: move_to, Robot: robot2, Mission: m2, Segment: s6, Start: 1787855842.5351672
[INFO] [1787855842.535953831] [robot2.fragment_exec_node]: Simulating navigate skill from position (12, 3) to (6, 12) (12.0 seconds)...
[INFO] [1787855854.537238837] [robot2.fragment_exec_node]: Navigation completed!
[INFO] [1787855854.538138183] [robot2.fragment_exec_node]: EventType: Control (Task: final_room_check), Activity: move_to, Robot: robot2, Mission: m2, Segment: s6, End: 1787855854.5375657
[INFO] [1787855854.538971387] [robot2.fragment_exec_node]: EventType: Task, Activity: final_room_check, Robot: robot2, Mission: m2, Segment: s6, Start: 1787855854.5383606
[INFO] [1787855854.539669544] [robot2.fragment_exec_node]: Simulating check_room skill (9.0s to complete)...
[INFO] [1787855863.547590948] [robot2.fragment_exec_node]: Check room completed!
[INFO] [1787855863.548695420] [robot2.fragment_exec_node]: EventType: Task, Activity: final_room_check, Robot: robot2, Mission: m2, Segment: s6, End: 1787855863.5479867
[INFO] [1787855863.551821187] [robot2.fragment_exec_node]: Execution of fragment fm2-30 completed!
Traceback (most recent call last):
  File "/root/ros2_ws/install/multi3_executor/lib/multi3_executor/executor", line 33, in <module>
    sys.exit(load_entry_point('multi3-executor==0.0.0', 'console_scripts', 'executor')())
  File "/root/ros2_ws/install/multi3_executor/lib/python3.10/site-packages/multi3_executor/nodes/executor.py", line 313, in main
    rclpy.shutdown()
  File "/opt/ros/humble/local/lib/python3.10/dist-packages/rclpy/__init__.py", line 130, in shutdown
    _shutdown(context=context)
  File "/opt/ros/humble/local/lib/python3.10/dist-packages/rclpy/utilities.py", line 58, in shutdown
    return context.shutdown()
  File "/opt/ros/humble/local/lib/python3.10/dist-packages/rclpy/context.py", line 102, in shutdown
    self.__context.shutdown()
rclpy._rclpy_pybind11.RCLError: failed to shutdown: rcl_shutdown already called on the given context, at ./src/rcl/init.c:241
