[INFO] [1787689628.432722001] [robot3.fragment_exec_node]: Setting up skill: PickSkill
[INFO] [1787689628.434018144] [robot3.fragment_exec_node]: Setting up skill: ScanSkill
[INFO] [1787689628.434800327] [robot3.fragment_exec_node]: Setting up skill: NavigateSkill
[INFO] [1787689628.435392169] [robot3.fragment_exec_node]: Setting up skill: NavigateSkill
[INFO] [1787689628.436297059] [robot3.fragment_exec_node]: Setting up skill: DockSkill
[INFO] [1787689628.436977771] [robot3.fragment_exec_node]: Setting up skill: UndockSkill
[INFO] [1787689628.437557389] [robot3.fragment_exec_node]: Setting up skill: PackSkill
[INFO] [1787689628.445319977] [robot3.fragment_exec_node]: Published robot registration: {'name': 'robot3', 'operational_state': 'idle', 'capabilities': ['pick', 'scan', 'transport', 'pack'], 'state': {'position': {'x': 0.0, 'y': 0.0, 'z': 0.0}, 'docked': True, 'battery': 100.0, 'conditions': []}}
[INFO] [1787689633.779487165] [robot3.fragment_exec_node]: Received fragment: {'robot': 'robot2', 'fragment': {'id': 'f2-1', 'mission': 'm2', 'state': 'assigned', 'wait': [], 'tasks': [{'name': 'pick', 'params': {'weight': 5, 'x': 2, 'y': 3}}], 'arrive_timestamp': 1787689630, 'priority': 1, 'segment': 's1', 'preconditions': [], 'postconditions': ['picked-o1-2']}}
[INFO] [1787689633.782773631] [robot3.fragment_exec_node]: Received fragment: {'robot': 'robot3', 'fragment': {'id': 'f1-1', 'mission': 'm1', 'state': 'assigned', 'wait': [], 'tasks': [{'name': 'pick', 'params': {'x': 5, 'y': 8, 'weight': 8}}], 'arrive_timestamp': 1787689629, 'priority': 1, 'segment': 's1', 'preconditions': [], 'postconditions': ['picked-o1-1']}}
[INFO] [1787689633.785230697] [robot3.fragment_exec_node]: Received fragment: {'robot': 'robot1', 'fragment': {'id': 'f2-4', 'mission': 'm2', 'state': 'assigned', 'wait': [], 'tasks': [{'name': 'pick', 'params': {'weight': 7, 'x': 9, 'y': 5}}], 'arrive_timestamp': 1787689630, 'priority': 1, 'segment': 's2', 'preconditions': [], 'postconditions': ['picked-o2-2']}}
[INFO] [1787689633.786658559] [robot3.fragment_exec_node]: Received fragment assignment: f1-1. Starting execution.
[INFO] [1787689633.788504270] [robot3.fragment_exec_node]: Executing task pick. Params: {'x': 5, 'y': 8, 'weight': 8}, Virtual state: {'position': {'x': 0.0, 'y': 0.0, 'z': 0.0}, 'docked': True, 'battery': 100.0, 'conditions': []}
[INFO] [1787689633.790109566] [robot3.fragment_exec_node]: EventType: Control (Task: pick), Activity: undock, Robot: robot3, Mission: m1, Segment: s1, Start: 15650.68121063
[INFO] [1787689633.791609845] [robot3.fragment_exec_node]: Simulating undock skill...
[INFO] [1787689637.795475412] [robot3.fragment_exec_node]: Undock completed!
[INFO] [1787689637.798425011] [robot3.fragment_exec_node]: EventType: Control (Task: pick), Activity: undock, Robot: robot3, Mission: m1, Segment: s1, End: 15654.688402425
[INFO] [1787689637.799860502] [robot3.fragment_exec_node]: EventType: Control (Task: pick), Activity: navigate, Robot: robot3, Mission: m1, Segment: s1, Start: 15654.691038681
[INFO] [1787689637.801352276] [robot3.fragment_exec_node]: Simulating navigate skill from position (0.0, 0.0) to (5, 8) (18.867962264113206 seconds)...
[INFO] [1787689650.798450663] [robot3.fragment_exec_node]: Received fragment: {'robot': 'robot2', 'fragment': {'id': 'f2-2', 'mission': 'm2', 'state': 'assigned', 'wait': ['m2/s1/pick'], 'tasks': [{'name': 'scan', 'params': {'x': 2, 'y': 3}}], 'arrive_timestamp': 1787689630, 'priority': 1, 'segment': 's1', 'preconditions': [], 'postconditions': []}}
[INFO] [1787689656.673027505] [robot3.fragment_exec_node]: Navigation completed!
[INFO] [1787689656.675626071] [robot3.fragment_exec_node]: EventType: Control (Task: pick), Activity: navigate, Robot: robot3, Mission: m1, Segment: s1, End: 15673.566499495
[INFO] [1787689656.677353380] [robot3.fragment_exec_node]: EventType: Task, Activity: pick, Robot: robot3, Mission: m1, Segment: s1, Start: 15673.568606378
[INFO] [1787689656.679098463] [robot3.fragment_exec_node]: Simulating pick skill...
[INFO] [1787689656.780088487] [robot3.fragment_exec_node]: Received fragment: {'robot': 'robot2', 'fragment': {'id': 'f2-3', 'mission': 'm2', 'state': 'assigned', 'wait': ['m2/s1/scan'], 'tasks': [{'name': 'transport', 'params': {'x': 11, 'y': 6}}], 'arrive_timestamp': 1787689630, 'priority': 1, 'segment': 's1', 'preconditions': [], 'postconditions': []}}
[INFO] [1787689664.683201807] [robot3.fragment_exec_node]: Pick completed!
[INFO] [1787689664.685851033] [robot3.fragment_exec_node]: EventType: Task, Activity: pick, Robot: robot3, Mission: m1, Segment: s1, End: 15681.576659175
[INFO] [1787689664.688458236] [robot3.fragment_exec_node]: Execution of fragment f1-1 completed!
[INFO] [1787689664.772179111] [robot3.fragment_exec_node]: Received fragment: {'robot': 'robot3', 'fragment': {'id': 'f1-2', 'mission': 'm1', 'state': 'assigned', 'wait': ['m1/s1/pick'], 'tasks': [{'name': 'scan', 'params': {'x': 5, 'y': 8}}], 'arrive_timestamp': 1787689629, 'priority': 1, 'segment': 's1', 'preconditions': [], 'postconditions': []}}
[INFO] [1787689664.773509645] [robot3.fragment_exec_node]: Received fragment assignment: f1-2. Starting execution.
[INFO] [1787689664.775190866] [robot3.fragment_exec_node]: Waiting for coordination messages before executing fragment f1-2: ['m1/s1/pick']
[INFO] [1787689665.825837038] [robot3.fragment_exec_node]: Received fragment: {'robot': 'robot1', 'fragment': {'id': 'f2-5', 'mission': 'm2', 'state': 'assigned', 'wait': ['m2/s2/pick'], 'tasks': [{'name': 'scan', 'params': {'x': 9, 'y': 5}}], 'arrive_timestamp': 1787689630, 'priority': 1, 'segment': 's2', 'preconditions': [], 'postconditions': []}}
[INFO] [1787689666.778311595] [robot3.fragment_exec_node]: Executing task scan. Params: {'x': 5, 'y': 8}, Virtual state: {'position': {'x': 5, 'y': 8, 'z': 0.0}, 'docked': False, 'battery': 100.0, 'conditions': ['picked-o1-1']}
[INFO] [1787689666.780749119] [robot3.fragment_exec_node]: EventType: Task, Activity: scan, Robot: robot3, Mission: m1, Segment: s1, Start: 15683.671797405
[INFO] [1787689666.782452255] [robot3.fragment_exec_node]: Simulating scan skill...
[INFO] [1787689669.784454600] [robot3.fragment_exec_node]: Scan completed!
[INFO] [1787689669.785408414] [robot3.fragment_exec_node]: EventType: Task, Activity: scan, Robot: robot3, Mission: m1, Segment: s1, End: 15686.677341843
[INFO] [1787689669.786573606] [robot3.fragment_exec_node]: Execution of fragment f1-2 completed!
[INFO] [1787689670.773064419] [robot3.fragment_exec_node]: Received fragment: {'robot': 'robot3', 'fragment': {'id': 'f1-3', 'mission': 'm1', 'state': 'assigned', 'wait': ['m1/s1/scan'], 'tasks': [{'name': 'transport', 'params': {'x': 11, 'y': 6}}], 'arrive_timestamp': 1787689629, 'priority': 1, 'segment': 's1', 'preconditions': ['picked-o1-1'], 'postconditions': []}}
[INFO] [1787689670.773966505] [robot3.fragment_exec_node]: Received fragment assignment: f1-3. Starting execution.
[INFO] [1787689670.775300559] [robot3.fragment_exec_node]: Waiting for coordination messages before executing fragment f1-3: ['m1/s1/scan']
[INFO] [1787689671.769280672] [robot3.fragment_exec_node]: Received fragment: {'robot': 'robot1', 'fragment': {'id': 'f2-6', 'mission': 'm2', 'state': 'assigned', 'wait': ['m2/s2/scan'], 'tasks': [{'name': 'transport', 'params': {'x': 11, 'y': 6}}], 'arrive_timestamp': 1787689630, 'priority': 1, 'segment': 's2', 'preconditions': ['picked-o2-2'], 'postconditions': []}}
[INFO] [1787689672.781397045] [robot3.fragment_exec_node]: Executing task transport. Params: {'x': 11, 'y': 6}, Virtual state: {'position': {'x': 5, 'y': 8, 'z': 0.0}, 'docked': False, 'battery': 100.0, 'conditions': ['picked-o1-1']}
[INFO] [1787689672.784287157] [robot3.fragment_exec_node]: EventType: Control (Task: transport), Activity: navigate, Robot: robot3, Mission: m1, Segment: s1, Start: 15689.674797432
[INFO] [1787689672.786269715] [robot3.fragment_exec_node]: Simulating navigate skill from position (5, 8) to (11, 6) (12.165525060596439 seconds)...
[INFO] [1787689684.955499754] [robot3.fragment_exec_node]: Navigation completed!
[INFO] [1787689684.957556869] [robot3.fragment_exec_node]: EventType: Control (Task: transport), Activity: navigate, Robot: robot3, Mission: m1, Segment: s1, End: 15701.849356888
[INFO] [1787689684.959946319] [robot3.fragment_exec_node]: EventType: Task, Activity: transport, Robot: robot3, Mission: m1, Segment: s1, Start: 15701.851699442
[INFO] [1787689684.961487633] [robot3.fragment_exec_node]: Simulating navigate skill from position (11, 6) to (11, 6) (10.0 seconds)...
[INFO] [1787689688.768384302] [robot3.fragment_exec_node]: Received fragment: {'robot': 'robot2', 'fragment': {'id': 'f3-1', 'mission': 'm3', 'state': 'assigned', 'wait': [], 'tasks': [{'name': 'pick', 'params': {'weight': 3, 'x': 7, 'y': 3}}], 'arrive_timestamp': 1787689631, 'priority': 1, 'segment': 's1', 'preconditions': [], 'postconditions': ['picked-o1-3']}}
[INFO] [1787689689.768551268] [robot3.fragment_exec_node]: Received fragment: {'robot': 'robot1', 'fragment': {'id': 'f2-7', 'mission': 'm2', 'state': 'assigned', 'wait': ['m2/s1/transport', 'm2/s2/transport'], 'tasks': [{'name': 'pack', 'params': {'x': 11, 'y': 6, 'items': 2}}], 'arrive_timestamp': 1787689630, 'priority': 1, 'segment': '', 'preconditions': [], 'postconditions': []}}
[INFO] [1787689694.965655280] [robot3.fragment_exec_node]: Navigation completed!
[INFO] [1787689694.968283147] [robot3.fragment_exec_node]: EventType: Task, Activity: transport, Robot: robot3, Mission: m1, Segment: s1, End: 15711.859585197
[INFO] [1787689694.971207428] [robot3.fragment_exec_node]: Execution of fragment f1-3 completed!
[INFO] [1787689695.776033132] [robot3.fragment_exec_node]: Received fragment: {'robot': 'robot3', 'fragment': {'id': 'f1-4', 'mission': 'm1', 'state': 'assigned', 'wait': ['m1/s1/transport'], 'tasks': [{'name': 'pack', 'params': {'x': 11, 'y': 6, 'items': 1}}], 'arrive_timestamp': 1787689629, 'priority': 1, 'segment': '', 'preconditions': [], 'postconditions': []}}
[INFO] [1787689695.777136787] [robot3.fragment_exec_node]: Received fragment assignment: f1-4. Starting execution.
[INFO] [1787689695.778622823] [robot3.fragment_exec_node]: Executing task pack. Params: {'x': 11, 'y': 6, 'items': 1}, Virtual state: {'position': {'x': 11, 'y': 6, 'z': 0.0}, 'docked': False, 'battery': 100.0, 'conditions': ['picked-o1-1']}
[INFO] [1787689695.779891977] [robot3.fragment_exec_node]: EventType: Task, Activity: pack, Robot: robot3, Mission: m1, Segment: , Start: 15712.67197356
[INFO] [1787689695.780846849] [robot3.fragment_exec_node]: Simulating pack skill...
[INFO] [1787689701.784876667] [robot3.fragment_exec_node]: Packing completed!
[INFO] [1787689701.787297794] [robot3.fragment_exec_node]: EventType: Task, Activity: pack, Robot: robot3, Mission: m1, Segment: , End: 15718.67884061
[INFO] [1787689701.790824693] [robot3.fragment_exec_node]: Execution of fragment f1-4 completed!
[INFO] [1787689702.766466636] [robot3.fragment_exec_node]: Received fragment: {'robot': 'robot3', 'fragment': {'id': 'f3-4', 'mission': 'm3', 'state': 'assigned', 'wait': [], 'tasks': [{'name': 'pick', 'params': {'weight': 5, 'x': 2, 'y': 3}}], 'arrive_timestamp': 1787689631, 'priority': 1, 'segment': 's2', 'preconditions': [], 'postconditions': ['picked-o2-3']}}
[INFO] [1787689702.768031989] [robot3.fragment_exec_node]: Received fragment assignment: f3-4. Starting execution.
[INFO] [1787689702.770095839] [robot3.fragment_exec_node]: Executing task pick. Params: {'weight': 5, 'x': 2, 'y': 3}, Virtual state: {'position': {'x': 11, 'y': 6, 'z': 0.0}, 'docked': False, 'battery': 100.0, 'conditions': ['picked-o1-1']}
[INFO] [1787689702.771619198] [robot3.fragment_exec_node]: EventType: Control (Task: pick), Activity: navigate, Robot: robot3, Mission: m3, Segment: s2, Start: 15719.663548405
[INFO] [1787689702.773054614] [robot3.fragment_exec_node]: Simulating navigate skill from position (11, 6) to (2, 3) (24.08318915758459 seconds)...
[INFO] [1787689704.776915536] [robot3.fragment_exec_node]: Received fragment: {'robot': 'robot1', 'fragment': {'id': 'f3-7', 'mission': 'm3', 'state': 'assigned', 'wait': [], 'tasks': [{'name': 'pick', 'params': {'weight': 2, 'x': 1, 'y': 9}}], 'arrive_timestamp': 1787689631, 'priority': 1, 'segment': 's3', 'preconditions': [], 'postconditions': ['picked-o3-3']}}
[INFO] [1787689709.772970543] [robot3.fragment_exec_node]: Received fragment: {'robot': 'robot2', 'fragment': {'id': 'f3-2', 'mission': 'm3', 'state': 'assigned', 'wait': ['m3/s1/pick'], 'tasks': [{'name': 'scan', 'params': {'x': 7, 'y': 3}}], 'arrive_timestamp': 1787689631, 'priority': 1, 'segment': 's1', 'preconditions': [], 'postconditions': []}}
[INFO] [1787689715.767780753] [robot3.fragment_exec_node]: Received fragment: {'robot': 'robot2', 'fragment': {'id': 'f3-3', 'mission': 'm3', 'state': 'assigned', 'wait': ['m3/s1/scan'], 'tasks': [{'name': 'transport', 'params': {'x': 11, 'y': 6}}], 'arrive_timestamp': 1787689631, 'priority': 1, 'segment': 's1', 'preconditions': ['picked-o1-3'], 'postconditions': []}}
[INFO] [1787689726.857817197] [robot3.fragment_exec_node]: Navigation completed!
[INFO] [1787689726.858669884] [robot3.fragment_exec_node]: EventType: Control (Task: pick), Activity: navigate, Robot: robot3, Mission: m3, Segment: s2, End: 15743.751052876
[INFO] [1787689726.859243954] [robot3.fragment_exec_node]: EventType: Task, Activity: pick, Robot: robot3, Mission: m3, Segment: s2, Start: 15743.751793448
[INFO] [1787689726.859818461] [robot3.fragment_exec_node]: Simulating pick skill...
[INFO] [1787689727.775701416] [robot3.fragment_exec_node]: Received fragment: {'robot': 'robot1', 'fragment': {'id': 'f3-8', 'mission': 'm3', 'state': 'assigned', 'wait': ['m3/s3/pick'], 'tasks': [{'name': 'scan', 'params': {'x': 1, 'y': 9}}], 'arrive_timestamp': 1787689631, 'priority': 1, 'segment': 's3', 'preconditions': [], 'postconditions': []}}
[INFO] [1787689731.863063985] [robot3.fragment_exec_node]: Pick completed!
[INFO] [1787689731.865684180] [robot3.fragment_exec_node]: EventType: Task, Activity: pick, Robot: robot3, Mission: m3, Segment: s2, End: 15748.757040073
[INFO] [1787689731.868058659] [robot3.fragment_exec_node]: Execution of fragment f3-4 completed!
[INFO] [1787689732.775056235] [robot3.fragment_exec_node]: Received fragment: {'robot': 'robot3', 'fragment': {'id': 'f3-5', 'mission': 'm3', 'state': 'assigned', 'wait': ['m3/s2/pick'], 'tasks': [{'name': 'scan', 'params': {'x': 2, 'y': 3}}], 'arrive_timestamp': 1787689631, 'priority': 1, 'segment': 's2', 'preconditions': [], 'postconditions': []}}
[INFO] [1787689732.776684482] [robot3.fragment_exec_node]: Received fragment assignment: f3-5. Starting execution.
[INFO] [1787689732.778098846] [robot3.fragment_exec_node]: Waiting for coordination messages before executing fragment f3-5: ['m3/s2/pick']
[INFO] [1787689733.778953734] [robot3.fragment_exec_node]: Received fragment: {'robot': 'robot1', 'fragment': {'id': 'f3-9', 'mission': 'm3', 'state': 'assigned', 'wait': ['m3/s3/scan'], 'tasks': [{'name': 'transport', 'params': {'x': 11, 'y': 6}}], 'arrive_timestamp': 1787689631, 'priority': 1, 'segment': 's3', 'preconditions': ['picked-o3-3'], 'postconditions': []}}
[INFO] [1787689734.768552960] [robot3.fragment_exec_node]: Received fragment: {'robot': 'robot2', 'fragment': {'id': 'f4-1', 'mission': 'm4', 'state': 'assigned', 'wait': [], 'tasks': [{'name': 'pick', 'params': {'weight': 5, 'x': 2, 'y': 8}}], 'arrive_timestamp': 1787689632, 'priority': 1, 'segment': 's1', 'preconditions': [], 'postconditions': ['picked-o1-4']}}
[INFO] [1787689734.781868326] [robot3.fragment_exec_node]: Executing task scan. Params: {'x': 2, 'y': 3}, Virtual state: {'position': {'x': 2, 'y': 3, 'z': 0.0}, 'docked': False, 'battery': 100.0, 'conditions': ['picked-o1-1', 'picked-o2-3']}
[INFO] [1787689734.782715431] [robot3.fragment_exec_node]: EventType: Task, Activity: scan, Robot: robot3, Mission: m3, Segment: s2, Start: 15751.675095232
[INFO] [1787689734.783678482] [robot3.fragment_exec_node]: Simulating scan skill...
[INFO] [1787689737.786964211] [robot3.fragment_exec_node]: Scan completed!
[INFO] [1787689737.790589579] [robot3.fragment_exec_node]: EventType: Task, Activity: scan, Robot: robot3, Mission: m3, Segment: s2, End: 15754.680964539
[INFO] [1787689737.793031349] [robot3.fragment_exec_node]: Execution of fragment f3-5 completed!
[INFO] [1787689738.766380293] [robot3.fragment_exec_node]: Received fragment: {'robot': 'robot3', 'fragment': {'id': 'f3-6', 'mission': 'm3', 'state': 'assigned', 'wait': ['m3/s2/scan'], 'tasks': [{'name': 'transport', 'params': {'x': 11, 'y': 6}}], 'arrive_timestamp': 1787689631, 'priority': 1, 'segment': 's2', 'preconditions': ['picked-o2-3'], 'postconditions': []}}
[INFO] [1787689738.768068651] [robot3.fragment_exec_node]: Received fragment assignment: f3-6. Starting execution.
[INFO] [1787689738.769890669] [robot3.fragment_exec_node]: Waiting for coordination messages before executing fragment f3-6: ['m3/s2/scan']
[INFO] [1787689740.776421121] [robot3.fragment_exec_node]: Executing task transport. Params: {'x': 11, 'y': 6}, Virtual state: {'position': {'x': 2, 'y': 3, 'z': 0.0}, 'docked': False, 'battery': 100.0, 'conditions': ['picked-o1-1', 'picked-o2-3']}
[INFO] [1787689740.779442652] [robot3.fragment_exec_node]: EventType: Control (Task: transport), Activity: navigate, Robot: robot3, Mission: m3, Segment: s2, Start: 15757.670907918
[INFO] [1787689740.781728027] [robot3.fragment_exec_node]: Simulating navigate skill from position (2, 3) to (11, 6) (19.697715603592208 seconds)...
[INFO] [1787689759.772566931] [robot3.fragment_exec_node]: Received fragment: {'robot': 'robot2', 'fragment': {'id': 'f4-2', 'mission': 'm4', 'state': 'assigned', 'wait': ['m4/s1/pick'], 'tasks': [{'name': 'scan', 'params': {'x': 2, 'y': 8}}], 'arrive_timestamp': 1787689632, 'priority': 1, 'segment': 's1', 'preconditions': [], 'postconditions': []}}
[INFO] [1787689760.483725641] [robot3.fragment_exec_node]: Navigation completed!
[INFO] [1787689760.486255007] [robot3.fragment_exec_node]: EventType: Control (Task: transport), Activity: navigate, Robot: robot3, Mission: m3, Segment: s2, End: 15777.378370385
[INFO] [1787689760.487972531] [robot3.fragment_exec_node]: EventType: Task, Activity: transport, Robot: robot3, Mission: m3, Segment: s2, Start: 15777.380228749
[INFO] [1787689760.489771904] [robot3.fragment_exec_node]: Simulating navigate skill from position (11, 6) to (11, 6) (10.0 seconds)...
[INFO] [1787689763.771392325] [robot3.fragment_exec_node]: Received fragment: {'robot': 'robot2', 'fragment': {'id': 'f4-3', 'mission': 'm4', 'state': 'assigned', 'wait': ['m4/s1/scan'], 'tasks': [{'name': 'transport', 'params': {'x': 11, 'y': 6}}], 'arrive_timestamp': 1787689632, 'priority': 1, 'segment': 's1', 'preconditions': ['picked-o1-4'], 'postconditions': []}}
[INFO] [1787689766.773374204] [robot3.fragment_exec_node]: Received fragment: {'robot': 'robot1', 'fragment': {'id': 'f4-4', 'mission': 'm4', 'state': 'assigned', 'wait': [], 'tasks': [{'name': 'pick', 'params': {'weight': 7, 'x': 10, 'y': 4}}], 'arrive_timestamp': 1787689632, 'priority': 1, 'segment': 's2', 'preconditions': [], 'postconditions': ['picked-o2-4']}}
[INFO] [1787689770.493432693] [robot3.fragment_exec_node]: Navigation completed!
[INFO] [1787689770.496410812] [robot3.fragment_exec_node]: EventType: Task, Activity: transport, Robot: robot3, Mission: m3, Segment: s2, End: 15787.387920249
[INFO] [1787689770.498723908] [robot3.fragment_exec_node]: Execution of fragment f3-6 completed!
[INFO] [1787689770.779703223] [robot3.fragment_exec_node]: Received fragment: {'robot': 'robot3', 'fragment': {'id': 'f3-10', 'mission': 'm3', 'state': 'assigned', 'wait': ['m3/s1/transport', 'm3/s2/transport', 'm3/s3/transport'], 'tasks': [{'name': 'pack', 'params': {'x': 2, 'y': 3, 'items': 3}}], 'arrive_timestamp': 1787689631, 'priority': 1, 'segment': '', 'preconditions': [], 'postconditions': []}}
[INFO] [1787689770.780406356] [robot3.fragment_exec_node]: Received fragment assignment: f3-10. Starting execution.
[INFO] [1787689770.781309846] [robot3.fragment_exec_node]: Waiting for coordination messages before executing fragment f3-10: ['m3/s1/transport', 'm3/s2/transport', 'm3/s3/transport']
[INFO] [1787689772.786157122] [robot3.fragment_exec_node]: Executing task pack. Params: {'x': 2, 'y': 3, 'items': 3}, Virtual state: {'position': {'x': 11, 'y': 6, 'z': 0.0}, 'docked': False, 'battery': 100.0, 'conditions': ['picked-o1-1', 'picked-o2-3']}
[INFO] [1787689772.789963777] [robot3.fragment_exec_node]: EventType: Control (Task: pack), Activity: navigate, Robot: robot3, Mission: m3, Segment: , Start: 15789.681339738
[INFO] [1787689772.792146063] [robot3.fragment_exec_node]: Simulating navigate skill from position (11, 6) to (2, 3) (24.08318915758459 seconds)...
[INFO] [1787689788.771659462] [robot3.fragment_exec_node]: Received fragment: {'robot': 'robot1', 'fragment': {'id': 'f4-5', 'mission': 'm4', 'state': 'assigned', 'wait': ['m4/s2/pick'], 'tasks': [{'name': 'scan', 'params': {'x': 10, 'y': 4}}], 'arrive_timestamp': 1787689632, 'priority': 1, 'segment': 's2', 'preconditions': [], 'postconditions': []}}
[INFO] [1787689793.770181557] [robot3.fragment_exec_node]: Received fragment: {'robot': 'robot2', 'fragment': {'id': 'f4-7', 'mission': 'm4', 'state': 'assigned', 'wait': [], 'tasks': [{'name': 'pick', 'params': {'weight': 2, 'x': 9, 'y': 1}}], 'arrive_timestamp': 1787689632, 'priority': 1, 'segment': 's3', 'preconditions': [], 'postconditions': ['picked-o3-4']}}
[INFO] [1787689794.768621855] [robot3.fragment_exec_node]: Received fragment: {'robot': 'robot1', 'fragment': {'id': 'f4-6', 'mission': 'm4', 'state': 'assigned', 'wait': ['m4/s2/scan'], 'tasks': [{'name': 'transport', 'params': {'x': 11, 'y': 6}}], 'arrive_timestamp': 1787689632, 'priority': 1, 'segment': 's2', 'preconditions': ['picked-o2-4'], 'postconditions': []}}
[INFO] [1787689796.879475782] [robot3.fragment_exec_node]: Navigation completed!
[INFO] [1787689796.882461450] [robot3.fragment_exec_node]: EventType: Control (Task: pack), Activity: navigate, Robot: robot3, Mission: m3, Segment: , End: 15813.773979571
[INFO] [1787689796.884186378] [robot3.fragment_exec_node]: EventType: Task, Activity: pack, Robot: robot3, Mission: m3, Segment: , Start: 15813.776438551
[INFO] [1787689796.885733281] [robot3.fragment_exec_node]: Simulating pack skill...
[INFO] [1787689814.888827888] [robot3.fragment_exec_node]: Packing completed!
[INFO] [1787689814.891099219] [robot3.fragment_exec_node]: EventType: Task, Activity: pack, Robot: robot3, Mission: m3, Segment: , End: 15831.78336346
[INFO] [1787689814.893459625] [robot3.fragment_exec_node]: Execution of fragment f3-10 completed!
[INFO] [1787689815.768979727] [robot3.fragment_exec_node]: Received fragment: {'robot': 'robot3', 'fragment': {'id': "f4-10'", 'mission': 'm4', 'state': 'assigned', 'wait': [], 'tasks': [{'name': 'pick', 'params': {'weight': 1, 'x': 2, 'y': 4}}], 'arrive_timestamp': 1787689632, 'priority': 1, 'segment': 's4', 'preconditions': [], 'postconditions': ['picked-o4-4']}}
[INFO] [1787689815.770417948] [robot3.fragment_exec_node]: Received fragment assignment: f4-10'. Starting execution.
[INFO] [1787689815.772050076] [robot3.fragment_exec_node]: Executing task pick. Params: {'weight': 1, 'x': 2, 'y': 4}, Virtual state: {'position': {'x': 2, 'y': 3, 'z': 0.0}, 'docked': False, 'battery': 100.0, 'conditions': ['picked-o1-1', 'picked-o2-3']}
[INFO] [1787689815.773353922] [robot3.fragment_exec_node]: EventType: Control (Task: pick), Activity: navigate, Robot: robot3, Mission: m4, Segment: s4, Start: 15832.666137999
[INFO] [1787689815.774983806] [robot3.fragment_exec_node]: Simulating navigate skill from position (2, 3) to (2, 4) (4.0 seconds)...
[INFO] [1787689816.766440563] [robot3.fragment_exec_node]: Received fragment: {'robot': 'robot2', 'fragment': {'id': 'f4-8', 'mission': 'm4', 'state': 'assigned', 'wait': ['m4/s3/pick'], 'tasks': [{'name': 'scan', 'params': {'x': 9, 'y': 1}}], 'arrive_timestamp': 1787689632, 'priority': 1, 'segment': 's3', 'preconditions': [], 'postconditions': []}}
[INFO] [1787689819.778480927] [robot3.fragment_exec_node]: Navigation completed!
[INFO] [1787689819.781194263] [robot3.fragment_exec_node]: EventType: Control (Task: pick), Activity: navigate, Robot: robot3, Mission: m4, Segment: s4, End: 15836.673364625
[INFO] [1787689819.783114795] [robot3.fragment_exec_node]: EventType: Task, Activity: pick, Robot: robot3, Mission: m4, Segment: s4, Start: 15836.675477927
[INFO] [1787689819.785287858] [robot3.fragment_exec_node]: Simulating pick skill...
[INFO] [1787689820.787615248] [robot3.fragment_exec_node]: Pick completed!
[INFO] [1787689820.789102096] [robot3.fragment_exec_node]: EventType: Task, Activity: pick, Robot: robot3, Mission: m4, Segment: s4, End: 15837.68165455
[INFO] [1787689820.790584908] [robot3.fragment_exec_node]: Execution of fragment f4-10' completed!
[INFO] [1787689821.767503881] [robot3.fragment_exec_node]: Received fragment: {'robot': 'robot3', 'fragment': {'id': 'f4-11', 'mission': 'm4', 'state': 'assigned', 'wait': ['m4/s4/pick'], 'tasks': [{'name': 'scan', 'params': {'x': 2, 'y': 4}}], 'arrive_timestamp': 1787689632, 'priority': 1, 'segment': 's4', 'preconditions': [], 'postconditions': []}}
[INFO] [1787689821.769220820] [robot3.fragment_exec_node]: Received fragment assignment: f4-11. Starting execution.
[INFO] [1787689821.771302540] [robot3.fragment_exec_node]: Executing task scan. Params: {'x': 2, 'y': 4}, Virtual state: {'position': {'x': 2, 'y': 4, 'z': 0.0}, 'docked': False, 'battery': 100.0, 'conditions': ['picked-o1-1', 'picked-o2-3', 'picked-o4-4']}
[INFO] [1787689821.772864056] [robot3.fragment_exec_node]: EventType: Task, Activity: scan, Robot: robot3, Mission: m4, Segment: s4, Start: 15838.665501431
[INFO] [1787689821.774215180] [robot3.fragment_exec_node]: Simulating scan skill...
[INFO] [1787689822.781139210] [robot3.fragment_exec_node]: Received fragment: {'robot': 'robot2', 'fragment': {'id': 'f4-9', 'mission': 'm4', 'state': 'assigned', 'wait': ['m4/s3/scan'], 'tasks': [{'name': 'transport', 'params': {'x': 11, 'y': 6}}], 'arrive_timestamp': 1787689632, 'priority': 1, 'segment': 's3', 'preconditions': ['picked-o3-4'], 'postconditions': []}}
[INFO] [1787689824.778398414] [robot3.fragment_exec_node]: Scan completed!
[INFO] [1787689824.781113394] [robot3.fragment_exec_node]: EventType: Task, Activity: scan, Robot: robot3, Mission: m4, Segment: s4, End: 15841.673008964
[INFO] [1787689824.783735662] [robot3.fragment_exec_node]: Execution of fragment f4-11 completed!
[INFO] [1787689825.766177876] [robot3.fragment_exec_node]: Received fragment: {'robot': 'robot3', 'fragment': {'id': 'f4-12', 'mission': 'm4', 'state': 'assigned', 'wait': ['m4/s4/scan'], 'tasks': [{'name': 'transport', 'params': {'x': 11, 'y': 6}}], 'arrive_timestamp': 1787689632, 'priority': 1, 'segment': 's4', 'preconditions': ['picked-o4-4'], 'postconditions': []}}
[INFO] [1787689825.766944942] [robot3.fragment_exec_node]: Received fragment assignment: f4-12. Starting execution.
[INFO] [1787689825.767821621] [robot3.fragment_exec_node]: Executing task transport. Params: {'x': 11, 'y': 6}, Virtual state: {'position': {'x': 2, 'y': 4, 'z': 0.0}, 'docked': False, 'battery': 100.0, 'conditions': ['picked-o1-1', 'picked-o2-3', 'picked-o4-4']}
[INFO] [1787689825.768522386] [robot3.fragment_exec_node]: EventType: Control (Task: transport), Activity: navigate, Robot: robot3, Mission: m4, Segment: s4, Start: 15842.661671276
[INFO] [1787689825.769191593] [robot3.fragment_exec_node]: Simulating navigate skill from position (2, 4) to (11, 6) (19.697715603592208 seconds)...
[INFO] [1787689845.469242568] [robot3.fragment_exec_node]: Navigation completed!
[INFO] [1787689845.472628149] [robot3.fragment_exec_node]: EventType: Control (Task: transport), Activity: navigate, Robot: robot3, Mission: m4, Segment: s4, End: 15862.364765028
[INFO] [1787689845.475187726] [robot3.fragment_exec_node]: EventType: Task, Activity: transport, Robot: robot3, Mission: m4, Segment: s4, Start: 15862.367769929
[INFO] [1787689845.477023661] [robot3.fragment_exec_node]: Simulating navigate skill from position (11, 6) to (11, 6) (10.0 seconds)...
[INFO] [1787689855.481624446] [robot3.fragment_exec_node]: Navigation completed!
[INFO] [1787689855.484623852] [robot3.fragment_exec_node]: EventType: Task, Activity: transport, Robot: robot3, Mission: m4, Segment: s4, End: 15872.377038285
[INFO] [1787689855.486964780] [robot3.fragment_exec_node]: Execution of fragment f4-12 completed!
[INFO] [1787689855.762945405] [robot3.fragment_exec_node]: Received fragment: {'robot': 'robot3', 'fragment': {'id': 'f4-13', 'mission': 'm4', 'state': 'assigned', 'wait': ['m4/s1/transport', 'm4/s2/transport', 'm4/s3/transport', 'm4/s4/transport'], 'tasks': [{'name': 'pack', 'params': {'x': 11, 'y': 6, 'items': 4}}], 'arrive_timestamp': 1787689632, 'priority': 1, 'segment': '', 'preconditions': [], 'postconditions': []}}
[INFO] [1787689855.764389737] [robot3.fragment_exec_node]: Received fragment assignment: f4-13. Starting execution.
[INFO] [1787689855.765503739] [robot3.fragment_exec_node]: Waiting for coordination messages before executing fragment f4-13: ['m4/s1/transport', 'm4/s2/transport', 'm4/s3/transport', 'm4/s4/transport']
[INFO] [1787689857.770463692] [robot3.fragment_exec_node]: Executing task pack. Params: {'x': 11, 'y': 6, 'items': 4}, Virtual state: {'position': {'x': 11, 'y': 6, 'z': 0.0}, 'docked': False, 'battery': 100.0, 'conditions': ['picked-o1-1', 'picked-o2-3', 'picked-o4-4']}
[INFO] [1787689857.773068924] [robot3.fragment_exec_node]: EventType: Task, Activity: pack, Robot: robot3, Mission: m4, Segment: , Start: 15874.665713906
[INFO] [1787689857.774731961] [robot3.fragment_exec_node]: Simulating pack skill...
[INFO] [1787689881.778329520] [robot3.fragment_exec_node]: Packing completed!
[INFO] [1787689881.781014072] [robot3.fragment_exec_node]: EventType: Task, Activity: pack, Robot: robot3, Mission: m4, Segment: , End: 15898.673615188
[INFO] [1787689881.783286482] [robot3.fragment_exec_node]: Execution of fragment f4-13 completed!
Traceback (most recent call last):
  File "/root/ros2_ws/install/multi3_executor/lib/multi3_executor/executor", line 33, in <module>
    sys.exit(load_entry_point('multi3-executor==0.0.0', 'console_scripts', 'executor')())
  File "/root/ros2_ws/install/multi3_executor/lib/python3.10/site-packages/multi3_executor/nodes/executor.py", line 236, in main
    rclpy.shutdown()
  File "/opt/ros/humble/local/lib/python3.10/dist-packages/rclpy/__init__.py", line 130, in shutdown
    _shutdown(context=context)
  File "/opt/ros/humble/local/lib/python3.10/dist-packages/rclpy/utilities.py", line 58, in shutdown
    return context.shutdown()
  File "/opt/ros/humble/local/lib/python3.10/dist-packages/rclpy/context.py", line 102, in shutdown
    self.__context.shutdown()
rclpy._rclpy_pybind11.RCLError: failed to shutdown: rcl_shutdown already called on the given context, at ./src/rcl/init.c:241
