[INFO] [1787847625.146148278] [robot3.fragment_exec_node]: Setting up skill: NavigateSkill
[INFO] [1787847625.147233598] [robot3.fragment_exec_node]: Setting up skill: InspectSkill
[INFO] [1787847625.147991050] [robot3.fragment_exec_node]: Setting up skill: IrrigateSkill
[INFO] [1787847625.148841047] [robot3.fragment_exec_node]: Setting up skill: InspectSkill
[INFO] [1787847625.149691404] [robot3.fragment_exec_node]: Setting up skill: AlignCameraSkill
[INFO] [1787847625.156142953] [robot3.fragment_exec_node]: Published robot registration: {'name': 'robot3', 'operational_state': 'idle', 'capabilities': ['irrigate', 'move_to', 'inspect', 'align_camera'], 'state': {'position': {'x': 0.0, 'y': 0.0, 'z': 0.0}, 'docked': True}}
[INFO] [1787847645.118216971] [robot3.fragment_exec_node]: Received fragment assignment: {'robot': 'robot3', 'fragment': {'id': 'fm1-9', 'mission': 'm1', 'state': 'assigned', 'wait': [], 'tasks': [{'name': 'inspect', 'label': 'inspect(f4)', 'params': {'x': 3, 'y': 3, 'size': 4}}], 'arrive_timestamp': 1787847636, 'priority': 1, 'segment': 's4'}}
[INFO] [1787847645.120366675] [robot3.fragment_exec_node]: Starting execution of fragment fm1-9...
[INFO] [1787847645.124399460] [robot3.fragment_exec_node]: Executing task inspect(f4). Params: {'x': 3, 'y': 3, 'size': 4}, Virtual state: {'position': {'x': 0.0, 'y': 0.0, 'z': 0.0}, 'docked': True}
[INFO] [1787847645.126150552] [robot3.fragment_exec_node]: EventType: Control (Task: inspect), Activity: move_to, Robot: robot3, Mission: m1, Segment: s4, Start: 1787847645.125254
[INFO] [1787847645.127120869] [robot3.fragment_exec_node]: Simulating navigate skill from position (0.0, 0.0) to (3, 3) (8.48528137423857 seconds)...
[INFO] [1787847653.616204914] [robot3.fragment_exec_node]: Navigation completed!
[INFO] [1787847653.617775401] [robot3.fragment_exec_node]: EventType: Control (Task: inspect), Activity: move_to, Robot: robot3, Mission: m1, Segment: s4, End: 1787847653.6168492
[INFO] [1787847653.619318990] [robot3.fragment_exec_node]: EventType: Control (Task: inspect), Activity: align_camera, Robot: robot3, Mission: m1, Segment: s4, Start: 1787847653.6181822
[INFO] [1787847653.621227024] [robot3.fragment_exec_node]: Simulating align_camera skill...
[INFO] [1787847656.623191978] [robot3.fragment_exec_node]: Align camera completed!
[INFO] [1787847656.623940824] [robot3.fragment_exec_node]: EventType: Control (Task: inspect), Activity: align_camera, Robot: robot3, Mission: m1, Segment: s4, End: 1787847656.6235297
[INFO] [1787847656.624557261] [robot3.fragment_exec_node]: EventType: Task, Activity: inspect, Robot: robot3, Mission: m1, Segment: s4, Start: 1787847656.6242337
[INFO] [1787847656.625102923] [robot3.fragment_exec_node]: Simulating inspect skill (8s to complete)...
[INFO] [1787847664.628487841] [robot3.fragment_exec_node]: Inspect completed!
[INFO] [1787847664.631158599] [robot3.fragment_exec_node]: EventType: Task, Activity: inspect, Robot: robot3, Mission: m1, Segment: s4, End: 1787847664.629823
[INFO] [1787847664.634246408] [robot3.fragment_exec_node]: Execution of fragment fm1-9 completed!
[INFO] [1787847665.091086539] [robot3.fragment_exec_node]: Received fragment assignment: {'robot': 'robot3', 'fragment': {'id': 'fm1-10', 'mission': 'm1', 'state': 'assigned', 'wait': ['inspect(f4)'], 'tasks': [{'name': 'irrigate', 'label': 'irrigate(f4)', 'params': {'x': 3, 'y': 3, 'size': 4}}], 'arrive_timestamp': 1787847636, 'priority': 1, 'segment': 's4'}}
[INFO] [1787847665.093015142] [robot3.fragment_exec_node]: Starting execution of fragment fm1-10...
[INFO] [1787847665.095156175] [robot3.fragment_exec_node]: Waiting for coordination messages before executing fragment fm1-10: ['inspect(f4)']
[INFO] [1787847667.101227864] [robot3.fragment_exec_node]: Executing task irrigate(f4). Params: {'x': 3, 'y': 3, 'size': 4}, Virtual state: {'position': {'x': 3, 'y': 3, 'z': 0.0}, 'docked': True}
[INFO] [1787847667.104242817] [robot3.fragment_exec_node]: EventType: Task, Activity: irrigate, Robot: robot3, Mission: m1, Segment: s4, Start: 1787847667.1023443
[INFO] [1787847667.106510184] [robot3.fragment_exec_node]: Simulating irrigate skill (16s to complete)...
[INFO] [1787847683.103466882] [robot3.fragment_exec_node]: Irrigate completed!
[INFO] [1787847683.105282998] [robot3.fragment_exec_node]: EventType: Task, Activity: irrigate, Robot: robot3, Mission: m1, Segment: s4, End: 1787847683.1041026
[INFO] [1787847683.106884958] [robot3.fragment_exec_node]: Execution of fragment fm1-10 completed!
[INFO] [1787847685.097284016] [robot3.fragment_exec_node]: Received fragment assignment: {'robot': 'robot3', 'fragment': {'id': 'fm1-8', 'mission': 'm1', 'state': 'assigned', 'wait': ['inspect(f3)'], 'tasks': [{'name': 'irrigate', 'label': 'irrigate(f3)', 'params': {'x': 0, 'y': 10, 'size': 8}}], 'arrive_timestamp': 1787847636, 'priority': 1, 'segment': 's3'}}
[INFO] [1787847685.098470135] [robot3.fragment_exec_node]: Starting execution of fragment fm1-8...
[INFO] [1787847685.099928549] [robot3.fragment_exec_node]: Waiting for coordination messages before executing fragment fm1-8: ['inspect(f3)']
[INFO] [1787847687.105845638] [robot3.fragment_exec_node]: Executing task irrigate(f3). Params: {'x': 0, 'y': 10, 'size': 8}, Virtual state: {'position': {'x': 3, 'y': 3, 'z': 0.0}, 'docked': True}
[INFO] [1787847687.108492703] [robot3.fragment_exec_node]: EventType: Control (Task: irrigate), Activity: move_to, Robot: robot3, Mission: m1, Segment: s3, Start: 1787847687.106923
[INFO] [1787847687.110290547] [robot3.fragment_exec_node]: Simulating navigate skill from position (3, 3) to (0, 10) (15.231546211727817 seconds)...
[INFO] [1787847702.349911919] [robot3.fragment_exec_node]: Navigation completed!
[INFO] [1787847702.352746231] [robot3.fragment_exec_node]: EventType: Control (Task: irrigate), Activity: move_to, Robot: robot3, Mission: m1, Segment: s3, End: 1787847702.3514013
[INFO] [1787847702.354412430] [robot3.fragment_exec_node]: EventType: Task, Activity: irrigate, Robot: robot3, Mission: m1, Segment: s3, Start: 1787847702.3533475
[INFO] [1787847702.356093694] [robot3.fragment_exec_node]: Simulating irrigate skill (32s to complete)...
[INFO] [1787847734.358511661] [robot3.fragment_exec_node]: Irrigate completed!
[INFO] [1787847734.361624318] [robot3.fragment_exec_node]: EventType: Task, Activity: irrigate, Robot: robot3, Mission: m1, Segment: s3, End: 1787847734.3597791
[INFO] [1787847734.363947950] [robot3.fragment_exec_node]: Execution of fragment fm1-8 completed!
[INFO] [1787847804.094006516] [robot3.fragment_exec_node]: Received fragment assignment: {'robot': 'robot3', 'fragment': {'id': 'fm1-23', 'mission': 'm1', 'state': 'assigned', 'wait': ['spray(f1)', 'spray(f2)', 'irrigate(f3)', 'spray(f4)', 'spray(f5)', 'irrigate(f6)', 'spray(f7)', 'spray(f8)'], 'tasks': [{'name': 'final_inspection', 'label': 'final_inspection()', 'params': {'x': 5, 'y': 5, 'size': 20}}], 'arrive_timestamp': 1787847636, 'priority': 1, 'segment': 's8'}}
[INFO] [1787847804.095948372] [robot3.fragment_exec_node]: Starting execution of fragment fm1-23...
[INFO] [1787847804.097614148] [robot3.fragment_exec_node]: Waiting for coordination messages before executing fragment fm1-23: ['spray(f1)', 'spray(f2)', 'irrigate(f3)', 'spray(f4)', 'spray(f5)', 'irrigate(f6)', 'spray(f7)', 'spray(f8)']
[ERROR] [1787847806.100972826] [robot3.fragment_exec_node]: Robot robot3 was assigned a fragment without required capabilities!
[INFO] [1787847806.101738875] [robot3.fragment_exec_node]: Executing task final_inspection(). Params: {'x': 5, 'y': 5, 'size': 20}, Virtual state: {'position': {'x': 0, 'y': 10, 'z': 0.0}, 'docked': True}
[INFO] [1787847806.102429595] [robot3.fragment_exec_node]: EventType: Control (Task: final_inspection), Activity: move_to, Robot: robot3, Mission: m1, Segment: s8, Start: 1787847806.1019537
[INFO] [1787847806.103090160] [robot3.fragment_exec_node]: Simulating navigate skill from position (0, 10) to (5, 5) (14.142135623730951 seconds)...
[INFO] [1787847820.248618714] [robot3.fragment_exec_node]: Navigation completed!
[INFO] [1787847820.251719614] [robot3.fragment_exec_node]: EventType: Control (Task: final_inspection), Activity: move_to, Robot: robot3, Mission: m1, Segment: s8, End: 1787847820.249808
[INFO] [1787847820.254994810] [robot3.fragment_exec_node]: EventType: Control (Task: final_inspection), Activity: align_camera, Robot: robot3, Mission: m1, Segment: s8, Start: 1787847820.2534196
[INFO] [1787847820.257702597] [robot3.fragment_exec_node]: Simulating align_camera skill...
[INFO] [1787847823.261362183] [robot3.fragment_exec_node]: Align camera completed!
[INFO] [1787847823.264349276] [robot3.fragment_exec_node]: EventType: Control (Task: final_inspection), Activity: align_camera, Robot: robot3, Mission: m1, Segment: s8, End: 1787847823.2624602
[INFO] [1787847823.266908693] [robot3.fragment_exec_node]: EventType: Task, Activity: final_inspection, Robot: robot3, Mission: m1, Segment: s8, Start: 1787847823.2652786
[INFO] [1787847823.268684442] [robot3.fragment_exec_node]: Simulating inspect skill (40s to complete)...
[INFO] [1787847863.270661316] [robot3.fragment_exec_node]: Inspect completed!
[INFO] [1787847863.275037766] [robot3.fragment_exec_node]: EventType: Task, Activity: final_inspection, Robot: robot3, Mission: m1, Segment: s8, End: 1787847863.273003
[INFO] [1787847863.278302048] [robot3.fragment_exec_node]: Execution of fragment fm1-23 completed!
Traceback (most recent call last):
  File "/root/ros2_ws/install/multi3_executor/lib/multi3_executor/executor", line 33, in <module>
    sys.exit(load_entry_point('multi3-executor==0.0.0', 'console_scripts', 'executor')())
  File "/root/ros2_ws/install/multi3_executor/lib/python3.10/site-packages/multi3_executor/nodes/executor.py", line 300, in main
    rclpy.shutdown()
  File "/opt/ros/humble/local/lib/python3.10/dist-packages/rclpy/__init__.py", line 130, in shutdown
    _shutdown(context=context)
  File "/opt/ros/humble/local/lib/python3.10/dist-packages/rclpy/utilities.py", line 58, in shutdown
    return context.shutdown()
  File "/opt/ros/humble/local/lib/python3.10/dist-packages/rclpy/context.py", line 102, in shutdown
    self.__context.shutdown()
rclpy._rclpy_pybind11.RCLError: failed to shutdown: rcl_shutdown already called on the given context, at ./src/rcl/init.c:241
