[INFO] [1787695173.526042119] [robot1.fragment_exec_node]: Setting up skill: PickSkill
[INFO] [1787695173.527380414] [robot1.fragment_exec_node]: Setting up skill: ScanSkill
[INFO] [1787695173.528344655] [robot1.fragment_exec_node]: Setting up skill: NavigateSkill
[INFO] [1787695173.529200508] [robot1.fragment_exec_node]: Setting up skill: NavigateSkill
[INFO] [1787695173.529947853] [robot1.fragment_exec_node]: Setting up skill: DockSkill
[INFO] [1787695173.530685349] [robot1.fragment_exec_node]: Setting up skill: UndockSkill
[INFO] [1787695173.531474013] [robot1.fragment_exec_node]: Setting up skill: PackSkill
[INFO] [1787695173.539938079] [robot1.fragment_exec_node]: Published robot registration: {'name': 'robot1', 'operational_state': 'idle', 'capabilities': ['pick', 'scan', 'transport', 'pack'], 'state': {'position': {'x': 0.0, 'y': 0.0, 'z': 0.0}, 'docked': True, 'battery': 100.0, 'conditions': []}}
[INFO] [1787695187.664664904] [robot1.fragment_exec_node]: Received fragment: {'robot': 'robot1', 'fragment': {'id': 'f1-1', 'mission': 'm1', 'state': 'assigned', 'wait': [], 'tasks': [{'name': 'pick', 'params': {'x': 5, 'y': 8, 'weight': 8}}], 'arrive_timestamp': 1787695185, 'priority': 1, 'segment': 's1', 'preconditions': [], 'postconditions': ['picked-o1-1']}}
[INFO] [1787695187.666236468] [robot1.fragment_exec_node]: Received fragment: {'robot': 'robot3', 'fragment': {'id': 'f2-1', 'mission': 'm2', 'state': 'assigned', 'wait': [], 'tasks': [{'name': 'pick', 'params': {'weight': 5, 'x': 2, 'y': 3}}], 'arrive_timestamp': 1787695186, 'priority': 1, 'segment': 's1', 'preconditions': [], 'postconditions': ['picked-o1-2']}}
[INFO] [1787695187.669108540] [robot1.fragment_exec_node]: Received fragment: {'robot': 'robot4', 'fragment': {'id': 'f2-4', 'mission': 'm2', 'state': 'assigned', 'wait': [], 'tasks': [{'name': 'pick', 'params': {'weight': 7, 'x': 9, 'y': 5}}], 'arrive_timestamp': 1787695186, 'priority': 1, 'segment': 's2', 'preconditions': [], 'postconditions': ['picked-o2-2']}}
[INFO] [1787695187.669653587] [robot1.fragment_exec_node]: Received fragment assignment: f1-1. Starting execution.
[INFO] [1787695187.671587964] [robot1.fragment_exec_node]: Executing task pick. Params: {'x': 5, 'y': 8, 'weight': 8}, Virtual state: {'position': {'x': 0.0, 'y': 0.0, 'z': 0.0}, 'docked': True, 'battery': 100.0, 'conditions': []}
[INFO] [1787695187.672348500] [robot1.fragment_exec_node]: EventType: Control (Task: pick), Activity: undock, Robot: robot1, Mission: m1, Segment: s1, Start: 21204.673988913
[INFO] [1787695187.673285147] [robot1.fragment_exec_node]: Simulating undock skill...
[INFO] [1787695191.675673051] [robot1.fragment_exec_node]: Undock completed!
[INFO] [1787695191.677597037] [robot1.fragment_exec_node]: EventType: Control (Task: pick), Activity: undock, Robot: robot1, Mission: m1, Segment: s1, End: 21208.678685751
[INFO] [1787695191.678841320] [robot1.fragment_exec_node]: EventType: Control (Task: pick), Activity: navigate, Robot: robot1, Mission: m1, Segment: s1, Start: 21208.680416399
[INFO] [1787695191.679877438] [robot1.fragment_exec_node]: Simulating navigate skill from position (0.0, 0.0) to (5, 8) (18.867962264113206 seconds)...
[INFO] [1787695204.665789058] [robot1.fragment_exec_node]: Received fragment: {'robot': 'robot5', 'fragment': {'id': 'f2-2', 'mission': 'm2', 'state': 'assigned', 'wait': ['m2/s1/pick'], 'tasks': [{'name': 'scan', 'params': {'x': 2, 'y': 3}}], 'arrive_timestamp': 1787695186, 'priority': 1, 'segment': 's1', 'preconditions': [], 'postconditions': []}}
[INFO] [1787695210.549274336] [robot1.fragment_exec_node]: Navigation completed!
[INFO] [1787695210.549933805] [robot1.fragment_exec_node]: EventType: Control (Task: pick), Activity: navigate, Robot: robot1, Mission: m1, Segment: s1, End: 21227.552158188
[INFO] [1787695210.550447633] [robot1.fragment_exec_node]: EventType: Task, Activity: pick, Robot: robot1, Mission: m1, Segment: s1, Start: 21227.552709733
[INFO] [1787695210.550951208] [robot1.fragment_exec_node]: Simulating pick skill...
[INFO] [1787695218.554017008] [robot1.fragment_exec_node]: Pick completed!
[INFO] [1787695218.556503637] [robot1.fragment_exec_node]: EventType: Task, Activity: pick, Robot: robot1, Mission: m1, Segment: s1, End: 21235.557886768
[INFO] [1787695218.559042987] [robot1.fragment_exec_node]: Execution of fragment f1-1 completed!
[INFO] [1787695218.675284483] [robot1.fragment_exec_node]: Received fragment: {'robot': 'robot6', 'fragment': {'id': 'f1-2', 'mission': 'm1', 'state': 'assigned', 'wait': ['m1/s1/pick'], 'tasks': [{'name': 'scan', 'params': {'x': 5, 'y': 8}}], 'arrive_timestamp': 1787695185, 'priority': 1, 'segment': 's1', 'preconditions': [], 'postconditions': []}}
[INFO] [1787695219.671101216] [robot1.fragment_exec_node]: Received fragment: {'robot': 'robot2', 'fragment': {'id': 'f2-3', 'mission': 'm2', 'state': 'assigned', 'wait': ['m2/s1/scan'], 'tasks': [{'name': 'transport', 'params': {'x': 11, 'y': 6}}], 'arrive_timestamp': 1787695186, 'priority': 1, 'segment': 's1', 'preconditions': [], 'postconditions': []}}
[INFO] [1787695219.673888805] [robot1.fragment_exec_node]: Received fragment: {'robot': 'robot5', 'fragment': {'id': 'f2-5', 'mission': 'm2', 'state': 'assigned', 'wait': ['m2/s2/pick'], 'tasks': [{'name': 'scan', 'params': {'x': 9, 'y': 5}}], 'arrive_timestamp': 1787695186, 'priority': 1, 'segment': 's2', 'preconditions': [], 'postconditions': []}}
[INFO] [1787695240.663315408] [robot1.fragment_exec_node]: Received fragment: {'robot': 'robot4', 'fragment': {'id': 'f2-6', 'mission': 'm2', 'state': 'assigned', 'wait': ['m2/s2/scan'], 'tasks': [{'name': 'transport', 'params': {'x': 11, 'y': 6}}], 'arrive_timestamp': 1787695186, 'priority': 1, 'segment': 's2', 'preconditions': ['picked-o2-2'], 'postconditions': []}}
[INFO] [1787695244.665302780] [robot1.fragment_exec_node]: Received fragment: {'robot': 'robot1', 'fragment': {'id': 'f1-3', 'mission': 'm1', 'state': 'assigned', 'wait': ['m1/s1/scan'], 'tasks': [{'name': 'transport', 'params': {'x': 11, 'y': 6}}], 'arrive_timestamp': 1787695185, 'priority': 1, 'segment': 's1', 'preconditions': ['picked-o1-1'], 'postconditions': []}}
[INFO] [1787695244.667885784] [robot1.fragment_exec_node]: Received fragment assignment: f1-3. Starting execution.
[INFO] [1787695244.670703907] [robot1.fragment_exec_node]: Executing task transport. Params: {'x': 11, 'y': 6}, Virtual state: {'position': {'x': 5, 'y': 8, 'z': 0.0}, 'docked': False, 'battery': 100.0, 'conditions': ['picked-o1-1']}
[INFO] [1787695244.672410448] [robot1.fragment_exec_node]: EventType: Control (Task: transport), Activity: navigate, Robot: robot1, Mission: m1, Segment: s1, Start: 21261.673870783
[INFO] [1787695244.673485760] [robot1.fragment_exec_node]: Simulating navigate skill from position (5, 8) to (11, 6) (12.165525060596439 seconds)...
[INFO] [1787695256.843376787] [robot1.fragment_exec_node]: Navigation completed!
[INFO] [1787695256.846455164] [robot1.fragment_exec_node]: EventType: Control (Task: transport), Activity: navigate, Robot: robot1, Mission: m1, Segment: s1, End: 21273.847177735
[INFO] [1787695256.848193931] [robot1.fragment_exec_node]: EventType: Task, Activity: transport, Robot: robot1, Mission: m1, Segment: s1, Start: 21273.849609449
[INFO] [1787695256.849997314] [robot1.fragment_exec_node]: Simulating navigate skill from position (11, 6) to (11, 6) (10.0 seconds)...
[INFO] [1787695261.664200618] [robot1.fragment_exec_node]: Received fragment: {'robot': 'robot3', 'fragment': {'id': 'f2-7', 'mission': 'm2', 'state': 'assigned', 'wait': ['m2/s1/transport', 'm2/s2/transport'], 'tasks': [{'name': 'pack', 'params': {'x': 11, 'y': 6, 'items': 2}}], 'arrive_timestamp': 1787695186, 'priority': 1, 'segment': '', 'preconditions': [], 'postconditions': []}}
[INFO] [1787695266.854183139] [robot1.fragment_exec_node]: Navigation completed!
[INFO] [1787695266.856773053] [robot1.fragment_exec_node]: EventType: Task, Activity: transport, Robot: robot1, Mission: m1, Segment: s1, End: 21283.857582991
[INFO] [1787695266.859829067] [robot1.fragment_exec_node]: Execution of fragment f1-3 completed!
[INFO] [1787695267.663870126] [robot1.fragment_exec_node]: Received fragment: {'robot': 'robot5', 'fragment': {'id': 'f1-4', 'mission': 'm1', 'state': 'assigned', 'wait': ['m1/s1/transport'], 'tasks': [{'name': 'pack', 'params': {'x': 11, 'y': 6, 'items': 1}}], 'arrive_timestamp': 1787695185, 'priority': 1, 'segment': '', 'preconditions': [], 'postconditions': []}}
Traceback (most recent call last):
  File "/root/ros2_ws/install/multi3_executor/lib/multi3_executor/executor", line 33, in <module>
    sys.exit(load_entry_point('multi3-executor==0.0.0', 'console_scripts', 'executor')())
  File "/root/ros2_ws/install/multi3_executor/lib/python3.10/site-packages/multi3_executor/nodes/executor.py", line 236, in main
    rclpy.shutdown()
  File "/opt/ros/humble/local/lib/python3.10/dist-packages/rclpy/__init__.py", line 130, in shutdown
    _shutdown(context=context)
  File "/opt/ros/humble/local/lib/python3.10/dist-packages/rclpy/utilities.py", line 58, in shutdown
    return context.shutdown()
  File "/opt/ros/humble/local/lib/python3.10/dist-packages/rclpy/context.py", line 102, in shutdown
    self.__context.shutdown()
rclpy._rclpy_pybind11.RCLError: failed to shutdown: rcl_shutdown already called on the given context, at ./src/rcl/init.c:241
